<?xml version="1.0" encoding="UTF-8"?>
<testsuites>
  <testsuite name="/Users/brian/Developer/cline/forrst/phpunit.xml.dist" tests="2425" assertions="6035" errors="195" failures="74" skipped="0" time="15.334217">
    <testsuite name="default" tests="2425" assertions="6035" errors="195" failures="74" skipped="0" time="15.334217">
      <testsuite name="Tests\ArchTest" file="tests/ArchTest.php" tests="1" assertions="1" errors="0" failures="0" skipped="0" time="0.521935">
        <testcase name="globals" file="tests/ArchTest.php::globals" class="Tests\ArchTest" classname="Tests.ArchTest" assertions="1" time="0.521935"/>
      </testsuite>
      <testsuite name="Tests\CaptureForrstDescribeTest" file="tests/CaptureForrstDescribeTest.php" tests="1" assertions="1" errors="0" failures="0" skipped="0" time="0.023928">
        <testcase name="capture forrst.describe response" file="tests/CaptureForrstDescribeTest.php::capture forrst.describe response" class="Tests\CaptureForrstDescribeTest" classname="Tests.CaptureForrstDescribeTest" assertions="1" time="0.023928"/>
      </testsuite>
      <testsuite name="Tests\Http\Controller\FunctionControllerTest" file="tests/Http/Controller/FunctionControllerTest.php" tests="24" assertions="108" errors="0" failures="3" skipped="0" time="0.121264">
        <testcase name="`FunctionController` → `Happy Paths` → returns JSON response with HTTP 200 for successful function call" file="tests/Http/Controller/FunctionControllerTest.php::`FunctionController` → `Happy Paths` → returns JSON response with HTTP 200 for successful function call" class="Tests\Http\Controller\FunctionControllerTest" classname="Tests.Http.Controller.FunctionControllerTest" assertions="4" time="0.006187"/>
        <testcase name="`FunctionController` → `Happy Paths` → returns JSON response with Spatie Data object converted to array" file="tests/Http/Controller/FunctionControllerTest.php::`FunctionController` → `Happy Paths` → returns JSON response with Spatie Data object converted to array" class="Tests\Http\Controller\FunctionControllerTest" classname="Tests.Http.Controller.FunctionControllerTest" assertions="4" time="0.004873"/>
        <testcase name="`FunctionController` → `Happy Paths` → processes forrst.describe discovery request successfully" file="tests/Http/Controller/FunctionControllerTest.php::`FunctionController` → `Happy Paths` → processes forrst.describe discovery request successfully" class="Tests\Http\Controller\FunctionControllerTest" classname="Tests.Http.Controller.FunctionControllerTest" assertions="4" time="0.005262"/>
        <testcase name="`FunctionController` → `Happy Paths` → handles function call with positional parameters" file="tests/Http/Controller/FunctionControllerTest.php::`FunctionController` → `Happy Paths` → handles function call with positional parameters" class="Tests\Http\Controller\FunctionControllerTest" classname="Tests.Http.Controller.FunctionControllerTest" assertions="8" time="0.004781"/>
        <testcase name="`FunctionController` → `Happy Paths` → handles function call with named parameters" file="tests/Http/Controller/FunctionControllerTest.php::`FunctionController` → `Happy Paths` → handles function call with named parameters" class="Tests\Http\Controller\FunctionControllerTest" classname="Tests.Http.Controller.FunctionControllerTest" assertions="8" time="0.004799"/>
        <testcase name="`FunctionController` → `Happy Paths` → processes notification without returning response" file="tests/Http/Controller/FunctionControllerTest.php::`FunctionController` → `Happy Paths` → processes notification without returning response" class="Tests\Http\Controller\FunctionControllerTest" classname="Tests.Http.Controller.FunctionControllerTest" assertions="4" time="0.004351"/>
        <testcase name="`FunctionController` → `Happy Paths` → handles batch requests with multiple function calls" file="tests/Http/Controller/FunctionControllerTest.php::`FunctionController` → `Happy Paths` → handles batch requests with multiple function calls" class="Tests\Http\Controller\FunctionControllerTest" classname="Tests.Http.Controller.FunctionControllerTest" assertions="4" time="0.005053"/>
        <testcase name="`FunctionController` → `Happy Paths` → processes batch with all notifications" file="tests/Http/Controller/FunctionControllerTest.php::`FunctionController` → `Happy Paths` → processes batch with all notifications" class="Tests\Http\Controller\FunctionControllerTest" classname="Tests.Http.Controller.FunctionControllerTest" assertions="4" time="0.009338">
          <failure type="PHPUnit\Framework\ExpectationFailedException">`FunctionController` → `Happy Paths` → processes batch with all notificationsUnable to find JSON: 

[{
    "protocol": {
        "name": "forrst",
        "version": "0.1.0"
    },
    "id": "01KD7HXF6RVEC84YS54Z29B7KM",
    "result": null,
    "errors": [
        {
            "code": "INVALID_REQUEST",
            "message": "Invalid request",
            "details": [
                {
                    "status": "400",
                    "source": {
                        "pointer": "/"
                    },
                    "title": "Invalid request",
                    "detail": "Batch requests are not supported. Send requests individually or use HTTP pooling."
                }
            ]
        }
    ],
    "meta": {
        "duration": {
            "value": 0,
            "unit": "millisecond"
        }
    }
}]

within response JSON:

[{
    "protocol": {
        "name": "forrst",
        "version": "0.1.0"
    },
    "id": "01KD7HXF6RVEC84YS54Z29B7KM",
    "result": null,
    "errors": [
        {
            "code": "INVALID_REQUEST",
            "message": "Invalid request",
            "details": [
                {
                    "status": "400",
                    "source": {
                        "pointer": "/"
                    },
                    "title": "Batch requests not supported",
                    "detail": "This server does not support batch requests. Send requests individually or use HTTP/2 multiplexing."
                }
            ]
        }
    ],
    "meta": {
        "duration": {
            "value": 0,
            "unit": "millisecond"
        }
    }
}].


Failed asserting that an array has the subset Array &amp;0 [
    'protocol' =&gt; Array &amp;1 [
        'name' =&gt; 'forrst',
        'version' =&gt; '0.1.0',
    ],
    'id' =&gt; '01KD7HXF6RVEC84YS54Z29B7KM',
    'result' =&gt; null,
    'errors' =&gt; Array &amp;2 [
        0 =&gt; Array &amp;3 [
            'code' =&gt; 'INVALID_REQUEST',
            'message' =&gt; 'Invalid request',
            'details' =&gt; Array &amp;4 [
                0 =&gt; Array &amp;5 [
                    'status' =&gt; '400',
                    'source' =&gt; Array &amp;6 [
                        'pointer' =&gt; '/',
                    ],
                    'title' =&gt; 'Invalid request',
                    'detail' =&gt; 'Batch requests are not supported. Send requests individually or use HTTP pooling.',
                ],
            ],
        ],
    ],
    'meta' =&gt; Array &amp;7 [
        'duration' =&gt; Array &amp;8 [
            'value' =&gt; 0,
            'unit' =&gt; 'millisecond',
        ],
    ],
].
at vendor/laravel/framework/src/Illuminate/Testing/Constraints/ArraySubset.php:80
at vendor/laravel/framework/src/Illuminate/Testing/Assert.php:36
at vendor/laravel/framework/src/Illuminate/Testing/AssertableJsonString.php:319
at vendor/laravel/framework/src/Illuminate/Testing/TestResponse.php:833
at tests/Support/FunctionCaller.php:52
at tests/Http/Controller/FunctionControllerTest.php:73</failure>
        </testcase>
        <testcase name="`FunctionController` → `Happy Paths` → returns Collection response properly serialized" file="tests/Http/Controller/FunctionControllerTest.php::`FunctionController` → `Happy Paths` → returns Collection response properly serialized" class="Tests\Http\Controller\FunctionControllerTest" classname="Tests.Http.Controller.FunctionControllerTest" assertions="4" time="0.004880"/>
        <testcase name="`FunctionController` → `Happy Paths` → returns StreamedResponse for streamable function with stream extension enabled" file="tests/Http/Controller/FunctionControllerTest.php::`FunctionController` → `Happy Paths` → returns StreamedResponse for streamable function with stream extension enabled" class="Tests\Http\Controller\FunctionControllerTest" classname="Tests.Http.Controller.FunctionControllerTest" assertions="8" time="0.004682"/>
        <testcase name="`FunctionController` → `Happy Paths` → sends initial connected event when streaming starts" file="tests/Http/Controller/FunctionControllerTest.php::`FunctionController` → `Happy Paths` → sends initial connected event when streaming starts" class="Tests\Http\Controller\FunctionControllerTest" classname="Tests.Http.Controller.FunctionControllerTest" assertions="2" time="0.004406"/>
        <testcase name="`FunctionController` → `Happy Paths` → returns JSON for streamable function when stream extension is not requested" file="tests/Http/Controller/FunctionControllerTest.php::`FunctionController` → `Happy Paths` → returns JSON for streamable function when stream extension is not requested" class="Tests\Http\Controller\FunctionControllerTest" classname="Tests.Http.Controller.FunctionControllerTest" assertions="4" time="0.004385"/>
        <testcase name="`FunctionController` → `Happy Paths` → returns JSON when stream extension accept is false" file="tests/Http/Controller/FunctionControllerTest.php::`FunctionController` → `Happy Paths` → returns JSON when stream extension accept is false" class="Tests\Http\Controller\FunctionControllerTest" classname="Tests.Http.Controller.FunctionControllerTest" assertions="4" time="0.004576"/>
        <testcase name="`FunctionController` → `Sad Paths` → returns HTTP 200 with error in response body for non-existent function" file="tests/Http/Controller/FunctionControllerTest.php::`FunctionController` → `Sad Paths` → returns HTTP 200 with error in response body for non-existent function" class="Tests\Http\Controller\FunctionControllerTest" classname="Tests.Http.Controller.FunctionControllerTest" assertions="4" time="0.005061"/>
        <testcase name="`FunctionController` → `Sad Paths` → returns HTTP 200 with parse error for invalid JSON" file="tests/Http/Controller/FunctionControllerTest.php::`FunctionController` → `Sad Paths` → returns HTTP 200 with parse error for invalid JSON" class="Tests\Http\Controller\FunctionControllerTest" classname="Tests.Http.Controller.FunctionControllerTest" assertions="4" time="0.005464"/>
        <testcase name="`FunctionController` → `Sad Paths` → returns HTTP 200 with invalid request error for malformed request object" file="tests/Http/Controller/FunctionControllerTest.php::`FunctionController` → `Sad Paths` → returns HTTP 200 with invalid request error for malformed request object" class="Tests\Http\Controller\FunctionControllerTest" classname="Tests.Http.Controller.FunctionControllerTest" assertions="4" time="0.005331"/>
        <testcase name="`FunctionController` → `Sad Paths` → returns HTTP 200 with parse error for invalid batch JSON" file="tests/Http/Controller/FunctionControllerTest.php::`FunctionController` → `Sad Paths` → returns HTTP 200 with parse error for invalid batch JSON" class="Tests\Http\Controller\FunctionControllerTest" classname="Tests.Http.Controller.FunctionControllerTest" assertions="4" time="0.005212"/>
        <testcase name="`FunctionController` → `Sad Paths` → returns HTTP 200 with invalid request error for empty array batch" file="tests/Http/Controller/FunctionControllerTest.php::`FunctionController` → `Sad Paths` → returns HTTP 200 with invalid request error for empty array batch" class="Tests\Http\Controller\FunctionControllerTest" classname="Tests.Http.Controller.FunctionControllerTest" assertions="4" time="0.004791"/>
        <testcase name="`FunctionController` → `Sad Paths` → returns HTTP 200 with errors for invalid batch items" file="tests/Http/Controller/FunctionControllerTest.php::`FunctionController` → `Sad Paths` → returns HTTP 200 with errors for invalid batch items" class="Tests\Http\Controller\FunctionControllerTest" classname="Tests.Http.Controller.FunctionControllerTest" assertions="4" time="0.005064">
          <failure type="PHPUnit\Framework\ExpectationFailedException">`FunctionController` → `Sad Paths` → returns HTTP 200 with errors for invalid batch itemsUnable to find JSON: 

[{
    "protocol": {
        "name": "forrst",
        "version": "0.1.0"
    },
    "id": "01KD7HXF8KG6382K5PPE70VK2Y",
    "result": null,
    "errors": [
        {
            "code": "INVALID_REQUEST",
            "message": "Invalid request",
            "details": [
                {
                    "status": "400",
                    "source": {
                        "pointer": "/"
                    },
                    "title": "Invalid request",
                    "detail": "Batch requests are not supported. Send requests individually or use HTTP pooling."
                }
            ]
        }
    ],
    "meta": {
        "duration": {
            "value": 0,
            "unit": "millisecond"
        }
    }
}]

within response JSON:

[{
    "protocol": {
        "name": "forrst",
        "version": "0.1.0"
    },
    "id": "01KD7HXF8KG6382K5PPE70VK2Y",
    "result": null,
    "errors": [
        {
            "code": "INVALID_REQUEST",
            "message": "Invalid request",
            "details": [
                {
                    "status": "400",
                    "source": {
                        "pointer": "/"
                    },
                    "title": "Malformed request",
                    "detail": "Request must be a JSON object, not an array."
                }
            ]
        }
    ],
    "meta": {
        "duration": {
            "value": 0,
            "unit": "millisecond"
        }
    }
}].


Failed asserting that an array has the subset Array &amp;0 [
    'protocol' =&gt; Array &amp;1 [
        'name' =&gt; 'forrst',
        'version' =&gt; '0.1.0',
    ],
    'id' =&gt; '01KD7HXF8KG6382K5PPE70VK2Y',
    'result' =&gt; null,
    'errors' =&gt; Array &amp;2 [
        0 =&gt; Array &amp;3 [
            'code' =&gt; 'INVALID_REQUEST',
            'message' =&gt; 'Invalid request',
            'details' =&gt; Array &amp;4 [
                0 =&gt; Array &amp;5 [
                    'status' =&gt; '400',
                    'source' =&gt; Array &amp;6 [
                        'pointer' =&gt; '/',
                    ],
                    'title' =&gt; 'Invalid request',
                    'detail' =&gt; 'Batch requests are not supported. Send requests individually or use HTTP pooling.',
                ],
            ],
        ],
    ],
    'meta' =&gt; Array &amp;7 [
        'duration' =&gt; Array &amp;8 [
            'value' =&gt; 0,
            'unit' =&gt; 'millisecond',
        ],
    ],
].
at vendor/laravel/framework/src/Illuminate/Testing/Constraints/ArraySubset.php:80
at vendor/laravel/framework/src/Illuminate/Testing/Assert.php:36
at vendor/laravel/framework/src/Illuminate/Testing/AssertableJsonString.php:319
at vendor/laravel/framework/src/Illuminate/Testing/TestResponse.php:833
at tests/Support/FunctionCaller.php:52
at tests/Http/Controller/FunctionControllerTest.php:206</failure>
        </testcase>
        <testcase name="`FunctionController` → `Sad Paths` → returns HTTP 200 with invalid request error for completely invalid batch" file="tests/Http/Controller/FunctionControllerTest.php::`FunctionController` → `Sad Paths` → returns HTTP 200 with invalid request error for completely invalid batch" class="Tests\Http\Controller\FunctionControllerTest" classname="Tests.Http.Controller.FunctionControllerTest" assertions="4" time="0.004847">
          <failure type="PHPUnit\Framework\ExpectationFailedException">`FunctionController` → `Sad Paths` → returns HTTP 200 with invalid request error for completely invalid batchUnable to find JSON: 

[{
    "protocol": {
        "name": "forrst",
        "version": "0.1.0"
    },
    "id": "01KD7HXF8R0KNRNWNX5QKG1H0E",
    "result": null,
    "errors": [
        {
            "code": "INVALID_REQUEST",
            "message": "Invalid request",
            "details": [
                {
                    "status": "400",
                    "source": {
                        "pointer": "/"
                    },
                    "title": "Invalid request",
                    "detail": "Batch requests are not supported. Send requests individually or use HTTP pooling."
                }
            ]
        }
    ],
    "meta": {
        "duration": {
            "value": 0,
            "unit": "millisecond"
        }
    }
}]

within response JSON:

[{
    "protocol": {
        "name": "forrst",
        "version": "0.1.0"
    },
    "id": "01KD7HXF8R0KNRNWNX5QKG1H0E",
    "result": null,
    "errors": [
        {
            "code": "INVALID_REQUEST",
            "message": "Invalid request",
            "details": [
                {
                    "status": "400",
                    "source": {
                        "pointer": "/"
                    },
                    "title": "Malformed request",
                    "detail": "Request must be a JSON object, not an array."
                }
            ]
        }
    ],
    "meta": {
        "duration": {
            "value": 0,
            "unit": "millisecond"
        }
    }
}].


Failed asserting that an array has the subset Array &amp;0 [
    'protocol' =&gt; Array &amp;1 [
        'name' =&gt; 'forrst',
        'version' =&gt; '0.1.0',
    ],
    'id' =&gt; '01KD7HXF8R0KNRNWNX5QKG1H0E',
    'result' =&gt; null,
    'errors' =&gt; Array &amp;2 [
        0 =&gt; Array &amp;3 [
            'code' =&gt; 'INVALID_REQUEST',
            'message' =&gt; 'Invalid request',
            'details' =&gt; Array &amp;4 [
                0 =&gt; Array &amp;5 [
                    'status' =&gt; '400',
                    'source' =&gt; Array &amp;6 [
                        'pointer' =&gt; '/',
                    ],
                    'title' =&gt; 'Invalid request',
                    'detail' =&gt; 'Batch requests are not supported. Send requests individually or use HTTP pooling.',
                ],
            ],
        ],
    ],
    'meta' =&gt; Array &amp;7 [
        'duration' =&gt; Array &amp;8 [
            'value' =&gt; 0,
            'unit' =&gt; 'millisecond',
        ],
    ],
].
at vendor/laravel/framework/src/Illuminate/Testing/Constraints/ArraySubset.php:80
at vendor/laravel/framework/src/Illuminate/Testing/Assert.php:36
at vendor/laravel/framework/src/Illuminate/Testing/AssertableJsonString.php:319
at vendor/laravel/framework/src/Illuminate/Testing/TestResponse.php:833
at tests/Support/FunctionCaller.php:52
at tests/Http/Controller/FunctionControllerTest.php:210</failure>
        </testcase>
        <testcase name="`FunctionController` → `Edge Cases` → handles streaming with empty arguments array" file="tests/Http/Controller/FunctionControllerTest.php::`FunctionController` → `Edge Cases` → handles streaming with empty arguments array" class="Tests\Http\Controller\FunctionControllerTest" classname="Tests.Http.Controller.FunctionControllerTest" assertions="2" time="0.004409"/>
        <testcase name="`FunctionController` → `Edge Cases` → returns error for non-streamable function with stream extension requested" file="tests/Http/Controller/FunctionControllerTest.php::`FunctionController` → `Edge Cases` → returns error for non-streamable function with stream extension requested" class="Tests\Http\Controller\FunctionControllerTest" classname="Tests.Http.Controller.FunctionControllerTest" assertions="5" time="0.004681"/>
        <testcase name="`FunctionController` → `Edge Cases` → sets correct SSE headers for streaming response" file="tests/Http/Controller/FunctionControllerTest.php::`FunctionController` → `Edge Cases` → sets correct SSE headers for streaming response" class="Tests\Http\Controller\FunctionControllerTest" classname="Tests.Http.Controller.FunctionControllerTest" assertions="9" time="0.004475"/>
        <testcase name="`FunctionController` → `Edge Cases` → handles single element in streaming arguments" file="tests/Http/Controller/FunctionControllerTest.php::`FunctionController` → `Edge Cases` → handles single element in streaming arguments" class="Tests\Http\Controller\FunctionControllerTest" classname="Tests.Http.Controller.FunctionControllerTest" assertions="2" time="0.004356"/>
      </testsuite>
      <testsuite name="Tests\Http\Controller\StreamingControllerTest" file="tests/Http/Controller/StreamingControllerTest.php" tests="6" assertions="26" errors="0" failures="0" skipped="0" time="0.031095">
        <testcase name="`Streaming Controller` → `Happy Paths` → returns SSE stream for streamable function with accept true" file="tests/Http/Controller/StreamingControllerTest.php::`Streaming Controller` → `Happy Paths` → returns SSE stream for streamable function with accept true" class="Tests\Http\Controller\StreamingControllerTest" classname="Tests.Http.Controller.StreamingControllerTest" assertions="6" time="0.008696"/>
        <testcase name="`Streaming Controller` → `Happy Paths` → returns JSON for streamable function when accept is false" file="tests/Http/Controller/StreamingControllerTest.php::`Streaming Controller` → `Happy Paths` → returns JSON for streamable function when accept is false" class="Tests\Http\Controller\StreamingControllerTest" classname="Tests.Http.Controller.StreamingControllerTest" assertions="4" time="0.004468"/>
        <testcase name="`Streaming Controller` → `Happy Paths` → returns JSON for streamable function without stream extension" file="tests/Http/Controller/StreamingControllerTest.php::`Streaming Controller` → `Happy Paths` → returns JSON for streamable function without stream extension" class="Tests\Http\Controller\StreamingControllerTest" classname="Tests.Http.Controller.StreamingControllerTest" assertions="4" time="0.004561"/>
        <testcase name="`Streaming Controller` → `Edge Cases` → returns error for non-streamable function with stream extension" file="tests/Http/Controller/StreamingControllerTest.php::`Streaming Controller` → `Edge Cases` → returns error for non-streamable function with stream extension" class="Tests\Http\Controller\StreamingControllerTest" classname="Tests.Http.Controller.StreamingControllerTest" assertions="5" time="0.004536"/>
        <testcase name="`Streaming Controller` → `Edge Cases` → SSE stream returns StreamedResponse with correct headers" file="tests/Http/Controller/StreamingControllerTest.php::`Streaming Controller` → `Edge Cases` → SSE stream returns StreamedResponse with correct headers" class="Tests\Http\Controller\StreamingControllerTest" classname="Tests.Http.Controller.StreamingControllerTest" assertions="3" time="0.004419"/>
        <testcase name="`Streaming Controller` → `Edge Cases` → handles empty arguments in streaming" file="tests/Http/Controller/StreamingControllerTest.php::`Streaming Controller` → `Edge Cases` → handles empty arguments in streaming" class="Tests\Http\Controller\StreamingControllerTest" classname="Tests.Http.Controller.StreamingControllerTest" assertions="4" time="0.004415"/>
      </testsuite>
      <testsuite name="Tests\Http\Helpers\FunctionsTest" file="tests/Http/Helpers/FunctionsTest.php" tests="3" assertions="6" errors="0" failures="0" skipped="0" time="0.014903">
        <testcase name="`Helper Functions` → post_forrst sends Forrst request" file="tests/Http/Helpers/FunctionsTest.php::`Helper Functions` → post_forrst sends Forrst request" class="Tests\Http\Helpers\FunctionsTest" classname="Tests.Http.Helpers.FunctionsTest" assertions="2" time="0.006230"/>
        <testcase name="`Helper Functions` → post_forrst sends request with custom id" file="tests/Http/Helpers/FunctionsTest.php::`Helper Functions` → post_forrst sends request with custom id" class="Tests\Http\Helpers\FunctionsTest" classname="Tests.Http.Helpers.FunctionsTest" assertions="2" time="0.004281"/>
        <testcase name="`Helper Functions` → post_forrst sends request with function version" file="tests/Http/Helpers/FunctionsTest.php::`Helper Functions` → post_forrst sends request with function version" class="Tests\Http\Helpers\FunctionsTest" classname="Tests.Http.Helpers.FunctionsTest" assertions="2" time="0.004392"/>
      </testsuite>
      <testsuite name="Tests\Http\Middleware\BootServerTest" file="tests/Http/Middleware/BootServerTest.php" tests="7" assertions="16" errors="0" failures="0" skipped="0" time="0.031611">
        <testcase name="`BootServer Middleware` → `Happy Paths` → binds ServerInterface to the container" file="tests/Http/Middleware/BootServerTest.php::`BootServer Middleware` → `Happy Paths` → binds ServerInterface to the container" class="Tests\Http\Middleware\BootServerTest" classname="Tests.Http.Middleware.BootServerTest" assertions="1" time="0.004886"/>
        <testcase name="`BootServer Middleware` → `Happy Paths` → passes request to next middleware after binding server" file="tests/Http/Middleware/BootServerTest.php::`BootServer Middleware` → `Happy Paths` → passes request to next middleware after binding server" class="Tests\Http\Middleware\BootServerTest" classname="Tests.Http.Middleware.BootServerTest" assertions="3" time="0.003792"/>
        <testcase name="`BootServer Middleware` → `Sad Paths` → throws BadRequestHttpException when route name is null" file="tests/Http/Middleware/BootServerTest.php::`BootServer Middleware` → `Sad Paths` → throws BadRequestHttpException when route name is null" class="Tests\Http\Middleware\BootServerTest" classname="Tests.Http.Middleware.BootServerTest" assertions="2" time="0.003844"/>
        <testcase name="`BootServer Middleware` → `Sad Paths` → throws BadRequestHttpException when route exists but has no name" file="tests/Http/Middleware/BootServerTest.php::`BootServer Middleware` → `Sad Paths` → throws BadRequestHttpException when route exists but has no name" class="Tests\Http\Middleware\BootServerTest" classname="Tests.Http.Middleware.BootServerTest" assertions="2" time="0.003760"/>
        <testcase name="`BootServer Middleware` → `Edge Cases` → terminate does nothing during unit tests" file="tests/Http/Middleware/BootServerTest.php::`BootServer Middleware` → `Edge Cases` → terminate does nothing during unit tests" class="Tests\Http\Middleware\BootServerTest" classname="Tests.Http.Middleware.BootServerTest" assertions="3" time="0.004005"/>
        <testcase name="`BootServer Middleware` → `Edge Cases` → terminate forgets ServerInterface instance when not running unit tests" file="tests/Http/Middleware/BootServerTest.php::`BootServer Middleware` → `Edge Cases` → terminate forgets ServerInterface instance when not running unit tests" class="Tests\Http\Middleware\BootServerTest" classname="Tests.Http.Middleware.BootServerTest" assertions="3" time="0.006916"/>
        <testcase name="`BootServer Middleware` → `Edge Cases` → handles multiple sequential requests with proper cleanup simulation" file="tests/Http/Middleware/BootServerTest.php::`BootServer Middleware` → `Edge Cases` → handles multiple sequential requests with proper cleanup simulation" class="Tests\Http\Middleware\BootServerTest" classname="Tests.Http.Middleware.BootServerTest" assertions="2" time="0.004407"/>
      </testsuite>
      <testsuite name="Tests\Unit\Attributes\DescriptorTest" file="tests/Unit/Attributes/DescriptorTest.php" tests="6" assertions="11" errors="0" failures="0" skipped="0" time="0.023457">
        <testcase name="`Descriptor Attribute` → `Happy Paths` → creates attribute with class string" file="tests/Unit/Attributes/DescriptorTest.php::`Descriptor Attribute` → `Happy Paths` → creates attribute with class string" class="Tests\Unit\Attributes\DescriptorTest" classname="Tests.Unit.Attributes.DescriptorTest" assertions="1" time="0.005017"/>
        <testcase name="`Descriptor Attribute` → `Happy Paths` → is a PHP attribute targeting classes" file="tests/Unit/Attributes/DescriptorTest.php::`Descriptor Attribute` → `Happy Paths` → is a PHP attribute targeting classes" class="Tests\Unit\Attributes\DescriptorTest" classname="Tests.Unit.Attributes.DescriptorTest" assertions="2" time="0.003824"/>
        <testcase name="`Descriptor Attribute` → `Happy Paths` → can be read from class reflection" file="tests/Unit/Attributes/DescriptorTest.php::`Descriptor Attribute` → `Happy Paths` → can be read from class reflection" class="Tests\Unit\Attributes\DescriptorTest" classname="Tests.Unit.Attributes.DescriptorTest" assertions="2" time="0.003668"/>
        <testcase name="`Descriptor Attribute` → `Happy Paths` → descriptor class can be instantiated and called" file="tests/Unit/Attributes/DescriptorTest.php::`Descriptor Attribute` → `Happy Paths` → descriptor class can be instantiated and called" class="Tests\Unit\Attributes\DescriptorTest" classname="Tests.Unit.Attributes.DescriptorTest" assertions="3" time="0.003641"/>
        <testcase name="`Descriptor Attribute` → `Edge Cases` → attribute stores exact class string" file="tests/Unit/Attributes/DescriptorTest.php::`Descriptor Attribute` → `Edge Cases` → attribute stores exact class string" class="Tests\Unit\Attributes\DescriptorTest" classname="Tests.Unit.Attributes.DescriptorTest" assertions="2" time="0.003508"/>
        <testcase name="`Descriptor Attribute` → `Edge Cases` → class property is readonly" file="tests/Unit/Attributes/DescriptorTest.php::`Descriptor Attribute` → `Edge Cases` → class property is readonly" class="Tests\Unit\Attributes\DescriptorTest" classname="Tests.Unit.Attributes.DescriptorTest" assertions="1" time="0.003799"/>
      </testsuite>
      <testsuite name="Tests\Unit\Data\Configuration\ServerDataTest" file="tests/Unit/Data/Configuration/ServerDataTest.php" tests="1" assertions="0" errors="1" failures="0" skipped="0" time="0.005644">
        <testcase name="`ServerData` → creates instance from array" file="tests/Unit/Data/Configuration/ServerDataTest.php::`ServerData` → creates instance from array" class="Tests\Unit\Data\Configuration\ServerDataTest" classname="Tests.Unit.Data.Configuration.ServerDataTest" assertions="0" time="0.005644">
          <error type="Cline\Forrst\Exceptions\InvalidFieldValueException">`ServerData` → creates instance from arrayCline\Forrst\Exceptions\InvalidFieldValueException: route is invalid: Route "rpc" must start with "/"
at src/Exceptions/InvalidFieldValueException.php:22
at src/Data/Configuration/ServerData.php:168
at src/Data/Configuration/ServerData.php:77
at vendor/spatie/laravel-data/src/Resolvers/DataFromArrayResolver.php:97
at vendor/spatie/laravel-data/src/Resolvers/DataFromArrayResolver.php:33
at vendor/spatie/laravel-data/src/Resolvers/DataFromSomethingResolver.php:73
at vendor/spatie/laravel-data/src/Support/Creation/CreationContextFactory.php:207
at vendor/spatie/laravel-data/src/Concerns/BaseData.php:46
at tests/Unit/Data/Configuration/ServerDataTest.php:14</error>
        </testcase>
      </testsuite>
      <testsuite name="Tests\Unit\Data\ErrorDataTest" file="tests/Unit/Data/ErrorDataTest.php" tests="41" assertions="104" errors="0" failures="0" skipped="0" time="0.157328">
        <testcase name="`ErrorData` → `Happy Paths` → creates error data with code, message and data" file="tests/Unit/Data/ErrorDataTest.php::`ErrorData` → `Happy Paths` → creates error data with code, message and data" class="Tests\Unit\Data\ErrorDataTest" classname="Tests.Unit.Data.ErrorDataTest" assertions="4" time="0.003983"/>
        <testcase name="`ErrorData` → `Happy Paths` → creates error data without additional data" file="tests/Unit/Data/ErrorDataTest.php::`ErrorData` → `Happy Paths` → creates error data without additional data" class="Tests\Unit\Data\ErrorDataTest" classname="Tests.Unit.Data.ErrorDataTest" assertions="4" time="0.003668"/>
        <testcase name="`ErrorData` → `Happy Paths` → creates from array using inherited from method" file="tests/Unit/Data/ErrorDataTest.php::`ErrorData` → `Happy Paths` → creates from array using inherited from method" class="Tests\Unit\Data\ErrorDataTest" classname="Tests.Unit.Data.ErrorDataTest" assertions="4" time="0.003564"/>
        <testcase name="`ErrorData` → `Client Error Detection` → identifies invalid request as client error" file="tests/Unit/Data/ErrorDataTest.php::`ErrorData` → `Client Error Detection` → identifies invalid request as client error" class="Tests\Unit\Data\ErrorDataTest" classname="Tests.Unit.Data.ErrorDataTest" assertions="2" time="0.003751"/>
        <testcase name="`ErrorData` → `Client Error Detection` → identifies function not found as client error" file="tests/Unit/Data/ErrorDataTest.php::`ErrorData` → `Client Error Detection` → identifies function not found as client error" class="Tests\Unit\Data\ErrorDataTest" classname="Tests.Unit.Data.ErrorDataTest" assertions="2" time="0.003637"/>
        <testcase name="`ErrorData` → `Client Error Detection` → identifies invalid arguments as client error" file="tests/Unit/Data/ErrorDataTest.php::`ErrorData` → `Client Error Detection` → identifies invalid arguments as client error" class="Tests\Unit\Data\ErrorDataTest" classname="Tests.Unit.Data.ErrorDataTest" assertions="2" time="0.003686"/>
        <testcase name="`ErrorData` → `Client Error Detection` → identifies parse error as client error" file="tests/Unit/Data/ErrorDataTest.php::`ErrorData` → `Client Error Detection` → identifies parse error as client error" class="Tests\Unit\Data\ErrorDataTest" classname="Tests.Unit.Data.ErrorDataTest" assertions="2" time="0.003559"/>
        <testcase name="`ErrorData` → `Client Error Detection` → identifies validation error as client error" file="tests/Unit/Data/ErrorDataTest.php::`ErrorData` → `Client Error Detection` → identifies validation error as client error" class="Tests\Unit\Data\ErrorDataTest" classname="Tests.Unit.Data.ErrorDataTest" assertions="2" time="0.003519"/>
        <testcase name="`ErrorData` → `Client Error Detection` → identifies unauthorized as client error" file="tests/Unit/Data/ErrorDataTest.php::`ErrorData` → `Client Error Detection` → identifies unauthorized as client error" class="Tests\Unit\Data\ErrorDataTest" classname="Tests.Unit.Data.ErrorDataTest" assertions="2" time="0.003657"/>
        <testcase name="`ErrorData` → `Client Error Detection` → identifies forbidden as client error" file="tests/Unit/Data/ErrorDataTest.php::`ErrorData` → `Client Error Detection` → identifies forbidden as client error" class="Tests\Unit\Data\ErrorDataTest" classname="Tests.Unit.Data.ErrorDataTest" assertions="2" time="0.003568"/>
        <testcase name="`ErrorData` → `Client Error Detection` → identifies rate limited as operational error (neither client nor server)" file="tests/Unit/Data/ErrorDataTest.php::`ErrorData` → `Client Error Detection` → identifies rate limited as operational error (neither client nor server)" class="Tests\Unit\Data\ErrorDataTest" classname="Tests.Unit.Data.ErrorDataTest" assertions="2" time="0.003784"/>
        <testcase name="`ErrorData` → `Client Error Detection` → does not identify internal error as client error" file="tests/Unit/Data/ErrorDataTest.php::`ErrorData` → `Client Error Detection` → does not identify internal error as client error" class="Tests\Unit\Data\ErrorDataTest" classname="Tests.Unit.Data.ErrorDataTest" assertions="1" time="0.003779"/>
        <testcase name="`ErrorData` → `Server Error Detection` → identifies internal error as server error" file="tests/Unit/Data/ErrorDataTest.php::`ErrorData` → `Server Error Detection` → identifies internal error as server error" class="Tests\Unit\Data\ErrorDataTest" classname="Tests.Unit.Data.ErrorDataTest" assertions="2" time="0.003604"/>
        <testcase name="`ErrorData` → `Server Error Detection` → identifies server error as server error" file="tests/Unit/Data/ErrorDataTest.php::`ErrorData` → `Server Error Detection` → identifies server error as server error" class="Tests\Unit\Data\ErrorDataTest" classname="Tests.Unit.Data.ErrorDataTest" assertions="2" time="0.003719"/>
        <testcase name="`ErrorData` → `Server Error Detection` → identifies service unavailable as server error" file="tests/Unit/Data/ErrorDataTest.php::`ErrorData` → `Server Error Detection` → identifies service unavailable as server error" class="Tests\Unit\Data\ErrorDataTest" classname="Tests.Unit.Data.ErrorDataTest" assertions="2" time="0.003636"/>
        <testcase name="`ErrorData` → `Server Error Detection` → custom Server prefixed errors are unclassified" file="tests/Unit/Data/ErrorDataTest.php::`ErrorData` → `Server Error Detection` → custom Server prefixed errors are unclassified" class="Tests\Unit\Data\ErrorDataTest" classname="Tests.Unit.Data.ErrorDataTest" assertions="2" time="0.003693"/>
        <testcase name="`ErrorData` → `Server Error Detection` → does not identify client errors as server errors" file="tests/Unit/Data/ErrorDataTest.php::`ErrorData` → `Server Error Detection` → does not identify client errors as server errors" class="Tests\Unit\Data\ErrorDataTest" classname="Tests.Unit.Data.ErrorDataTest" assertions="3" time="0.003578"/>
        <testcase name="`ErrorData` → `Server Error Detection` → does not identify unknown errors as server errors" file="tests/Unit/Data/ErrorDataTest.php::`ErrorData` → `Server Error Detection` → does not identify unknown errors as server errors" class="Tests\Unit\Data\ErrorDataTest" classname="Tests.Unit.Data.ErrorDataTest" assertions="2" time="0.003583"/>
        <testcase name="`ErrorData` → `HTTP Status Code Mapping` → maps parse error to 400 status code" file="tests/Unit/Data/ErrorDataTest.php::`ErrorData` → `HTTP Status Code Mapping` → maps parse error to 400 status code" class="Tests\Unit\Data\ErrorDataTest" classname="Tests.Unit.Data.ErrorDataTest" assertions="1" time="0.003753"/>
        <testcase name="`ErrorData` → `HTTP Status Code Mapping` → maps invalid request to 400 status code" file="tests/Unit/Data/ErrorDataTest.php::`ErrorData` → `HTTP Status Code Mapping` → maps invalid request to 400 status code" class="Tests\Unit\Data\ErrorDataTest" classname="Tests.Unit.Data.ErrorDataTest" assertions="1" time="0.003976"/>
        <testcase name="`ErrorData` → `HTTP Status Code Mapping` → maps function not found to 404 status code" file="tests/Unit/Data/ErrorDataTest.php::`ErrorData` → `HTTP Status Code Mapping` → maps function not found to 404 status code" class="Tests\Unit\Data\ErrorDataTest" classname="Tests.Unit.Data.ErrorDataTest" assertions="1" time="0.003890"/>
        <testcase name="`ErrorData` → `HTTP Status Code Mapping` → maps invalid arguments to 400 status code" file="tests/Unit/Data/ErrorDataTest.php::`ErrorData` → `HTTP Status Code Mapping` → maps invalid arguments to 400 status code" class="Tests\Unit\Data\ErrorDataTest" classname="Tests.Unit.Data.ErrorDataTest" assertions="1" time="0.003734"/>
        <testcase name="`ErrorData` → `HTTP Status Code Mapping` → maps validation error to 422 status code" file="tests/Unit/Data/ErrorDataTest.php::`ErrorData` → `HTTP Status Code Mapping` → maps validation error to 422 status code" class="Tests\Unit\Data\ErrorDataTest" classname="Tests.Unit.Data.ErrorDataTest" assertions="1" time="0.003774"/>
        <testcase name="`ErrorData` → `HTTP Status Code Mapping` → maps unauthorized to 401 status code" file="tests/Unit/Data/ErrorDataTest.php::`ErrorData` → `HTTP Status Code Mapping` → maps unauthorized to 401 status code" class="Tests\Unit\Data\ErrorDataTest" classname="Tests.Unit.Data.ErrorDataTest" assertions="1" time="0.003954"/>
        <testcase name="`ErrorData` → `HTTP Status Code Mapping` → maps forbidden to 403 status code" file="tests/Unit/Data/ErrorDataTest.php::`ErrorData` → `HTTP Status Code Mapping` → maps forbidden to 403 status code" class="Tests\Unit\Data\ErrorDataTest" classname="Tests.Unit.Data.ErrorDataTest" assertions="1" time="0.003863"/>
        <testcase name="`ErrorData` → `HTTP Status Code Mapping` → maps rate limited to 429 status code" file="tests/Unit/Data/ErrorDataTest.php::`ErrorData` → `HTTP Status Code Mapping` → maps rate limited to 429 status code" class="Tests\Unit\Data\ErrorDataTest" classname="Tests.Unit.Data.ErrorDataTest" assertions="1" time="0.003810"/>
        <testcase name="`ErrorData` → `HTTP Status Code Mapping` → maps internal error to 500 status code" file="tests/Unit/Data/ErrorDataTest.php::`ErrorData` → `HTTP Status Code Mapping` → maps internal error to 500 status code" class="Tests\Unit\Data\ErrorDataTest" classname="Tests.Unit.Data.ErrorDataTest" assertions="1" time="0.003709"/>
        <testcase name="`ErrorData` → `HTTP Status Code Mapping` → maps server error to 500 status code" file="tests/Unit/Data/ErrorDataTest.php::`ErrorData` → `HTTP Status Code Mapping` → maps server error to 500 status code" class="Tests\Unit\Data\ErrorDataTest" classname="Tests.Unit.Data.ErrorDataTest" assertions="1" time="0.004011"/>
        <testcase name="`ErrorData` → `HTTP Status Code Mapping` → maps service unavailable to 503 status code" file="tests/Unit/Data/ErrorDataTest.php::`ErrorData` → `HTTP Status Code Mapping` → maps service unavailable to 503 status code" class="Tests\Unit\Data\ErrorDataTest" classname="Tests.Unit.Data.ErrorDataTest" assertions="1" time="0.004028"/>
        <testcase name="`ErrorData` → `HTTP Status Code Mapping` → maps custom prefixed errors to 400 status code" file="tests/Unit/Data/ErrorDataTest.php::`ErrorData` → `HTTP Status Code Mapping` → maps custom prefixed errors to 400 status code" class="Tests\Unit\Data\ErrorDataTest" classname="Tests.Unit.Data.ErrorDataTest" assertions="1" time="0.004100"/>
        <testcase name="`ErrorData` → `HTTP Status Code Mapping` → maps unknown errors to 400 status code" file="tests/Unit/Data/ErrorDataTest.php::`ErrorData` → `HTTP Status Code Mapping` → maps unknown errors to 400 status code" class="Tests\Unit\Data\ErrorDataTest" classname="Tests.Unit.Data.ErrorDataTest" assertions="1" time="0.003896"/>
        <testcase name="`ErrorData` → `Edge Cases` → handles empty string error code" file="tests/Unit/Data/ErrorDataTest.php::`ErrorData` → `Edge Cases` → handles empty string error code" class="Tests\Unit\Data\ErrorDataTest" classname="Tests.Unit.Data.ErrorDataTest" assertions="3" time="0.004034"/>
        <testcase name="`ErrorData` → `Edge Cases` → handles error with null data field" file="tests/Unit/Data/ErrorDataTest.php::`ErrorData` → `Edge Cases` → handles error with null data field" class="Tests\Unit\Data\ErrorDataTest" classname="Tests.Unit.Data.ErrorDataTest" assertions="4" time="0.004293"/>
        <testcase name="`ErrorData` → `Edge Cases` → handles error with empty string data" file="tests/Unit/Data/ErrorDataTest.php::`ErrorData` → `Edge Cases` → handles error with empty string data" class="Tests\Unit\Data\ErrorDataTest" classname="Tests.Unit.Data.ErrorDataTest" assertions="3" time="0.003987"/>
        <testcase name="`ErrorData` → `Edge Cases` → handles error with different data types in details array" file="tests/Unit/Data/ErrorDataTest.php::`ErrorData` → `Edge Cases` → handles error with different data types in details array" class="Tests\Unit\Data\ErrorDataTest" classname="Tests.Unit.Data.ErrorDataTest" assertions="4" time="0.003860"/>
        <testcase name="`ErrorData` → `Edge Cases` → handles error with complex data structures" file="tests/Unit/Data/ErrorDataTest.php::`ErrorData` → `Edge Cases` → handles error with complex data structures" class="Tests\Unit\Data\ErrorDataTest" classname="Tests.Unit.Data.ErrorDataTest" assertions="1" time="0.003957"/>
        <testcase name="`ErrorData` → `Edge Cases` → handles error with unicode characters in message" file="tests/Unit/Data/ErrorDataTest.php::`ErrorData` → `Edge Cases` → handles error with unicode characters in message" class="Tests\Unit\Data\ErrorDataTest" classname="Tests.Unit.Data.ErrorDataTest" assertions="1" time="0.003997"/>
        <testcase name="`ErrorData` → `Edge Cases` → handles error with very long message" file="tests/Unit/Data/ErrorDataTest.php::`ErrorData` → `Edge Cases` → handles error with very long message" class="Tests\Unit\Data\ErrorDataTest" classname="Tests.Unit.Data.ErrorDataTest" assertions="2" time="0.003929"/>
        <testcase name="`ErrorData` → `Regression Tests` → ensures all predefined error codes map to correct status codes" file="tests/Unit/Data/ErrorDataTest.php::`ErrorData` → `Regression Tests` → ensures all predefined error codes map to correct status codes" class="Tests\Unit\Data\ErrorDataTest" classname="Tests.Unit.Data.ErrorDataTest" assertions="11" time="0.003906"/>
        <testcase name="`ErrorData` → `Regression Tests` → ensures all client error codes are correctly classified" file="tests/Unit/Data/ErrorDataTest.php::`ErrorData` → `Regression Tests` → ensures all client error codes are correctly classified" class="Tests\Unit\Data\ErrorDataTest" classname="Tests.Unit.Data.ErrorDataTest" assertions="14" time="0.004148"/>
        <testcase name="`ErrorData` → `Regression Tests` → ensures all server error codes are correctly classified" file="tests/Unit/Data/ErrorDataTest.php::`ErrorData` → `Regression Tests` → ensures all server error codes are correctly classified" class="Tests\Unit\Data\ErrorDataTest" classname="Tests.Unit.Data.ErrorDataTest" assertions="6" time="0.004751"/>
      </testsuite>
      <testsuite name="Tests\Unit\Data\Errors\SourceDataTest" file="tests/Unit/Data/Errors/SourceDataTest.php" tests="13" assertions="27" errors="0" failures="0" skipped="0" time="0.055837">
        <testcase name="`SourceData` → `Happy Paths` → creates instance with pointer" file="tests/Unit/Data/Errors/SourceDataTest.php::`SourceData` → `Happy Paths` → creates instance with pointer" class="Tests\Unit\Data\Errors\SourceDataTest" classname="Tests.Unit.Data.Errors.SourceDataTest" assertions="2" time="0.010543"/>
        <testcase name="`SourceData` → `Happy Paths` → creates instance with position" file="tests/Unit/Data/Errors/SourceDataTest.php::`SourceData` → `Happy Paths` → creates instance with position" class="Tests\Unit\Data\Errors\SourceDataTest" classname="Tests.Unit.Data.Errors.SourceDataTest" assertions="2" time="0.003752"/>
        <testcase name="`SourceData` → `Happy Paths` → creates instance with both pointer and position" file="tests/Unit/Data/Errors/SourceDataTest.php::`SourceData` → `Happy Paths` → creates instance with both pointer and position" class="Tests\Unit\Data\Errors\SourceDataTest" classname="Tests.Unit.Data.Errors.SourceDataTest" assertions="3" time="0.003959"/>
        <testcase name="`SourceData` → `Happy Paths` → creates instance with pointer using static factory method" file="tests/Unit/Data/Errors/SourceDataTest.php::`SourceData` → `Happy Paths` → creates instance with pointer using static factory method" class="Tests\Unit\Data\Errors\SourceDataTest" classname="Tests.Unit.Data.Errors.SourceDataTest" assertions="3" time="0.003656"/>
        <testcase name="`SourceData` → `Happy Paths` → creates instance with position using static factory method" file="tests/Unit/Data/Errors/SourceDataTest.php::`SourceData` → `Happy Paths` → creates instance with position using static factory method" class="Tests\Unit\Data\Errors\SourceDataTest" classname="Tests.Unit.Data.Errors.SourceDataTest" assertions="3" time="0.003950"/>
        <testcase name="`SourceData` → `Happy Paths` → serializes to array with only pointer when using pointer factory" file="tests/Unit/Data/Errors/SourceDataTest.php::`SourceData` → `Happy Paths` → serializes to array with only pointer when using pointer factory" class="Tests\Unit\Data\Errors\SourceDataTest" classname="Tests.Unit.Data.Errors.SourceDataTest" assertions="1" time="0.003802"/>
        <testcase name="`SourceData` → `Happy Paths` → serializes to array with only position when using position factory" file="tests/Unit/Data/Errors/SourceDataTest.php::`SourceData` → `Happy Paths` → serializes to array with only position when using position factory" class="Tests\Unit\Data\Errors\SourceDataTest" classname="Tests.Unit.Data.Errors.SourceDataTest" assertions="1" time="0.003682"/>
        <testcase name="`SourceData` → `Happy Paths` → serializes to array with both pointer and position when both are set" file="tests/Unit/Data/Errors/SourceDataTest.php::`SourceData` → `Happy Paths` → serializes to array with both pointer and position when both are set" class="Tests\Unit\Data\Errors\SourceDataTest" classname="Tests.Unit.Data.Errors.SourceDataTest" assertions="1" time="0.003932"/>
        <testcase name="`SourceData` → `Happy Paths` → serializes to empty array when neither pointer nor position is set" file="tests/Unit/Data/Errors/SourceDataTest.php::`SourceData` → `Happy Paths` → serializes to empty array when neither pointer nor position is set" class="Tests\Unit\Data\Errors\SourceDataTest" classname="Tests.Unit.Data.Errors.SourceDataTest" assertions="1" time="0.003700"/>
        <testcase name="`SourceData` → `Edge Cases` → handles zero position using position factory" file="tests/Unit/Data/Errors/SourceDataTest.php::`SourceData` → `Edge Cases` → handles zero position using position factory" class="Tests\Unit\Data\Errors\SourceDataTest" classname="Tests.Unit.Data.Errors.SourceDataTest" assertions="3" time="0.003594"/>
        <testcase name="`SourceData` → `Edge Cases` → handles empty string pointer using pointer factory" file="tests/Unit/Data/Errors/SourceDataTest.php::`SourceData` → `Edge Cases` → handles empty string pointer using pointer factory" class="Tests\Unit\Data\Errors\SourceDataTest" classname="Tests.Unit.Data.Errors.SourceDataTest" assertions="3" time="0.003564"/>
        <testcase name="`SourceData` → `Edge Cases` → handles complex JSON pointer paths with special characters" file="tests/Unit/Data/Errors/SourceDataTest.php::`SourceData` → `Edge Cases` → handles complex JSON pointer paths with special characters" class="Tests\Unit\Data\Errors\SourceDataTest" classname="Tests.Unit.Data.Errors.SourceDataTest" assertions="2" time="0.003570"/>
        <testcase name="`SourceData` → `Edge Cases` → handles large position values" file="tests/Unit/Data/Errors/SourceDataTest.php::`SourceData` → `Edge Cases` → handles large position values" class="Tests\Unit\Data\Errors\SourceDataTest" classname="Tests.Unit.Data.Errors.SourceDataTest" assertions="2" time="0.004134"/>
      </testsuite>
      <testsuite name="Tests\Unit\Data\ExtensionDataTest" file="tests/Unit/Data/ExtensionDataTest.php" tests="55" assertions="106" errors="6" failures="0" skipped="0" time="0.235601">
        <testcase name="`ExtensionData` → `Happy Paths` → creates extension with string URN via constructor" file="tests/Unit/Data/ExtensionDataTest.php::`ExtensionData` → `Happy Paths` → creates extension with string URN via constructor" class="Tests\Unit\Data\ExtensionDataTest" classname="Tests.Unit.Data.ExtensionDataTest" assertions="0" time="0.006256">
          <error type="Cline\Forrst\Exceptions\MutuallyExclusiveFieldsException">`ExtensionData` → `Happy Paths` → creates extension with string URN via constructorCline\Forrst\Exceptions\MutuallyExclusiveFieldsException: Cannot have both options and data
at src/Exceptions/MutuallyExclusiveFieldsException.php:22
at src/Data/ExtensionData.php:74
at tests/Unit/Data/ExtensionDataTest.php:22</error>
        </testcase>
        <testcase name="`ExtensionData` → `Happy Paths` → creates extension with BackedEnum URN via constructor" file="tests/Unit/Data/ExtensionDataTest.php::`ExtensionData` → `Happy Paths` → creates extension with BackedEnum URN via constructor" class="Tests\Unit\Data\ExtensionDataTest" classname="Tests.Unit.Data.ExtensionDataTest" assertions="3" time="0.003831"/>
        <testcase name="`ExtensionData` → `Happy Paths` → creates request extension via static factory with string URN" file="tests/Unit/Data/ExtensionDataTest.php::`ExtensionData` → `Happy Paths` → creates request extension via static factory with string URN" class="Tests\Unit\Data\ExtensionDataTest" classname="Tests.Unit.Data.ExtensionDataTest" assertions="3" time="0.003691"/>
        <testcase name="`ExtensionData` → `Happy Paths` → creates request extension via static factory with BackedEnum URN" file="tests/Unit/Data/ExtensionDataTest.php::`ExtensionData` → `Happy Paths` → creates request extension via static factory with BackedEnum URN" class="Tests\Unit\Data\ExtensionDataTest" classname="Tests.Unit.Data.ExtensionDataTest" assertions="3" time="0.003648"/>
        <testcase name="`ExtensionData` → `Happy Paths` → creates response extension via static factory with string URN" file="tests/Unit/Data/ExtensionDataTest.php::`ExtensionData` → `Happy Paths` → creates response extension via static factory with string URN" class="Tests\Unit\Data\ExtensionDataTest" classname="Tests.Unit.Data.ExtensionDataTest" assertions="3" time="0.003615"/>
        <testcase name="`ExtensionData` → `Happy Paths` → creates response extension via static factory with BackedEnum URN" file="tests/Unit/Data/ExtensionDataTest.php::`ExtensionData` → `Happy Paths` → creates response extension via static factory with BackedEnum URN" class="Tests\Unit\Data\ExtensionDataTest" classname="Tests.Unit.Data.ExtensionDataTest" assertions="3" time="0.003541"/>
        <testcase name="`ExtensionData` → `Happy Paths` → deserializes extension from array with from() method" file="tests/Unit/Data/ExtensionDataTest.php::`ExtensionData` → `Happy Paths` → deserializes extension from array with from() method" class="Tests\Unit\Data\ExtensionDataTest" classname="Tests.Unit.Data.ExtensionDataTest" assertions="0" time="0.003664">
          <error type="Cline\Forrst\Exceptions\MutuallyExclusiveFieldsException">`ExtensionData` → `Happy Paths` → deserializes extension from array with from() methodCline\Forrst\Exceptions\MutuallyExclusiveFieldsException: Cannot have both options and data
at src/Exceptions/MutuallyExclusiveFieldsException.php:22
at src/Data/ExtensionData.php:74
at src/Data/ExtensionData.php:143
at tests/Unit/Data/ExtensionDataTest.php:113</error>
        </testcase>
        <testcase name="`ExtensionData` → `Happy Paths` → serializes to request array with URN and options only" file="tests/Unit/Data/ExtensionDataTest.php::`ExtensionData` → `Happy Paths` → serializes to request array with URN and options only" class="Tests\Unit\Data\ExtensionDataTest" classname="Tests.Unit.Data.ExtensionDataTest" assertions="2" time="0.003498"/>
        <testcase name="`ExtensionData` → `Happy Paths` → serializes to response array with URN and data only" file="tests/Unit/Data/ExtensionDataTest.php::`ExtensionData` → `Happy Paths` → serializes to response array with URN and data only" class="Tests\Unit\Data\ExtensionDataTest" classname="Tests.Unit.Data.ExtensionDataTest" assertions="2" time="0.003492"/>
        <testcase name="`ExtensionData` → `Happy Paths` → serializes to complete array with both options and data" file="tests/Unit/Data/ExtensionDataTest.php::`ExtensionData` → `Happy Paths` → serializes to complete array with both options and data" class="Tests\Unit\Data\ExtensionDataTest" classname="Tests.Unit.Data.ExtensionDataTest" assertions="0" time="0.003766">
          <error type="Cline\Forrst\Exceptions\MutuallyExclusiveFieldsException">`ExtensionData` → `Happy Paths` → serializes to complete array with both options and dataCline\Forrst\Exceptions\MutuallyExclusiveFieldsException: Cannot have both options and data
at src/Exceptions/MutuallyExclusiveFieldsException.php:22
at src/Data/ExtensionData.php:74
at tests/Unit/Data/ExtensionDataTest.php:157</error>
        </testcase>
        <testcase name="`ExtensionData` → `Sad Paths` → handles empty URN string from deserialization" file="tests/Unit/Data/ExtensionDataTest.php::`ExtensionData` → `Sad Paths` → handles empty URN string from deserialization" class="Tests\Unit\Data\ExtensionDataTest" classname="Tests.Unit.Data.ExtensionDataTest" assertions="0" time="0.003678">
          <error type="Cline\Forrst\Exceptions\EmptyFieldException">`ExtensionData` → `Sad Paths` → handles empty URN string from deserializationCline\Forrst\Exceptions\EmptyFieldException: urn cannot be empty
at src/Exceptions/EmptyFieldException.php:22
at src/Data/ExtensionData.php:130
at tests/Unit/Data/ExtensionDataTest.php:181</error>
        </testcase>
        <testcase name="`ExtensionData` → `Sad Paths` → deserializes extension without options field" file="tests/Unit/Data/ExtensionDataTest.php::`ExtensionData` → `Sad Paths` → deserializes extension without options field" class="Tests\Unit\Data\ExtensionDataTest" classname="Tests.Unit.Data.ExtensionDataTest" assertions="3" time="0.003638"/>
        <testcase name="`ExtensionData` → `Sad Paths` → deserializes extension without data field" file="tests/Unit/Data/ExtensionDataTest.php::`ExtensionData` → `Sad Paths` → deserializes extension without data field" class="Tests\Unit\Data\ExtensionDataTest" classname="Tests.Unit.Data.ExtensionDataTest" assertions="3" time="0.003581"/>
        <testcase name="`ExtensionData` → `Edge Cases` → creates extension with null options and null data" file="tests/Unit/Data/ExtensionDataTest.php::`ExtensionData` → `Edge Cases` → creates extension with null options and null data" class="Tests\Unit\Data\ExtensionDataTest" classname="Tests.Unit.Data.ExtensionDataTest" assertions="3" time="0.003518"/>
        <testcase name="`ExtensionData` → `Edge Cases` → creates request extension without options" file="tests/Unit/Data/ExtensionDataTest.php::`ExtensionData` → `Edge Cases` → creates request extension without options" class="Tests\Unit\Data\ExtensionDataTest" classname="Tests.Unit.Data.ExtensionDataTest" assertions="3" time="0.003730"/>
        <testcase name="`ExtensionData` → `Edge Cases` → creates response extension without data" file="tests/Unit/Data/ExtensionDataTest.php::`ExtensionData` → `Edge Cases` → creates response extension without data" class="Tests\Unit\Data\ExtensionDataTest" classname="Tests.Unit.Data.ExtensionDataTest" assertions="3" time="0.003628"/>
        <testcase name="`ExtensionData` → `Edge Cases` → serializes request array without options field when options are null" file="tests/Unit/Data/ExtensionDataTest.php::`ExtensionData` → `Edge Cases` → serializes request array without options field when options are null" class="Tests\Unit\Data\ExtensionDataTest" classname="Tests.Unit.Data.ExtensionDataTest" assertions="3" time="0.003671"/>
        <testcase name="`ExtensionData` → `Edge Cases` → serializes response array without data field when data is null" file="tests/Unit/Data/ExtensionDataTest.php::`ExtensionData` → `Edge Cases` → serializes response array without data field when data is null" class="Tests\Unit\Data\ExtensionDataTest" classname="Tests.Unit.Data.ExtensionDataTest" assertions="3" time="0.021472"/>
        <testcase name="`ExtensionData` → `Edge Cases` → serializes to minimal array when both options and data are null" file="tests/Unit/Data/ExtensionDataTest.php::`ExtensionData` → `Edge Cases` → serializes to minimal array when both options and data are null" class="Tests\Unit\Data\ExtensionDataTest" classname="Tests.Unit.Data.ExtensionDataTest" assertions="3" time="0.004622"/>
        <testcase name="`ExtensionData` → `Edge Cases` → handles complex nested data structures in options" file="tests/Unit/Data/ExtensionDataTest.php::`ExtensionData` → `Edge Cases` → handles complex nested data structures in options" class="Tests\Unit\Data\ExtensionDataTest" classname="Tests.Unit.Data.ExtensionDataTest" assertions="2" time="0.004342"/>
        <testcase name="`ExtensionData` → `Edge Cases` → handles complex nested data structures in data" file="tests/Unit/Data/ExtensionDataTest.php::`ExtensionData` → `Edge Cases` → handles complex nested data structures in data" class="Tests\Unit\Data\ExtensionDataTest" classname="Tests.Unit.Data.ExtensionDataTest" assertions="2" time="0.004386"/>
        <testcase name="`ExtensionData` → `Edge Cases` → handles unicode characters in URN" file="tests/Unit/Data/ExtensionDataTest.php::`ExtensionData` → `Edge Cases` → handles unicode characters in URN" class="Tests\Unit\Data\ExtensionDataTest" classname="Tests.Unit.Data.ExtensionDataTest" assertions="1" time="0.004031"/>
        <testcase name="`ExtensionData` → `Edge Cases` → handles unicode characters in options" file="tests/Unit/Data/ExtensionDataTest.php::`ExtensionData` → `Edge Cases` → handles unicode characters in options" class="Tests\Unit\Data\ExtensionDataTest" classname="Tests.Unit.Data.ExtensionDataTest" assertions="1" time="0.003836"/>
        <testcase name="`ExtensionData` → `Edge Cases` → handles unicode characters in data" file="tests/Unit/Data/ExtensionDataTest.php::`ExtensionData` → `Edge Cases` → handles unicode characters in data" class="Tests\Unit\Data\ExtensionDataTest" classname="Tests.Unit.Data.ExtensionDataTest" assertions="2" time="0.003981"/>
        <testcase name="`ExtensionData` → `Edge Cases` → handles empty arrays in options" file="tests/Unit/Data/ExtensionDataTest.php::`ExtensionData` → `Edge Cases` → handles empty arrays in options" class="Tests\Unit\Data\ExtensionDataTest" classname="Tests.Unit.Data.ExtensionDataTest" assertions="2" time="0.003896"/>
        <testcase name="`ExtensionData` → `Edge Cases` → handles empty arrays in data" file="tests/Unit/Data/ExtensionDataTest.php::`ExtensionData` → `Edge Cases` → handles empty arrays in data" class="Tests\Unit\Data\ExtensionDataTest" classname="Tests.Unit.Data.ExtensionDataTest" assertions="2" time="0.003901"/>
        <testsuite name="`ExtensionData` → `Edge Cases` → handles all standard ExtensionUrn enum c" tests="18" assertions="36" errors="0" failures="0" skipped="0" time="0.070806">
          <testcase name="`ExtensionData` → `Edge Cases` → handles all standard ExtensionUrn enum cases with data set &quot;dataset &quot;Async&quot;&quot;" file="tests/Unit/Data/ExtensionDataTest.php::`ExtensionData` → `Edge Cases` → handles all standard ExtensionUrn enum cases with data set &quot;dataset &quot;Async&quot;&quot;" class="Tests\Unit\Data\ExtensionDataTest" classname="Tests.Unit.Data.ExtensionDataTest" assertions="2" time="0.003974"/>
          <testcase name="`ExtensionData` → `Edge Cases` → handles all standard ExtensionUrn enum cases with data set &quot;dataset &quot;Caching&quot;&quot;" file="tests/Unit/Data/ExtensionDataTest.php::`ExtensionData` → `Edge Cases` → handles all standard ExtensionUrn enum cases with data set &quot;dataset &quot;Caching&quot;&quot;" class="Tests\Unit\Data\ExtensionDataTest" classname="Tests.Unit.Data.ExtensionDataTest" assertions="2" time="0.004353"/>
          <testcase name="`ExtensionData` → `Edge Cases` → handles all standard ExtensionUrn enum cases with data set &quot;dataset &quot;Deadline&quot;&quot;" file="tests/Unit/Data/ExtensionDataTest.php::`ExtensionData` → `Edge Cases` → handles all standard ExtensionUrn enum cases with data set &quot;dataset &quot;Deadline&quot;&quot;" class="Tests\Unit\Data\ExtensionDataTest" classname="Tests.Unit.Data.ExtensionDataTest" assertions="2" time="0.004198"/>
          <testcase name="`ExtensionData` → `Edge Cases` → handles all standard ExtensionUrn enum cases with data set &quot;dataset &quot;Deprecation&quot;&quot;" file="tests/Unit/Data/ExtensionDataTest.php::`ExtensionData` → `Edge Cases` → handles all standard ExtensionUrn enum cases with data set &quot;dataset &quot;Deprecation&quot;&quot;" class="Tests\Unit\Data\ExtensionDataTest" classname="Tests.Unit.Data.ExtensionDataTest" assertions="2" time="0.003959"/>
          <testcase name="`ExtensionData` → `Edge Cases` → handles all standard ExtensionUrn enum cases with data set &quot;dataset &quot;DryRun&quot;&quot;" file="tests/Unit/Data/ExtensionDataTest.php::`ExtensionData` → `Edge Cases` → handles all standard ExtensionUrn enum cases with data set &quot;dataset &quot;DryRun&quot;&quot;" class="Tests\Unit\Data\ExtensionDataTest" classname="Tests.Unit.Data.ExtensionDataTest" assertions="2" time="0.003853"/>
          <testcase name="`ExtensionData` → `Edge Cases` → handles all standard ExtensionUrn enum cases with data set &quot;dataset &quot;Idempotency&quot;&quot;" file="tests/Unit/Data/ExtensionDataTest.php::`ExtensionData` → `Edge Cases` → handles all standard ExtensionUrn enum cases with data set &quot;dataset &quot;Idempotency&quot;&quot;" class="Tests\Unit\Data\ExtensionDataTest" classname="Tests.Unit.Data.ExtensionDataTest" assertions="2" time="0.003776"/>
          <testcase name="`ExtensionData` → `Edge Cases` → handles all standard ExtensionUrn enum cases with data set &quot;dataset &quot;Maintenance&quot;&quot;" file="tests/Unit/Data/ExtensionDataTest.php::`ExtensionData` → `Edge Cases` → handles all standard ExtensionUrn enum cases with data set &quot;dataset &quot;Maintenance&quot;&quot;" class="Tests\Unit\Data\ExtensionDataTest" classname="Tests.Unit.Data.ExtensionDataTest" assertions="2" time="0.003842"/>
          <testcase name="`ExtensionData` → `Edge Cases` → handles all standard ExtensionUrn enum cases with data set &quot;dataset &quot;Priority&quot;&quot;" file="tests/Unit/Data/ExtensionDataTest.php::`ExtensionData` → `Edge Cases` → handles all standard ExtensionUrn enum cases with data set &quot;dataset &quot;Priority&quot;&quot;" class="Tests\Unit\Data\ExtensionDataTest" classname="Tests.Unit.Data.ExtensionDataTest" assertions="2" time="0.003813"/>
          <testcase name="`ExtensionData` → `Edge Cases` → handles all standard ExtensionUrn enum cases with data set &quot;dataset &quot;Replay&quot;&quot;" file="tests/Unit/Data/ExtensionDataTest.php::`ExtensionData` → `Edge Cases` → handles all standard ExtensionUrn enum cases with data set &quot;dataset &quot;Replay&quot;&quot;" class="Tests\Unit\Data\ExtensionDataTest" classname="Tests.Unit.Data.ExtensionDataTest" assertions="2" time="0.003897"/>
          <testcase name="`ExtensionData` → `Edge Cases` → handles all standard ExtensionUrn enum cases with data set &quot;dataset &quot;Query&quot;&quot;" file="tests/Unit/Data/ExtensionDataTest.php::`ExtensionData` → `Edge Cases` → handles all standard ExtensionUrn enum cases with data set &quot;dataset &quot;Query&quot;&quot;" class="Tests\Unit\Data\ExtensionDataTest" classname="Tests.Unit.Data.ExtensionDataTest" assertions="2" time="0.003770"/>
          <testcase name="`ExtensionData` → `Edge Cases` → handles all standard ExtensionUrn enum cases with data set &quot;dataset &quot;Quota&quot;&quot;" file="tests/Unit/Data/ExtensionDataTest.php::`ExtensionData` → `Edge Cases` → handles all standard ExtensionUrn enum cases with data set &quot;dataset &quot;Quota&quot;&quot;" class="Tests\Unit\Data\ExtensionDataTest" classname="Tests.Unit.Data.ExtensionDataTest" assertions="2" time="0.003760"/>
          <testcase name="`ExtensionData` → `Edge Cases` → handles all standard ExtensionUrn enum cases with data set &quot;dataset &quot;RateLimit&quot;&quot;" file="tests/Unit/Data/ExtensionDataTest.php::`ExtensionData` → `Edge Cases` → handles all standard ExtensionUrn enum cases with data set &quot;dataset &quot;RateLimit&quot;&quot;" class="Tests\Unit\Data\ExtensionDataTest" classname="Tests.Unit.Data.ExtensionDataTest" assertions="2" time="0.003879"/>
          <testcase name="`ExtensionData` → `Edge Cases` → handles all standard ExtensionUrn enum cases with data set &quot;dataset &quot;Locale&quot;&quot;" file="tests/Unit/Data/ExtensionDataTest.php::`ExtensionData` → `Edge Cases` → handles all standard ExtensionUrn enum cases with data set &quot;dataset &quot;Locale&quot;&quot;" class="Tests\Unit\Data\ExtensionDataTest" classname="Tests.Unit.Data.ExtensionDataTest" assertions="2" time="0.003846"/>
          <testcase name="`ExtensionData` → `Edge Cases` → handles all standard ExtensionUrn enum cases with data set &quot;dataset &quot;Redact&quot;&quot;" file="tests/Unit/Data/ExtensionDataTest.php::`ExtensionData` → `Edge Cases` → handles all standard ExtensionUrn enum cases with data set &quot;dataset &quot;Redact&quot;&quot;" class="Tests\Unit\Data\ExtensionDataTest" classname="Tests.Unit.Data.ExtensionDataTest" assertions="2" time="0.003981"/>
          <testcase name="`ExtensionData` → `Edge Cases` → handles all standard ExtensionUrn enum cases with data set &quot;dataset &quot;Tracing&quot;&quot;" file="tests/Unit/Data/ExtensionDataTest.php::`ExtensionData` → `Edge Cases` → handles all standard ExtensionUrn enum cases with data set &quot;dataset &quot;Tracing&quot;&quot;" class="Tests\Unit\Data\ExtensionDataTest" classname="Tests.Unit.Data.ExtensionDataTest" assertions="2" time="0.004006"/>
          <testcase name="`ExtensionData` → `Edge Cases` → handles all standard ExtensionUrn enum cases with data set &quot;dataset &quot;Retry&quot;&quot;" file="tests/Unit/Data/ExtensionDataTest.php::`ExtensionData` → `Edge Cases` → handles all standard ExtensionUrn enum cases with data set &quot;dataset &quot;Retry&quot;&quot;" class="Tests\Unit\Data\ExtensionDataTest" classname="Tests.Unit.Data.ExtensionDataTest" assertions="2" time="0.003809"/>
          <testcase name="`ExtensionData` → `Edge Cases` → handles all standard ExtensionUrn enum cases with data set &quot;dataset &quot;Cancellation&quot;&quot;" file="tests/Unit/Data/ExtensionDataTest.php::`ExtensionData` → `Edge Cases` → handles all standard ExtensionUrn enum cases with data set &quot;dataset &quot;Cancellation&quot;&quot;" class="Tests\Unit\Data\ExtensionDataTest" classname="Tests.Unit.Data.ExtensionDataTest" assertions="2" time="0.004010"/>
          <testcase name="`ExtensionData` → `Edge Cases` → handles all standard ExtensionUrn enum cases with data set &quot;dataset &quot;Stream&quot;&quot;" file="tests/Unit/Data/ExtensionDataTest.php::`ExtensionData` → `Edge Cases` → handles all standard ExtensionUrn enum cases with data set &quot;dataset &quot;Stream&quot;&quot;" class="Tests\Unit\Data\ExtensionDataTest" classname="Tests.Unit.Data.ExtensionDataTest" assertions="2" time="0.004079"/>
        </testsuite>
        <testcase name="`ExtensionData` → `Edge Cases` → deserializes from empty array with default values" file="tests/Unit/Data/ExtensionDataTest.php::`ExtensionData` → `Edge Cases` → deserializes from empty array with default values" class="Tests\Unit\Data\ExtensionDataTest" classname="Tests.Unit.Data.ExtensionDataTest" assertions="0" time="0.004161">
          <error type="Cline\Forrst\Exceptions\EmptyFieldException">`ExtensionData` → `Edge Cases` → deserializes from empty array with default valuesCline\Forrst\Exceptions\EmptyFieldException: urn cannot be empty
at src/Exceptions/EmptyFieldException.php:22
at src/Data/ExtensionData.php:130
at tests/Unit/Data/ExtensionDataTest.php:416</error>
        </testcase>
        <testcase name="`ExtensionData` → `Edge Cases` → converts enum URN to string in toRequestArray" file="tests/Unit/Data/ExtensionDataTest.php::`ExtensionData` → `Edge Cases` → converts enum URN to string in toRequestArray" class="Tests\Unit\Data\ExtensionDataTest" classname="Tests.Unit.Data.ExtensionDataTest" assertions="2" time="0.004149"/>
        <testcase name="`ExtensionData` → `Edge Cases` → converts enum URN to string in toResponseArray" file="tests/Unit/Data/ExtensionDataTest.php::`ExtensionData` → `Edge Cases` → converts enum URN to string in toResponseArray" class="Tests\Unit\Data\ExtensionDataTest" classname="Tests.Unit.Data.ExtensionDataTest" assertions="2" time="0.004234"/>
        <testcase name="`ExtensionData` → `Edge Cases` → preserves numeric array keys in options" file="tests/Unit/Data/ExtensionDataTest.php::`ExtensionData` → `Edge Cases` → preserves numeric array keys in options" class="Tests\Unit\Data\ExtensionDataTest" classname="Tests.Unit.Data.ExtensionDataTest" assertions="1" time="0.004066"/>
        <testcase name="`ExtensionData` → `Edge Cases` → preserves numeric array keys in data" file="tests/Unit/Data/ExtensionDataTest.php::`ExtensionData` → `Edge Cases` → preserves numeric array keys in data" class="Tests\Unit\Data\ExtensionDataTest" classname="Tests.Unit.Data.ExtensionDataTest" assertions="1" time="0.003993"/>
        <testcase name="`ExtensionData` → `Regression Tests` → ensures request factory never includes data in serialization" file="tests/Unit/Data/ExtensionDataTest.php::`ExtensionData` → `Regression Tests` → ensures request factory never includes data in serialization" class="Tests\Unit\Data\ExtensionDataTest" classname="Tests.Unit.Data.ExtensionDataTest" assertions="2" time="0.004403"/>
        <testcase name="`ExtensionData` → `Regression Tests` → ensures response factory never includes options in serialization" file="tests/Unit/Data/ExtensionDataTest.php::`ExtensionData` → `Regression Tests` → ensures response factory never includes options in serialization" class="Tests\Unit\Data\ExtensionDataTest" classname="Tests.Unit.Data.ExtensionDataTest" assertions="2" time="0.004198"/>
        <testcase name="`ExtensionData` → `Regression Tests` → maintains immutability of readonly properties" file="tests/Unit/Data/ExtensionDataTest.php::`ExtensionData` → `Regression Tests` → maintains immutability of readonly properties" class="Tests\Unit\Data\ExtensionDataTest" classname="Tests.Unit.Data.ExtensionDataTest" assertions="1" time="0.004118"/>
        <testcase name="`ExtensionData` → `Regression Tests` → from() method handles all combinations of missing fields" file="tests/Unit/Data/ExtensionDataTest.php::`ExtensionData` → `Regression Tests` → from() method handles all combinations of missing fields" class="Tests\Unit\Data\ExtensionDataTest" classname="Tests.Unit.Data.ExtensionDataTest" assertions="0" time="0.004417">
          <error type="Cline\Forrst\Exceptions\InvalidFieldValueException">`ExtensionData` → `Regression Tests` → from() method handles all combinations of missing fieldsCline\Forrst\Exceptions\InvalidFieldValueException: Extension urn is invalid: must follow format 'urn:vendor:forrst:ext:name', got: test
at src/Exceptions/InvalidFieldValueException.php:22
at src/Validation/UrnValidator.php:49
at src/Data/ExtensionData.php:70
at src/Data/ExtensionData.php:143
at tests/Unit/Data/ExtensionDataTest.php:537</error>
        </testcase>
        <testcase name="`ExtensionData` → `Regression Tests` → serialization round-trip preserves all data for request" file="tests/Unit/Data/ExtensionDataTest.php::`ExtensionData` → `Regression Tests` → serialization round-trip preserves all data for request" class="Tests\Unit\Data\ExtensionDataTest" classname="Tests.Unit.Data.ExtensionDataTest" assertions="2" time="0.004050"/>
        <testcase name="`ExtensionData` → `Regression Tests` → serialization round-trip preserves all data for response" file="tests/Unit/Data/ExtensionDataTest.php::`ExtensionData` → `Regression Tests` → serialization round-trip preserves all data for response" class="Tests\Unit\Data\ExtensionDataTest" classname="Tests.Unit.Data.ExtensionDataTest" assertions="2" time="0.004093"/>
      </testsuite>
      <testsuite name="Tests\Unit\Data\RequestObjectDataTest" file="tests/Unit/Data/RequestObjectDataTest.php" tests="25" assertions="62" errors="0" failures="0" skipped="0" time="0.106617">
        <testcase name="`RequestObjectData` → `Happy Paths` → creates request object with all parameters" file="tests/Unit/Data/RequestObjectDataTest.php::`RequestObjectData` → `Happy Paths` → creates request object with all parameters" class="Tests\Unit\Data\RequestObjectDataTest" classname="Tests.Unit.Data.RequestObjectDataTest" assertions="9" time="0.012388"/>
        <testcase name="`RequestObjectData` → `Happy Paths` → creates request using asRequest factory with auto-generated ID" file="tests/Unit/Data/RequestObjectDataTest.php::`RequestObjectData` → `Happy Paths` → creates request using asRequest factory with auto-generated ID" class="Tests\Unit\Data\RequestObjectDataTest" classname="Tests.Unit.Data.RequestObjectDataTest" assertions="6" time="0.003883"/>
        <testcase name="`RequestObjectData` → `Happy Paths` → creates request using asRequest factory with custom ID" file="tests/Unit/Data/RequestObjectDataTest.php::`RequestObjectData` → `Happy Paths` → creates request using asRequest factory with custom ID" class="Tests\Unit\Data\RequestObjectDataTest" classname="Tests.Unit.Data.RequestObjectDataTest" assertions="5" time="0.003693"/>
        <testcase name="`RequestObjectData` → `Happy Paths` → creates request using asRequest factory with version" file="tests/Unit/Data/RequestObjectDataTest.php::`RequestObjectData` → `Happy Paths` → creates request using asRequest factory with version" class="Tests\Unit\Data\RequestObjectDataTest" classname="Tests.Unit.Data.RequestObjectDataTest" assertions="1" time="0.003490"/>
        <testcase name="`RequestObjectData` → `Happy Paths` → retrieves specific argument using dot notation" file="tests/Unit/Data/RequestObjectDataTest.php::`RequestObjectData` → `Happy Paths` → retrieves specific argument using dot notation" class="Tests\Unit\Data\RequestObjectDataTest" classname="Tests.Unit.Data.RequestObjectDataTest" assertions="2" time="0.003489"/>
        <testcase name="`RequestObjectData` → `Happy Paths` → retrieves all arguments using getArguments method" file="tests/Unit/Data/RequestObjectDataTest.php::`RequestObjectData` → `Happy Paths` → retrieves all arguments using getArguments method" class="Tests\Unit\Data\RequestObjectDataTest" classname="Tests.Unit.Data.RequestObjectDataTest" assertions="3" time="0.003492"/>
        <testcase name="`RequestObjectData` → `Happy Paths` → creates from array using inherited from method" file="tests/Unit/Data/RequestObjectDataTest.php::`RequestObjectData` → `Happy Paths` → creates from array using inherited from method" class="Tests\Unit\Data\RequestObjectDataTest" classname="Tests.Unit.Data.RequestObjectDataTest" assertions="6" time="0.003835"/>
        <testcase name="`RequestObjectData` → `Happy Paths` → toArray returns correct Forrst structure" file="tests/Unit/Data/RequestObjectDataTest.php::`RequestObjectData` → `Happy Paths` → toArray returns correct Forrst structure" class="Tests\Unit\Data\RequestObjectDataTest" classname="Tests.Unit.Data.RequestObjectDataTest" assertions="6" time="0.003692"/>
        <testcase name="`RequestObjectData` → `Sad Paths` → returns default value when getting argument from null arguments" file="tests/Unit/Data/RequestObjectDataTest.php::`RequestObjectData` → `Sad Paths` → returns default value when getting argument from null arguments" class="Tests\Unit\Data\RequestObjectDataTest" classname="Tests.Unit.Data.RequestObjectDataTest" assertions="1" time="0.003913"/>
        <testcase name="`RequestObjectData` → `Sad Paths` → returns default value when argument does not exist" file="tests/Unit/Data/RequestObjectDataTest.php::`RequestObjectData` → `Sad Paths` → returns default value when argument does not exist" class="Tests\Unit\Data\RequestObjectDataTest" classname="Tests.Unit.Data.RequestObjectDataTest" assertions="1" time="0.003841"/>
        <testcase name="`RequestObjectData` → `Sad Paths` → returns null when getting arguments that are null" file="tests/Unit/Data/RequestObjectDataTest.php::`RequestObjectData` → `Sad Paths` → returns null when getting arguments that are null" class="Tests\Unit\Data\RequestObjectDataTest" classname="Tests.Unit.Data.RequestObjectDataTest" assertions="1" time="0.003727"/>
        <testcase name="`RequestObjectData` → `Sad Paths` → returns null as default when argument not found and no default provided" file="tests/Unit/Data/RequestObjectDataTest.php::`RequestObjectData` → `Sad Paths` → returns null as default when argument not found and no default provided" class="Tests\Unit\Data\RequestObjectDataTest" classname="Tests.Unit.Data.RequestObjectDataTest" assertions="1" time="0.003916"/>
        <testcase name="`RequestObjectData` → `Sad Paths` → throws exception when ID is missing in from method" file="tests/Unit/Data/RequestObjectDataTest.php::`RequestObjectData` → `Sad Paths` → throws exception when ID is missing in from method" class="Tests\Unit\Data\RequestObjectDataTest" classname="Tests.Unit.Data.RequestObjectDataTest" assertions="1" time="0.003728"/>
        <testcase name="`RequestObjectData` → `Sad Paths` → throws exception when function is missing in from method" file="tests/Unit/Data/RequestObjectDataTest.php::`RequestObjectData` → `Sad Paths` → throws exception when function is missing in from method" class="Tests\Unit\Data\RequestObjectDataTest" classname="Tests.Unit.Data.RequestObjectDataTest" assertions="1" time="0.003842"/>
        <testcase name="`RequestObjectData` → `Edge Cases` → handles empty arguments array" file="tests/Unit/Data/RequestObjectDataTest.php::`RequestObjectData` → `Edge Cases` → handles empty arguments array" class="Tests\Unit\Data\RequestObjectDataTest" classname="Tests.Unit.Data.RequestObjectDataTest" assertions="3" time="0.004323"/>
        <testcase name="`RequestObjectData` → `Edge Cases` → handles deeply nested argument access" file="tests/Unit/Data/RequestObjectDataTest.php::`RequestObjectData` → `Edge Cases` → handles deeply nested argument access" class="Tests\Unit\Data\RequestObjectDataTest" classname="Tests.Unit.Data.RequestObjectDataTest" assertions="1" time="0.004063"/>
        <testcase name="`RequestObjectData` → `Edge Cases` → handles function names with special characters" file="tests/Unit/Data/RequestObjectDataTest.php::`RequestObjectData` → `Edge Cases` → handles function names with special characters" class="Tests\Unit\Data\RequestObjectDataTest" classname="Tests.Unit.Data.RequestObjectDataTest" assertions="1" time="0.003895"/>
        <testcase name="`RequestObjectData` → `Edge Cases` → handles complex data structures in arguments" file="tests/Unit/Data/RequestObjectDataTest.php::`RequestObjectData` → `Edge Cases` → handles complex data structures in arguments" class="Tests\Unit\Data\RequestObjectDataTest" classname="Tests.Unit.Data.RequestObjectDataTest" assertions="3" time="0.004119"/>
        <testcase name="`RequestObjectData` → `Edge Cases` → handles numeric string keys in arguments" file="tests/Unit/Data/RequestObjectDataTest.php::`RequestObjectData` → `Edge Cases` → handles numeric string keys in arguments" class="Tests\Unit\Data\RequestObjectDataTest" classname="Tests.Unit.Data.RequestObjectDataTest" assertions="3" time="0.003889"/>
        <testcase name="`RequestObjectData` → `Edge Cases` → handles context data" file="tests/Unit/Data/RequestObjectDataTest.php::`RequestObjectData` → `Edge Cases` → handles context data" class="Tests\Unit\Data\RequestObjectDataTest" classname="Tests.Unit.Data.RequestObjectDataTest" assertions="1" time="0.003842"/>
        <testcase name="`RequestObjectData` → `Edge Cases` → handles unicode characters in ID" file="tests/Unit/Data/RequestObjectDataTest.php::`RequestObjectData` → `Edge Cases` → handles unicode characters in ID" class="Tests\Unit\Data\RequestObjectDataTest" classname="Tests.Unit.Data.RequestObjectDataTest" assertions="1" time="0.003710"/>
        <testcase name="`RequestObjectData` → `Edge Cases` → handles very long string ID" file="tests/Unit/Data/RequestObjectDataTest.php::`RequestObjectData` → `Edge Cases` → handles very long string ID" class="Tests\Unit\Data\RequestObjectDataTest" classname="Tests.Unit.Data.RequestObjectDataTest" assertions="2" time="0.004474"/>
        <testcase name="`RequestObjectData` → `Edge Cases` → toArray omits null context" file="tests/Unit/Data/RequestObjectDataTest.php::`RequestObjectData` → `Edge Cases` → toArray omits null context" class="Tests\Unit\Data\RequestObjectDataTest" classname="Tests.Unit.Data.RequestObjectDataTest" assertions="1" time="0.004949"/>
        <testcase name="`RequestObjectData` → `Edge Cases` → toArray omits null arguments" file="tests/Unit/Data/RequestObjectDataTest.php::`RequestObjectData` → `Edge Cases` → toArray omits null arguments" class="Tests\Unit\Data\RequestObjectDataTest" classname="Tests.Unit.Data.RequestObjectDataTest" assertions="1" time="0.004392"/>
        <testcase name="`RequestObjectData` → `Edge Cases` → toArray omits null version" file="tests/Unit/Data/RequestObjectDataTest.php::`RequestObjectData` → `Edge Cases` → toArray omits null version" class="Tests\Unit\Data\RequestObjectDataTest" classname="Tests.Unit.Data.RequestObjectDataTest" assertions="1" time="0.004032"/>
      </testsuite>
      <testsuite name="Tests\Unit\Data\ResponseDataTest" file="tests/Unit/Data/ResponseDataTest.php" tests="30" assertions="112" errors="0" failures="0" skipped="0" time="0.117472">
        <testcase name="`ResponseData` → `Happy Paths` → creates success response via factory method" file="tests/Unit/Data/ResponseDataTest.php::`ResponseData` → `Happy Paths` → creates success response via factory method" class="Tests\Unit\Data\ResponseDataTest" classname="Tests.Unit.Data.ResponseDataTest" assertions="8" time="0.008163"/>
        <testcase name="`ResponseData` → `Happy Paths` → creates success response with metadata" file="tests/Unit/Data/ResponseDataTest.php::`ResponseData` → `Happy Paths` → creates success response with metadata" class="Tests\Unit\Data\ResponseDataTest" classname="Tests.Unit.Data.ResponseDataTest" assertions="2" time="0.003709"/>
        <testcase name="`ResponseData` → `Happy Paths` → creates error response from request exception" file="tests/Unit/Data/ResponseDataTest.php::`ResponseData` → `Happy Paths` → creates error response from request exception" class="Tests\Unit\Data\ResponseDataTest" classname="Tests.Unit.Data.ResponseDataTest" assertions="7" time="0.003651"/>
        <testcase name="`ResponseData` → `Happy Paths` → creates error response via error factory method" file="tests/Unit/Data/ResponseDataTest.php::`ResponseData` → `Happy Paths` → creates error response via error factory method" class="Tests\Unit\Data\ResponseDataTest" classname="Tests.Unit.Data.ResponseDataTest" assertions="3" time="0.003592"/>
        <testcase name="`ResponseData` → `Happy Paths` → identifies successful response with result data" file="tests/Unit/Data/ResponseDataTest.php::`ResponseData` → `Happy Paths` → identifies successful response with result data" class="Tests\Unit\Data\ResponseDataTest" classname="Tests.Unit.Data.ResponseDataTest" assertions="2" time="0.003562"/>
        <testcase name="`ResponseData` → `Happy Paths` → detects server error in isFailed method" file="tests/Unit/Data/ResponseDataTest.php::`ResponseData` → `Happy Paths` → detects server error in isFailed method" class="Tests\Unit\Data\ResponseDataTest" classname="Tests.Unit.Data.ResponseDataTest" assertions="3" time="0.003680"/>
        <testcase name="`ResponseData` → `Happy Paths` → converts successful response to array correctly" file="tests/Unit/Data/ResponseDataTest.php::`ResponseData` → `Happy Paths` → converts successful response to array correctly" class="Tests\Unit\Data\ResponseDataTest" classname="Tests.Unit.Data.ResponseDataTest" assertions="4" time="0.003877"/>
        <testcase name="`ResponseData` → `Happy Paths` → converts error response to array correctly" file="tests/Unit/Data/ResponseDataTest.php::`ResponseData` → `Happy Paths` → converts error response to array correctly" class="Tests\Unit\Data\ResponseDataTest" classname="Tests.Unit.Data.ResponseDataTest" assertions="4" time="0.003828"/>
        <testcase name="`ResponseData` → `Happy Paths` → includes metadata in array when present" file="tests/Unit/Data/ResponseDataTest.php::`ResponseData` → `Happy Paths` → includes metadata in array when present" class="Tests\Unit\Data\ResponseDataTest" classname="Tests.Unit.Data.ResponseDataTest" assertions="2" time="0.003797"/>
        <testcase name="`ResponseData` → `Sad Paths` → detects client error as failed response" file="tests/Unit/Data/ResponseDataTest.php::`ResponseData` → `Sad Paths` → detects client error as failed response" class="Tests\Unit\Data\ResponseDataTest" classname="Tests.Unit.Data.ResponseDataTest" assertions="4" time="0.003733"/>
        <testcase name="`ResponseData` → `Sad Paths` → response without error is not failed" file="tests/Unit/Data/ResponseDataTest.php::`ResponseData` → `Sad Paths` → response without error is not failed" class="Tests\Unit\Data\ResponseDataTest" classname="Tests.Unit.Data.ResponseDataTest" assertions="3" time="0.003765"/>
        <testsuite name="`ResponseData` → `Edge Cases` → handles all server error c" tests="3" assertions="9" errors="0" failures="0" skipped="0" time="0.011361">
          <testcase name="`ResponseData` → `Edge Cases` → handles all server error codes with data set &quot;dataset &quot;internal error&quot;&quot;" file="tests/Unit/Data/ResponseDataTest.php::`ResponseData` → `Edge Cases` → handles all server error codes with data set &quot;dataset &quot;internal error&quot;&quot;" class="Tests\Unit\Data\ResponseDataTest" classname="Tests.Unit.Data.ResponseDataTest" assertions="3" time="0.003750"/>
          <testcase name="`ResponseData` → `Edge Cases` → handles all server error codes with data set &quot;dataset &quot;unavailable&quot;&quot;" file="tests/Unit/Data/ResponseDataTest.php::`ResponseData` → `Edge Cases` → handles all server error codes with data set &quot;dataset &quot;unavailable&quot;&quot;" class="Tests\Unit\Data\ResponseDataTest" classname="Tests.Unit.Data.ResponseDataTest" assertions="3" time="0.003890"/>
          <testcase name="`ResponseData` → `Edge Cases` → handles all server error codes with data set &quot;dataset &quot;dependency error&quot;&quot;" file="tests/Unit/Data/ResponseDataTest.php::`ResponseData` → `Edge Cases` → handles all server error codes with data set &quot;dataset &quot;dependency error&quot;&quot;" class="Tests\Unit\Data\ResponseDataTest" classname="Tests.Unit.Data.ResponseDataTest" assertions="3" time="0.003720"/>
        </testsuite>
        <testsuite name="`ResponseData` → `Edge Cases` → handles all client error c" tests="7" assertions="21" errors="0" failures="0" skipped="0" time="0.026064">
          <testcase name="`ResponseData` → `Edge Cases` → handles all client error codes with data set &quot;dataset &quot;parse error&quot;&quot;" file="tests/Unit/Data/ResponseDataTest.php::`ResponseData` → `Edge Cases` → handles all client error codes with data set &quot;dataset &quot;parse error&quot;&quot;" class="Tests\Unit\Data\ResponseDataTest" classname="Tests.Unit.Data.ResponseDataTest" assertions="3" time="0.003706"/>
          <testcase name="`ResponseData` → `Edge Cases` → handles all client error codes with data set &quot;dataset &quot;invalid request&quot;&quot;" file="tests/Unit/Data/ResponseDataTest.php::`ResponseData` → `Edge Cases` → handles all client error codes with data set &quot;dataset &quot;invalid request&quot;&quot;" class="Tests\Unit\Data\ResponseDataTest" classname="Tests.Unit.Data.ResponseDataTest" assertions="3" time="0.003576"/>
          <testcase name="`ResponseData` → `Edge Cases` → handles all client error codes with data set &quot;dataset &quot;function not found&quot;&quot;" file="tests/Unit/Data/ResponseDataTest.php::`ResponseData` → `Edge Cases` → handles all client error codes with data set &quot;dataset &quot;function not found&quot;&quot;" class="Tests\Unit\Data\ResponseDataTest" classname="Tests.Unit.Data.ResponseDataTest" assertions="3" time="0.003661"/>
          <testcase name="`ResponseData` → `Edge Cases` → handles all client error codes with data set &quot;dataset &quot;invalid arguments&quot;&quot;" file="tests/Unit/Data/ResponseDataTest.php::`ResponseData` → `Edge Cases` → handles all client error codes with data set &quot;dataset &quot;invalid arguments&quot;&quot;" class="Tests\Unit\Data\ResponseDataTest" classname="Tests.Unit.Data.ResponseDataTest" assertions="3" time="0.003585"/>
          <testcase name="`ResponseData` → `Edge Cases` → handles all client error codes with data set &quot;dataset &quot;schema validation failed&quot;&quot;" file="tests/Unit/Data/ResponseDataTest.php::`ResponseData` → `Edge Cases` → handles all client error codes with data set &quot;dataset &quot;schema validation failed&quot;&quot;" class="Tests\Unit\Data\ResponseDataTest" classname="Tests.Unit.Data.ResponseDataTest" assertions="3" time="0.003575"/>
          <testcase name="`ResponseData` → `Edge Cases` → handles all client error codes with data set &quot;dataset &quot;unauthorized&quot;&quot;" file="tests/Unit/Data/ResponseDataTest.php::`ResponseData` → `Edge Cases` → handles all client error codes with data set &quot;dataset &quot;unauthorized&quot;&quot;" class="Tests\Unit\Data\ResponseDataTest" classname="Tests.Unit.Data.ResponseDataTest" assertions="3" time="0.003745"/>
          <testcase name="`ResponseData` → `Edge Cases` → handles all client error codes with data set &quot;dataset &quot;forbidden&quot;&quot;" file="tests/Unit/Data/ResponseDataTest.php::`ResponseData` → `Edge Cases` → handles all client error codes with data set &quot;dataset &quot;forbidden&quot;&quot;" class="Tests\Unit\Data\ResponseDataTest" classname="Tests.Unit.Data.ResponseDataTest" assertions="3" time="0.004216"/>
        </testsuite>
        <testcase name="`ResponseData` → `Edge Cases` → handles response with null result" file="tests/Unit/Data/ResponseDataTest.php::`ResponseData` → `Edge Cases` → handles response with null result" class="Tests\Unit\Data\ResponseDataTest" classname="Tests.Unit.Data.ResponseDataTest" assertions="3" time="0.003969"/>
        <testcase name="`ResponseData` → `Edge Cases` → handles complex result data" file="tests/Unit/Data/ResponseDataTest.php::`ResponseData` → `Edge Cases` → handles complex result data" class="Tests\Unit\Data\ResponseDataTest" classname="Tests.Unit.Data.ResponseDataTest" assertions="2" time="0.003771"/>
        <testcase name="`ResponseData` → `Edge Cases` → handles unicode characters in result" file="tests/Unit/Data/ResponseDataTest.php::`ResponseData` → `Edge Cases` → handles unicode characters in result" class="Tests\Unit\Data\ResponseDataTest" classname="Tests.Unit.Data.ResponseDataTest" assertions="1" time="0.003650"/>
        <testcase name="`ResponseData` → `Edge Cases` → handles custom Server prefixed error codes as unclassified" file="tests/Unit/Data/ResponseDataTest.php::`ResponseData` → `Edge Cases` → handles custom Server prefixed error codes as unclassified" class="Tests\Unit\Data\ResponseDataTest" classname="Tests.Unit.Data.ResponseDataTest" assertions="3" time="0.003653"/>
        <testcase name="`ResponseData` → `Edge Cases` → handles unknown error codes as unclassified" file="tests/Unit/Data/ResponseDataTest.php::`ResponseData` → `Edge Cases` → handles unknown error codes as unclassified" class="Tests\Unit\Data\ResponseDataTest" classname="Tests.Unit.Data.ResponseDataTest" assertions="3" time="0.003936"/>
        <testcase name="`ResponseData` → `Regression Tests` → ensures toArray includes result field on success" file="tests/Unit/Data/ResponseDataTest.php::`ResponseData` → `Regression Tests` → ensures toArray includes result field on success" class="Tests\Unit\Data\ResponseDataTest" classname="Tests.Unit.Data.ResponseDataTest" assertions="2" time="0.003937"/>
        <testcase name="`ResponseData` → `Regression Tests` → ensures error response has null result in array" file="tests/Unit/Data/ResponseDataTest.php::`ResponseData` → `Regression Tests` → ensures error response has null result in array" class="Tests\Unit\Data\ResponseDataTest" classname="Tests.Unit.Data.ResponseDataTest" assertions="2" time="0.004101"/>
        <testcase name="`ResponseData` → `Regression Tests` → validates success factory produces exact structure" file="tests/Unit/Data/ResponseDataTest.php::`ResponseData` → `Regression Tests` → validates success factory produces exact structure" class="Tests\Unit\Data\ResponseDataTest" classname="Tests.Unit.Data.ResponseDataTest" assertions="4" time="0.003804"/>
        <testcase name="`ResponseData` → `Regression Tests` → ensures all predefined error codes are correctly classified" file="tests/Unit/Data/ResponseDataTest.php::`ResponseData` → `Regression Tests` → ensures all predefined error codes are correctly classified" class="Tests\Unit\Data\ResponseDataTest" classname="Tests.Unit.Data.ResponseDataTest" assertions="20" time="0.003870"/>
      </testsuite>
      <testsuite name="Tests\Unit\Discovery\ArgumentDataTest" file="tests/Unit/Discovery/ArgumentDataTest.php" tests="25" assertions="60" errors="1" failures="0" skipped="0" time="0.096847">
        <testcase name="`ArgumentData` → `Happy Paths` → creates instance with required fields only" file="tests/Unit/Discovery/ArgumentDataTest.php::`ArgumentData` → `Happy Paths` → creates instance with required fields only" class="Tests\Unit\Discovery\ArgumentDataTest" classname="Tests.Unit.Discovery.ArgumentDataTest" assertions="8" time="0.008706"/>
        <testcase name="`ArgumentData` → `Happy Paths` → creates instance with all fields populated" file="tests/Unit/Discovery/ArgumentDataTest.php::`ArgumentData` → `Happy Paths` → creates instance with all fields populated" class="Tests\Unit\Discovery\ArgumentDataTest" classname="Tests.Unit.Discovery.ArgumentDataTest" assertions="8" time="0.003831"/>
        <testcase name="`ArgumentData` → `Happy Paths` → creates instance with required true" file="tests/Unit/Discovery/ArgumentDataTest.php::`ArgumentData` → `Happy Paths` → creates instance with required true" class="Tests\Unit\Discovery\ArgumentDataTest" classname="Tests.Unit.Discovery.ArgumentDataTest" assertions="1" time="0.003777"/>
        <testcase name="`ArgumentData` → `Happy Paths` → creates instance with required false" file="tests/Unit/Discovery/ArgumentDataTest.php::`ArgumentData` → `Happy Paths` → creates instance with required false" class="Tests\Unit\Discovery\ArgumentDataTest" classname="Tests.Unit.Discovery.ArgumentDataTest" assertions="1" time="0.003736"/>
        <testcase name="`ArgumentData` → `Happy Paths` → creates instance with complex schema" file="tests/Unit/Discovery/ArgumentDataTest.php::`ArgumentData` → `Happy Paths` → creates instance with complex schema" class="Tests\Unit\Discovery\ArgumentDataTest" classname="Tests.Unit.Discovery.ArgumentDataTest" assertions="4" time="0.003594"/>
        <testcase name="`ArgumentData` → `Happy Paths` → creates instance with array schema" file="tests/Unit/Discovery/ArgumentDataTest.php::`ArgumentData` → `Happy Paths` → creates instance with array schema" class="Tests\Unit\Discovery\ArgumentDataTest" classname="Tests.Unit.Discovery.ArgumentDataTest" assertions="3" time="0.003725"/>
        <testcase name="`ArgumentData` → `Happy Paths` → creates instance with default value" file="tests/Unit/Discovery/ArgumentDataTest.php::`ArgumentData` → `Happy Paths` → creates instance with default value" class="Tests\Unit\Discovery\ArgumentDataTest" classname="Tests.Unit.Discovery.ArgumentDataTest" assertions="1" time="0.003517"/>
        <testcase name="`ArgumentData` → `Happy Paths` → creates instance with multiple examples" file="tests/Unit/Discovery/ArgumentDataTest.php::`ArgumentData` → `Happy Paths` → creates instance with multiple examples" class="Tests\Unit\Discovery\ArgumentDataTest" classname="Tests.Unit.Discovery.ArgumentDataTest" assertions="2" time="0.003525"/>
        <testcase name="`ArgumentData` → `Happy Paths` → toArray includes all required fields" file="tests/Unit/Discovery/ArgumentDataTest.php::`ArgumentData` → `Happy Paths` → toArray includes all required fields" class="Tests\Unit\Discovery\ArgumentDataTest" classname="Tests.Unit.Discovery.ArgumentDataTest" assertions="4" time="0.003608"/>
        <testcase name="`ArgumentData` → `Happy Paths` → toArray includes required field with default false" file="tests/Unit/Discovery/ArgumentDataTest.php::`ArgumentData` → `Happy Paths` → toArray includes required field with default false" class="Tests\Unit\Discovery\ArgumentDataTest" classname="Tests.Unit.Discovery.ArgumentDataTest" assertions="2" time="0.003507"/>
        <testcase name="`ArgumentData` → `Happy Paths` → toArray handles null optional fields" file="tests/Unit/Discovery/ArgumentDataTest.php::`ArgumentData` → `Happy Paths` → toArray handles null optional fields" class="Tests\Unit\Discovery\ArgumentDataTest" classname="Tests.Unit.Discovery.ArgumentDataTest" assertions="4" time="0.003788"/>
        <testcase name="`ArgumentData` → `Happy Paths` → toArray with nested Data objects converts correctly" file="tests/Unit/Discovery/ArgumentDataTest.php::`ArgumentData` → `Happy Paths` → toArray with nested Data objects converts correctly" class="Tests\Unit\Discovery\ArgumentDataTest" classname="Tests.Unit.Discovery.ArgumentDataTest" assertions="0" time="0.003853">
          <error type="Cline\Forrst\Exceptions\InvalidFieldValueException">`ArgumentData` → `Happy Paths` → toArray with nested Data objects converts correctlyCline\Forrst\Exceptions\InvalidFieldValueException: sunset is invalid: Sunset date "2025-06-01" is in the past. Deprecated elements with past sunset dates should be removed.
at src/Exceptions/InvalidFieldValueException.php:22
at src/Discovery/DeprecatedData.php:278
at src/Discovery/DeprecatedData.php:215
at src/Discovery/DeprecatedData.php:78
at tests/Unit/Discovery/ArgumentDataTest.php:211</error>
        </testcase>
        <testcase name="`ArgumentData` → `Edge Cases` → handles null default value explicitly" file="tests/Unit/Discovery/ArgumentDataTest.php::`ArgumentData` → `Edge Cases` → handles null default value explicitly" class="Tests\Unit\Discovery\ArgumentDataTest" classname="Tests.Unit.Discovery.ArgumentDataTest" assertions="1" time="0.003536"/>
        <testcase name="`ArgumentData` → `Edge Cases` → handles default value of zero" file="tests/Unit/Discovery/ArgumentDataTest.php::`ArgumentData` → `Edge Cases` → handles default value of zero" class="Tests\Unit\Discovery\ArgumentDataTest" classname="Tests.Unit.Discovery.ArgumentDataTest" assertions="1" time="0.003682"/>
        <testcase name="`ArgumentData` → `Edge Cases` → handles default value of false" file="tests/Unit/Discovery/ArgumentDataTest.php::`ArgumentData` → `Edge Cases` → handles default value of false" class="Tests\Unit\Discovery\ArgumentDataTest" classname="Tests.Unit.Discovery.ArgumentDataTest" assertions="1" time="0.003776"/>
        <testcase name="`ArgumentData` → `Edge Cases` → handles default value of empty string" file="tests/Unit/Discovery/ArgumentDataTest.php::`ArgumentData` → `Edge Cases` → handles default value of empty string" class="Tests\Unit\Discovery\ArgumentDataTest" classname="Tests.Unit.Discovery.ArgumentDataTest" assertions="1" time="0.003603"/>
        <testcase name="`ArgumentData` → `Edge Cases` → handles empty examples array" file="tests/Unit/Discovery/ArgumentDataTest.php::`ArgumentData` → `Edge Cases` → handles empty examples array" class="Tests\Unit\Discovery\ArgumentDataTest" classname="Tests.Unit.Discovery.ArgumentDataTest" assertions="2" time="0.003622"/>
        <testcase name="`ArgumentData` → `Edge Cases` → handles schema with $ref" file="tests/Unit/Discovery/ArgumentDataTest.php::`ArgumentData` → `Edge Cases` → handles schema with $ref" class="Tests\Unit\Discovery\ArgumentDataTest" classname="Tests.Unit.Discovery.ArgumentDataTest" assertions="2" time="0.003697"/>
        <testcase name="`ArgumentData` → `Edge Cases` → handles parameter name with underscores" file="tests/Unit/Discovery/ArgumentDataTest.php::`ArgumentData` → `Edge Cases` → handles parameter name with underscores" class="Tests\Unit\Discovery\ArgumentDataTest" classname="Tests.Unit.Discovery.ArgumentDataTest" assertions="1" time="0.003605"/>
        <testcase name="`ArgumentData` → `Edge Cases` → handles empty schema object" file="tests/Unit/Discovery/ArgumentDataTest.php::`ArgumentData` → `Edge Cases` → handles empty schema object" class="Tests\Unit\Discovery\ArgumentDataTest" classname="Tests.Unit.Discovery.ArgumentDataTest" assertions="2" time="0.003672"/>
        <testcase name="`ArgumentData` → `Edge Cases` → handles examples with different types" file="tests/Unit/Discovery/ArgumentDataTest.php::`ArgumentData` → `Edge Cases` → handles examples with different types" class="Tests\Unit\Discovery\ArgumentDataTest" classname="Tests.Unit.Discovery.ArgumentDataTest" assertions="5" time="0.003562"/>
        <testcase name="`ArgumentData` → `Edge Cases` → toArray preserves schema structure" file="tests/Unit/Discovery/ArgumentDataTest.php::`ArgumentData` → `Edge Cases` → toArray preserves schema structure" class="Tests\Unit\Discovery\ArgumentDataTest" classname="Tests.Unit.Discovery.ArgumentDataTest" assertions="3" time="0.003615"/>
        <testcase name="`ArgumentData` → `Sad Paths` → validates required name field exists" file="tests/Unit/Discovery/ArgumentDataTest.php::`ArgumentData` → `Sad Paths` → validates required name field exists" class="Tests\Unit\Discovery\ArgumentDataTest" classname="Tests.Unit.Discovery.ArgumentDataTest" assertions="1" time="0.003588"/>
        <testcase name="`ArgumentData` → `Sad Paths` → validates required schema field exists" file="tests/Unit/Discovery/ArgumentDataTest.php::`ArgumentData` → `Sad Paths` → validates required schema field exists" class="Tests\Unit\Discovery\ArgumentDataTest" classname="Tests.Unit.Discovery.ArgumentDataTest" assertions="1" time="0.003987"/>
        <testcase name="`ArgumentData` → `Sad Paths` → validates required field defaults to false" file="tests/Unit/Discovery/ArgumentDataTest.php::`ArgumentData` → `Sad Paths` → validates required field defaults to false" class="Tests\Unit\Discovery\ArgumentDataTest" classname="Tests.Unit.Discovery.ArgumentDataTest" assertions="1" time="0.003737"/>
      </testsuite>
      <testsuite name="Tests\Unit\Discovery\DiscoveryDataTest" file="tests/Unit/Discovery/DiscoveryDataTest.php" tests="19" assertions="28" errors="15" failures="0" skipped="0" time="0.094545">
        <testcase name="`DiscoveryData` → `Happy Paths` → creates instance with required fields only" file="tests/Unit/Discovery/DiscoveryDataTest.php::`DiscoveryData` → `Happy Paths` → creates instance with required fields only" class="Tests\Unit\Discovery\DiscoveryDataTest" classname="Tests.Unit.Discovery.DiscoveryDataTest" assertions="9" time="0.007412"/>
        <testcase name="`DiscoveryData` → `Happy Paths` → creates instance with all fields populated" file="tests/Unit/Discovery/DiscoveryDataTest.php::`DiscoveryData` → `Happy Paths` → creates instance with all fields populated" class="Tests\Unit\Discovery\DiscoveryDataTest" classname="Tests.Unit.Discovery.DiscoveryDataTest" assertions="10" time="0.003561"/>
        <testcase name="`DiscoveryData` → `Happy Paths` → creates instance with multiple functions" file="tests/Unit/Discovery/DiscoveryDataTest.php::`DiscoveryData` → `Happy Paths` → creates instance with multiple functions" class="Tests\Unit\Discovery\DiscoveryDataTest" classname="Tests.Unit.Discovery.DiscoveryDataTest" assertions="4" time="0.003702"/>
        <testcase name="`DiscoveryData` → `Happy Paths` → creates instance with multiple servers" file="tests/Unit/Discovery/DiscoveryDataTest.php::`DiscoveryData` → `Happy Paths` → creates instance with multiple servers" class="Tests\Unit\Discovery\DiscoveryDataTest" classname="Tests.Unit.Discovery.DiscoveryDataTest" assertions="0" time="0.003691">
          <error type="Cline\Forrst\Exceptions\EmptyArrayException">`DiscoveryData` → `Happy Paths` → creates instance with multiple serversCline\Forrst\Exceptions\EmptyArrayException: functions cannot be empty
at src/Exceptions/EmptyArrayException.php:22
at src/Discovery/DiscoveryData.php:101
at src/Discovery/DiscoveryData.php:86
at tests/Unit/Discovery/DiscoveryDataTest.php:145</error>
        </testcase>
        <testcase name="`DiscoveryData` → `Happy Paths` → creates instance with multiple resources" file="tests/Unit/Discovery/DiscoveryDataTest.php::`DiscoveryData` → `Happy Paths` → creates instance with multiple resources" class="Tests\Unit\Discovery\DiscoveryDataTest" classname="Tests.Unit.Discovery.DiscoveryDataTest" assertions="0" time="0.003919">
          <error type="Cline\Forrst\Exceptions\EmptyArrayException">`DiscoveryData` → `Happy Paths` → creates instance with multiple resourcesCline\Forrst\Exceptions\EmptyArrayException: functions cannot be empty
at src/Exceptions/EmptyArrayException.php:22
at src/Discovery/DiscoveryData.php:101
at src/Discovery/DiscoveryData.php:86
at tests/Unit/Discovery/DiscoveryDataTest.php:168</error>
        </testcase>
        <testcase name="`DiscoveryData` → `Happy Paths` → toArray maps external_docs correctly" file="tests/Unit/Discovery/DiscoveryDataTest.php::`DiscoveryData` → `Happy Paths` → toArray maps external_docs correctly" class="Tests\Unit\Discovery\DiscoveryDataTest" classname="Tests.Unit.Discovery.DiscoveryDataTest" assertions="0" time="0.003853">
          <error type="Cline\Forrst\Exceptions\EmptyArrayException">`DiscoveryData` → `Happy Paths` → toArray maps external_docs correctlyCline\Forrst\Exceptions\EmptyArrayException: functions cannot be empty
at src/Exceptions/EmptyArrayException.php:22
at src/Discovery/DiscoveryData.php:101
at src/Discovery/DiscoveryData.php:86
at tests/Unit/Discovery/DiscoveryDataTest.php:185</error>
        </testcase>
        <testcase name="`DiscoveryData` → `Happy Paths` → toArray includes all required fields" file="tests/Unit/Discovery/DiscoveryDataTest.php::`DiscoveryData` → `Happy Paths` → toArray includes all required fields" class="Tests\Unit\Discovery\DiscoveryDataTest" classname="Tests.Unit.Discovery.DiscoveryDataTest" assertions="0" time="0.003882">
          <error type="Cline\Forrst\Exceptions\EmptyArrayException">`DiscoveryData` → `Happy Paths` → toArray includes all required fieldsCline\Forrst\Exceptions\EmptyArrayException: functions cannot be empty
at src/Exceptions/EmptyArrayException.php:22
at src/Discovery/DiscoveryData.php:101
at src/Discovery/DiscoveryData.php:86
at tests/Unit/Discovery/DiscoveryDataTest.php:208</error>
        </testcase>
        <testcase name="`DiscoveryData` → `Happy Paths` → toArray handles null optional fields" file="tests/Unit/Discovery/DiscoveryDataTest.php::`DiscoveryData` → `Happy Paths` → toArray handles null optional fields" class="Tests\Unit\Discovery\DiscoveryDataTest" classname="Tests.Unit.Discovery.DiscoveryDataTest" assertions="0" time="0.004017">
          <error type="Cline\Forrst\Exceptions\EmptyArrayException">`DiscoveryData` → `Happy Paths` → toArray handles null optional fieldsCline\Forrst\Exceptions\EmptyArrayException: functions cannot be empty
at src/Exceptions/EmptyArrayException.php:22
at src/Discovery/DiscoveryData.php:101
at src/Discovery/DiscoveryData.php:86
at tests/Unit/Discovery/DiscoveryDataTest.php:231</error>
        </testcase>
        <testcase name="`DiscoveryData` → `Happy Paths` → toArray with nested Data objects converts correctly" file="tests/Unit/Discovery/DiscoveryDataTest.php::`DiscoveryData` → `Happy Paths` → toArray with nested Data objects converts correctly" class="Tests\Unit\Discovery\DiscoveryDataTest" classname="Tests.Unit.Discovery.DiscoveryDataTest" assertions="5" time="0.003835"/>
        <testcase name="`DiscoveryData` → `Edge Cases` → handles empty functions array" file="tests/Unit/Discovery/DiscoveryDataTest.php::`DiscoveryData` → `Edge Cases` → handles empty functions array" class="Tests\Unit\Discovery\DiscoveryDataTest" classname="Tests.Unit.Discovery.DiscoveryDataTest" assertions="0" time="0.003882">
          <error type="Cline\Forrst\Exceptions\EmptyArrayException">`DiscoveryData` → `Edge Cases` → handles empty functions arrayCline\Forrst\Exceptions\EmptyArrayException: functions cannot be empty
at src/Exceptions/EmptyArrayException.php:22
at src/Discovery/DiscoveryData.php:101
at src/Discovery/DiscoveryData.php:86
at tests/Unit/Discovery/DiscoveryDataTest.php:286</error>
        </testcase>
        <testcase name="`DiscoveryData` → `Edge Cases` → handles null servers" file="tests/Unit/Discovery/DiscoveryDataTest.php::`DiscoveryData` → `Edge Cases` → handles null servers" class="Tests\Unit\Discovery\DiscoveryDataTest" classname="Tests.Unit.Discovery.DiscoveryDataTest" assertions="0" time="0.003796">
          <error type="Cline\Forrst\Exceptions\EmptyArrayException">`DiscoveryData` → `Edge Cases` → handles null serversCline\Forrst\Exceptions\EmptyArrayException: functions cannot be empty
at src/Exceptions/EmptyArrayException.php:22
at src/Discovery/DiscoveryData.php:101
at src/Discovery/DiscoveryData.php:86
at tests/Unit/Discovery/DiscoveryDataTest.php:300</error>
        </testcase>
        <testcase name="`DiscoveryData` → `Edge Cases` → handles null resources" file="tests/Unit/Discovery/DiscoveryDataTest.php::`DiscoveryData` → `Edge Cases` → handles null resources" class="Tests\Unit\Discovery\DiscoveryDataTest" classname="Tests.Unit.Discovery.DiscoveryDataTest" assertions="0" time="0.004701">
          <error type="Cline\Forrst\Exceptions\EmptyArrayException">`DiscoveryData` → `Edge Cases` → handles null resourcesCline\Forrst\Exceptions\EmptyArrayException: functions cannot be empty
at src/Exceptions/EmptyArrayException.php:22
at src/Discovery/DiscoveryData.php:101
at src/Discovery/DiscoveryData.php:86
at tests/Unit/Discovery/DiscoveryDataTest.php:313</error>
        </testcase>
        <testcase name="`DiscoveryData` → `Edge Cases` → handles null components" file="tests/Unit/Discovery/DiscoveryDataTest.php::`DiscoveryData` → `Edge Cases` → handles null components" class="Tests\Unit\Discovery\DiscoveryDataTest" classname="Tests.Unit.Discovery.DiscoveryDataTest" assertions="0" time="0.004573">
          <error type="Cline\Forrst\Exceptions\EmptyArrayException">`DiscoveryData` → `Edge Cases` → handles null componentsCline\Forrst\Exceptions\EmptyArrayException: functions cannot be empty
at src/Exceptions/EmptyArrayException.php:22
at src/Discovery/DiscoveryData.php:101
at src/Discovery/DiscoveryData.php:86
at tests/Unit/Discovery/DiscoveryDataTest.php:327</error>
        </testcase>
        <testcase name="`DiscoveryData` → `Edge Cases` → handles different version formats" file="tests/Unit/Discovery/DiscoveryDataTest.php::`DiscoveryData` → `Edge Cases` → handles different version formats" class="Tests\Unit\Discovery\DiscoveryDataTest" classname="Tests.Unit.Discovery.DiscoveryDataTest" assertions="0" time="0.004155">
          <error type="Cline\Forrst\Exceptions\EmptyArrayException">`DiscoveryData` → `Edge Cases` → handles different version formatsCline\Forrst\Exceptions\EmptyArrayException: functions cannot be empty
at src/Exceptions/EmptyArrayException.php:22
at src/Discovery/DiscoveryData.php:101
at src/Discovery/DiscoveryData.php:86
at tests/Unit/Discovery/DiscoveryDataTest.php:341</error>
        </testcase>
        <testcase name="`DiscoveryData` → `Edge Cases` → resources map preserves keys" file="tests/Unit/Discovery/DiscoveryDataTest.php::`DiscoveryData` → `Edge Cases` → resources map preserves keys" class="Tests\Unit\Discovery\DiscoveryDataTest" classname="Tests.Unit.Discovery.DiscoveryDataTest" assertions="0" time="0.004304">
          <error type="Cline\Forrst\Exceptions\EmptyArrayException">`DiscoveryData` → `Edge Cases` → resources map preserves keysCline\Forrst\Exceptions\EmptyArrayException: functions cannot be empty
at src/Exceptions/EmptyArrayException.php:22
at src/Discovery/DiscoveryData.php:101
at src/Discovery/DiscoveryData.php:86
at tests/Unit/Discovery/DiscoveryDataTest.php:361</error>
        </testcase>
        <testcase name="`DiscoveryData` → `Sad Paths` → validates required forrst field exists" file="tests/Unit/Discovery/DiscoveryDataTest.php::`DiscoveryData` → `Sad Paths` → validates required forrst field exists" class="Tests\Unit\Discovery\DiscoveryDataTest" classname="Tests.Unit.Discovery.DiscoveryDataTest" assertions="0" time="0.018129">
          <error type="Cline\Forrst\Exceptions\EmptyArrayException">`DiscoveryData` → `Sad Paths` → validates required forrst field existsCline\Forrst\Exceptions\EmptyArrayException: functions cannot be empty
at src/Exceptions/EmptyArrayException.php:22
at src/Discovery/DiscoveryData.php:101
at src/Discovery/DiscoveryData.php:86
at tests/Unit/Discovery/DiscoveryDataTest.php:379</error>
        </testcase>
        <testcase name="`DiscoveryData` → `Sad Paths` → validates required discovery field exists" file="tests/Unit/Discovery/DiscoveryDataTest.php::`DiscoveryData` → `Sad Paths` → validates required discovery field exists" class="Tests\Unit\Discovery\DiscoveryDataTest" classname="Tests.Unit.Discovery.DiscoveryDataTest" assertions="0" time="0.004888">
          <error type="Cline\Forrst\Exceptions\EmptyArrayException">`DiscoveryData` → `Sad Paths` → validates required discovery field existsCline\Forrst\Exceptions\EmptyArrayException: functions cannot be empty
at src/Exceptions/EmptyArrayException.php:22
at src/Discovery/DiscoveryData.php:101
at src/Discovery/DiscoveryData.php:86
at tests/Unit/Discovery/DiscoveryDataTest.php:392</error>
        </testcase>
        <testcase name="`DiscoveryData` → `Sad Paths` → validates required info field exists" file="tests/Unit/Discovery/DiscoveryDataTest.php::`DiscoveryData` → `Sad Paths` → validates required info field exists" class="Tests\Unit\Discovery\DiscoveryDataTest" classname="Tests.Unit.Discovery.DiscoveryDataTest" assertions="0" time="0.004178">
          <error type="Cline\Forrst\Exceptions\EmptyArrayException">`DiscoveryData` → `Sad Paths` → validates required info field existsCline\Forrst\Exceptions\EmptyArrayException: functions cannot be empty
at src/Exceptions/EmptyArrayException.php:22
at src/Discovery/DiscoveryData.php:101
at src/Discovery/DiscoveryData.php:86
at tests/Unit/Discovery/DiscoveryDataTest.php:405</error>
        </testcase>
        <testcase name="`DiscoveryData` → `Sad Paths` → validates required functions field exists" file="tests/Unit/Discovery/DiscoveryDataTest.php::`DiscoveryData` → `Sad Paths` → validates required functions field exists" class="Tests\Unit\Discovery\DiscoveryDataTest" classname="Tests.Unit.Discovery.DiscoveryDataTest" assertions="0" time="0.004069">
          <error type="Cline\Forrst\Exceptions\EmptyArrayException">`DiscoveryData` → `Sad Paths` → validates required functions field existsCline\Forrst\Exceptions\EmptyArrayException: functions cannot be empty
at src/Exceptions/EmptyArrayException.php:22
at src/Discovery/DiscoveryData.php:101
at src/Discovery/DiscoveryData.php:86
at tests/Unit/Discovery/DiscoveryDataTest.php:418</error>
        </testcase>
      </testsuite>
      <testsuite name="Tests\Unit\Discovery\ErrorDefinitionDataTest" file="tests/Unit/Discovery/ErrorDefinitionDataTest.php" tests="20" assertions="33" errors="3" failures="0" skipped="0" time="0.078720">
        <testcase name="`ErrorDefinitionData` → `Happy Paths` → creates instance with required fields only" file="tests/Unit/Discovery/ErrorDefinitionDataTest.php::`ErrorDefinitionData` → `Happy Paths` → creates instance with required fields only" class="Tests\Unit\Discovery\ErrorDefinitionDataTest" classname="Tests.Unit.Discovery.ErrorDefinitionDataTest" assertions="4" time="0.007191"/>
        <testcase name="`ErrorDefinitionData` → `Happy Paths` → creates instance with all fields populated" file="tests/Unit/Discovery/ErrorDefinitionDataTest.php::`ErrorDefinitionData` → `Happy Paths` → creates instance with all fields populated" class="Tests\Unit\Discovery\ErrorDefinitionDataTest" classname="Tests.Unit.Discovery.ErrorDefinitionDataTest" assertions="4" time="0.003971"/>
        <testcase name="`ErrorDefinitionData` → `Happy Paths` → creates instance with complex details schema" file="tests/Unit/Discovery/ErrorDefinitionDataTest.php::`ErrorDefinitionData` → `Happy Paths` → creates instance with complex details schema" class="Tests\Unit\Discovery\ErrorDefinitionDataTest" classname="Tests.Unit.Discovery.ErrorDefinitionDataTest" assertions="3" time="0.003761"/>
        <testcase name="`ErrorDefinitionData` → `Happy Paths` → toArray includes all required fields" file="tests/Unit/Discovery/ErrorDefinitionDataTest.php::`ErrorDefinitionData` → `Happy Paths` → toArray includes all required fields" class="Tests\Unit\Discovery\ErrorDefinitionDataTest" classname="Tests.Unit.Discovery.ErrorDefinitionDataTest" assertions="4" time="0.003615"/>
        <testcase name="`ErrorDefinitionData` → `Happy Paths` → toArray handles null optional fields" file="tests/Unit/Discovery/ErrorDefinitionDataTest.php::`ErrorDefinitionData` → `Happy Paths` → toArray handles null optional fields" class="Tests\Unit\Discovery\ErrorDefinitionDataTest" classname="Tests.Unit.Discovery.ErrorDefinitionDataTest" assertions="3" time="0.003537"/>
        <testcase name="`ErrorDefinitionData` → `Happy Paths` → toArray includes details when set" file="tests/Unit/Discovery/ErrorDefinitionDataTest.php::`ErrorDefinitionData` → `Happy Paths` → toArray includes details when set" class="Tests\Unit\Discovery\ErrorDefinitionDataTest" classname="Tests.Unit.Discovery.ErrorDefinitionDataTest" assertions="2" time="0.003566"/>
        <testcase name="`ErrorDefinitionData` → `Edge Cases` → handles null description" file="tests/Unit/Discovery/ErrorDefinitionDataTest.php::`ErrorDefinitionData` → `Edge Cases` → handles null description" class="Tests\Unit\Discovery\ErrorDefinitionDataTest" classname="Tests.Unit.Discovery.ErrorDefinitionDataTest" assertions="1" time="0.003733"/>
        <testcase name="`ErrorDefinitionData` → `Edge Cases` → handles null details" file="tests/Unit/Discovery/ErrorDefinitionDataTest.php::`ErrorDefinitionData` → `Edge Cases` → handles null details" class="Tests\Unit\Discovery\ErrorDefinitionDataTest" classname="Tests.Unit.Discovery.ErrorDefinitionDataTest" assertions="1" time="0.003679"/>
        <testcase name="`ErrorDefinitionData` → `Edge Cases` → handles empty details array" file="tests/Unit/Discovery/ErrorDefinitionDataTest.php::`ErrorDefinitionData` → `Edge Cases` → handles empty details array" class="Tests\Unit\Discovery\ErrorDefinitionDataTest" classname="Tests.Unit.Discovery.ErrorDefinitionDataTest" assertions="0" time="0.003793">
          <error type="Cline\Forrst\Exceptions\MissingRequiredFieldException">`ErrorDefinitionData` → `Edge Cases` → handles empty details arrayCline\Forrst\Exceptions\MissingRequiredFieldException: details.type is required
at src/Exceptions/MissingRequiredFieldException.php:22
at src/Discovery/ErrorDefinitionData.php:243
at src/Discovery/ErrorDefinitionData.php:146
at tests/Unit/Discovery/ErrorDefinitionDataTest.php:164</error>
        </testcase>
        <testcase name="`ErrorDefinitionData` → `Edge Cases` → handles error code with underscores" file="tests/Unit/Discovery/ErrorDefinitionDataTest.php::`ErrorDefinitionData` → `Edge Cases` → handles error code with underscores" class="Tests\Unit\Discovery\ErrorDefinitionDataTest" classname="Tests.Unit.Discovery.ErrorDefinitionDataTest" assertions="1" time="0.003568"/>
        <testcase name="`ErrorDefinitionData` → `Edge Cases` → handles error code in lowercase" file="tests/Unit/Discovery/ErrorDefinitionDataTest.php::`ErrorDefinitionData` → `Edge Cases` → handles error code in lowercase" class="Tests\Unit\Discovery\ErrorDefinitionDataTest" classname="Tests.Unit.Discovery.ErrorDefinitionDataTest" assertions="0" time="0.003877">
          <error type="Cline\Forrst\Exceptions\InvalidFieldValueException">`ErrorDefinitionData` → `Edge Cases` → handles error code in lowercaseCline\Forrst\Exceptions\InvalidFieldValueException: code is invalid: Error code must follow SCREAMING_SNAKE_CASE convention. Got: 'not_found'
at src/Exceptions/InvalidFieldValueException.php:22
at src/Discovery/ErrorDefinitionData.php:178
at src/Discovery/ErrorDefinitionData.php:137
at tests/Unit/Discovery/ErrorDefinitionDataTest.php:188</error>
        </testcase>
        <testcase name="`ErrorDefinitionData` → `Edge Cases` → handles error code with numbers" file="tests/Unit/Discovery/ErrorDefinitionDataTest.php::`ErrorDefinitionData` → `Edge Cases` → handles error code with numbers" class="Tests\Unit\Discovery\ErrorDefinitionDataTest" classname="Tests.Unit.Discovery.ErrorDefinitionDataTest" assertions="1" time="0.004123"/>
        <testcase name="`ErrorDefinitionData` → `Edge Cases` → handles empty description" file="tests/Unit/Discovery/ErrorDefinitionDataTest.php::`ErrorDefinitionData` → `Edge Cases` → handles empty description" class="Tests\Unit\Discovery\ErrorDefinitionDataTest" classname="Tests.Unit.Discovery.ErrorDefinitionDataTest" assertions="1" time="0.003655"/>
        <testcase name="`ErrorDefinitionData` → `Edge Cases` → handles details with $ref" file="tests/Unit/Discovery/ErrorDefinitionDataTest.php::`ErrorDefinitionData` → `Edge Cases` → handles details with $ref" class="Tests\Unit\Discovery\ErrorDefinitionDataTest" classname="Tests.Unit.Discovery.ErrorDefinitionDataTest" assertions="0" time="0.003828">
          <error type="Cline\Forrst\Exceptions\MissingRequiredFieldException">`ErrorDefinitionData` → `Edge Cases` → handles details with $refCline\Forrst\Exceptions\MissingRequiredFieldException: details.type is required
at src/Exceptions/MissingRequiredFieldException.php:22
at src/Discovery/ErrorDefinitionData.php:243
at src/Discovery/ErrorDefinitionData.php:146
at tests/Unit/Discovery/ErrorDefinitionDataTest.php:225</error>
        </testcase>
        <testcase name="`ErrorDefinitionData` → `Edge Cases` → handles details with nested schema" file="tests/Unit/Discovery/ErrorDefinitionDataTest.php::`ErrorDefinitionData` → `Edge Cases` → handles details with nested schema" class="Tests\Unit\Discovery\ErrorDefinitionDataTest" classname="Tests.Unit.Discovery.ErrorDefinitionDataTest" assertions="1" time="0.003729"/>
        <testcase name="`ErrorDefinitionData` → `Edge Cases` → toArray preserves details schema structure" file="tests/Unit/Discovery/ErrorDefinitionDataTest.php::`ErrorDefinitionData` → `Edge Cases` → toArray preserves details schema structure" class="Tests\Unit\Discovery\ErrorDefinitionDataTest" classname="Tests.Unit.Discovery.ErrorDefinitionDataTest" assertions="3" time="0.004142"/>
        <testcase name="`ErrorDefinitionData` → `Sad Paths` → validates required code field exists" file="tests/Unit/Discovery/ErrorDefinitionDataTest.php::`ErrorDefinitionData` → `Sad Paths` → validates required code field exists" class="Tests\Unit\Discovery\ErrorDefinitionDataTest" classname="Tests.Unit.Discovery.ErrorDefinitionDataTest" assertions="1" time="0.003877"/>
        <testcase name="`ErrorDefinitionData` → `Sad Paths` → validates required message field exists" file="tests/Unit/Discovery/ErrorDefinitionDataTest.php::`ErrorDefinitionData` → `Sad Paths` → validates required message field exists" class="Tests\Unit\Discovery\ErrorDefinitionDataTest" classname="Tests.Unit.Discovery.ErrorDefinitionDataTest" assertions="1" time="0.003690"/>
        <testcase name="`ErrorDefinitionData` → `Sad Paths` → validates optional description field" file="tests/Unit/Discovery/ErrorDefinitionDataTest.php::`ErrorDefinitionData` → `Sad Paths` → validates optional description field" class="Tests\Unit\Discovery\ErrorDefinitionDataTest" classname="Tests.Unit.Discovery.ErrorDefinitionDataTest" assertions="1" time="0.003637"/>
        <testcase name="`ErrorDefinitionData` → `Sad Paths` → validates optional details field" file="tests/Unit/Discovery/ErrorDefinitionDataTest.php::`ErrorDefinitionData` → `Sad Paths` → validates optional details field" class="Tests\Unit\Discovery\ErrorDefinitionDataTest" classname="Tests.Unit.Discovery.ErrorDefinitionDataTest" assertions="1" time="0.003750"/>
      </testsuite>
      <testsuite name="Tests\Unit\Discovery\ExamplePairingDataTest" file="tests/Unit/Discovery/ExamplePairingDataTest.php" tests="24" assertions="48" errors="0" failures="8" skipped="0" time="0.095036">
        <testcase name="`ExamplePairingData` → `Happy Paths` → creates instance with required fields only" file="tests/Unit/Discovery/ExamplePairingDataTest.php::`ExamplePairingData` → `Happy Paths` → creates instance with required fields only" class="Tests\Unit\Discovery\ExamplePairingDataTest" classname="Tests.Unit.Discovery.ExamplePairingDataTest" assertions="5" time="0.007658"/>
        <testcase name="`ExamplePairingData` → `Happy Paths` → creates instance with all fields populated" file="tests/Unit/Discovery/ExamplePairingDataTest.php::`ExamplePairingData` → `Happy Paths` → creates instance with all fields populated" class="Tests\Unit\Discovery\ExamplePairingDataTest" classname="Tests.Unit.Discovery.ExamplePairingDataTest" assertions="6" time="0.003764"/>
        <testcase name="`ExamplePairingData` → `Happy Paths` → creates instance with multiple parameters" file="tests/Unit/Discovery/ExamplePairingDataTest.php::`ExamplePairingData` → `Happy Paths` → creates instance with multiple parameters" class="Tests\Unit\Discovery\ExamplePairingDataTest" classname="Tests.Unit.Discovery.ExamplePairingDataTest" assertions="3" time="0.003576"/>
        <testcase name="`ExamplePairingData` → `Happy Paths` → toArray includes all required fields" file="tests/Unit/Discovery/ExamplePairingDataTest.php::`ExamplePairingData` → `Happy Paths` → toArray includes all required fields" class="Tests\Unit\Discovery\ExamplePairingDataTest" classname="Tests.Unit.Discovery.ExamplePairingDataTest" assertions="4" time="0.003805"/>
        <testcase name="`ExamplePairingData` → `Happy Paths` → toArray includes optional fields when provided" file="tests/Unit/Discovery/ExamplePairingDataTest.php::`ExamplePairingData` → `Happy Paths` → toArray includes optional fields when provided" class="Tests\Unit\Discovery\ExamplePairingDataTest" classname="Tests.Unit.Discovery.ExamplePairingDataTest" assertions="3" time="0.003725"/>
        <testcase name="`ExamplePairingData` → `Sad Paths - Validation Errors` → rejects empty params array" file="tests/Unit/Discovery/ExamplePairingDataTest.php::`ExamplePairingData` → `Sad Paths - Validation Errors` → rejects empty params array" class="Tests\Unit\Discovery\ExamplePairingDataTest" classname="Tests.Unit.Discovery.ExamplePairingDataTest" assertions="1" time="0.003950">
          <failure type="PHPUnit\Framework\ExpectationFailedException">`ExamplePairingData` → `Sad Paths - Validation Errors` → rejects empty params arrayFailed asserting that 'params cannot be empty' [ASCII](length: 22) contains "at least one parameter" [ASCII](length: 22).
at tests/Unit/Discovery/ExamplePairingDataTest.php:119</failure>
        </testcase>
        <testcase name="`ExamplePairingData` → `Sad Paths - Validation Errors` → rejects param missing name key" file="tests/Unit/Discovery/ExamplePairingDataTest.php::`ExamplePairingData` → `Sad Paths - Validation Errors` → rejects param missing name key" class="Tests\Unit\Discovery\ExamplePairingDataTest" classname="Tests.Unit.Discovery.ExamplePairingDataTest" assertions="1" time="0.003761">
          <failure type="PHPUnit\Framework\ExpectationFailedException">`ExamplePairingData` → `Sad Paths - Validation Errors` → rejects param missing name keyFailed asserting that 'params[0].name is required' [ASCII](length: 26) contains "missing required 'name' key" [ASCII](length: 27).
at tests/Unit/Discovery/ExamplePairingDataTest.php:129</failure>
        </testcase>
        <testcase name="`ExamplePairingData` → `Sad Paths - Validation Errors` → rejects param missing value key" file="tests/Unit/Discovery/ExamplePairingDataTest.php::`ExamplePairingData` → `Sad Paths - Validation Errors` → rejects param missing value key" class="Tests\Unit\Discovery\ExamplePairingDataTest" classname="Tests.Unit.Discovery.ExamplePairingDataTest" assertions="1" time="0.003771">
          <failure type="PHPUnit\Framework\ExpectationFailedException">`ExamplePairingData` → `Sad Paths - Validation Errors` → rejects param missing value keyFailed asserting that 'params[0].value is required' [ASCII](length: 27) contains "missing required 'value' key" [ASCII](length: 28).
at tests/Unit/Discovery/ExamplePairingDataTest.php:139</failure>
        </testcase>
        <testcase name="`ExamplePairingData` → `Sad Paths - Validation Errors` → rejects invalid parameter name format with hyphens" file="tests/Unit/Discovery/ExamplePairingDataTest.php::`ExamplePairingData` → `Sad Paths - Validation Errors` → rejects invalid parameter name format with hyphens" class="Tests\Unit\Discovery\ExamplePairingDataTest" classname="Tests.Unit.Discovery.ExamplePairingDataTest" assertions="2" time="0.003642"/>
        <testcase name="`ExamplePairingData` → `Sad Paths - Validation Errors` → rejects invalid parameter name starting with uppercase" file="tests/Unit/Discovery/ExamplePairingDataTest.php::`ExamplePairingData` → `Sad Paths - Validation Errors` → rejects invalid parameter name starting with uppercase" class="Tests\Unit\Discovery\ExamplePairingDataTest" classname="Tests.Unit.Discovery.ExamplePairingDataTest" assertions="2" time="0.003852"/>
        <testcase name="`ExamplePairingData` → `Sad Paths - Validation Errors` → rejects invalid parameter name starting with number" file="tests/Unit/Discovery/ExamplePairingDataTest.php::`ExamplePairingData` → `Sad Paths - Validation Errors` → rejects invalid parameter name starting with number" class="Tests\Unit\Discovery\ExamplePairingDataTest" classname="Tests.Unit.Discovery.ExamplePairingDataTest" assertions="2" time="0.003665"/>
        <testcase name="`ExamplePairingData` → `Sad Paths - Validation Errors` → rejects non-array parameter" file="tests/Unit/Discovery/ExamplePairingDataTest.php::`ExamplePairingData` → `Sad Paths - Validation Errors` → rejects non-array parameter" class="Tests\Unit\Discovery\ExamplePairingDataTest" classname="Tests.Unit.Discovery.ExamplePairingDataTest" assertions="1" time="0.003840">
          <failure type="PHPUnit\Framework\ExpectationFailedException">`ExamplePairingData` → `Sad Paths - Validation Errors` → rejects non-array parameterFailed asserting that 'params[0] must be array, got string' [ASCII](length: 35) contains "must be an array" [ASCII](length: 16).
at tests/Unit/Discovery/ExamplePairingDataTest.php:179</failure>
        </testcase>
        <testcase name="`ExamplePairingData` → `Sad Paths - Validation Errors` → rejects param with non-string name" file="tests/Unit/Discovery/ExamplePairingDataTest.php::`ExamplePairingData` → `Sad Paths - Validation Errors` → rejects param with non-string name" class="Tests\Unit\Discovery\ExamplePairingDataTest" classname="Tests.Unit.Discovery.ExamplePairingDataTest" assertions="1" time="0.003847">
          <failure type="PHPUnit\Framework\ExpectationFailedException">`ExamplePairingData` → `Sad Paths - Validation Errors` → rejects param with non-string nameFailed asserting that 'params[0].name must be string, got integer' [ASCII](length: 42) contains "must be a string" [ASCII](length: 16).
at tests/Unit/Discovery/ExamplePairingDataTest.php:189</failure>
        </testcase>
        <testcase name="`ExamplePairingData` → `Sad Paths - Validation Errors` → rejects result missing name key" file="tests/Unit/Discovery/ExamplePairingDataTest.php::`ExamplePairingData` → `Sad Paths - Validation Errors` → rejects result missing name key" class="Tests\Unit\Discovery\ExamplePairingDataTest" classname="Tests.Unit.Discovery.ExamplePairingDataTest" assertions="1" time="0.004010">
          <failure type="PHPUnit\Framework\ExpectationFailedException">`ExamplePairingData` → `Sad Paths - Validation Errors` → rejects result missing name keyFailed asserting that 'result.name is required' [ASCII](length: 23) contains "missing required 'name' key" [ASCII](length: 27).
at tests/Unit/Discovery/ExamplePairingDataTest.php:198</failure>
        </testcase>
        <testcase name="`ExamplePairingData` → `Sad Paths - Validation Errors` → rejects result missing value key" file="tests/Unit/Discovery/ExamplePairingDataTest.php::`ExamplePairingData` → `Sad Paths - Validation Errors` → rejects result missing value key" class="Tests\Unit\Discovery\ExamplePairingDataTest" classname="Tests.Unit.Discovery.ExamplePairingDataTest" assertions="1" time="0.004056">
          <failure type="PHPUnit\Framework\ExpectationFailedException">`ExamplePairingData` → `Sad Paths - Validation Errors` → rejects result missing value keyFailed asserting that 'result.value is required' [ASCII](length: 24) contains "missing required 'value' key" [ASCII](length: 28).
at tests/Unit/Discovery/ExamplePairingDataTest.php:207</failure>
        </testcase>
        <testcase name="`ExamplePairingData` → `Sad Paths - Validation Errors` → rejects result with non-string name" file="tests/Unit/Discovery/ExamplePairingDataTest.php::`ExamplePairingData` → `Sad Paths - Validation Errors` → rejects result with non-string name" class="Tests\Unit\Discovery\ExamplePairingDataTest" classname="Tests.Unit.Discovery.ExamplePairingDataTest" assertions="1" time="0.003985">
          <failure type="PHPUnit\Framework\ExpectationFailedException">`ExamplePairingData` → `Sad Paths - Validation Errors` → rejects result with non-string nameFailed asserting that 'result.name must be string, got integer' [ASCII](length: 39) contains "must be a string" [ASCII](length: 16).
at tests/Unit/Discovery/ExamplePairingDataTest.php:216</failure>
        </testcase>
        <testcase name="`ExamplePairingData` → `Edge Cases` → accepts valid camelCase parameter names" file="tests/Unit/Discovery/ExamplePairingDataTest.php::`ExamplePairingData` → `Edge Cases` → accepts valid camelCase parameter names" class="Tests\Unit\Discovery\ExamplePairingDataTest" classname="Tests.Unit.Discovery.ExamplePairingDataTest" assertions="1" time="0.003867"/>
        <testcase name="`ExamplePairingData` → `Edge Cases` → accepts valid snake_case parameter names" file="tests/Unit/Discovery/ExamplePairingDataTest.php::`ExamplePairingData` → `Edge Cases` → accepts valid snake_case parameter names" class="Tests\Unit\Discovery\ExamplePairingDataTest" classname="Tests.Unit.Discovery.ExamplePairingDataTest" assertions="1" time="0.003655"/>
        <testcase name="`ExamplePairingData` → `Edge Cases` → handles params with null values" file="tests/Unit/Discovery/ExamplePairingDataTest.php::`ExamplePairingData` → `Edge Cases` → handles params with null values" class="Tests\Unit\Discovery\ExamplePairingDataTest" classname="Tests.Unit.Discovery.ExamplePairingDataTest" assertions="1" time="0.003675"/>
        <testcase name="`ExamplePairingData` → `Edge Cases` → handles params with complex nested values" file="tests/Unit/Discovery/ExamplePairingDataTest.php::`ExamplePairingData` → `Edge Cases` → handles params with complex nested values" class="Tests\Unit\Discovery\ExamplePairingDataTest" classname="Tests.Unit.Discovery.ExamplePairingDataTest" assertions="3" time="0.003718"/>
        <testcase name="`ExamplePairingData` → `Edge Cases` → handles result with null value" file="tests/Unit/Discovery/ExamplePairingDataTest.php::`ExamplePairingData` → `Edge Cases` → handles result with null value" class="Tests\Unit\Discovery\ExamplePairingDataTest" classname="Tests.Unit.Discovery.ExamplePairingDataTest" assertions="1" time="0.003699"/>
        <testcase name="`ExamplePairingData` → `Edge Cases` → handles params with boolean and numeric values" file="tests/Unit/Discovery/ExamplePairingDataTest.php::`ExamplePairingData` → `Edge Cases` → handles params with boolean and numeric values" class="Tests\Unit\Discovery\ExamplePairingDataTest" classname="Tests.Unit.Discovery.ExamplePairingDataTest" assertions="3" time="0.003981"/>
        <testcase name="`ExamplePairingData` → `Edge Cases` → notification-style pairing without result" file="tests/Unit/Discovery/ExamplePairingDataTest.php::`ExamplePairingData` → `Edge Cases` → notification-style pairing without result" class="Tests\Unit\Discovery\ExamplePairingDataTest" classname="Tests.Unit.Discovery.ExamplePairingDataTest" assertions="1" time="0.003758"/>
        <testcase name="`ExamplePairingData` → `Edge Cases` → handles complex result structures" file="tests/Unit/Discovery/ExamplePairingDataTest.php::`ExamplePairingData` → `Edge Cases` → handles complex result structures" class="Tests\Unit\Discovery\ExamplePairingDataTest" classname="Tests.Unit.Discovery.ExamplePairingDataTest" assertions="2" time="0.003778"/>
      </testsuite>
      <testsuite name="Tests\Unit\Discovery\FunctionDescriptorDataTest" file="tests/Unit/Discovery/FunctionDescriptorDataTest.php" tests="21" assertions="63" errors="1" failures="0" skipped="0" time="0.083970">
        <testcase name="`FunctionDescriptorData` → `Happy Paths` → creates instance with required fields only" file="tests/Unit/Discovery/FunctionDescriptorDataTest.php::`FunctionDescriptorData` → `Happy Paths` → creates instance with required fields only" class="Tests\Unit\Discovery\FunctionDescriptorDataTest" classname="Tests.Unit.Discovery.FunctionDescriptorDataTest" assertions="15" time="0.008367"/>
        <testcase name="`FunctionDescriptorData` → `Happy Paths` → creates instance with all fields populated" file="tests/Unit/Discovery/FunctionDescriptorDataTest.php::`FunctionDescriptorData` → `Happy Paths` → creates instance with all fields populated" class="Tests\Unit\Discovery\FunctionDescriptorDataTest" classname="Tests.Unit.Discovery.FunctionDescriptorDataTest" assertions="0" time="0.003974">
          <error type="Error">`FunctionDescriptorData` → `Happy Paths` → creates instance with all fields populatedError: Cannot modify readonly property Cline\Forrst\Discovery\TagData::$name
at src/Discovery/TagData.php:88
at tests/Unit/Discovery/FunctionDescriptorDataTest.php:69</error>
        </testcase>
        <testcase name="`FunctionDescriptorData` → `Happy Paths` → creates instance with multiple side effects" file="tests/Unit/Discovery/FunctionDescriptorDataTest.php::`FunctionDescriptorData` → `Happy Paths` → creates instance with multiple side effects" class="Tests\Unit\Discovery\FunctionDescriptorDataTest" classname="Tests.Unit.Discovery.FunctionDescriptorDataTest" assertions="2" time="0.003606"/>
        <testcase name="`FunctionDescriptorData` → `Happy Paths` → creates instance with empty side effects for read-only function" file="tests/Unit/Discovery/FunctionDescriptorDataTest.php::`FunctionDescriptorData` → `Happy Paths` → creates instance with empty side effects for read-only function" class="Tests\Unit\Discovery\FunctionDescriptorDataTest" classname="Tests.Unit.Discovery.FunctionDescriptorDataTest" assertions="2" time="0.003771"/>
        <testcase name="`FunctionDescriptorData` → `Happy Paths` → creates instance with discoverable false" file="tests/Unit/Discovery/FunctionDescriptorDataTest.php::`FunctionDescriptorData` → `Happy Paths` → creates instance with discoverable false" class="Tests\Unit\Discovery\FunctionDescriptorDataTest" classname="Tests.Unit.Discovery.FunctionDescriptorDataTest" assertions="1" time="0.003696"/>
        <testcase name="`FunctionDescriptorData` → `Happy Paths` → toArray outputs sideEffects in camelCase" file="tests/Unit/Discovery/FunctionDescriptorDataTest.php::`FunctionDescriptorData` → `Happy Paths` → toArray outputs sideEffects in camelCase" class="Tests\Unit\Discovery\FunctionDescriptorDataTest" classname="Tests.Unit.Discovery.FunctionDescriptorDataTest" assertions="3" time="0.003793"/>
        <testcase name="`FunctionDescriptorData` → `Happy Paths` → toArray outputs externalDocs in camelCase" file="tests/Unit/Discovery/FunctionDescriptorDataTest.php::`FunctionDescriptorData` → `Happy Paths` → toArray outputs externalDocs in camelCase" class="Tests\Unit\Discovery\FunctionDescriptorDataTest" classname="Tests.Unit.Discovery.FunctionDescriptorDataTest" assertions="4" time="0.003767"/>
        <testcase name="`FunctionDescriptorData` → `Happy Paths` → toArray includes all required fields" file="tests/Unit/Discovery/FunctionDescriptorDataTest.php::`FunctionDescriptorData` → `Happy Paths` → toArray includes all required fields" class="Tests\Unit\Discovery\FunctionDescriptorDataTest" classname="Tests.Unit.Discovery.FunctionDescriptorDataTest" assertions="6" time="0.003580"/>
        <testcase name="`FunctionDescriptorData` → `Happy Paths` → toArray handles null optional fields" file="tests/Unit/Discovery/FunctionDescriptorDataTest.php::`FunctionDescriptorData` → `Happy Paths` → toArray handles null optional fields" class="Tests\Unit\Discovery\FunctionDescriptorDataTest" classname="Tests.Unit.Discovery.FunctionDescriptorDataTest" assertions="5" time="0.003692"/>
        <testcase name="`FunctionDescriptorData` → `Happy Paths` → toArray includes discoverable with default" file="tests/Unit/Discovery/FunctionDescriptorDataTest.php::`FunctionDescriptorData` → `Happy Paths` → toArray includes discoverable with default" class="Tests\Unit\Discovery\FunctionDescriptorDataTest" classname="Tests.Unit.Discovery.FunctionDescriptorDataTest" assertions="2" time="0.003612"/>
        <testcase name="`FunctionDescriptorData` → `Edge Cases` → handles empty arguments array" file="tests/Unit/Discovery/FunctionDescriptorDataTest.php::`FunctionDescriptorData` → `Edge Cases` → handles empty arguments array" class="Tests\Unit\Discovery\FunctionDescriptorDataTest" classname="Tests.Unit.Discovery.FunctionDescriptorDataTest" assertions="2" time="0.003588"/>
        <testcase name="`FunctionDescriptorData` → `Edge Cases` → handles multiple arguments" file="tests/Unit/Discovery/FunctionDescriptorDataTest.php::`FunctionDescriptorData` → `Edge Cases` → handles multiple arguments" class="Tests\Unit\Discovery\FunctionDescriptorDataTest" classname="Tests.Unit.Discovery.FunctionDescriptorDataTest" assertions="4" time="0.003935"/>
        <testcase name="`FunctionDescriptorData` → `Edge Cases` → handles tags as array of arrays" file="tests/Unit/Discovery/FunctionDescriptorDataTest.php::`FunctionDescriptorData` → `Edge Cases` → handles tags as array of arrays" class="Tests\Unit\Discovery\FunctionDescriptorDataTest" classname="Tests.Unit.Discovery.FunctionDescriptorDataTest" assertions="3" time="0.003846"/>
        <testcase name="`FunctionDescriptorData` → `Edge Cases` → handles errors as array of arrays" file="tests/Unit/Discovery/FunctionDescriptorDataTest.php::`FunctionDescriptorData` → `Edge Cases` → handles errors as array of arrays" class="Tests\Unit\Discovery\FunctionDescriptorDataTest" classname="Tests.Unit.Discovery.FunctionDescriptorDataTest" assertions="3" time="0.003937"/>
        <testcase name="`FunctionDescriptorData` → `Edge Cases` → handles null side effects" file="tests/Unit/Discovery/FunctionDescriptorDataTest.php::`FunctionDescriptorData` → `Edge Cases` → handles null side effects" class="Tests\Unit\Discovery\FunctionDescriptorDataTest" classname="Tests.Unit.Discovery.FunctionDescriptorDataTest" assertions="1" time="0.003744"/>
        <testcase name="`FunctionDescriptorData` → `Edge Cases` → handles function name with dots" file="tests/Unit/Discovery/FunctionDescriptorDataTest.php::`FunctionDescriptorData` → `Edge Cases` → handles function name with dots" class="Tests\Unit\Discovery\FunctionDescriptorDataTest" classname="Tests.Unit.Discovery.FunctionDescriptorDataTest" assertions="1" time="0.003711"/>
        <testcase name="`FunctionDescriptorData` → `Edge Cases` → handles version as string with multiple digits" file="tests/Unit/Discovery/FunctionDescriptorDataTest.php::`FunctionDescriptorData` → `Edge Cases` → handles version as string with multiple digits" class="Tests\Unit\Discovery\FunctionDescriptorDataTest" classname="Tests.Unit.Discovery.FunctionDescriptorDataTest" assertions="1" time="0.003794"/>
        <testcase name="`FunctionDescriptorData` → `Edge Cases` → toArray with nested Data objects converts correctly" file="tests/Unit/Discovery/FunctionDescriptorDataTest.php::`FunctionDescriptorData` → `Edge Cases` → toArray with nested Data objects converts correctly" class="Tests\Unit\Discovery\FunctionDescriptorDataTest" classname="Tests.Unit.Discovery.FunctionDescriptorDataTest" assertions="5" time="0.003764"/>
        <testcase name="`FunctionDescriptorData` → `Sad Paths` → validates required name field exists" file="tests/Unit/Discovery/FunctionDescriptorDataTest.php::`FunctionDescriptorData` → `Sad Paths` → validates required name field exists" class="Tests\Unit\Discovery\FunctionDescriptorDataTest" classname="Tests.Unit.Discovery.FunctionDescriptorDataTest" assertions="1" time="0.004054"/>
        <testcase name="`FunctionDescriptorData` → `Sad Paths` → validates required version field exists" file="tests/Unit/Discovery/FunctionDescriptorDataTest.php::`FunctionDescriptorData` → `Sad Paths` → validates required version field exists" class="Tests\Unit\Discovery\FunctionDescriptorDataTest" classname="Tests.Unit.Discovery.FunctionDescriptorDataTest" assertions="1" time="0.004043"/>
        <testcase name="`FunctionDescriptorData` → `Sad Paths` → validates required arguments field exists" file="tests/Unit/Discovery/FunctionDescriptorDataTest.php::`FunctionDescriptorData` → `Sad Paths` → validates required arguments field exists" class="Tests\Unit\Discovery\FunctionDescriptorDataTest" classname="Tests.Unit.Discovery.FunctionDescriptorDataTest" assertions="1" time="0.003698"/>
      </testsuite>
      <testsuite name="Tests\Unit\Discovery\FunctionDescriptorTest" file="tests/Unit/Discovery/FunctionDescriptorTest.php" tests="38" assertions="63" errors="6" failures="1" skipped="0" time="0.162778">
        <testcase name="`FunctionDescriptor` → `Happy Paths` → creates instance with make()" file="tests/Unit/Discovery/FunctionDescriptorTest.php::`FunctionDescriptor` → `Happy Paths` → creates instance with make()" class="Tests\Unit\Discovery\FunctionDescriptorTest" classname="Tests.Unit.Discovery.FunctionDescriptorTest" assertions="1" time="0.007010"/>
        <testcase name="`FunctionDescriptor` → `Happy Paths` → sets name with string" file="tests/Unit/Discovery/FunctionDescriptorTest.php::`FunctionDescriptor` → `Happy Paths` → sets name with string" class="Tests\Unit\Discovery\FunctionDescriptorTest" classname="Tests.Unit.Discovery.FunctionDescriptorTest" assertions="1" time="0.003932"/>
        <testcase name="`FunctionDescriptor` → `Happy Paths` → sets urn with BackedEnum" file="tests/Unit/Discovery/FunctionDescriptorTest.php::`FunctionDescriptor` → `Happy Paths` → sets urn with BackedEnum" class="Tests\Unit\Discovery\FunctionDescriptorTest" classname="Tests.Unit.Discovery.FunctionDescriptorTest" assertions="1" time="0.003681"/>
        <testcase name="`FunctionDescriptor` → `Happy Paths` → sets version" file="tests/Unit/Discovery/FunctionDescriptorTest.php::`FunctionDescriptor` → `Happy Paths` → sets version" class="Tests\Unit\Discovery\FunctionDescriptorTest" classname="Tests.Unit.Discovery.FunctionDescriptorTest" assertions="1" time="0.003771"/>
        <testcase name="`FunctionDescriptor` → `Happy Paths` → defaults version to 1.0.0" file="tests/Unit/Discovery/FunctionDescriptorTest.php::`FunctionDescriptor` → `Happy Paths` → defaults version to 1.0.0" class="Tests\Unit\Discovery\FunctionDescriptorTest" classname="Tests.Unit.Discovery.FunctionDescriptorTest" assertions="1" time="0.003736"/>
        <testcase name="`FunctionDescriptor` → `Happy Paths` → sets summary" file="tests/Unit/Discovery/FunctionDescriptorTest.php::`FunctionDescriptor` → `Happy Paths` → sets summary" class="Tests\Unit\Discovery\FunctionDescriptorTest" classname="Tests.Unit.Discovery.FunctionDescriptorTest" assertions="1" time="0.003757"/>
        <testcase name="`FunctionDescriptor` → `Happy Paths` → sets description" file="tests/Unit/Discovery/FunctionDescriptorTest.php::`FunctionDescriptor` → `Happy Paths` → sets description" class="Tests\Unit\Discovery\FunctionDescriptorTest" classname="Tests.Unit.Discovery.FunctionDescriptorTest" assertions="1" time="0.003642"/>
        <testcase name="`FunctionDescriptor` → `Happy Paths` → defaults to discoverable" file="tests/Unit/Discovery/FunctionDescriptorTest.php::`FunctionDescriptor` → `Happy Paths` → defaults to discoverable" class="Tests\Unit\Discovery\FunctionDescriptorTest" classname="Tests.Unit.Discovery.FunctionDescriptorTest" assertions="1" time="0.003499"/>
        <testcase name="`FunctionDescriptor` → `Happy Paths` → sets hidden" file="tests/Unit/Discovery/FunctionDescriptorTest.php::`FunctionDescriptor` → `Happy Paths` → sets hidden" class="Tests\Unit\Discovery\FunctionDescriptorTest" classname="Tests.Unit.Discovery.FunctionDescriptorTest" assertions="1" time="0.003530"/>
        <testcase name="`FunctionDescriptor` → `Happy Paths` → adds argument with fluent API" file="tests/Unit/Discovery/FunctionDescriptorTest.php::`FunctionDescriptor` → `Happy Paths` → adds argument with fluent API" class="Tests\Unit\Discovery\FunctionDescriptorTest" classname="Tests.Unit.Discovery.FunctionDescriptorTest" assertions="4" time="0.003580"/>
        <testcase name="`FunctionDescriptor` → `Happy Paths` → adds multiple arguments" file="tests/Unit/Discovery/FunctionDescriptorTest.php::`FunctionDescriptor` → `Happy Paths` → adds multiple arguments" class="Tests\Unit\Discovery\FunctionDescriptorTest" classname="Tests.Unit.Discovery.FunctionDescriptorTest" assertions="1" time="0.004324"/>
        <testcase name="`FunctionDescriptor` → `Happy Paths` → adds pre-built ArgumentData" file="tests/Unit/Discovery/FunctionDescriptorTest.php::`FunctionDescriptor` → `Happy Paths` → adds pre-built ArgumentData" class="Tests\Unit\Discovery\FunctionDescriptorTest" classname="Tests.Unit.Discovery.FunctionDescriptorTest" assertions="2" time="0.004065"/>
        <testcase name="`FunctionDescriptor` → `Happy Paths` → sets result with schema" file="tests/Unit/Discovery/FunctionDescriptorTest.php::`FunctionDescriptor` → `Happy Paths` → sets result with schema" class="Tests\Unit\Discovery\FunctionDescriptorTest" classname="Tests.Unit.Discovery.FunctionDescriptorTest" assertions="2" time="0.003893"/>
        <testcase name="`FunctionDescriptor` → `Happy Paths` → sets result with resource" file="tests/Unit/Discovery/FunctionDescriptorTest.php::`FunctionDescriptor` → `Happy Paths` → sets result with resource" class="Tests\Unit\Discovery\FunctionDescriptorTest" classname="Tests.Unit.Discovery.FunctionDescriptorTest" assertions="2" time="0.003969"/>
        <testcase name="`FunctionDescriptor` → `Happy Paths` → adds error with string code" file="tests/Unit/Discovery/FunctionDescriptorTest.php::`FunctionDescriptor` → `Happy Paths` → adds error with string code" class="Tests\Unit\Discovery\FunctionDescriptorTest" classname="Tests.Unit.Discovery.FunctionDescriptorTest" assertions="3" time="0.003727"/>
        <testcase name="`FunctionDescriptor` → `Happy Paths` → adds error with BackedEnum code" file="tests/Unit/Discovery/FunctionDescriptorTest.php::`FunctionDescriptor` → `Happy Paths` → adds error with BackedEnum code" class="Tests\Unit\Discovery\FunctionDescriptorTest" classname="Tests.Unit.Discovery.FunctionDescriptorTest" assertions="1" time="0.003943"/>
        <testcase name="`FunctionDescriptor` → `Happy Paths` → adds error with ErrorCode enum" file="tests/Unit/Discovery/FunctionDescriptorTest.php::`FunctionDescriptor` → `Happy Paths` → adds error with ErrorCode enum" class="Tests\Unit\Discovery\FunctionDescriptorTest" classname="Tests.Unit.Discovery.FunctionDescriptorTest" assertions="1" time="0.003700"/>
        <testcase name="`FunctionDescriptor` → `Happy Paths` → adds tag with string" file="tests/Unit/Discovery/FunctionDescriptorTest.php::`FunctionDescriptor` → `Happy Paths` → adds tag with string" class="Tests\Unit\Discovery\FunctionDescriptorTest" classname="Tests.Unit.Discovery.FunctionDescriptorTest" assertions="0" time="0.003999">
          <error type="Error">`FunctionDescriptor` → `Happy Paths` → adds tag with stringError: Cannot modify readonly property Cline\Forrst\Discovery\TagData::$name
at src/Discovery/TagData.php:88
at src/Discovery/FunctionDescriptor.php:334
at tests/Unit/Discovery/FunctionDescriptorTest.php:258</error>
        </testcase>
        <testcase name="`FunctionDescriptor` → `Happy Paths` → adds tag with BackedEnum" file="tests/Unit/Discovery/FunctionDescriptorTest.php::`FunctionDescriptor` → `Happy Paths` → adds tag with BackedEnum" class="Tests\Unit\Discovery\FunctionDescriptorTest" classname="Tests.Unit.Discovery.FunctionDescriptorTest" assertions="0" time="0.004264">
          <error type="Error">`FunctionDescriptor` → `Happy Paths` → adds tag with BackedEnumError: Cannot modify readonly property Cline\Forrst\Discovery\TagData::$name
at src/Discovery/TagData.php:88
at src/Discovery/FunctionDescriptor.php:334
at tests/Unit/Discovery/FunctionDescriptorTest.php:272</error>
        </testcase>
        <testcase name="`FunctionDescriptor` → `Happy Paths` → sets query capabilities" file="tests/Unit/Discovery/FunctionDescriptorTest.php::`FunctionDescriptor` → `Happy Paths` → sets query capabilities" class="Tests\Unit\Discovery\FunctionDescriptorTest" classname="Tests.Unit.Discovery.FunctionDescriptorTest" assertions="1" time="0.003854"/>
        <testcase name="`FunctionDescriptor` → `Happy Paths` → sets deprecated" file="tests/Unit/Discovery/FunctionDescriptorTest.php::`FunctionDescriptor` → `Happy Paths` → sets deprecated" class="Tests\Unit\Discovery\FunctionDescriptorTest" classname="Tests.Unit.Discovery.FunctionDescriptorTest" assertions="3" time="0.004083">
          <failure type="PHPUnit\Framework\ExpectationFailedException">`FunctionDescriptor` → `Happy Paths` → sets deprecatedFailed asserting that DateTimeImmutable Object #143329 (
    'date' =&gt; '2025-12-31 00:00:00.000000',
    'timezone_type' =&gt; 3,
    'timezone' =&gt; 'UTC',
) is identical to '2025-12-31'.
at tests/Unit/Discovery/FunctionDescriptorTest.php:304</failure>
        </testcase>
        <testcase name="`FunctionDescriptor` → `Happy Paths` → sets side effects" file="tests/Unit/Discovery/FunctionDescriptorTest.php::`FunctionDescriptor` → `Happy Paths` → sets side effects" class="Tests\Unit\Discovery\FunctionDescriptorTest" classname="Tests.Unit.Discovery.FunctionDescriptorTest" assertions="1" time="0.003717"/>
        <testcase name="`FunctionDescriptor` → `Happy Paths` → adds example" file="tests/Unit/Discovery/FunctionDescriptorTest.php::`FunctionDescriptor` → `Happy Paths` → adds example" class="Tests\Unit\Discovery\FunctionDescriptorTest" classname="Tests.Unit.Discovery.FunctionDescriptorTest" assertions="2" time="0.004118"/>
        <testcase name="`FunctionDescriptor` → `Happy Paths` → adds link" file="tests/Unit/Discovery/FunctionDescriptorTest.php::`FunctionDescriptor` → `Happy Paths` → adds link" class="Tests\Unit\Discovery\FunctionDescriptorTest" classname="Tests.Unit.Discovery.FunctionDescriptorTest" assertions="0" time="0.004546">
          <error type="ErrorException">`FunctionDescriptor` → `Happy Paths` → adds linkErrorException: Warning: Function name 'urn:app:forrst:fn:users:get' should use dot notation (e.g., 'users.get', 'orders.create')
at vendor/laravel/framework/src/Illuminate/Foundation/Bootstrap/HandleExceptions.php:258
at src/Discovery/LinkData.php:90
at vendor/spatie/laravel-data/src/Resolvers/DataFromArrayResolver.php:97
at vendor/spatie/laravel-data/src/Resolvers/DataFromArrayResolver.php:33
at vendor/spatie/laravel-data/src/Resolvers/DataFromSomethingResolver.php:73
at vendor/spatie/laravel-data/src/Support/Creation/CreationContextFactory.php:207
at vendor/spatie/laravel-data/src/Concerns/BaseData.php:46
at tests/Unit/Discovery/FunctionDescriptorTest.php:339</error>
        </testcase>
        <testcase name="`FunctionDescriptor` → `Happy Paths` → sets external docs" file="tests/Unit/Discovery/FunctionDescriptorTest.php::`FunctionDescriptor` → `Happy Paths` → sets external docs" class="Tests\Unit\Discovery\FunctionDescriptorTest" classname="Tests.Unit.Discovery.FunctionDescriptorTest" assertions="3" time="0.004377"/>
        <testcase name="`FunctionDescriptor` → `Happy Paths` → adds simulation" file="tests/Unit/Discovery/FunctionDescriptorTest.php::`FunctionDescriptor` → `Happy Paths` → adds simulation" class="Tests\Unit\Discovery\FunctionDescriptorTest" classname="Tests.Unit.Discovery.FunctionDescriptorTest" assertions="1" time="0.003983"/>
        <testcase name="`FunctionDescriptor` → `Happy Paths` → sets extensions" file="tests/Unit/Discovery/FunctionDescriptorTest.php::`FunctionDescriptor` → `Happy Paths` → sets extensions" class="Tests\Unit\Discovery\FunctionDescriptorTest" classname="Tests.Unit.Discovery.FunctionDescriptorTest" assertions="1" time="0.004084"/>
        <testcase name="`FunctionDescriptor` → `Happy Paths` → chains all methods fluently" file="tests/Unit/Discovery/FunctionDescriptorTest.php::`FunctionDescriptor` → `Happy Paths` → chains all methods fluently" class="Tests\Unit\Discovery\FunctionDescriptorTest" classname="Tests.Unit.Discovery.FunctionDescriptorTest" assertions="0" time="0.004246">
          <error type="Error">`FunctionDescriptor` → `Happy Paths` → chains all methods fluentlyError: Cannot modify readonly property Cline\Forrst\Discovery\TagData::$name
at src/Discovery/TagData.php:88
at src/Discovery/FunctionDescriptor.php:334
at tests/Unit/Discovery/FunctionDescriptorTest.php:417</error>
        </testcase>
        <testcase name="`FunctionDescriptor` → `Edge Cases` → handles empty arguments" file="tests/Unit/Discovery/FunctionDescriptorTest.php::`FunctionDescriptor` → `Edge Cases` → handles empty arguments" class="Tests\Unit\Discovery\FunctionDescriptorTest" classname="Tests.Unit.Discovery.FunctionDescriptorTest" assertions="1" time="0.004060"/>
        <testcase name="`FunctionDescriptor` → `Edge Cases` → handles empty errors" file="tests/Unit/Discovery/FunctionDescriptorTest.php::`FunctionDescriptor` → `Edge Cases` → handles empty errors" class="Tests\Unit\Discovery\FunctionDescriptorTest" classname="Tests.Unit.Discovery.FunctionDescriptorTest" assertions="1" time="0.003926"/>
        <testcase name="`FunctionDescriptor` → `Edge Cases` → handles null optional fields" file="tests/Unit/Discovery/FunctionDescriptorTest.php::`FunctionDescriptor` → `Edge Cases` → handles null optional fields" class="Tests\Unit\Discovery\FunctionDescriptorTest" classname="Tests.Unit.Discovery.FunctionDescriptorTest" assertions="11" time="0.003854"/>
        <testcase name="`FunctionDescriptor` → `Edge Cases` → argument with all parameters" file="tests/Unit/Discovery/FunctionDescriptorTest.php::`FunctionDescriptor` → `Edge Cases` → argument with all parameters" class="Tests\Unit\Discovery\FunctionDescriptorTest" classname="Tests.Unit.Discovery.FunctionDescriptorTest" assertions="5" time="0.003939"/>
        <testcase name="`FunctionDescriptor` → `Edge Cases` → result with description" file="tests/Unit/Discovery/FunctionDescriptorTest.php::`FunctionDescriptor` → `Edge Cases` → result with description" class="Tests\Unit\Discovery\FunctionDescriptorTest" classname="Tests.Unit.Discovery.FunctionDescriptorTest" assertions="2" time="0.004109"/>
        <testcase name="`FunctionDescriptor` → `Edge Cases` → error with all parameters" file="tests/Unit/Discovery/FunctionDescriptorTest.php::`FunctionDescriptor` → `Edge Cases` → error with all parameters" class="Tests\Unit\Discovery\FunctionDescriptorTest" classname="Tests.Unit.Discovery.FunctionDescriptorTest" assertions="4" time="0.004339"/>
        <testcase name="`FunctionDescriptor` → `Edge Cases` → multiple tags accumulate" file="tests/Unit/Discovery/FunctionDescriptorTest.php::`FunctionDescriptor` → `Edge Cases` → multiple tags accumulate" class="Tests\Unit\Discovery\FunctionDescriptorTest" classname="Tests.Unit.Discovery.FunctionDescriptorTest" assertions="0" time="0.004282">
          <error type="Error">`FunctionDescriptor` → `Edge Cases` → multiple tags accumulateError: Cannot modify readonly property Cline\Forrst\Discovery\TagData::$name
at src/Discovery/TagData.php:88
at src/Discovery/FunctionDescriptor.php:334
at tests/Unit/Discovery/FunctionDescriptorTest.php:543</error>
        </testcase>
        <testcase name="`FunctionDescriptor` → `Edge Cases` → multiple examples accumulate" file="tests/Unit/Discovery/FunctionDescriptorTest.php::`FunctionDescriptor` → `Edge Cases` → multiple examples accumulate" class="Tests\Unit\Discovery\FunctionDescriptorTest" classname="Tests.Unit.Discovery.FunctionDescriptorTest" assertions="1" time="0.004034"/>
        <testcase name="`FunctionDescriptor` → `Edge Cases` → multiple links accumulate" file="tests/Unit/Discovery/FunctionDescriptorTest.php::`FunctionDescriptor` → `Edge Cases` → multiple links accumulate" class="Tests\Unit\Discovery\FunctionDescriptorTest" classname="Tests.Unit.Discovery.FunctionDescriptorTest" assertions="1" time="0.003905"/>
        <testcase name="`FunctionDescriptor` → `Edge Cases` → multiple simulations accumulate" file="tests/Unit/Discovery/FunctionDescriptorTest.php::`FunctionDescriptor` → `Edge Cases` → multiple simulations accumulate" class="Tests\Unit\Discovery\FunctionDescriptorTest" classname="Tests.Unit.Discovery.FunctionDescriptorTest" assertions="0" time="0.013303">
          <error type="Cline\Forrst\Exceptions\MissingRequiredFieldException">`FunctionDescriptor` → `Edge Cases` → multiple simulations accumulateCline\Forrst\Exceptions\MissingRequiredFieldException: message is required
at src/Exceptions/MissingRequiredFieldException.php:22
at src/Discovery/SimulationScenarioData.php:177
at src/Discovery/SimulationScenarioData.php:99
at tests/Unit/Discovery/FunctionDescriptorTest.php:586</error>
        </testcase>
      </testsuite>
      <testsuite name="Tests\Unit\Discovery\FunctionExtensionsDataTest" file="tests/Unit/Discovery/FunctionExtensionsDataTest.php" tests="11" assertions="18" errors="2" failures="0" skipped="0" time="0.049409">
        <testcase name="`FunctionExtensionsData` → `Happy Paths` → creates instance with supported extensions (allowlist)" file="tests/Unit/Discovery/FunctionExtensionsDataTest.php::`FunctionExtensionsData` → `Happy Paths` → creates instance with supported extensions (allowlist)" class="Tests\Unit\Discovery\FunctionExtensionsDataTest" classname="Tests.Unit.Discovery.FunctionExtensionsDataTest" assertions="2" time="0.010179"/>
        <testcase name="`FunctionExtensionsData` → `Happy Paths` → creates instance with excluded extensions (blocklist)" file="tests/Unit/Discovery/FunctionExtensionsDataTest.php::`FunctionExtensionsData` → `Happy Paths` → creates instance with excluded extensions (blocklist)" class="Tests\Unit\Discovery\FunctionExtensionsDataTest" classname="Tests.Unit.Discovery.FunctionExtensionsDataTest" assertions="2" time="0.003862"/>
        <testcase name="`FunctionExtensionsData` → `Happy Paths` → creates empty instance for default behavior" file="tests/Unit/Discovery/FunctionExtensionsDataTest.php::`FunctionExtensionsData` → `Happy Paths` → creates empty instance for default behavior" class="Tests\Unit\Discovery\FunctionExtensionsDataTest" classname="Tests.Unit.Discovery.FunctionExtensionsDataTest" assertions="2" time="0.003599"/>
        <testcase name="`FunctionExtensionsData` → `Happy Paths` → toArray includes supported extensions" file="tests/Unit/Discovery/FunctionExtensionsDataTest.php::`FunctionExtensionsData` → `Happy Paths` → toArray includes supported extensions" class="Tests\Unit\Discovery\FunctionExtensionsDataTest" classname="Tests.Unit.Discovery.FunctionExtensionsDataTest" assertions="2" time="0.003734"/>
        <testcase name="`FunctionExtensionsData` → `Happy Paths` → toArray includes excluded extensions" file="tests/Unit/Discovery/FunctionExtensionsDataTest.php::`FunctionExtensionsData` → `Happy Paths` → toArray includes excluded extensions" class="Tests\Unit\Discovery\FunctionExtensionsDataTest" classname="Tests.Unit.Discovery.FunctionExtensionsDataTest" assertions="2" time="0.003679"/>
        <testcase name="`FunctionExtensionsData` → `Happy Paths` → creates from array with supported" file="tests/Unit/Discovery/FunctionExtensionsDataTest.php::`FunctionExtensionsData` → `Happy Paths` → creates from array with supported" class="Tests\Unit\Discovery\FunctionExtensionsDataTest" classname="Tests.Unit.Discovery.FunctionExtensionsDataTest" assertions="2" time="0.003704"/>
        <testcase name="`FunctionExtensionsData` → `Happy Paths` → creates from array with excluded" file="tests/Unit/Discovery/FunctionExtensionsDataTest.php::`FunctionExtensionsData` → `Happy Paths` → creates from array with excluded" class="Tests\Unit\Discovery\FunctionExtensionsDataTest" classname="Tests.Unit.Discovery.FunctionExtensionsDataTest" assertions="2" time="0.003764"/>
        <testcase name="`FunctionExtensionsData` → `Edge Cases` → handles empty supported array" file="tests/Unit/Discovery/FunctionExtensionsDataTest.php::`FunctionExtensionsData` → `Edge Cases` → handles empty supported array" class="Tests\Unit\Discovery\FunctionExtensionsDataTest" classname="Tests.Unit.Discovery.FunctionExtensionsDataTest" assertions="0" time="0.004210">
          <error type="Cline\Forrst\Exceptions\EmptyFieldException">`FunctionExtensionsData` → `Edge Cases` → handles empty supported arrayCline\Forrst\Exceptions\EmptyFieldException: supported cannot be empty
at src/Exceptions/EmptyFieldException.php:22
at src/Discovery/FunctionExtensionsData.php:129
at src/Discovery/FunctionExtensionsData.php:66
at tests/Unit/Discovery/FunctionExtensionsDataTest.php:99</error>
        </testcase>
        <testcase name="`FunctionExtensionsData` → `Edge Cases` → handles empty excluded array" file="tests/Unit/Discovery/FunctionExtensionsDataTest.php::`FunctionExtensionsData` → `Edge Cases` → handles empty excluded array" class="Tests\Unit\Discovery\FunctionExtensionsDataTest" classname="Tests.Unit.Discovery.FunctionExtensionsDataTest" assertions="0" time="0.003793">
          <error type="Cline\Forrst\Exceptions\EmptyFieldException">`FunctionExtensionsData` → `Edge Cases` → handles empty excluded arrayCline\Forrst\Exceptions\EmptyFieldException: excluded cannot be empty
at src/Exceptions/EmptyFieldException.php:22
at src/Discovery/FunctionExtensionsData.php:133
at src/Discovery/FunctionExtensionsData.php:66
at tests/Unit/Discovery/FunctionExtensionsDataTest.php:110</error>
        </testcase>
        <testcase name="`FunctionExtensionsData` → `Edge Cases` → handles multiple supported extensions" file="tests/Unit/Discovery/FunctionExtensionsDataTest.php::`FunctionExtensionsData` → `Edge Cases` → handles multiple supported extensions" class="Tests\Unit\Discovery\FunctionExtensionsDataTest" classname="Tests.Unit.Discovery.FunctionExtensionsDataTest" assertions="2" time="0.004307"/>
        <testcase name="`FunctionExtensionsData` → `Edge Cases` → handles multiple excluded extensions" file="tests/Unit/Discovery/FunctionExtensionsDataTest.php::`FunctionExtensionsData` → `Edge Cases` → handles multiple excluded extensions" class="Tests\Unit\Discovery\FunctionExtensionsDataTest" classname="Tests.Unit.Discovery.FunctionExtensionsDataTest" assertions="2" time="0.004579"/>
      </testsuite>
      <testsuite name="Tests\Unit\Discovery\LinkDataTest" file="tests/Unit/Discovery/LinkDataTest.php" tests="11" assertions="29" errors="3" failures="0" skipped="0" time="0.044879">
        <testcase name="`LinkData` → `Happy Paths` → creates instance with required fields only" file="tests/Unit/Discovery/LinkDataTest.php::`LinkData` → `Happy Paths` → creates instance with required fields only" class="Tests\Unit\Discovery\LinkDataTest" classname="Tests.Unit.Discovery.LinkDataTest" assertions="6" time="0.006112"/>
        <testcase name="`LinkData` → `Happy Paths` → creates instance with all fields populated" file="tests/Unit/Discovery/LinkDataTest.php::`LinkData` → `Happy Paths` → creates instance with all fields populated" class="Tests\Unit\Discovery\LinkDataTest" classname="Tests.Unit.Discovery.LinkDataTest" assertions="6" time="0.004058"/>
        <testcase name="`LinkData` → `Happy Paths` → creates instance with function reference" file="tests/Unit/Discovery/LinkDataTest.php::`LinkData` → `Happy Paths` → creates instance with function reference" class="Tests\Unit\Discovery\LinkDataTest" classname="Tests.Unit.Discovery.LinkDataTest" assertions="0" time="0.004526">
          <error type="ErrorException">`LinkData` → `Happy Paths` → creates instance with function referenceErrorException: Warning: Function name 'order_items.list' should use dot notation (e.g., 'users.get', 'orders.create')
at vendor/laravel/framework/src/Illuminate/Foundation/Bootstrap/HandleExceptions.php:258
at src/Discovery/LinkData.php:90
at tests/Unit/Discovery/LinkDataTest.php:55</error>
        </testcase>
        <testcase name="`LinkData` → `Happy Paths` → creates instance with runtime expression params" file="tests/Unit/Discovery/LinkDataTest.php::`LinkData` → `Happy Paths` → creates instance with runtime expression params" class="Tests\Unit\Discovery\LinkDataTest" classname="Tests.Unit.Discovery.LinkDataTest" assertions="2" time="0.003851"/>
        <testcase name="`LinkData` → `Happy Paths` → toArray includes all required fields" file="tests/Unit/Discovery/LinkDataTest.php::`LinkData` → `Happy Paths` → toArray includes all required fields" class="Tests\Unit\Discovery\LinkDataTest" classname="Tests.Unit.Discovery.LinkDataTest" assertions="2" time="0.003951"/>
        <testcase name="`LinkData` → `Happy Paths` → toArray includes nested server object" file="tests/Unit/Discovery/LinkDataTest.php::`LinkData` → `Happy Paths` → toArray includes nested server object" class="Tests\Unit\Discovery\LinkDataTest" classname="Tests.Unit.Discovery.LinkDataTest" assertions="3" time="0.003673"/>
        <testcase name="`LinkData` → `Edge Cases` → handles informational link without function" file="tests/Unit/Discovery/LinkDataTest.php::`LinkData` → `Edge Cases` → handles informational link without function" class="Tests\Unit\Discovery\LinkDataTest" classname="Tests.Unit.Discovery.LinkDataTest" assertions="3" time="0.003573"/>
        <testcase name="`LinkData` → `Edge Cases` → handles empty params array" file="tests/Unit/Discovery/LinkDataTest.php::`LinkData` → `Edge Cases` → handles empty params array" class="Tests\Unit\Discovery\LinkDataTest" classname="Tests.Unit.Discovery.LinkDataTest" assertions="2" time="0.003670"/>
        <testcase name="`LinkData` → `Edge Cases` → handles params with complex runtime expressions" file="tests/Unit/Discovery/LinkDataTest.php::`LinkData` → `Edge Cases` → handles params with complex runtime expressions" class="Tests\Unit\Discovery\LinkDataTest" classname="Tests.Unit.Discovery.LinkDataTest" assertions="0" time="0.003982">
          <error type="ErrorException">`LinkData` → `Edge Cases` → handles params with complex runtime expressionsErrorException: Warning: Parameter 'id' uses runtime expression but may have invalid syntax: '$result.data.items[0].id'
at vendor/laravel/framework/src/Illuminate/Foundation/Bootstrap/HandleExceptions.php:258
at src/Discovery/LinkData.php:114
at src/Discovery/LinkData.php:82
at tests/Unit/Discovery/LinkDataTest.php:148</error>
        </testcase>
        <testcase name="`LinkData` → `Edge Cases` → handles params with static and dynamic values mixed" file="tests/Unit/Discovery/LinkDataTest.php::`LinkData` → `Edge Cases` → handles params with static and dynamic values mixed" class="Tests\Unit\Discovery\LinkDataTest" classname="Tests.Unit.Discovery.LinkDataTest" assertions="5" time="0.003696"/>
        <testcase name="`LinkData` → `Edge Cases` → handles server with full configuration" file="tests/Unit/Discovery/LinkDataTest.php::`LinkData` → `Edge Cases` → handles server with full configuration" class="Tests\Unit\Discovery\LinkDataTest" classname="Tests.Unit.Discovery.LinkDataTest" assertions="0" time="0.003787">
          <error type="Cline\Forrst\Exceptions\InvalidFieldTypeException">`LinkData` → `Edge Cases` → handles server with full configurationCline\Forrst\Exceptions\InvalidFieldTypeException: variables.version must be ServerVariableData, got array
at src/Exceptions/InvalidFieldTypeException.php:23
at src/Discovery/DiscoveryServerData.php:175
at src/Discovery/DiscoveryServerData.php:83
at tests/Unit/Discovery/LinkDataTest.php:188</error>
        </testcase>
      </testsuite>
      <testsuite name="Tests\Unit\Discovery\ResultDescriptorDataTest" file="tests/Unit/Discovery/ResultDescriptorDataTest.php" tests="26" assertions="36" errors="11" failures="0" skipped="0" time="0.100276">
        <testcase name="`ResultDescriptorData` → `Happy Paths` → creates instance with resource field only" file="tests/Unit/Discovery/ResultDescriptorDataTest.php::`ResultDescriptorData` → `Happy Paths` → creates instance with resource field only" class="Tests\Unit\Discovery\ResultDescriptorDataTest" classname="Tests.Unit.Discovery.ResultDescriptorDataTest" assertions="4" time="0.005454"/>
        <testcase name="`ResultDescriptorData` → `Happy Paths` → creates instance with schema field only" file="tests/Unit/Discovery/ResultDescriptorDataTest.php::`ResultDescriptorData` → `Happy Paths` → creates instance with schema field only" class="Tests\Unit\Discovery\ResultDescriptorDataTest" classname="Tests.Unit.Discovery.ResultDescriptorDataTest" assertions="4" time="0.003578"/>
        <testcase name="`ResultDescriptorData` → `Happy Paths` → creates instance for single resource" file="tests/Unit/Discovery/ResultDescriptorDataTest.php::`ResultDescriptorData` → `Happy Paths` → creates instance for single resource" class="Tests\Unit\Discovery\ResultDescriptorDataTest" classname="Tests.Unit.Discovery.ResultDescriptorDataTest" assertions="3" time="0.003740"/>
        <testcase name="`ResultDescriptorData` → `Happy Paths` → creates instance for resource collection" file="tests/Unit/Discovery/ResultDescriptorDataTest.php::`ResultDescriptorData` → `Happy Paths` → creates instance for resource collection" class="Tests\Unit\Discovery\ResultDescriptorDataTest" classname="Tests.Unit.Discovery.ResultDescriptorDataTest" assertions="3" time="0.003691"/>
        <testcase name="`ResultDescriptorData` → `Happy Paths` → creates instance for non-resource response" file="tests/Unit/Discovery/ResultDescriptorDataTest.php::`ResultDescriptorData` → `Happy Paths` → creates instance for non-resource response" class="Tests\Unit\Discovery\ResultDescriptorDataTest" classname="Tests.Unit.Discovery.ResultDescriptorDataTest" assertions="4" time="0.003637"/>
        <testcase name="`ResultDescriptorData` → `Happy Paths` → creates instance with all fields populated" file="tests/Unit/Discovery/ResultDescriptorDataTest.php::`ResultDescriptorData` → `Happy Paths` → creates instance with all fields populated" class="Tests\Unit\Discovery\ResultDescriptorDataTest" classname="Tests.Unit.Discovery.ResultDescriptorDataTest" assertions="0" time="0.003996">
          <error type="Cline\Forrst\Exceptions\InvalidFieldValueException">`ResultDescriptorData` → `Happy Paths` → creates instance with all fields populatedCline\Forrst\Exceptions\InvalidFieldValueException: resource/schema is invalid: Cannot specify both "resource" and "schema". Use resource for resource objects or schema for custom return types, but not both.
at src/Exceptions/InvalidFieldValueException.php:22
at src/Discovery/ResultDescriptorData.php:59
at tests/Unit/Discovery/ResultDescriptorDataTest.php:104</error>
        </testcase>
        <testcase name="`ResultDescriptorData` → `Happy Paths` → toArray includes resource when set" file="tests/Unit/Discovery/ResultDescriptorDataTest.php::`ResultDescriptorData` → `Happy Paths` → toArray includes resource when set" class="Tests\Unit\Discovery\ResultDescriptorDataTest" classname="Tests.Unit.Discovery.ResultDescriptorDataTest" assertions="2" time="0.003714"/>
        <testcase name="`ResultDescriptorData` → `Happy Paths` → toArray includes schema when set" file="tests/Unit/Discovery/ResultDescriptorDataTest.php::`ResultDescriptorData` → `Happy Paths` → toArray includes schema when set" class="Tests\Unit\Discovery\ResultDescriptorDataTest" classname="Tests.Unit.Discovery.ResultDescriptorDataTest" assertions="2" time="0.003631"/>
        <testcase name="`ResultDescriptorData` → `Happy Paths` → toArray includes collection with default false" file="tests/Unit/Discovery/ResultDescriptorDataTest.php::`ResultDescriptorData` → `Happy Paths` → toArray includes collection with default false" class="Tests\Unit\Discovery\ResultDescriptorDataTest" classname="Tests.Unit.Discovery.ResultDescriptorDataTest" assertions="2" time="0.003602"/>
        <testcase name="`ResultDescriptorData` → `Happy Paths` → toArray handles null fields" file="tests/Unit/Discovery/ResultDescriptorDataTest.php::`ResultDescriptorData` → `Happy Paths` → toArray handles null fields" class="Tests\Unit\Discovery\ResultDescriptorDataTest" classname="Tests.Unit.Discovery.ResultDescriptorDataTest" assertions="0" time="0.003925">
          <error type="Cline\Forrst\Exceptions\MissingRequiredFieldException">`ResultDescriptorData` → `Happy Paths` → toArray handles null fieldsCline\Forrst\Exceptions\MissingRequiredFieldException: resource or schema is required
at src/Exceptions/MissingRequiredFieldException.php:22
at src/Discovery/ResultDescriptorData.php:68
at tests/Unit/Discovery/ResultDescriptorDataTest.php:163</error>
        </testcase>
        <testcase name="`ResultDescriptorData` → `Happy Paths` → toArray includes description when set" file="tests/Unit/Discovery/ResultDescriptorDataTest.php::`ResultDescriptorData` → `Happy Paths` → toArray includes description when set" class="Tests\Unit\Discovery\ResultDescriptorDataTest" classname="Tests.Unit.Discovery.ResultDescriptorDataTest" assertions="2" time="0.003910"/>
        <testcase name="`ResultDescriptorData` → `Edge Cases` → handles null resource" file="tests/Unit/Discovery/ResultDescriptorDataTest.php::`ResultDescriptorData` → `Edge Cases` → handles null resource" class="Tests\Unit\Discovery\ResultDescriptorDataTest" classname="Tests.Unit.Discovery.ResultDescriptorDataTest" assertions="0" time="0.004002">
          <error type="Cline\Forrst\Exceptions\MissingRequiredFieldException">`ResultDescriptorData` → `Edge Cases` → handles null resourceCline\Forrst\Exceptions\MissingRequiredFieldException: resource or schema is required
at src/Exceptions/MissingRequiredFieldException.php:22
at src/Discovery/ResultDescriptorData.php:68
at tests/Unit/Discovery/ResultDescriptorDataTest.php:199</error>
        </testcase>
        <testcase name="`ResultDescriptorData` → `Edge Cases` → handles null schema" file="tests/Unit/Discovery/ResultDescriptorDataTest.php::`ResultDescriptorData` → `Edge Cases` → handles null schema" class="Tests\Unit\Discovery\ResultDescriptorDataTest" classname="Tests.Unit.Discovery.ResultDescriptorDataTest" assertions="0" time="0.003900">
          <error type="Cline\Forrst\Exceptions\MissingRequiredFieldException">`ResultDescriptorData` → `Edge Cases` → handles null schemaCline\Forrst\Exceptions\MissingRequiredFieldException: resource or schema is required
at src/Exceptions/MissingRequiredFieldException.php:22
at src/Discovery/ResultDescriptorData.php:68
at tests/Unit/Discovery/ResultDescriptorDataTest.php:207</error>
        </testcase>
        <testcase name="`ResultDescriptorData` → `Edge Cases` → handles collection false explicitly" file="tests/Unit/Discovery/ResultDescriptorDataTest.php::`ResultDescriptorData` → `Edge Cases` → handles collection false explicitly" class="Tests\Unit\Discovery\ResultDescriptorDataTest" classname="Tests.Unit.Discovery.ResultDescriptorDataTest" assertions="1" time="0.003611"/>
        <testcase name="`ResultDescriptorData` → `Edge Cases` → handles collection true" file="tests/Unit/Discovery/ResultDescriptorDataTest.php::`ResultDescriptorData` → `Edge Cases` → handles collection true" class="Tests\Unit\Discovery\ResultDescriptorDataTest" classname="Tests.Unit.Discovery.ResultDescriptorDataTest" assertions="1" time="0.003648"/>
        <testcase name="`ResultDescriptorData` → `Edge Cases` → handles both resource and schema set" file="tests/Unit/Discovery/ResultDescriptorDataTest.php::`ResultDescriptorData` → `Edge Cases` → handles both resource and schema set" class="Tests\Unit\Discovery\ResultDescriptorDataTest" classname="Tests.Unit.Discovery.ResultDescriptorDataTest" assertions="0" time="0.003845">
          <error type="Cline\Forrst\Exceptions\InvalidFieldValueException">`ResultDescriptorData` → `Edge Cases` → handles both resource and schema setCline\Forrst\Exceptions\InvalidFieldValueException: resource/schema is invalid: Cannot specify both "resource" and "schema". Use resource for resource objects or schema for custom return types, but not both.
at src/Exceptions/InvalidFieldValueException.php:22
at src/Discovery/ResultDescriptorData.php:59
at tests/Unit/Discovery/ResultDescriptorDataTest.php:242</error>
        </testcase>
        <testcase name="`ResultDescriptorData` → `Edge Cases` → handles neither resource nor schema set" file="tests/Unit/Discovery/ResultDescriptorDataTest.php::`ResultDescriptorData` → `Edge Cases` → handles neither resource nor schema set" class="Tests\Unit\Discovery\ResultDescriptorDataTest" classname="Tests.Unit.Discovery.ResultDescriptorDataTest" assertions="0" time="0.003853">
          <error type="Cline\Forrst\Exceptions\MissingRequiredFieldException">`ResultDescriptorData` → `Edge Cases` → handles neither resource nor schema setCline\Forrst\Exceptions\MissingRequiredFieldException: resource or schema is required
at src/Exceptions/MissingRequiredFieldException.php:22
at src/Discovery/ResultDescriptorData.php:68
at tests/Unit/Discovery/ResultDescriptorDataTest.php:254</error>
        </testcase>
        <testcase name="`ResultDescriptorData` → `Edge Cases` → handles empty schema object" file="tests/Unit/Discovery/ResultDescriptorDataTest.php::`ResultDescriptorData` → `Edge Cases` → handles empty schema object" class="Tests\Unit\Discovery\ResultDescriptorDataTest" classname="Tests.Unit.Discovery.ResultDescriptorDataTest" assertions="0" time="0.004047">
          <error type="Cline\Forrst\Exceptions\InvalidResultSchemaException">`ResultDescriptorData` → `Edge Cases` → handles empty schema objectCline\Forrst\Exceptions\InvalidResultSchemaException: Invalid result schema: JSON Schema must include "type" or "$ref" property
at src/Exceptions/InvalidResultSchemaException.php:22
at src/Discovery/ResultDescriptorData.php:96
at src/Discovery/ResultDescriptorData.php:84
at tests/Unit/Discovery/ResultDescriptorDataTest.php:263</error>
        </testcase>
        <testcase name="`ResultDescriptorData` → `Edge Cases` → handles complex schema structure" file="tests/Unit/Discovery/ResultDescriptorDataTest.php::`ResultDescriptorData` → `Edge Cases` → handles complex schema structure" class="Tests\Unit\Discovery\ResultDescriptorDataTest" classname="Tests.Unit.Discovery.ResultDescriptorDataTest" assertions="3" time="0.003766"/>
        <testcase name="`ResultDescriptorData` → `Edge Cases` → handles schema with $ref" file="tests/Unit/Discovery/ResultDescriptorDataTest.php::`ResultDescriptorData` → `Edge Cases` → handles schema with $ref" class="Tests\Unit\Discovery\ResultDescriptorDataTest" classname="Tests.Unit.Discovery.ResultDescriptorDataTest" assertions="2" time="0.003756"/>
        <testcase name="`ResultDescriptorData` → `Edge Cases` → handles empty description" file="tests/Unit/Discovery/ResultDescriptorDataTest.php::`ResultDescriptorData` → `Edge Cases` → handles empty description" class="Tests\Unit\Discovery\ResultDescriptorDataTest" classname="Tests.Unit.Discovery.ResultDescriptorDataTest" assertions="1" time="0.003708"/>
        <testcase name="`ResultDescriptorData` → `Edge Cases` → toArray preserves complex schema structure" file="tests/Unit/Discovery/ResultDescriptorDataTest.php::`ResultDescriptorData` → `Edge Cases` → toArray preserves complex schema structure" class="Tests\Unit\Discovery\ResultDescriptorDataTest" classname="Tests.Unit.Discovery.ResultDescriptorDataTest" assertions="2" time="0.003655"/>
        <testcase name="`ResultDescriptorData` → `Sad Paths` → validates optional resource field" file="tests/Unit/Discovery/ResultDescriptorDataTest.php::`ResultDescriptorData` → `Sad Paths` → validates optional resource field" class="Tests\Unit\Discovery\ResultDescriptorDataTest" classname="Tests.Unit.Discovery.ResultDescriptorDataTest" assertions="0" time="0.003955">
          <error type="Cline\Forrst\Exceptions\MissingRequiredFieldException">`ResultDescriptorData` → `Sad Paths` → validates optional resource fieldCline\Forrst\Exceptions\MissingRequiredFieldException: resource or schema is required
at src/Exceptions/MissingRequiredFieldException.php:22
at src/Discovery/ResultDescriptorData.php:68
at tests/Unit/Discovery/ResultDescriptorDataTest.php:356</error>
        </testcase>
        <testcase name="`ResultDescriptorData` → `Sad Paths` → validates optional schema field" file="tests/Unit/Discovery/ResultDescriptorDataTest.php::`ResultDescriptorData` → `Sad Paths` → validates optional schema field" class="Tests\Unit\Discovery\ResultDescriptorDataTest" classname="Tests.Unit.Discovery.ResultDescriptorDataTest" assertions="0" time="0.003878">
          <error type="Cline\Forrst\Exceptions\MissingRequiredFieldException">`ResultDescriptorData` → `Sad Paths` → validates optional schema fieldCline\Forrst\Exceptions\MissingRequiredFieldException: resource or schema is required
at src/Exceptions/MissingRequiredFieldException.php:22
at src/Discovery/ResultDescriptorData.php:68
at tests/Unit/Discovery/ResultDescriptorDataTest.php:364</error>
        </testcase>
        <testcase name="`ResultDescriptorData` → `Sad Paths` → validates collection defaults to false" file="tests/Unit/Discovery/ResultDescriptorDataTest.php::`ResultDescriptorData` → `Sad Paths` → validates collection defaults to false" class="Tests\Unit\Discovery\ResultDescriptorDataTest" classname="Tests.Unit.Discovery.ResultDescriptorDataTest" assertions="0" time="0.003850">
          <error type="Cline\Forrst\Exceptions\MissingRequiredFieldException">`ResultDescriptorData` → `Sad Paths` → validates collection defaults to falseCline\Forrst\Exceptions\MissingRequiredFieldException: resource or schema is required
at src/Exceptions/MissingRequiredFieldException.php:22
at src/Discovery/ResultDescriptorData.php:68
at tests/Unit/Discovery/ResultDescriptorDataTest.php:374</error>
        </testcase>
        <testcase name="`ResultDescriptorData` → `Sad Paths` → validates optional description field" file="tests/Unit/Discovery/ResultDescriptorDataTest.php::`ResultDescriptorData` → `Sad Paths` → validates optional description field" class="Tests\Unit\Discovery\ResultDescriptorDataTest" classname="Tests.Unit.Discovery.ResultDescriptorDataTest" assertions="0" time="0.003923">
          <error type="Cline\Forrst\Exceptions\MissingRequiredFieldException">`ResultDescriptorData` → `Sad Paths` → validates optional description fieldCline\Forrst\Exceptions\MissingRequiredFieldException: resource or schema is required
at src/Exceptions/MissingRequiredFieldException.php:22
at src/Discovery/ResultDescriptorData.php:68
at tests/Unit/Discovery/ResultDescriptorDataTest.php:382</error>
        </testcase>
      </testsuite>
      <testsuite name="Tests\Unit\Discovery\ServerExtensionDeclarationDataTest" file="tests/Unit/Discovery/ServerExtensionDeclarationDataTest.php" tests="6" assertions="8" errors="2" failures="0" skipped="0" time="0.026577">
        <testcase name="`ServerExtensionDeclarationData` → `Happy Paths` → creates instance with required fields" file="tests/Unit/Discovery/ServerExtensionDeclarationDataTest.php::`ServerExtensionDeclarationData` → `Happy Paths` → creates instance with required fields" class="Tests\Unit\Discovery\ServerExtensionDeclarationDataTest" classname="Tests.Unit.Discovery.ServerExtensionDeclarationDataTest" assertions="2" time="0.007820"/>
        <testcase name="`ServerExtensionDeclarationData` → `Happy Paths` → supports various URN formats" file="tests/Unit/Discovery/ServerExtensionDeclarationDataTest.php::`ServerExtensionDeclarationData` → `Happy Paths` → supports various URN formats" class="Tests\Unit\Discovery\ServerExtensionDeclarationDataTest" classname="Tests.Unit.Discovery.ServerExtensionDeclarationDataTest" assertions="0" time="0.003745">
          <error type="Cline\Forrst\Exceptions\InvalidFieldValueException">`ServerExtensionDeclarationData` → `Happy Paths` → supports various URN formatsCline\Forrst\Exceptions\InvalidFieldValueException: urn is invalid: Invalid extension URN: 'urn:cline:forrst:ext:caching'. Expected format: 'urn:forrst:ext:extensionname' (e.g., 'urn:forrst:ext:async')
at src/Exceptions/InvalidFieldValueException.php:22
at src/Discovery/ServerExtensionDeclarationData.php:48
at tests/Unit/Discovery/ServerExtensionDeclarationDataTest.php:28</error>
        </testcase>
        <testcase name="`ServerExtensionDeclarationData` → `Happy Paths` → supports prerelease versions" file="tests/Unit/Discovery/ServerExtensionDeclarationDataTest.php::`ServerExtensionDeclarationData` → `Happy Paths` → supports prerelease versions" class="Tests\Unit\Discovery\ServerExtensionDeclarationDataTest" classname="Tests.Unit.Discovery.ServerExtensionDeclarationDataTest" assertions="1" time="0.003545"/>
        <testcase name="`ServerExtensionDeclarationData` → `Happy Paths` → toArray includes all fields" file="tests/Unit/Discovery/ServerExtensionDeclarationDataTest.php::`ServerExtensionDeclarationData` → `Happy Paths` → toArray includes all fields" class="Tests\Unit\Discovery\ServerExtensionDeclarationDataTest" classname="Tests.Unit.Discovery.ServerExtensionDeclarationDataTest" assertions="4" time="0.003654"/>
        <testcase name="`ServerExtensionDeclarationData` → `Edge Cases` → handles extension with complex URN namespace" file="tests/Unit/Discovery/ServerExtensionDeclarationDataTest.php::`ServerExtensionDeclarationData` → `Edge Cases` → handles extension with complex URN namespace" class="Tests\Unit\Discovery\ServerExtensionDeclarationDataTest" classname="Tests.Unit.Discovery.ServerExtensionDeclarationDataTest" assertions="0" time="0.003930">
          <error type="Cline\Forrst\Exceptions\InvalidFieldValueException">`ServerExtensionDeclarationData` → `Edge Cases` → handles extension with complex URN namespaceCline\Forrst\Exceptions\InvalidFieldValueException: urn is invalid: Invalid extension URN: 'urn:vendor:product:forrst:ext:custom-feature'. Expected format: 'urn:forrst:ext:extensionname' (e.g., 'urn:forrst:ext:async')
at src/Exceptions/InvalidFieldValueException.php:22
at src/Discovery/ServerExtensionDeclarationData.php:48
at tests/Unit/Discovery/ServerExtensionDeclarationDataTest.php:70</error>
        </testcase>
        <testcase name="`ServerExtensionDeclarationData` → `Edge Cases` → handles version with build metadata" file="tests/Unit/Discovery/ServerExtensionDeclarationDataTest.php::`ServerExtensionDeclarationData` → `Edge Cases` → handles version with build metadata" class="Tests\Unit\Discovery\ServerExtensionDeclarationDataTest" classname="Tests.Unit.Discovery.ServerExtensionDeclarationDataTest" assertions="1" time="0.003883"/>
      </testsuite>
      <testsuite name="Tests\Unit\Discovery\ServerVariableDataTest" file="tests/Unit/Discovery/ServerVariableDataTest.php" tests="27" assertions="59" errors="0" failures="3" skipped="0" time="0.113070">
        <testcase name="`ServerVariableData` → `Happy Paths` → creates instance with default only" file="tests/Unit/Discovery/ServerVariableDataTest.php::`ServerVariableData` → `Happy Paths` → creates instance with default only" class="Tests\Unit\Discovery\ServerVariableDataTest" classname="Tests.Unit.Discovery.ServerVariableDataTest" assertions="3" time="0.004749"/>
        <testcase name="`ServerVariableData` → `Happy Paths` → creates instance with enum" file="tests/Unit/Discovery/ServerVariableDataTest.php::`ServerVariableData` → `Happy Paths` → creates instance with enum" class="Tests\Unit\Discovery\ServerVariableDataTest" classname="Tests.Unit.Discovery.ServerVariableDataTest" assertions="4" time="0.003487"/>
        <testcase name="`ServerVariableData` → `Happy Paths` → creates instance with default in enum list" file="tests/Unit/Discovery/ServerVariableDataTest.php::`ServerVariableData` → `Happy Paths` → creates instance with default in enum list" class="Tests\Unit\Discovery\ServerVariableDataTest" classname="Tests.Unit.Discovery.ServerVariableDataTest" assertions="2" time="0.003461"/>
        <testcase name="`ServerVariableData` → `Happy Paths` → creates instance with minimal fields" file="tests/Unit/Discovery/ServerVariableDataTest.php::`ServerVariableData` → `Happy Paths` → creates instance with minimal fields" class="Tests\Unit\Discovery\ServerVariableDataTest" classname="Tests.Unit.Discovery.ServerVariableDataTest" assertions="3" time="0.003711"/>
        <testcase name="`ServerVariableData` → `Happy Paths` → creates instance with all fields populated" file="tests/Unit/Discovery/ServerVariableDataTest.php::`ServerVariableData` → `Happy Paths` → creates instance with all fields populated" class="Tests\Unit\Discovery\ServerVariableDataTest" classname="Tests.Unit.Discovery.ServerVariableDataTest" assertions="3" time="0.004073"/>
        <testcase name="`ServerVariableData` → `Happy Paths` → toArray includes all fields" file="tests/Unit/Discovery/ServerVariableDataTest.php::`ServerVariableData` → `Happy Paths` → toArray includes all fields" class="Tests\Unit\Discovery\ServerVariableDataTest" classname="Tests.Unit.Discovery.ServerVariableDataTest" assertions="6" time="0.004291"/>
        <testcase name="`ServerVariableData` → `Happy Paths` → toArray handles null optional fields" file="tests/Unit/Discovery/ServerVariableDataTest.php::`ServerVariableData` → `Happy Paths` → toArray handles null optional fields" class="Tests\Unit\Discovery\ServerVariableDataTest" classname="Tests.Unit.Discovery.ServerVariableDataTest" assertions="2" time="0.003780"/>
        <testcase name="`ServerVariableData` → `Happy Paths` → creates instance with single enum value matching default" file="tests/Unit/Discovery/ServerVariableDataTest.php::`ServerVariableData` → `Happy Paths` → creates instance with single enum value matching default" class="Tests\Unit\Discovery\ServerVariableDataTest" classname="Tests.Unit.Discovery.ServerVariableDataTest" assertions="3" time="0.003705"/>
        <testcase name="`ServerVariableData` → `Happy Paths` → creates instance with numeric string default" file="tests/Unit/Discovery/ServerVariableDataTest.php::`ServerVariableData` → `Happy Paths` → creates instance with numeric string default" class="Tests\Unit\Discovery\ServerVariableDataTest" classname="Tests.Unit.Discovery.ServerVariableDataTest" assertions="2" time="0.003889"/>
        <testcase name="`ServerVariableData` → `Edge Cases` → handles whitespace in default value" file="tests/Unit/Discovery/ServerVariableDataTest.php::`ServerVariableData` → `Edge Cases` → handles whitespace in default value" class="Tests\Unit\Discovery\ServerVariableDataTest" classname="Tests.Unit.Discovery.ServerVariableDataTest" assertions="1" time="0.003921"/>
        <testcase name="`ServerVariableData` → `Edge Cases` → handles enum with duplicate values" file="tests/Unit/Discovery/ServerVariableDataTest.php::`ServerVariableData` → `Edge Cases` → handles enum with duplicate values" class="Tests\Unit\Discovery\ServerVariableDataTest" classname="Tests.Unit.Discovery.ServerVariableDataTest" assertions="2" time="0.003639"/>
        <testcase name="`ServerVariableData` → `Edge Cases` → handles long description" file="tests/Unit/Discovery/ServerVariableDataTest.php::`ServerVariableData` → `Edge Cases` → handles long description" class="Tests\Unit\Discovery\ServerVariableDataTest" classname="Tests.Unit.Discovery.ServerVariableDataTest" assertions="1" time="0.003609"/>
        <testcase name="`ServerVariableData` → `Edge Cases` → handles special characters in default" file="tests/Unit/Discovery/ServerVariableDataTest.php::`ServerVariableData` → `Edge Cases` → handles special characters in default" class="Tests\Unit\Discovery\ServerVariableDataTest" classname="Tests.Unit.Discovery.ServerVariableDataTest" assertions="2" time="0.003760"/>
        <testcase name="`ServerVariableData` → `Edge Cases` → handles case-sensitive enum matching" file="tests/Unit/Discovery/ServerVariableDataTest.php::`ServerVariableData` → `Edge Cases` → handles case-sensitive enum matching" class="Tests\Unit\Discovery\ServerVariableDataTest" classname="Tests.Unit.Discovery.ServerVariableDataTest" assertions="2" time="0.003994"/>
        <testcase name="`ServerVariableData` → `Sad Paths` → rejects default not in enum" file="tests/Unit/Discovery/ServerVariableDataTest.php::`ServerVariableData` → `Sad Paths` → rejects default not in enum" class="Tests\Unit\Discovery\ServerVariableDataTest" classname="Tests.Unit.Discovery.ServerVariableDataTest" assertions="2" time="0.004157"/>
        <testcase name="`ServerVariableData` → `Sad Paths` → rejects empty default" file="tests/Unit/Discovery/ServerVariableDataTest.php::`ServerVariableData` → `Sad Paths` → rejects empty default" class="Tests\Unit\Discovery\ServerVariableDataTest" classname="Tests.Unit.Discovery.ServerVariableDataTest" assertions="2" time="0.003699"/>
        <testcase name="`ServerVariableData` → `Sad Paths` → rejects whitespace-only default" file="tests/Unit/Discovery/ServerVariableDataTest.php::`ServerVariableData` → `Sad Paths` → rejects whitespace-only default" class="Tests\Unit\Discovery\ServerVariableDataTest" classname="Tests.Unit.Discovery.ServerVariableDataTest" assertions="2" time="0.003718"/>
        <testcase name="`ServerVariableData` → `Sad Paths` → rejects empty enum array" file="tests/Unit/Discovery/ServerVariableDataTest.php::`ServerVariableData` → `Sad Paths` → rejects empty enum array" class="Tests\Unit\Discovery\ServerVariableDataTest" classname="Tests.Unit.Discovery.ServerVariableDataTest" assertions="1" time="0.004197">
          <failure type="PHPUnit\Framework\ExpectationFailedException">`ServerVariableData` → `Sad Paths` → rejects empty enum arrayFailed asserting that 'enum cannot be empty' [ASCII](length: 20) contains "Enum array cannot be empty" [ASCII](length: 26).
at tests/Unit/Discovery/ServerVariableDataTest.php:230</failure>
        </testcase>
        <testcase name="`ServerVariableData` → `Sad Paths` → rejects non-string enum values" file="tests/Unit/Discovery/ServerVariableDataTest.php::`ServerVariableData` → `Sad Paths` → rejects non-string enum values" class="Tests\Unit\Discovery\ServerVariableDataTest" classname="Tests.Unit.Discovery.ServerVariableDataTest" assertions="2" time="0.011253"/>
        <testcase name="`ServerVariableData` → `Sad Paths` → rejects mixed type enum values" file="tests/Unit/Discovery/ServerVariableDataTest.php::`ServerVariableData` → `Sad Paths` → rejects mixed type enum values" class="Tests\Unit\Discovery\ServerVariableDataTest" classname="Tests.Unit.Discovery.ServerVariableDataTest" assertions="2" time="0.004340"/>
        <testcase name="`ServerVariableData` → `Sad Paths` → rejects null in enum values" file="tests/Unit/Discovery/ServerVariableDataTest.php::`ServerVariableData` → `Sad Paths` → rejects null in enum values" class="Tests\Unit\Discovery\ServerVariableDataTest" classname="Tests.Unit.Discovery.ServerVariableDataTest" assertions="2" time="0.004082"/>
        <testcase name="`ServerVariableData` → `Sad Paths` → rejects boolean in enum values" file="tests/Unit/Discovery/ServerVariableDataTest.php::`ServerVariableData` → `Sad Paths` → rejects boolean in enum values" class="Tests\Unit\Discovery\ServerVariableDataTest" classname="Tests.Unit.Discovery.ServerVariableDataTest" assertions="2" time="0.003998"/>
        <testcase name="`ServerVariableData` → `Sad Paths` → rejects array in enum values" file="tests/Unit/Discovery/ServerVariableDataTest.php::`ServerVariableData` → `Sad Paths` → rejects array in enum values" class="Tests\Unit\Discovery\ServerVariableDataTest" classname="Tests.Unit.Discovery.ServerVariableDataTest" assertions="2" time="0.003813"/>
        <testcase name="`ServerVariableData` → `Sad Paths` → rejects object in enum values" file="tests/Unit/Discovery/ServerVariableDataTest.php::`ServerVariableData` → `Sad Paths` → rejects object in enum values" class="Tests\Unit\Discovery\ServerVariableDataTest" classname="Tests.Unit.Discovery.ServerVariableDataTest" assertions="2" time="0.003799"/>
        <testcase name="`ServerVariableData` → `Sad Paths` → error message includes all enum values" file="tests/Unit/Discovery/ServerVariableDataTest.php::`ServerVariableData` → `Sad Paths` → error message includes all enum values" class="Tests\Unit\Discovery\ServerVariableDataTest" classname="Tests.Unit.Discovery.ServerVariableDataTest" assertions="2" time="0.003747"/>
        <testcase name="`ServerVariableData` → `Sad Paths` → error message identifies index of invalid enum value" file="tests/Unit/Discovery/ServerVariableDataTest.php::`ServerVariableData` → `Sad Paths` → error message identifies index of invalid enum value" class="Tests\Unit\Discovery\ServerVariableDataTest" classname="Tests.Unit.Discovery.ServerVariableDataTest" assertions="1" time="0.003985">
          <failure type="PHPUnit\Framework\ExpectationFailedException">`ServerVariableData` → `Sad Paths` → error message identifies index of invalid enum valueFailed asserting that 'enum[2] must be string, got integer' [ASCII](length: 35) contains "Enum value at index 2 must be string" [ASCII](length: 36).
at tests/Unit/Discovery/ServerVariableDataTest.php:300</failure>
        </testcase>
        <testcase name="`ServerVariableData` → `Sad Paths` → validates enum before checking default is in enum" file="tests/Unit/Discovery/ServerVariableDataTest.php::`ServerVariableData` → `Sad Paths` → validates enum before checking default is in enum" class="Tests\Unit\Discovery\ServerVariableDataTest" classname="Tests.Unit.Discovery.ServerVariableDataTest" assertions="1" time="0.004214">
          <failure type="PHPUnit\Framework\ExpectationFailedException">`ServerVariableData` → `Sad Paths` → validates enum before checking default is in enumFailed asserting that 'enum[0] must be string, got integer' [ASCII](length: 35) contains "Enum value at index 0 must be string" [ASCII](length: 36).
at tests/Unit/Discovery/ServerVariableDataTest.php:309</failure>
        </testcase>
      </testsuite>
      <testsuite name="Tests\Unit\Discovery\SimulationScenarioDataTest" file="tests/Unit/Discovery/SimulationScenarioDataTest.php" tests="23" assertions="65" errors="5" failures="0" skipped="0" time="0.094594">
        <testcase name="`SimulationScenarioData` → `Happy Paths` → creates instance with all parameters provided" file="tests/Unit/Discovery/SimulationScenarioDataTest.php::`SimulationScenarioData` → `Happy Paths` → creates instance with all parameters provided" class="Tests\Unit\Discovery\SimulationScenarioDataTest" classname="Tests.Unit.Discovery.SimulationScenarioDataTest" assertions="0" time="0.008529">
          <error type="Cline\Forrst\Exceptions\InvalidFieldValueException">`SimulationScenarioData` → `Happy Paths` → creates instance with all parameters providedCline\Forrst\Exceptions\InvalidFieldValueException: output/error is invalid: Cannot specify both "output" and "error". Success scenarios use output, error scenarios use error field.
at src/Exceptions/InvalidFieldValueException.php:22
at src/Discovery/SimulationScenarioData.php:88
at tests/Unit/Discovery/SimulationScenarioDataTest.php:24</error>
        </testcase>
        <testcase name="`SimulationScenarioData` → `Happy Paths` → creates instance with only required parameters" file="tests/Unit/Discovery/SimulationScenarioDataTest.php::`SimulationScenarioData` → `Happy Paths` → creates instance with only required parameters" class="Tests\Unit\Discovery\SimulationScenarioDataTest" classname="Tests.Unit.Discovery.SimulationScenarioDataTest" assertions="6" time="0.003674"/>
        <testcase name="`SimulationScenarioData` → `Happy Paths` → creates success scenario using factory method with description" file="tests/Unit/Discovery/SimulationScenarioDataTest.php::`SimulationScenarioData` → `Happy Paths` → creates success scenario using factory method with description" class="Tests\Unit\Discovery\SimulationScenarioDataTest" classname="Tests.Unit.Discovery.SimulationScenarioDataTest" assertions="6" time="0.003590"/>
        <testcase name="`SimulationScenarioData` → `Happy Paths` → creates success scenario using factory method without description" file="tests/Unit/Discovery/SimulationScenarioDataTest.php::`SimulationScenarioData` → `Happy Paths` → creates success scenario using factory method without description" class="Tests\Unit\Discovery\SimulationScenarioDataTest" classname="Tests.Unit.Discovery.SimulationScenarioDataTest" assertions="5" time="0.003738"/>
        <testcase name="`SimulationScenarioData` → `Happy Paths` → creates error scenario using factory method with error code and message" file="tests/Unit/Discovery/SimulationScenarioDataTest.php::`SimulationScenarioData` → `Happy Paths` → creates error scenario using factory method with error code and message" class="Tests\Unit\Discovery\SimulationScenarioDataTest" classname="Tests.Unit.Discovery.SimulationScenarioDataTest" assertions="6" time="0.003757"/>
        <testcase name="`SimulationScenarioData` → `Happy Paths` → creates error scenario using factory method with error data included" file="tests/Unit/Discovery/SimulationScenarioDataTest.php::`SimulationScenarioData` → `Happy Paths` → creates error scenario using factory method with error data included" class="Tests\Unit\Discovery\SimulationScenarioDataTest" classname="Tests.Unit.Discovery.SimulationScenarioDataTest" assertions="5" time="0.004046"/>
        <testcase name="`SimulationScenarioData` → `Happy Paths` → handles complex nested input structures" file="tests/Unit/Discovery/SimulationScenarioDataTest.php::`SimulationScenarioData` → `Happy Paths` → handles complex nested input structures" class="Tests\Unit\Discovery\SimulationScenarioDataTest" classname="Tests.Unit.Discovery.SimulationScenarioDataTest" assertions="3" time="0.003998"/>
        <testcase name="`SimulationScenarioData` → `Happy Paths` → handles complex nested output structures" file="tests/Unit/Discovery/SimulationScenarioDataTest.php::`SimulationScenarioData` → `Happy Paths` → handles complex nested output structures" class="Tests\Unit\Discovery\SimulationScenarioDataTest" classname="Tests.Unit.Discovery.SimulationScenarioDataTest" assertions="4" time="0.004034"/>
        <testcase name="`SimulationScenarioData` → `Happy Paths` → handles unicode characters in name field" file="tests/Unit/Discovery/SimulationScenarioDataTest.php::`SimulationScenarioData` → `Happy Paths` → handles unicode characters in name field" class="Tests\Unit\Discovery\SimulationScenarioDataTest" classname="Tests.Unit.Discovery.SimulationScenarioDataTest" assertions="2" time="0.004069"/>
        <testcase name="`SimulationScenarioData` → `Happy Paths` → handles unicode characters in description field" file="tests/Unit/Discovery/SimulationScenarioDataTest.php::`SimulationScenarioData` → `Happy Paths` → handles unicode characters in description field" class="Tests\Unit\Discovery\SimulationScenarioDataTest" classname="Tests.Unit.Discovery.SimulationScenarioDataTest" assertions="3" time="0.004037"/>
        <testcase name="`SimulationScenarioData` → `Happy Paths` → handles different output types with scalar values" file="tests/Unit/Discovery/SimulationScenarioDataTest.php::`SimulationScenarioData` → `Happy Paths` → handles different output types with scalar values" class="Tests\Unit\Discovery\SimulationScenarioDataTest" classname="Tests.Unit.Discovery.SimulationScenarioDataTest" assertions="4" time="0.003912"/>
        <testcase name="`SimulationScenarioData` → `Happy Paths` → handles empty arrays in input and output" file="tests/Unit/Discovery/SimulationScenarioDataTest.php::`SimulationScenarioData` → `Happy Paths` → handles empty arrays in input and output" class="Tests\Unit\Discovery\SimulationScenarioDataTest" classname="Tests.Unit.Discovery.SimulationScenarioDataTest" assertions="0" time="0.004130">
          <error type="Cline\Forrst\Exceptions\EmptyArrayException">`SimulationScenarioData` → `Happy Paths` → handles empty arrays in input and outputCline\Forrst\Exceptions\EmptyArrayException: input cannot be empty
at src/Exceptions/EmptyArrayException.php:22
at src/Discovery/SimulationScenarioData.php:83
at src/Discovery/SimulationScenarioData.php:118
at tests/Unit/Discovery/SimulationScenarioDataTest.php:281</error>
        </testcase>
        <testcase name="`SimulationScenarioData` → `Edge Cases` → handles null output value explicitly" file="tests/Unit/Discovery/SimulationScenarioDataTest.php::`SimulationScenarioData` → `Edge Cases` → handles null output value explicitly" class="Tests\Unit\Discovery\SimulationScenarioDataTest" classname="Tests.Unit.Discovery.SimulationScenarioDataTest" assertions="1" time="0.003857"/>
        <testcase name="`SimulationScenarioData` → `Edge Cases` → handles error scenario without optional data parameter" file="tests/Unit/Discovery/SimulationScenarioDataTest.php::`SimulationScenarioData` → `Edge Cases` → handles error scenario without optional data parameter" class="Tests\Unit\Discovery\SimulationScenarioDataTest" classname="Tests.Unit.Discovery.SimulationScenarioDataTest" assertions="2" time="0.004023"/>
        <testcase name="`SimulationScenarioData` → `Edge Cases` → handles empty string as error code" file="tests/Unit/Discovery/SimulationScenarioDataTest.php::`SimulationScenarioData` → `Edge Cases` → handles empty string as error code" class="Tests\Unit\Discovery\SimulationScenarioDataTest" classname="Tests.Unit.Discovery.SimulationScenarioDataTest" assertions="0" time="0.004141">
          <error type="Cline\Forrst\Exceptions\InvalidFieldValueException">`SimulationScenarioData` → `Edge Cases` → handles empty string as error codeCline\Forrst\Exceptions\InvalidFieldValueException: error.code is invalid: Error code must be SCREAMING_SNAKE_CASE string
at src/Exceptions/InvalidFieldValueException.php:22
at src/Discovery/SimulationScenarioData.php:181
at src/Discovery/SimulationScenarioData.php:99
at src/Discovery/SimulationScenarioData.php:155
at tests/Unit/Discovery/SimulationScenarioDataTest.php:339</error>
        </testcase>
        <testcase name="`SimulationScenarioData` → `Edge Cases` → handles lowercase error codes" file="tests/Unit/Discovery/SimulationScenarioDataTest.php::`SimulationScenarioData` → `Edge Cases` → handles lowercase error codes" class="Tests\Unit\Discovery\SimulationScenarioDataTest" classname="Tests.Unit.Discovery.SimulationScenarioDataTest" assertions="0" time="0.004010">
          <error type="Cline\Forrst\Exceptions\InvalidFieldValueException">`SimulationScenarioData` → `Edge Cases` → handles lowercase error codesCline\Forrst\Exceptions\InvalidFieldValueException: error.code is invalid: Error code must be SCREAMING_SNAKE_CASE string
at src/Exceptions/InvalidFieldValueException.php:22
at src/Discovery/SimulationScenarioData.php:181
at src/Discovery/SimulationScenarioData.php:99
at src/Discovery/SimulationScenarioData.php:155
at tests/Unit/Discovery/SimulationScenarioDataTest.php:358</error>
        </testcase>
        <testcase name="`SimulationScenarioData` → `Edge Cases` → handles empty string as name" file="tests/Unit/Discovery/SimulationScenarioDataTest.php::`SimulationScenarioData` → `Edge Cases` → handles empty string as name" class="Tests\Unit\Discovery\SimulationScenarioDataTest" classname="Tests.Unit.Discovery.SimulationScenarioDataTest" assertions="0" time="0.003924">
          <error type="Cline\Forrst\Exceptions\EmptyFieldException">`SimulationScenarioData` → `Edge Cases` → handles empty string as nameCline\Forrst\Exceptions\EmptyFieldException: name cannot be empty
at src/Exceptions/EmptyFieldException.php:22
at src/Discovery/SimulationScenarioData.php:78
at tests/Unit/Discovery/SimulationScenarioDataTest.php:375</error>
        </testcase>
        <testcase name="`SimulationScenarioData` → `Edge Cases` → handles very long scenario name" file="tests/Unit/Discovery/SimulationScenarioDataTest.php::`SimulationScenarioData` → `Edge Cases` → handles very long scenario name" class="Tests\Unit\Discovery\SimulationScenarioDataTest" classname="Tests.Unit.Discovery.SimulationScenarioDataTest" assertions="1" time="0.003976"/>
        <testcase name="`SimulationScenarioData` → `Edge Cases` → handles very long description" file="tests/Unit/Discovery/SimulationScenarioDataTest.php::`SimulationScenarioData` → `Edge Cases` → handles very long description" class="Tests\Unit\Discovery\SimulationScenarioDataTest" classname="Tests.Unit.Discovery.SimulationScenarioDataTest" assertions="2" time="0.003919"/>
        <testcase name="`SimulationScenarioData` → `Edge Cases` → handles special characters in error message" file="tests/Unit/Discovery/SimulationScenarioDataTest.php::`SimulationScenarioData` → `Edge Cases` → handles special characters in error message" class="Tests\Unit\Discovery\SimulationScenarioDataTest" classname="Tests.Unit.Discovery.SimulationScenarioDataTest" assertions="3" time="0.003874"/>
        <testcase name="`SimulationScenarioData` → `Edge Cases` → handles null values within nested input arrays" file="tests/Unit/Discovery/SimulationScenarioDataTest.php::`SimulationScenarioData` → `Edge Cases` → handles null values within nested input arrays" class="Tests\Unit\Discovery\SimulationScenarioDataTest" classname="Tests.Unit.Discovery.SimulationScenarioDataTest" assertions="3" time="0.003740"/>
        <testcase name="`SimulationScenarioData` → `Edge Cases` → handles metadata with various data types" file="tests/Unit/Discovery/SimulationScenarioDataTest.php::`SimulationScenarioData` → `Edge Cases` → handles metadata with various data types" class="Tests\Unit\Discovery\SimulationScenarioDataTest" classname="Tests.Unit.Discovery.SimulationScenarioDataTest" assertions="5" time="0.003878"/>
        <testcase name="`SimulationScenarioData` → `Edge Cases` → handles input with numeric string keys" file="tests/Unit/Discovery/SimulationScenarioDataTest.php::`SimulationScenarioData` → `Edge Cases` → handles input with numeric string keys" class="Tests\Unit\Discovery\SimulationScenarioDataTest" classname="Tests.Unit.Discovery.SimulationScenarioDataTest" assertions="4" time="0.003740"/>
      </testsuite>
      <testsuite name="Tests\Unit\Exceptions\AbstractRequestExceptionTest" file="tests/Unit/Exceptions/AbstractRequestExceptionTest.php" tests="22" assertions="53" errors="0" failures="1" skipped="0" time="0.096500">
        <testcase name="`AbstractRequestException` → `Happy Paths` → creates exception with error data" file="tests/Unit/Exceptions/AbstractRequestExceptionTest.php::`AbstractRequestException` → `Happy Paths` → creates exception with error data" class="Tests\Unit\Exceptions\AbstractRequestExceptionTest" classname="Tests.Unit.Exceptions.AbstractRequestExceptionTest" assertions="4" time="0.007638"/>
        <testcase name="`AbstractRequestException` → `Happy Paths` → returns error data via getErrorDetails" file="tests/Unit/Exceptions/AbstractRequestExceptionTest.php::`AbstractRequestException` → `Happy Paths` → returns error data via getErrorDetails" class="Tests\Unit\Exceptions\AbstractRequestExceptionTest" classname="Tests.Unit.Exceptions.AbstractRequestExceptionTest" assertions="1" time="0.003693"/>
        <testcase name="`AbstractRequestException` → `Happy Paths` → converts exception to error data object" file="tests/Unit/Exceptions/AbstractRequestExceptionTest.php::`AbstractRequestException` → `Happy Paths` → converts exception to error data object" class="Tests\Unit\Exceptions\AbstractRequestExceptionTest" classname="Tests.Unit.Exceptions.AbstractRequestExceptionTest" assertions="3" time="0.003647"/>
        <testcase name="`AbstractRequestException` → `Happy Paths` → converts exception to array representation" file="tests/Unit/Exceptions/AbstractRequestExceptionTest.php::`AbstractRequestException` → `Happy Paths` → converts exception to array representation" class="Tests\Unit\Exceptions\AbstractRequestExceptionTest" classname="Tests.Unit.Exceptions.AbstractRequestExceptionTest" assertions="6" time="0.003579"/>
        <testcase name="`AbstractRequestException` → `Happy Paths` → returns empty headers by default" file="tests/Unit/Exceptions/AbstractRequestExceptionTest.php::`AbstractRequestException` → `Happy Paths` → returns empty headers by default" class="Tests\Unit\Exceptions\AbstractRequestExceptionTest" classname="Tests.Unit.Exceptions.AbstractRequestExceptionTest" assertions="3" time="0.004116"/>
        <testcase name="`AbstractRequestException` → `Sad Paths` → handles exception with null data" file="tests/Unit/Exceptions/AbstractRequestExceptionTest.php::`AbstractRequestException` → `Sad Paths` → handles exception with null data" class="Tests\Unit\Exceptions\AbstractRequestExceptionTest" classname="Tests.Unit.Exceptions.AbstractRequestExceptionTest" assertions="3" time="0.003893"/>
        <testcase name="`AbstractRequestException` → `Edge Cases` → includes debug information when debug mode is enabled" file="tests/Unit/Exceptions/AbstractRequestExceptionTest.php::`AbstractRequestException` → `Edge Cases` → includes debug information when debug mode is enabled" class="Tests\Unit\Exceptions\AbstractRequestExceptionTest" classname="Tests.Unit.Exceptions.AbstractRequestExceptionTest" assertions="8" time="0.003851"/>
        <testcase name="`AbstractRequestException` → `Edge Cases` → excludes debug information when debug mode is disabled" file="tests/Unit/Exceptions/AbstractRequestExceptionTest.php::`AbstractRequestException` → `Edge Cases` → excludes debug information when debug mode is disabled" class="Tests\Unit\Exceptions\AbstractRequestExceptionTest" classname="Tests.Unit.Exceptions.AbstractRequestExceptionTest" assertions="3" time="0.003878"/>
        <testcase name="`AbstractRequestException` → `Edge Cases` → filters out null values in array representation" file="tests/Unit/Exceptions/AbstractRequestExceptionTest.php::`AbstractRequestException` → `Edge Cases` → filters out null values in array representation" class="Tests\Unit\Exceptions\AbstractRequestExceptionTest" classname="Tests.Unit.Exceptions.AbstractRequestExceptionTest" assertions="2" time="0.003744"/>
        <testcase name="`AbstractRequestException` → `Edge Cases` → merges debug data with existing error data" file="tests/Unit/Exceptions/AbstractRequestExceptionTest.php::`AbstractRequestException` → `Edge Cases` → merges debug data with existing error data" class="Tests\Unit\Exceptions\AbstractRequestExceptionTest" classname="Tests.Unit.Exceptions.AbstractRequestExceptionTest" assertions="6" time="0.003802"/>
        <testcase name="`AbstractRequestException` → `Edge Cases` → handles empty data array" file="tests/Unit/Exceptions/AbstractRequestExceptionTest.php::`AbstractRequestException` → `Edge Cases` → handles empty data array" class="Tests\Unit\Exceptions\AbstractRequestExceptionTest" classname="Tests.Unit.Exceptions.AbstractRequestExceptionTest" assertions="3" time="0.004050">
          <failure type="PHPUnit\Framework\ExpectationFailedException">`AbstractRequestException` → `Edge Cases` → handles empty data arrayExpecting […] not to have key 'details'.
at tests/Unit/Exceptions/AbstractRequestExceptionTest.php:176</failure>
        </testcase>
        <testcase name="`AbstractRequestException` → `getStatusCode - Standard Error Codes` → returns 400 for parse error" file="tests/Unit/Exceptions/AbstractRequestExceptionTest.php::`AbstractRequestException` → `getStatusCode - Standard Error Codes` → returns 400 for parse error" class="Tests\Unit\Exceptions\AbstractRequestExceptionTest" classname="Tests.Unit.Exceptions.AbstractRequestExceptionTest" assertions="1" time="0.004014"/>
        <testcase name="`AbstractRequestException` → `getStatusCode - Standard Error Codes` → returns 400 for invalid request" file="tests/Unit/Exceptions/AbstractRequestExceptionTest.php::`AbstractRequestException` → `getStatusCode - Standard Error Codes` → returns 400 for invalid request" class="Tests\Unit\Exceptions\AbstractRequestExceptionTest" classname="Tests.Unit.Exceptions.AbstractRequestExceptionTest" assertions="1" time="0.003687"/>
        <testcase name="`AbstractRequestException` → `getStatusCode - Standard Error Codes` → returns 404 for function not found" file="tests/Unit/Exceptions/AbstractRequestExceptionTest.php::`AbstractRequestException` → `getStatusCode - Standard Error Codes` → returns 404 for function not found" class="Tests\Unit\Exceptions\AbstractRequestExceptionTest" classname="Tests.Unit.Exceptions.AbstractRequestExceptionTest" assertions="1" time="0.003642"/>
        <testcase name="`AbstractRequestException` → `getStatusCode - Standard Error Codes` → returns 400 for invalid arguments" file="tests/Unit/Exceptions/AbstractRequestExceptionTest.php::`AbstractRequestException` → `getStatusCode - Standard Error Codes` → returns 400 for invalid arguments" class="Tests\Unit\Exceptions\AbstractRequestExceptionTest" classname="Tests.Unit.Exceptions.AbstractRequestExceptionTest" assertions="1" time="0.003804"/>
        <testcase name="`AbstractRequestException` → `getStatusCode - Standard Error Codes` → returns 500 for internal error" file="tests/Unit/Exceptions/AbstractRequestExceptionTest.php::`AbstractRequestException` → `getStatusCode - Standard Error Codes` → returns 500 for internal error" class="Tests\Unit\Exceptions\AbstractRequestExceptionTest" classname="Tests.Unit.Exceptions.AbstractRequestExceptionTest" assertions="1" time="0.003806"/>
        <testcase name="`AbstractRequestException` → `getStatusCode - Standard Error Codes` → returns 500 for server error" file="tests/Unit/Exceptions/AbstractRequestExceptionTest.php::`AbstractRequestException` → `getStatusCode - Standard Error Codes` → returns 500 for server error" class="Tests\Unit\Exceptions\AbstractRequestExceptionTest" classname="Tests.Unit.Exceptions.AbstractRequestExceptionTest" assertions="1" time="0.003798"/>
        <testcase name="`AbstractRequestException` → `getStatusCode - Standard Error Codes` → returns 401 for unauthorized" file="tests/Unit/Exceptions/AbstractRequestExceptionTest.php::`AbstractRequestException` → `getStatusCode - Standard Error Codes` → returns 401 for unauthorized" class="Tests\Unit\Exceptions\AbstractRequestExceptionTest" classname="Tests.Unit.Exceptions.AbstractRequestExceptionTest" assertions="1" time="0.003804"/>
        <testcase name="`AbstractRequestException` → `getStatusCode - Standard Error Codes` → returns 403 for forbidden" file="tests/Unit/Exceptions/AbstractRequestExceptionTest.php::`AbstractRequestException` → `getStatusCode - Standard Error Codes` → returns 403 for forbidden" class="Tests\Unit\Exceptions\AbstractRequestExceptionTest" classname="Tests.Unit.Exceptions.AbstractRequestExceptionTest" assertions="1" time="0.004291"/>
        <testcase name="`AbstractRequestException` → `getStatusCode - Standard Error Codes` → returns 422 for validation error" file="tests/Unit/Exceptions/AbstractRequestExceptionTest.php::`AbstractRequestException` → `getStatusCode - Standard Error Codes` → returns 422 for validation error" class="Tests\Unit\Exceptions\AbstractRequestExceptionTest" classname="Tests.Unit.Exceptions.AbstractRequestExceptionTest" assertions="1" time="0.004069"/>
        <testcase name="`AbstractRequestException` → `getStatusCode - Standard Error Codes` → returns 429 for rate limited" file="tests/Unit/Exceptions/AbstractRequestExceptionTest.php::`AbstractRequestException` → `getStatusCode - Standard Error Codes` → returns 429 for rate limited" class="Tests\Unit\Exceptions\AbstractRequestExceptionTest" classname="Tests.Unit.Exceptions.AbstractRequestExceptionTest" assertions="1" time="0.011081"/>
        <testcase name="`AbstractRequestException` → `getStatusCode - Standard Error Codes` → returns 503 for service unavailable" file="tests/Unit/Exceptions/AbstractRequestExceptionTest.php::`AbstractRequestException` → `getStatusCode - Standard Error Codes` → returns 503 for service unavailable" class="Tests\Unit\Exceptions\AbstractRequestExceptionTest" classname="Tests.Unit.Exceptions.AbstractRequestExceptionTest" assertions="1" time="0.004615"/>
      </testsuite>
      <testsuite name="Tests\Unit\Exceptions\Actions\RendersThrowableTest" file="tests/Unit/Exceptions/Actions/RendersThrowableTest.php" tests="20" assertions="112" errors="0" failures="0" skipped="0" time="0.091286">
        <testcase name="`RendersThrowable` → `Happy Paths` → registers renderable on Exceptions instance" file="tests/Unit/Exceptions/Actions/RendersThrowableTest.php::`RendersThrowable` → `Happy Paths` → registers renderable on Exceptions instance" class="Tests\Unit\Exceptions\Actions\RendersThrowableTest" classname="Tests.Unit.Exceptions.Actions.RendersThrowableTest" assertions="1" time="0.008592"/>
        <testcase name="`RendersThrowable` → `Happy Paths` → returns JSON response for JSON request" file="tests/Unit/Exceptions/Actions/RendersThrowableTest.php::`RendersThrowable` → `Happy Paths` → returns JSON response for JSON request" class="Tests\Unit\Exceptions\Actions\RendersThrowableTest" classname="Tests.Unit.Exceptions.Actions.RendersThrowableTest" assertions="10" time="0.006202"/>
        <testcase name="`RendersThrowable` → `Happy Paths` → maps exception through ExceptionMapper" file="tests/Unit/Exceptions/Actions/RendersThrowableTest.php::`RendersThrowable` → `Happy Paths` → maps exception through ExceptionMapper" class="Tests\Unit\Exceptions\Actions\RendersThrowableTest" classname="Tests.Unit.Exceptions.Actions.RendersThrowableTest" assertions="7" time="0.004270"/>
        <testcase name="`RendersThrowable` → `Happy Paths` → includes request ID in response" file="tests/Unit/Exceptions/Actions/RendersThrowableTest.php::`RendersThrowable` → `Happy Paths` → includes request ID in response" class="Tests\Unit\Exceptions\Actions\RendersThrowableTest" classname="Tests.Unit.Exceptions.Actions.RendersThrowableTest" assertions="4" time="0.003990"/>
        <testcase name="`RendersThrowable` → `Happy Paths` → maps authentication exception to unauthorized error" file="tests/Unit/Exceptions/Actions/RendersThrowableTest.php::`RendersThrowable` → `Happy Paths` → maps authentication exception to unauthorized error" class="Tests\Unit\Exceptions\Actions\RendersThrowableTest" classname="Tests.Unit.Exceptions.Actions.RendersThrowableTest" assertions="6" time="0.003872"/>
        <testcase name="`RendersThrowable` → `Happy Paths` → maps authorization exception to forbidden error" file="tests/Unit/Exceptions/Actions/RendersThrowableTest.php::`RendersThrowable` → `Happy Paths` → maps authorization exception to forbidden error" class="Tests\Unit\Exceptions\Actions\RendersThrowableTest" classname="Tests.Unit.Exceptions.Actions.RendersThrowableTest" assertions="6" time="0.003793"/>
        <testcase name="`RendersThrowable` → `Happy Paths` → maps model not found exception to resource not found error" file="tests/Unit/Exceptions/Actions/RendersThrowableTest.php::`RendersThrowable` → `Happy Paths` → maps model not found exception to resource not found error" class="Tests\Unit\Exceptions\Actions\RendersThrowableTest" classname="Tests.Unit.Exceptions.Actions.RendersThrowableTest" assertions="6" time="0.003992"/>
        <testcase name="`RendersThrowable` → `Happy Paths` → maps item not found exception to resource not found error" file="tests/Unit/Exceptions/Actions/RendersThrowableTest.php::`RendersThrowable` → `Happy Paths` → maps item not found exception to resource not found error" class="Tests\Unit\Exceptions\Actions\RendersThrowableTest" classname="Tests.Unit.Exceptions.Actions.RendersThrowableTest" assertions="6" time="0.004037"/>
        <testcase name="`RendersThrowable` → `Happy Paths` → maps throttle requests exception to too many requests error" file="tests/Unit/Exceptions/Actions/RendersThrowableTest.php::`RendersThrowable` → `Happy Paths` → maps throttle requests exception to too many requests error" class="Tests\Unit\Exceptions\Actions\RendersThrowableTest" classname="Tests.Unit.Exceptions.Actions.RendersThrowableTest" assertions="6" time="0.003833"/>
        <testcase name="`RendersThrowable` → `Happy Paths` → maps validation exception to validation error with validation details" file="tests/Unit/Exceptions/Actions/RendersThrowableTest.php::`RendersThrowable` → `Happy Paths` → maps validation exception to validation error with validation details" class="Tests\Unit\Exceptions\Actions\RendersThrowableTest" classname="Tests.Unit.Exceptions.Actions.RendersThrowableTest" assertions="7" time="0.006068"/>
        <testcase name="`RendersThrowable` → `Happy Paths` → maps generic exception to internal error" file="tests/Unit/Exceptions/Actions/RendersThrowableTest.php::`RendersThrowable` → `Happy Paths` → maps generic exception to internal error" class="Tests\Unit\Exceptions\Actions\RendersThrowableTest" classname="Tests.Unit.Exceptions.Actions.RendersThrowableTest" assertions="6" time="0.004196"/>
        <testcase name="`RendersThrowable` → `Sad Paths` → returns null for non-JSON request" file="tests/Unit/Exceptions/Actions/RendersThrowableTest.php::`RendersThrowable` → `Sad Paths` → returns null for non-JSON request" class="Tests\Unit\Exceptions\Actions\RendersThrowableTest" classname="Tests.Unit.Exceptions.Actions.RendersThrowableTest" assertions="3" time="0.003932"/>
        <testcase name="`RendersThrowable` → `Sad Paths` → generates ID when request ID is missing" file="tests/Unit/Exceptions/Actions/RendersThrowableTest.php::`RendersThrowable` → `Sad Paths` → generates ID when request ID is missing" class="Tests\Unit\Exceptions\Actions\RendersThrowableTest" classname="Tests.Unit.Exceptions.Actions.RendersThrowableTest" assertions="6" time="0.003895"/>
        <testcase name="`RendersThrowable` → `Edge Cases` → response includes protocol and result fields" file="tests/Unit/Exceptions/Actions/RendersThrowableTest.php::`RendersThrowable` → `Edge Cases` → response includes protocol and result fields" class="Tests\Unit\Exceptions\Actions\RendersThrowableTest" classname="Tests.Unit.Exceptions.Actions.RendersThrowableTest" assertions="9" time="0.003821"/>
        <testcase name="`RendersThrowable` → `Edge Cases` → preserves exception headers" file="tests/Unit/Exceptions/Actions/RendersThrowableTest.php::`RendersThrowable` → `Edge Cases` → preserves exception headers" class="Tests\Unit\Exceptions\Actions\RendersThrowableTest" classname="Tests.Unit.Exceptions.Actions.RendersThrowableTest" assertions="5" time="0.003816"/>
        <testcase name="`RendersThrowable` → `Edge Cases` → preserves exception status code" file="tests/Unit/Exceptions/Actions/RendersThrowableTest.php::`RendersThrowable` → `Edge Cases` → preserves exception status code" class="Tests\Unit\Exceptions\Actions\RendersThrowableTest" classname="Tests.Unit.Exceptions.Actions.RendersThrowableTest" assertions="5" time="0.003848"/>
        <testcase name="`RendersThrowable` → `Edge Cases` → generates ID for request with empty string id" file="tests/Unit/Exceptions/Actions/RendersThrowableTest.php::`RendersThrowable` → `Edge Cases` → generates ID for request with empty string id" class="Tests\Unit\Exceptions\Actions\RendersThrowableTest" classname="Tests.Unit.Exceptions.Actions.RendersThrowableTest" assertions="5" time="0.004021"/>
        <testcase name="`RendersThrowable` → `Edge Cases` → handles request with string id" file="tests/Unit/Exceptions/Actions/RendersThrowableTest.php::`RendersThrowable` → `Edge Cases` → handles request with string id" class="Tests\Unit\Exceptions\Actions\RendersThrowableTest" classname="Tests.Unit.Exceptions.Actions.RendersThrowableTest" assertions="4" time="0.003912"/>
        <testcase name="`RendersThrowable` → `Edge Cases` → handles exception with empty message" file="tests/Unit/Exceptions/Actions/RendersThrowableTest.php::`RendersThrowable` → `Edge Cases` → handles exception with empty message" class="Tests\Unit\Exceptions\Actions\RendersThrowableTest" classname="Tests.Unit.Exceptions.Actions.RendersThrowableTest" assertions="5" time="0.007096"/>
        <testcase name="`RendersThrowable` → `Edge Cases` → handles unicode characters in exception messages" file="tests/Unit/Exceptions/Actions/RendersThrowableTest.php::`RendersThrowable` → `Edge Cases` → handles unicode characters in exception messages" class="Tests\Unit\Exceptions\Actions\RendersThrowableTest" classname="Tests.Unit.Exceptions.Actions.RendersThrowableTest" assertions="5" time="0.004100"/>
      </testsuite>
      <testsuite name="Tests\Unit\Exceptions\Concerns\RendersThrowableTest" file="tests/Unit/Exceptions/Concerns/RendersThrowableTest.php" tests="10" assertions="36" errors="0" failures="0" skipped="0" time="0.041975">
        <testcase name="`RendersThrowable` → renderableThrowable registers a renderable closure" file="tests/Unit/Exceptions/Concerns/RendersThrowableTest.php::`RendersThrowable` → renderableThrowable registers a renderable closure" class="Tests\Unit\Exceptions\Concerns\RendersThrowableTest" classname="Tests.Unit.Exceptions.Concerns.RendersThrowableTest" assertions="2" time="0.007223"/>
        <testcase name="`RendersThrowable` → returns null when request does not want JSON" file="tests/Unit/Exceptions/Concerns/RendersThrowableTest.php::`RendersThrowable` → returns null when request does not want JSON" class="Tests\Unit\Exceptions\Concerns\RendersThrowableTest" classname="Tests.Unit.Exceptions.Concerns.RendersThrowableTest" assertions="1" time="0.003624"/>
        <testcase name="`RendersThrowable` → maps exception through ExceptionMapper for JSON requests" file="tests/Unit/Exceptions/Concerns/RendersThrowableTest.php::`RendersThrowable` → maps exception through ExceptionMapper for JSON requests" class="Tests\Unit\Exceptions\Concerns\RendersThrowableTest" classname="Tests.Unit.Exceptions.Concerns.RendersThrowableTest" assertions="7" time="0.003983"/>
        <testcase name="`RendersThrowable` → includes request ID in response when present" file="tests/Unit/Exceptions/Concerns/RendersThrowableTest.php::`RendersThrowable` → includes request ID in response when present" class="Tests\Unit\Exceptions\Concerns\RendersThrowableTest" classname="Tests.Unit.Exceptions.Concerns.RendersThrowableTest" assertions="2" time="0.003744"/>
        <testcase name="`RendersThrowable` → generates ID when not present in request" file="tests/Unit/Exceptions/Concerns/RendersThrowableTest.php::`RendersThrowable` → generates ID when not present in request" class="Tests\Unit\Exceptions\Concerns\RendersThrowableTest" classname="Tests.Unit.Exceptions.Concerns.RendersThrowableTest" assertions="3" time="0.003680"/>
        <testcase name="`RendersThrowable` → uses status code from mapped exception" file="tests/Unit/Exceptions/Concerns/RendersThrowableTest.php::`RendersThrowable` → uses status code from mapped exception" class="Tests\Unit\Exceptions\Concerns\RendersThrowableTest" classname="Tests.Unit.Exceptions.Concerns.RendersThrowableTest" assertions="1" time="0.003872"/>
        <testcase name="`RendersThrowable` → includes headers from mapped exception" file="tests/Unit/Exceptions/Concerns/RendersThrowableTest.php::`RendersThrowable` → includes headers from mapped exception" class="Tests\Unit\Exceptions\Concerns\RendersThrowableTest" classname="Tests.Unit.Exceptions.Concerns.RendersThrowableTest" assertions="1" time="0.004078"/>
        <testcase name="`RendersThrowable` → maps ValidationException to SemanticValidationException" file="tests/Unit/Exceptions/Concerns/RendersThrowableTest.php::`RendersThrowable` → maps ValidationException to SemanticValidationException" class="Tests\Unit\Exceptions\Concerns\RendersThrowableTest" classname="Tests.Unit.Exceptions.Concerns.RendersThrowableTest" assertions="4" time="0.004043"/>
        <testcase name="`RendersThrowable` → preserves Forrst compliant exception without remapping" file="tests/Unit/Exceptions/Concerns/RendersThrowableTest.php::`RendersThrowable` → preserves Forrst compliant exception without remapping" class="Tests\Unit\Exceptions\Concerns\RendersThrowableTest" classname="Tests.Unit.Exceptions.Concerns.RendersThrowableTest" assertions="4" time="0.003884"/>
        <testcase name="`RendersThrowable` → returns Forrst protocol compliant response structure" file="tests/Unit/Exceptions/Concerns/RendersThrowableTest.php::`RendersThrowable` → returns Forrst protocol compliant response structure" class="Tests\Unit\Exceptions\Concerns\RendersThrowableTest" classname="Tests.Unit.Exceptions.Concerns.RendersThrowableTest" assertions="11" time="0.003844"/>
      </testsuite>
      <testsuite name="Tests\Unit\Exceptions\ExceptionMapperTest" file="tests/Unit/Exceptions/ExceptionMapperTest.php" tests="1" assertions="1" errors="0" failures="0" skipped="0" time="0.005085">
        <testcase name="`ExceptionMapper` → maps exception to Forrst exception" file="tests/Unit/Exceptions/ExceptionMapperTest.php::`ExceptionMapper` → maps exception to Forrst exception" class="Tests\Unit\Exceptions\ExceptionMapperTest" classname="Tests.Unit.Exceptions.ExceptionMapperTest" assertions="1" time="0.005085"/>
      </testsuite>
      <testsuite name="Tests\Unit\Exceptions\ForbiddenExceptionTest" file="tests/Unit/Exceptions/ForbiddenExceptionTest.php" tests="1" assertions="4" errors="0" failures="0" skipped="0" time="0.004096">
        <testcase name="`ForbiddenException` → `Happy Paths` → creates an forbidden exception" file="tests/Unit/Exceptions/ForbiddenExceptionTest.php::`ForbiddenException` → `Happy Paths` → creates an forbidden exception" class="Tests\Unit\Exceptions\ForbiddenExceptionTest" classname="Tests.Unit.Exceptions.ForbiddenExceptionTest" assertions="4" time="0.004096"/>
      </testsuite>
      <testsuite name="Tests\Unit\Exceptions\FunctionNotFoundExceptionTest" file="tests/Unit/Exceptions/FunctionNotFoundExceptionTest.php" tests="1" assertions="4" errors="0" failures="0" skipped="0" time="0.004037">
        <testcase name="`FunctionNotFoundException` → `Happy Paths` → creates a method not found exception" file="tests/Unit/Exceptions/FunctionNotFoundExceptionTest.php::`FunctionNotFoundException` → `Happy Paths` → creates a method not found exception" class="Tests\Unit\Exceptions\FunctionNotFoundExceptionTest" classname="Tests.Unit.Exceptions.FunctionNotFoundExceptionTest" assertions="4" time="0.004037"/>
      </testsuite>
      <testsuite name="Tests\Unit\Exceptions\InternalErrorExceptionTest" file="tests/Unit/Exceptions/InternalErrorExceptionTest.php" tests="1" assertions="6" errors="0" failures="0" skipped="0" time="0.004047">
        <testcase name="`InternalErrorException` → `Happy Paths` → creates an internal error exception" file="tests/Unit/Exceptions/InternalErrorExceptionTest.php::`InternalErrorException` → `Happy Paths` → creates an internal error exception" class="Tests\Unit\Exceptions\InternalErrorExceptionTest" classname="Tests.Unit.Exceptions.InternalErrorExceptionTest" assertions="6" time="0.004047"/>
      </testsuite>
      <testsuite name="Tests\Unit\Exceptions\InvalidDataExceptionTest" file="tests/Unit/Exceptions/InvalidDataExceptionTest.php" tests="1" assertions="4" errors="0" failures="0" skipped="0" time="0.003861">
        <testcase name="`InvalidDataException` → `Happy Paths` → creates an invalid params exception from a validation exception" file="tests/Unit/Exceptions/InvalidDataExceptionTest.php::`InvalidDataException` → `Happy Paths` → creates an invalid params exception from a validation exception" class="Tests\Unit\Exceptions\InvalidDataExceptionTest" classname="Tests.Unit.Exceptions.InvalidDataExceptionTest" assertions="4" time="0.003861"/>
      </testsuite>
      <testsuite name="Tests\Unit\Exceptions\InvalidFieldsExceptionTest" file="tests/Unit/Exceptions/InvalidFieldsExceptionTest.php" tests="1" assertions="4" errors="0" failures="0" skipped="0" time="0.006947">
        <testcase name="`InvalidFieldsException` → `Happy Paths` → creates an invalid fields exception" file="tests/Unit/Exceptions/InvalidFieldsExceptionTest.php::`InvalidFieldsException` → `Happy Paths` → creates an invalid fields exception" class="Tests\Unit\Exceptions\InvalidFieldsExceptionTest" classname="Tests.Unit.Exceptions.InvalidFieldsExceptionTest" assertions="4" time="0.006947"/>
      </testsuite>
      <testsuite name="Tests\Unit\Exceptions\InvalidFiltersExceptionTest" file="tests/Unit/Exceptions/InvalidFiltersExceptionTest.php" tests="1" assertions="4" errors="0" failures="0" skipped="0" time="0.004158">
        <testcase name="`InvalidFiltersException` → `Happy Paths` → creates an invalid filters exception" file="tests/Unit/Exceptions/InvalidFiltersExceptionTest.php::`InvalidFiltersException` → `Happy Paths` → creates an invalid filters exception" class="Tests\Unit\Exceptions\InvalidFiltersExceptionTest" classname="Tests.Unit.Exceptions.InvalidFiltersExceptionTest" assertions="4" time="0.004158"/>
      </testsuite>
      <testsuite name="Tests\Unit\Exceptions\InvalidParamsExceptionTest" file="tests/Unit/Exceptions/InvalidParamsExceptionTest.php" tests="1" assertions="4" errors="0" failures="0" skipped="0" time="0.004291">
        <testcase name="`InvalidParamsException` → `Happy Paths` → creates a server error exception" file="tests/Unit/Exceptions/InvalidParamsExceptionTest.php::`InvalidParamsException` → `Happy Paths` → creates a server error exception" class="Tests\Unit\Exceptions\InvalidParamsExceptionTest" classname="Tests.Unit.Exceptions.InvalidParamsExceptionTest" assertions="4" time="0.004291"/>
      </testsuite>
      <testsuite name="Tests\Unit\Exceptions\InvalidRelationshipsExceptionTest" file="tests/Unit/Exceptions/InvalidRelationshipsExceptionTest.php" tests="8" assertions="29" errors="0" failures="0" skipped="0" time="0.030194">
        <testcase name="`InvalidRelationshipsException` → `Happy Paths` → creates exception with unknown and allowed relationships" file="tests/Unit/Exceptions/InvalidRelationshipsExceptionTest.php::`InvalidRelationshipsException` → `Happy Paths` → creates exception with unknown and allowed relationships" class="Tests\Unit\Exceptions\InvalidRelationshipsExceptionTest" classname="Tests.Unit.Exceptions.InvalidRelationshipsExceptionTest" assertions="4" time="0.004095"/>
        <testcase name="`InvalidRelationshipsException` → `Happy Paths` → creates exception with empty allowed relationships array" file="tests/Unit/Exceptions/InvalidRelationshipsExceptionTest.php::`InvalidRelationshipsException` → `Happy Paths` → creates exception with empty allowed relationships array" class="Tests\Unit\Exceptions\InvalidRelationshipsExceptionTest" classname="Tests.Unit.Exceptions.InvalidRelationshipsExceptionTest" assertions="6" time="0.004068"/>
        <testcase name="`InvalidRelationshipsException` → `Happy Paths` → creates exception with multiple unknown relationships" file="tests/Unit/Exceptions/InvalidRelationshipsExceptionTest.php::`InvalidRelationshipsException` → `Happy Paths` → creates exception with multiple unknown relationships" class="Tests\Unit\Exceptions\InvalidRelationshipsExceptionTest" classname="Tests.Unit.Exceptions.InvalidRelationshipsExceptionTest" assertions="6" time="0.003767"/>
        <testcase name="`InvalidRelationshipsException` → `Sad Paths` → creates exception when some unknown relationships overlap with allowed" file="tests/Unit/Exceptions/InvalidRelationshipsExceptionTest.php::`InvalidRelationshipsException` → `Sad Paths` → creates exception when some unknown relationships overlap with allowed" class="Tests\Unit\Exceptions\InvalidRelationshipsExceptionTest" classname="Tests.Unit.Exceptions.InvalidRelationshipsExceptionTest" assertions="3" time="0.003598"/>
        <testcase name="`InvalidRelationshipsException` → `Sad Paths` → creates exception with empty unknown relationships after filtering" file="tests/Unit/Exceptions/InvalidRelationshipsExceptionTest.php::`InvalidRelationshipsException` → `Sad Paths` → creates exception with empty unknown relationships after filtering" class="Tests\Unit\Exceptions\InvalidRelationshipsExceptionTest" classname="Tests.Unit.Exceptions.InvalidRelationshipsExceptionTest" assertions="3" time="0.003520"/>
        <testcase name="`InvalidRelationshipsException` → `Edge Cases` → creates exception with special characters in relationship names" file="tests/Unit/Exceptions/InvalidRelationshipsExceptionTest.php::`InvalidRelationshipsException` → `Edge Cases` → creates exception with special characters in relationship names" class="Tests\Unit\Exceptions\InvalidRelationshipsExceptionTest" classname="Tests.Unit.Exceptions.InvalidRelationshipsExceptionTest" assertions="2" time="0.003625"/>
        <testcase name="`InvalidRelationshipsException` → `Edge Cases` → creates exception with very long relationship names" file="tests/Unit/Exceptions/InvalidRelationshipsExceptionTest.php::`InvalidRelationshipsException` → `Edge Cases` → creates exception with very long relationship names" class="Tests\Unit\Exceptions\InvalidRelationshipsExceptionTest" classname="Tests.Unit.Exceptions.InvalidRelationshipsExceptionTest" assertions="3" time="0.003772"/>
        <testcase name="`InvalidRelationshipsException` → `Edge Cases` → creates exception with duplicate unknown relationships" file="tests/Unit/Exceptions/InvalidRelationshipsExceptionTest.php::`InvalidRelationshipsException` → `Edge Cases` → creates exception with duplicate unknown relationships" class="Tests\Unit\Exceptions\InvalidRelationshipsExceptionTest" classname="Tests.Unit.Exceptions.InvalidRelationshipsExceptionTest" assertions="2" time="0.003748"/>
      </testsuite>
      <testsuite name="Tests\Unit\Exceptions\InvalidRequestExceptionTest" file="tests/Unit/Exceptions/InvalidRequestExceptionTest.php" tests="1" assertions="4" errors="0" failures="0" skipped="0" time="0.005298">
        <testcase name="`InvalidRequestException` → `Happy Paths` → creates an invalid request exception" file="tests/Unit/Exceptions/InvalidRequestExceptionTest.php::`InvalidRequestException` → `Happy Paths` → creates an invalid request exception" class="Tests\Unit\Exceptions\InvalidRequestExceptionTest" classname="Tests.Unit.Exceptions.InvalidRequestExceptionTest" assertions="4" time="0.005298"/>
      </testsuite>
      <testsuite name="Tests\Unit\Exceptions\InvalidSortsExceptionTest" file="tests/Unit/Exceptions/InvalidSortsExceptionTest.php" tests="1" assertions="4" errors="0" failures="0" skipped="0" time="0.004116">
        <testcase name="`InvalidSortsException` → `Happy Paths` → creates an invalid filters exception" file="tests/Unit/Exceptions/InvalidSortsExceptionTest.php::`InvalidSortsException` → `Happy Paths` → creates an invalid filters exception" class="Tests\Unit\Exceptions\InvalidSortsExceptionTest" classname="Tests.Unit.Exceptions.InvalidSortsExceptionTest" assertions="4" time="0.004116"/>
      </testsuite>
      <testsuite name="Tests\Unit\Exceptions\JsonSchemaExceptionTest" file="tests/Unit/Exceptions/JsonSchemaExceptionTest.php" tests="1" assertions="4" errors="0" failures="0" skipped="0" time="0.004382">
        <testcase name="`JsonSchemaException` → `Happy Paths` → creates exception for invalid rule" file="tests/Unit/Exceptions/JsonSchemaExceptionTest.php::`JsonSchemaException` → `Happy Paths` → creates exception for invalid rule" class="Tests\Unit\Exceptions\JsonSchemaExceptionTest" classname="Tests.Unit.Exceptions.JsonSchemaExceptionTest" assertions="4" time="0.004382"/>
      </testsuite>
      <testsuite name="Tests\Unit\Exceptions\OperationFailedExceptionTest" file="tests/Unit/Exceptions/OperationFailedExceptionTest.php" tests="4" assertions="12" errors="0" failures="0" skipped="0" time="0.015523">
        <testcase name="`OperationFailedException` → `Happy Paths` → creates exception with operation id and custom reason" file="tests/Unit/Exceptions/OperationFailedExceptionTest.php::`OperationFailedException` → `Happy Paths` → creates exception with operation id and custom reason" class="Tests\Unit\Exceptions\OperationFailedExceptionTest" classname="Tests.Unit.Exceptions.OperationFailedExceptionTest" assertions="4" time="0.004362"/>
        <testcase name="`OperationFailedException` → `Happy Paths` → creates exception with default message when reason is null" file="tests/Unit/Exceptions/OperationFailedExceptionTest.php::`OperationFailedException` → `Happy Paths` → creates exception with default message when reason is null" class="Tests\Unit\Exceptions\OperationFailedExceptionTest" classname="Tests.Unit.Exceptions.OperationFailedExceptionTest" assertions="4" time="0.003665"/>
        <testcase name="`OperationFailedException` → `Edge Cases` → handles empty operation id" file="tests/Unit/Exceptions/OperationFailedExceptionTest.php::`OperationFailedException` → `Edge Cases` → handles empty operation id" class="Tests\Unit\Exceptions\OperationFailedExceptionTest" classname="Tests.Unit.Exceptions.OperationFailedExceptionTest" assertions="2" time="0.003648"/>
        <testcase name="`OperationFailedException` → `Edge Cases` → handles empty reason string" file="tests/Unit/Exceptions/OperationFailedExceptionTest.php::`OperationFailedException` → `Edge Cases` → handles empty reason string" class="Tests\Unit\Exceptions\OperationFailedExceptionTest" classname="Tests.Unit.Exceptions.OperationFailedExceptionTest" assertions="2" time="0.003848"/>
      </testsuite>
      <testsuite name="Tests\Unit\Exceptions\ParseErrorExceptionTest" file="tests/Unit/Exceptions/ParseErrorExceptionTest.php" tests="1" assertions="4" errors="0" failures="0" skipped="0" time="0.005078">
        <testcase name="`ParseErrorException` → `Happy Paths` → creates a parse error exception" file="tests/Unit/Exceptions/ParseErrorExceptionTest.php::`ParseErrorException` → `Happy Paths` → creates a parse error exception" class="Tests\Unit\Exceptions\ParseErrorExceptionTest" classname="Tests.Unit.Exceptions.ParseErrorExceptionTest" assertions="4" time="0.005078"/>
      </testsuite>
      <testsuite name="Tests\Unit\Exceptions\ResourceNotFoundExceptionTest" file="tests/Unit/Exceptions/ResourceNotFoundExceptionTest.php" tests="2" assertions="10" errors="0" failures="0" skipped="0" time="0.010981">
        <testcase name="`ResourceNotFoundException` → `Happy Paths` → creates exception with default detail" file="tests/Unit/Exceptions/ResourceNotFoundExceptionTest.php::`ResourceNotFoundException` → `Happy Paths` → creates exception with default detail" class="Tests\Unit\Exceptions\ResourceNotFoundExceptionTest" classname="Tests.Unit.Exceptions.ResourceNotFoundExceptionTest" assertions="5" time="0.006837"/>
        <testcase name="`ResourceNotFoundException` → `Happy Paths` → creates exception with custom detail" file="tests/Unit/Exceptions/ResourceNotFoundExceptionTest.php::`ResourceNotFoundException` → `Happy Paths` → creates exception with custom detail" class="Tests\Unit\Exceptions\ResourceNotFoundExceptionTest" classname="Tests.Unit.Exceptions.ResourceNotFoundExceptionTest" assertions="5" time="0.004144"/>
      </testsuite>
      <testsuite name="Tests\Unit\Exceptions\ServerErrorExceptionTest" file="tests/Unit/Exceptions/ServerErrorExceptionTest.php" tests="1" assertions="4" errors="0" failures="0" skipped="0" time="0.004527">
        <testcase name="`ServerErrorException` → `Happy Paths` → creates a server error exception" file="tests/Unit/Exceptions/ServerErrorExceptionTest.php::`ServerErrorException` → `Happy Paths` → creates a server error exception" class="Tests\Unit\Exceptions\ServerErrorExceptionTest" classname="Tests.Unit.Exceptions.ServerErrorExceptionTest" assertions="4" time="0.004527"/>
      </testsuite>
      <testsuite name="Tests\Unit\Exceptions\ServerNotFoundExceptionTest" file="tests/Unit/Exceptions/ServerNotFoundExceptionTest.php" tests="1" assertions="4" errors="0" failures="0" skipped="0" time="0.003989">
        <testcase name="`ServerNotFoundException` → `Happy Paths` → creates a server not error exception" file="tests/Unit/Exceptions/ServerNotFoundExceptionTest.php::`ServerNotFoundException` → `Happy Paths` → creates a server not error exception" class="Tests\Unit\Exceptions\ServerNotFoundExceptionTest" classname="Tests.Unit.Exceptions.ServerNotFoundExceptionTest" assertions="4" time="0.003989"/>
      </testsuite>
      <testsuite name="Tests\Unit\Exceptions\ServiceUnavailableExceptionTest" file="tests/Unit/Exceptions/ServiceUnavailableExceptionTest.php" tests="2" assertions="10" errors="0" failures="0" skipped="0" time="0.007522">
        <testcase name="`ServiceUnavailableException` → `Happy Paths` → creates exception with default detail" file="tests/Unit/Exceptions/ServiceUnavailableExceptionTest.php::`ServiceUnavailableException` → `Happy Paths` → creates exception with default detail" class="Tests\Unit\Exceptions\ServiceUnavailableExceptionTest" classname="Tests.Unit.Exceptions.ServiceUnavailableExceptionTest" assertions="5" time="0.003908"/>
        <testcase name="`ServiceUnavailableException` → `Happy Paths` → creates exception with custom detail" file="tests/Unit/Exceptions/ServiceUnavailableExceptionTest.php::`ServiceUnavailableException` → `Happy Paths` → creates exception with custom detail" class="Tests\Unit\Exceptions\ServiceUnavailableExceptionTest" classname="Tests.Unit.Exceptions.ServiceUnavailableExceptionTest" assertions="5" time="0.003614"/>
      </testsuite>
      <testsuite name="Tests\Unit\Exceptions\TooManyRequestsExceptionTest" file="tests/Unit/Exceptions/TooManyRequestsExceptionTest.php" tests="26" assertions="72" errors="0" failures="0" skipped="0" time="0.100845">
        <testcase name="`TooManyRequestsException` → `Happy Paths` → creates basic rate limit exception with default detail message" file="tests/Unit/Exceptions/TooManyRequestsExceptionTest.php::`TooManyRequestsException` → `Happy Paths` → creates basic rate limit exception with default detail message" class="Tests\Unit\Exceptions\TooManyRequestsExceptionTest" classname="Tests.Unit.Exceptions.TooManyRequestsExceptionTest" assertions="4" time="0.004016"/>
        <testcase name="`TooManyRequestsException` → `Happy Paths` → creates basic rate limit exception with custom detail message" file="tests/Unit/Exceptions/TooManyRequestsExceptionTest.php::`TooManyRequestsException` → `Happy Paths` → creates basic rate limit exception with custom detail message" class="Tests\Unit\Exceptions\TooManyRequestsExceptionTest" classname="Tests.Unit.Exceptions.TooManyRequestsExceptionTest" assertions="3" time="0.003794"/>
        <testcase name="`TooManyRequestsException` → `Happy Paths` → creates exception with complete rate limit details for client backoff" file="tests/Unit/Exceptions/TooManyRequestsExceptionTest.php::`TooManyRequestsException` → `Happy Paths` → creates exception with complete rate limit details for client backoff" class="Tests\Unit\Exceptions\TooManyRequestsExceptionTest" classname="Tests.Unit.Exceptions.TooManyRequestsExceptionTest" assertions="4" time="0.003570"/>
        <testcase name="`TooManyRequestsException` → `Happy Paths` → includes rate limit threshold in structured details" file="tests/Unit/Exceptions/TooManyRequestsExceptionTest.php::`TooManyRequestsException` → `Happy Paths` → includes rate limit threshold in structured details" class="Tests\Unit\Exceptions\TooManyRequestsExceptionTest" classname="Tests.Unit.Exceptions.TooManyRequestsExceptionTest" assertions="2" time="0.003628"/>
        <testcase name="`TooManyRequestsException` → `Happy Paths` → includes current usage count in structured details" file="tests/Unit/Exceptions/TooManyRequestsExceptionTest.php::`TooManyRequestsException` → `Happy Paths` → includes current usage count in structured details" class="Tests\Unit\Exceptions\TooManyRequestsExceptionTest" classname="Tests.Unit.Exceptions.TooManyRequestsExceptionTest" assertions="2" time="0.003603"/>
        <testcase name="`TooManyRequestsException` → `Happy Paths` → includes time window definition with value and unit" file="tests/Unit/Exceptions/TooManyRequestsExceptionTest.php::`TooManyRequestsException` → `Happy Paths` → includes time window definition with value and unit" class="Tests\Unit\Exceptions\TooManyRequestsExceptionTest" classname="Tests.Unit.Exceptions.TooManyRequestsExceptionTest" assertions="5" time="0.003540"/>
        <testcase name="`TooManyRequestsException` → `Happy Paths` → includes retry timing information with value and unit" file="tests/Unit/Exceptions/TooManyRequestsExceptionTest.php::`TooManyRequestsException` → `Happy Paths` → includes retry timing information with value and unit" class="Tests\Unit\Exceptions\TooManyRequestsExceptionTest" classname="Tests.Unit.Exceptions.TooManyRequestsExceptionTest" assertions="5" time="0.003646"/>
        <testcase name="`TooManyRequestsException` → `Happy Paths` → serializes to array with all rate limit information" file="tests/Unit/Exceptions/TooManyRequestsExceptionTest.php::`TooManyRequestsException` → `Happy Paths` → serializes to array with all rate limit information" class="Tests\Unit\Exceptions\TooManyRequestsExceptionTest" classname="Tests.Unit.Exceptions.TooManyRequestsExceptionTest" assertions="9" time="0.003622"/>
        <testcase name="`TooManyRequestsException` → `Happy Paths` → returns 429 status code for HTTP responses" file="tests/Unit/Exceptions/TooManyRequestsExceptionTest.php::`TooManyRequestsException` → `Happy Paths` → returns 429 status code for HTTP responses" class="Tests\Unit\Exceptions\TooManyRequestsExceptionTest" classname="Tests.Unit.Exceptions.TooManyRequestsExceptionTest" assertions="2" time="0.003659"/>
        <testcase name="`TooManyRequestsException` → `Sad Paths` → handles zero limit indicating no requests allowed" file="tests/Unit/Exceptions/TooManyRequestsExceptionTest.php::`TooManyRequestsException` → `Sad Paths` → handles zero limit indicating no requests allowed" class="Tests\Unit\Exceptions\TooManyRequestsExceptionTest" classname="Tests.Unit.Exceptions.TooManyRequestsExceptionTest" assertions="2" time="0.003721"/>
        <testcase name="`TooManyRequestsException` → `Sad Paths` → handles excessive usage count far exceeding limit" file="tests/Unit/Exceptions/TooManyRequestsExceptionTest.php::`TooManyRequestsException` → `Sad Paths` → handles excessive usage count far exceeding limit" class="Tests\Unit\Exceptions\TooManyRequestsExceptionTest" classname="Tests.Unit.Exceptions.TooManyRequestsExceptionTest" assertions="2" time="0.003616"/>
        <testcase name="`TooManyRequestsException` → `Sad Paths` → uses default detail message when null is provided to create method" file="tests/Unit/Exceptions/TooManyRequestsExceptionTest.php::`TooManyRequestsException` → `Sad Paths` → uses default detail message when null is provided to create method" class="Tests\Unit\Exceptions\TooManyRequestsExceptionTest" classname="Tests.Unit.Exceptions.TooManyRequestsExceptionTest" assertions="1" time="0.003617"/>
        <testcase name="`TooManyRequestsException` → `Sad Paths` → uses default detail message when null is provided to createWithDetails method" file="tests/Unit/Exceptions/TooManyRequestsExceptionTest.php::`TooManyRequestsException` → `Sad Paths` → uses default detail message when null is provided to createWithDetails method" class="Tests\Unit\Exceptions\TooManyRequestsExceptionTest" classname="Tests.Unit.Exceptions.TooManyRequestsExceptionTest" assertions="1" time="0.003708"/>
        <testcase name="`TooManyRequestsException` → `Edge Cases` → handles rate limit at exact threshold with equal used and limit" file="tests/Unit/Exceptions/TooManyRequestsExceptionTest.php::`TooManyRequestsException` → `Edge Cases` → handles rate limit at exact threshold with equal used and limit" class="Tests\Unit\Exceptions\TooManyRequestsExceptionTest" classname="Tests.Unit.Exceptions.TooManyRequestsExceptionTest" assertions="2" time="0.003750"/>
        <testcase name="`TooManyRequestsException` → `Edge Cases` → handles very short time window of 1 second" file="tests/Unit/Exceptions/TooManyRequestsExceptionTest.php::`TooManyRequestsException` → `Edge Cases` → handles very short time window of 1 second" class="Tests\Unit\Exceptions\TooManyRequestsExceptionTest" classname="Tests.Unit.Exceptions.TooManyRequestsExceptionTest" assertions="2" time="0.003747"/>
        <testcase name="`TooManyRequestsException` → `Edge Cases` → handles very long time window of 24 hours" file="tests/Unit/Exceptions/TooManyRequestsExceptionTest.php::`TooManyRequestsException` → `Edge Cases` → handles very long time window of 24 hours" class="Tests\Unit\Exceptions\TooManyRequestsExceptionTest" classname="Tests.Unit.Exceptions.TooManyRequestsExceptionTest" assertions="2" time="0.003702"/>
        <testcase name="`TooManyRequestsException` → `Edge Cases` → handles immediate retry with zero retry-after value" file="tests/Unit/Exceptions/TooManyRequestsExceptionTest.php::`TooManyRequestsException` → `Edge Cases` → handles immediate retry with zero retry-after value" class="Tests\Unit\Exceptions\TooManyRequestsExceptionTest" classname="Tests.Unit.Exceptions.TooManyRequestsExceptionTest" assertions="1" time="0.003632"/>
        <testcase name="`TooManyRequestsException` → `Edge Cases` → handles large retry-after value for long backoff period" file="tests/Unit/Exceptions/TooManyRequestsExceptionTest.php::`TooManyRequestsException` → `Edge Cases` → handles large retry-after value for long backoff period" class="Tests\Unit\Exceptions\TooManyRequestsExceptionTest" classname="Tests.Unit.Exceptions.TooManyRequestsExceptionTest" assertions="2" time="0.003813"/>
        <testcase name="`TooManyRequestsException` → `Edge Cases` → includes HTTP status code in details for basic create method" file="tests/Unit/Exceptions/TooManyRequestsExceptionTest.php::`TooManyRequestsException` → `Edge Cases` → includes HTTP status code in details for basic create method" class="Tests\Unit\Exceptions\TooManyRequestsExceptionTest" classname="Tests.Unit.Exceptions.TooManyRequestsExceptionTest" assertions="2" time="0.007232"/>
        <testcase name="`TooManyRequestsException` → `Edge Cases` → includes HTTP status code in details for createWithDetails method" file="tests/Unit/Exceptions/TooManyRequestsExceptionTest.php::`TooManyRequestsException` → `Edge Cases` → includes HTTP status code in details for createWithDetails method" class="Tests\Unit\Exceptions\TooManyRequestsExceptionTest" classname="Tests.Unit.Exceptions.TooManyRequestsExceptionTest" assertions="2" time="0.004015"/>
        <testcase name="`TooManyRequestsException` → `Edge Cases` → includes error title in details for basic create method" file="tests/Unit/Exceptions/TooManyRequestsExceptionTest.php::`TooManyRequestsException` → `Edge Cases` → includes error title in details for basic create method" class="Tests\Unit\Exceptions\TooManyRequestsExceptionTest" classname="Tests.Unit.Exceptions.TooManyRequestsExceptionTest" assertions="2" time="0.003772"/>
        <testcase name="`TooManyRequestsException` → `Edge Cases` → includes error title in details for createWithDetails method" file="tests/Unit/Exceptions/TooManyRequestsExceptionTest.php::`TooManyRequestsException` → `Edge Cases` → includes error title in details for createWithDetails method" class="Tests\Unit\Exceptions\TooManyRequestsExceptionTest" classname="Tests.Unit.Exceptions.TooManyRequestsExceptionTest" assertions="2" time="0.003782"/>
        <testcase name="`TooManyRequestsException` → `Edge Cases` → handles custom detail message with special characters" file="tests/Unit/Exceptions/TooManyRequestsExceptionTest.php::`TooManyRequestsException` → `Edge Cases` → handles custom detail message with special characters" class="Tests\Unit\Exceptions\TooManyRequestsExceptionTest" classname="Tests.Unit.Exceptions.TooManyRequestsExceptionTest" assertions="1" time="0.003939"/>
        <testcase name="`TooManyRequestsException` → `Edge Cases` → handles very large limit values for high-throughput APIs" file="tests/Unit/Exceptions/TooManyRequestsExceptionTest.php::`TooManyRequestsException` → `Edge Cases` → handles very large limit values for high-throughput APIs" class="Tests\Unit\Exceptions\TooManyRequestsExceptionTest" classname="Tests.Unit.Exceptions.TooManyRequestsExceptionTest" assertions="2" time="0.003849"/>
        <testcase name="`TooManyRequestsException` → `Edge Cases` → handles different time unit combinations for window and retry" file="tests/Unit/Exceptions/TooManyRequestsExceptionTest.php::`TooManyRequestsException` → `Edge Cases` → handles different time unit combinations for window and retry" class="Tests\Unit\Exceptions\TooManyRequestsExceptionTest" classname="Tests.Unit.Exceptions.TooManyRequestsExceptionTest" assertions="3" time="0.003891"/>
        <testcase name="`TooManyRequestsException` → `Edge Cases` → preserves all structured data when serialized to array" file="tests/Unit/Exceptions/TooManyRequestsExceptionTest.php::`TooManyRequestsException` → `Edge Cases` → preserves all structured data when serialized to array" class="Tests\Unit\Exceptions\TooManyRequestsExceptionTest" classname="Tests.Unit.Exceptions.TooManyRequestsExceptionTest" assertions="7" time="0.003981"/>
      </testsuite>
      <testsuite name="Tests\Unit\Exceptions\UnauthorizedExceptionTest" file="tests/Unit/Exceptions/UnauthorizedExceptionTest.php" tests="1" assertions="4" errors="0" failures="0" skipped="0" time="0.008293">
        <testcase name="`UnauthorizedException` → `Happy Paths` → creates an unauthorized exception" file="tests/Unit/Exceptions/UnauthorizedExceptionTest.php::`UnauthorizedException` → `Happy Paths` → creates an unauthorized exception" class="Tests\Unit\Exceptions\UnauthorizedExceptionTest" classname="Tests.Unit.Exceptions.UnauthorizedExceptionTest" assertions="4" time="0.008293"/>
      </testsuite>
      <testsuite name="Tests\Unit\Exceptions\UnprocessableEntityExceptionTest" file="tests/Unit/Exceptions/UnprocessableEntityExceptionTest.php" tests="3" assertions="15" errors="0" failures="0" skipped="0" time="0.012859">
        <testcase name="`UnprocessableEntityException` → `Happy Paths` → creates exception with default detail" file="tests/Unit/Exceptions/UnprocessableEntityExceptionTest.php::`UnprocessableEntityException` → `Happy Paths` → creates exception with default detail" class="Tests\Unit\Exceptions\UnprocessableEntityExceptionTest" classname="Tests.Unit.Exceptions.UnprocessableEntityExceptionTest" assertions="5" time="0.004088"/>
        <testcase name="`UnprocessableEntityException` → `Happy Paths` → creates exception with custom detail" file="tests/Unit/Exceptions/UnprocessableEntityExceptionTest.php::`UnprocessableEntityException` → `Happy Paths` → creates exception with custom detail" class="Tests\Unit\Exceptions\UnprocessableEntityExceptionTest" classname="Tests.Unit.Exceptions.UnprocessableEntityExceptionTest" assertions="5" time="0.003823"/>
        <testcase name="`UnprocessableEntityException` → `Happy Paths` → creates exception from Laravel validation exception" file="tests/Unit/Exceptions/UnprocessableEntityExceptionTest.php::`UnprocessableEntityException` → `Happy Paths` → creates exception from Laravel validation exception" class="Tests\Unit\Exceptions\UnprocessableEntityExceptionTest" classname="Tests.Unit.Exceptions.UnprocessableEntityExceptionTest" assertions="5" time="0.004948"/>
      </testsuite>
      <testsuite name="Tests\Unit\Extensions\AbstractExtensionTest" file="tests/Unit/Extensions/AbstractExtensionTest.php" tests="17" assertions="37" errors="0" failures="0" skipped="0" time="0.069449">
        <testcase name="`AbstractExtension` → `Happy Paths` → implements ExtensionInterface contract" file="tests/Unit/Extensions/AbstractExtensionTest.php::`AbstractExtension` → `Happy Paths` → implements ExtensionInterface contract" class="Tests\Unit\Extensions\AbstractExtensionTest" classname="Tests.Unit.Extensions.AbstractExtensionTest" assertions="2" time="0.004847"/>
        <testcase name="`AbstractExtension` → `Happy Paths` → isGlobal returns false by default for opt-in behavior" file="tests/Unit/Extensions/AbstractExtensionTest.php::`AbstractExtension` → `Happy Paths` → isGlobal returns false by default for opt-in behavior" class="Tests\Unit\Extensions\AbstractExtensionTest" classname="Tests.Unit.Extensions.AbstractExtensionTest" assertions="1" time="0.003780"/>
        <testcase name="`AbstractExtension` → `Happy Paths` → isErrorFatal returns true by default for fatal error handling" file="tests/Unit/Extensions/AbstractExtensionTest.php::`AbstractExtension` → `Happy Paths` → isErrorFatal returns true by default for fatal error handling" class="Tests\Unit\Extensions\AbstractExtensionTest" classname="Tests.Unit.Extensions.AbstractExtensionTest" assertions="1" time="0.003734"/>
        <testcase name="`AbstractExtension` → `Happy Paths` → getSubscribedEvents returns empty array by default" file="tests/Unit/Extensions/AbstractExtensionTest.php::`AbstractExtension` → `Happy Paths` → getSubscribedEvents returns empty array by default" class="Tests\Unit\Extensions\AbstractExtensionTest" classname="Tests.Unit.Extensions.AbstractExtensionTest" assertions="3" time="0.003789"/>
        <testcase name="`AbstractExtension` → `Happy Paths` → toCapabilities returns URN in capabilities format" file="tests/Unit/Extensions/AbstractExtensionTest.php::`AbstractExtension` → `Happy Paths` → toCapabilities returns URN in capabilities format" class="Tests\Unit\Extensions\AbstractExtensionTest" classname="Tests.Unit.Extensions.AbstractExtensionTest" assertions="3" time="0.003694"/>
        <testcase name="`AbstractExtension` → `Happy Paths` → toCapabilities array contains only URN by default" file="tests/Unit/Extensions/AbstractExtensionTest.php::`AbstractExtension` → `Happy Paths` → toCapabilities array contains only URN by default" class="Tests\Unit\Extensions\AbstractExtensionTest" classname="Tests.Unit.Extensions.AbstractExtensionTest" assertions="3" time="0.003934"/>
        <testcase name="`AbstractExtension` → `Happy Paths` → getUrn is called by toCapabilities method" file="tests/Unit/Extensions/AbstractExtensionTest.php::`AbstractExtension` → `Happy Paths` → getUrn is called by toCapabilities method" class="Tests\Unit\Extensions\AbstractExtensionTest" classname="Tests.Unit.Extensions.AbstractExtensionTest" assertions="3" time="0.003726"/>
        <testcase name="`AbstractExtension` → `Sad Paths` → getSubscribedEvents does not subscribe to RequestValidated by default" file="tests/Unit/Extensions/AbstractExtensionTest.php::`AbstractExtension` → `Sad Paths` → getSubscribedEvents does not subscribe to RequestValidated by default" class="Tests\Unit\Extensions\AbstractExtensionTest" classname="Tests.Unit.Extensions.AbstractExtensionTest" assertions="1" time="0.003639"/>
        <testcase name="`AbstractExtension` → `Sad Paths` → getSubscribedEvents does not subscribe to ExecutingFunction by default" file="tests/Unit/Extensions/AbstractExtensionTest.php::`AbstractExtension` → `Sad Paths` → getSubscribedEvents does not subscribe to ExecutingFunction by default" class="Tests\Unit\Extensions\AbstractExtensionTest" classname="Tests.Unit.Extensions.AbstractExtensionTest" assertions="1" time="0.003827"/>
        <testcase name="`AbstractExtension` → `Sad Paths` → getSubscribedEvents does not subscribe to FunctionExecuted by default" file="tests/Unit/Extensions/AbstractExtensionTest.php::`AbstractExtension` → `Sad Paths` → getSubscribedEvents does not subscribe to FunctionExecuted by default" class="Tests\Unit\Extensions\AbstractExtensionTest" classname="Tests.Unit.Extensions.AbstractExtensionTest" assertions="1" time="0.003878"/>
        <testcase name="`AbstractExtension` → `Sad Paths` → getSubscribedEvents does not subscribe to SendingResponse by default" file="tests/Unit/Extensions/AbstractExtensionTest.php::`AbstractExtension` → `Sad Paths` → getSubscribedEvents does not subscribe to SendingResponse by default" class="Tests\Unit\Extensions\AbstractExtensionTest" classname="Tests.Unit.Extensions.AbstractExtensionTest" assertions="1" time="0.007477"/>
        <testcase name="`AbstractExtension` → `Edge Cases` → concrete extension can override isGlobal to return true" file="tests/Unit/Extensions/AbstractExtensionTest.php::`AbstractExtension` → `Edge Cases` → concrete extension can override isGlobal to return true" class="Tests\Unit\Extensions\AbstractExtensionTest" classname="Tests.Unit.Extensions.AbstractExtensionTest" assertions="1" time="0.004160"/>
        <testcase name="`AbstractExtension` → `Edge Cases` → concrete extension can override isErrorFatal to return false" file="tests/Unit/Extensions/AbstractExtensionTest.php::`AbstractExtension` → `Edge Cases` → concrete extension can override isErrorFatal to return false" class="Tests\Unit\Extensions\AbstractExtensionTest" classname="Tests.Unit.Extensions.AbstractExtensionTest" assertions="1" time="0.003837"/>
        <testcase name="`AbstractExtension` → `Edge Cases` → concrete extension can override getSubscribedEvents with custom subscriptions" file="tests/Unit/Extensions/AbstractExtensionTest.php::`AbstractExtension` → `Edge Cases` → concrete extension can override getSubscribedEvents with custom subscriptions" class="Tests\Unit\Extensions\AbstractExtensionTest" classname="Tests.Unit.Extensions.AbstractExtensionTest" assertions="7" time="0.003834"/>
        <testcase name="`AbstractExtension` → `Edge Cases` → concrete extension can override getCapabilityMetadata to include documentation URL" file="tests/Unit/Extensions/AbstractExtensionTest.php::`AbstractExtension` → `Edge Cases` → concrete extension can override getCapabilityMetadata to include documentation URL" class="Tests\Unit\Extensions\AbstractExtensionTest" classname="Tests.Unit.Extensions.AbstractExtensionTest" assertions="4" time="0.003781"/>
        <testcase name="`AbstractExtension` → `Edge Cases` → toCapabilities uses getUrn method consistently" file="tests/Unit/Extensions/AbstractExtensionTest.php::`AbstractExtension` → `Edge Cases` → toCapabilities uses getUrn method consistently" class="Tests\Unit\Extensions\AbstractExtensionTest" classname="Tests.Unit.Extensions.AbstractExtensionTest" assertions="1" time="0.003740"/>
        <testcase name="`AbstractExtension` → `Edge Cases` → multiple instances maintain independent state" file="tests/Unit/Extensions/AbstractExtensionTest.php::`AbstractExtension` → `Edge Cases` → multiple instances maintain independent state" class="Tests\Unit\Extensions\AbstractExtensionTest" classname="Tests.Unit.Extensions.AbstractExtensionTest" assertions="3" time="0.003772"/>
      </testsuite>
      <testsuite name="Tests\Unit\Extensions\Async\AsyncExtensionTest" file="tests/Unit/Extensions/Async/AsyncExtensionTest.php" tests="37" assertions="42" errors="27" failures="0" skipped="0" time="0.169565">
        <testcase name="`AsyncExtension` → `Happy Paths` → returns correct URN constant" file="tests/Unit/Extensions/Async/AsyncExtensionTest.php::`AsyncExtension` → `Happy Paths` → returns correct URN constant" class="Tests\Unit\Extensions\Async\AsyncExtensionTest" classname="Tests.Unit.Extensions.Async.AsyncExtensionTest" assertions="1" time="0.007180"/>
        <testcase name="`AsyncExtension` → `Happy Paths` → isPreferred returns true when preferred option is set" file="tests/Unit/Extensions/Async/AsyncExtensionTest.php::`AsyncExtension` → `Happy Paths` → isPreferred returns true when preferred option is set" class="Tests\Unit\Extensions\Async\AsyncExtensionTest" classname="Tests.Unit.Extensions.Async.AsyncExtensionTest" assertions="1" time="0.003753"/>
        <testcase name="`AsyncExtension` → `Happy Paths` → getCallbackUrl returns callback URL from options" file="tests/Unit/Extensions/Async/AsyncExtensionTest.php::`AsyncExtension` → `Happy Paths` → getCallbackUrl returns callback URL from options" class="Tests\Unit\Extensions\Async\AsyncExtensionTest" classname="Tests.Unit.Extensions.Async.AsyncExtensionTest" assertions="1" time="0.003758"/>
        <testcase name="`AsyncExtension` → `Happy Paths` → isErrorFatal returns true" file="tests/Unit/Extensions/Async/AsyncExtensionTest.php::`AsyncExtension` → `Happy Paths` → isErrorFatal returns true" class="Tests\Unit\Extensions\Async\AsyncExtensionTest" classname="Tests.Unit.Extensions.Async.AsyncExtensionTest" assertions="1" time="0.003949"/>
        <testcase name="`AsyncExtension` → `Happy Paths` → createAsyncOperation generates operation and response with pending status" file="tests/Unit/Extensions/Async/AsyncExtensionTest.php::`AsyncExtension` → `Happy Paths` → createAsyncOperation generates operation and response with pending status" class="Tests\Unit\Extensions\Async\AsyncExtensionTest" classname="Tests.Unit.Extensions.Async.AsyncExtensionTest" assertions="1" time="0.008264">
          <error type="Mockery\Exception\BadMethodCallException">`AsyncExtension` → `Happy Paths` → createAsyncOperation generates operation and response with pending statusMockery\Exception\BadMethodCallException: Received Mockery_5_Cline_Forrst_Contracts_OperationRepositoryInterface::find(), but no expectations were specified
at src/Extensions/Async/AsyncExtension.php:675
at src/Extensions/Async/AsyncExtension.php:367
at tests/Unit/Extensions/Async/AsyncExtensionTest.php:89</error>
        </testcase>
        <testcase name="`AsyncExtension` → `Happy Paths` → createAsyncOperation includes callback URL in operation metadata when provided" file="tests/Unit/Extensions/Async/AsyncExtensionTest.php::`AsyncExtension` → `Happy Paths` → createAsyncOperation includes callback URL in operation metadata when provided" class="Tests\Unit\Extensions\Async\AsyncExtensionTest" classname="Tests.Unit.Extensions.Async.AsyncExtensionTest" assertions="1" time="0.004796">
          <error type="Mockery\Exception\BadMethodCallException">`AsyncExtension` → `Happy Paths` → createAsyncOperation includes callback URL in operation metadata when providedMockery\Exception\BadMethodCallException: Received Mockery_5_Cline_Forrst_Contracts_OperationRepositoryInterface::find(), but no expectations were specified
at src/Extensions/Async/AsyncExtension.php:675
at src/Extensions/Async/AsyncExtension.php:367
at tests/Unit/Extensions/Async/AsyncExtensionTest.php:118</error>
        </testcase>
        <testcase name="`AsyncExtension` → `Happy Paths` → createAsyncOperation includes original request ID in operation metadata" file="tests/Unit/Extensions/Async/AsyncExtensionTest.php::`AsyncExtension` → `Happy Paths` → createAsyncOperation includes original request ID in operation metadata" class="Tests\Unit\Extensions\Async\AsyncExtensionTest" classname="Tests.Unit.Extensions.Async.AsyncExtensionTest" assertions="1" time="0.004428">
          <error type="Mockery\Exception\BadMethodCallException">`AsyncExtension` → `Happy Paths` → createAsyncOperation includes original request ID in operation metadataMockery\Exception\BadMethodCallException: Received Mockery_5_Cline_Forrst_Contracts_OperationRepositoryInterface::find(), but no expectations were specified
at src/Extensions/Async/AsyncExtension.php:675
at src/Extensions/Async/AsyncExtension.php:367
at tests/Unit/Extensions/Async/AsyncExtensionTest.php:135</error>
        </testcase>
        <testcase name="`AsyncExtension` → `Happy Paths` → createAsyncOperation uses custom retry seconds in response" file="tests/Unit/Extensions/Async/AsyncExtensionTest.php::`AsyncExtension` → `Happy Paths` → createAsyncOperation uses custom retry seconds in response" class="Tests\Unit\Extensions\Async\AsyncExtensionTest" classname="Tests.Unit.Extensions.Async.AsyncExtensionTest" assertions="1" time="0.004587">
          <error type="Mockery\Exception\BadMethodCallException">`AsyncExtension` → `Happy Paths` → createAsyncOperation uses custom retry seconds in responseMockery\Exception\BadMethodCallException: Received Mockery_5_Cline_Forrst_Contracts_OperationRepositoryInterface::find(), but no expectations were specified
at src/Extensions/Async/AsyncExtension.php:675
at src/Extensions/Async/AsyncExtension.php:367
at tests/Unit/Extensions/Async/AsyncExtensionTest.php:152</error>
        </testcase>
        <testcase name="`AsyncExtension` → `Happy Paths` → createAsyncOperation includes poll function specification in response" file="tests/Unit/Extensions/Async/AsyncExtensionTest.php::`AsyncExtension` → `Happy Paths` → createAsyncOperation includes poll function specification in response" class="Tests\Unit\Extensions\Async\AsyncExtensionTest" classname="Tests.Unit.Extensions.Async.AsyncExtensionTest" assertions="1" time="0.004374">
          <error type="Mockery\Exception\BadMethodCallException">`AsyncExtension` → `Happy Paths` → createAsyncOperation includes poll function specification in responseMockery\Exception\BadMethodCallException: Received Mockery_5_Cline_Forrst_Contracts_OperationRepositoryInterface::find(), but no expectations were specified
at src/Extensions/Async/AsyncExtension.php:675
at src/Extensions/Async/AsyncExtension.php:367
at tests/Unit/Extensions/Async/AsyncExtensionTest.php:169</error>
        </testcase>
        <testcase name="`AsyncExtension` → `Happy Paths` → markProcessing transitions operation to processing status with start timestamp" file="tests/Unit/Extensions/Async/AsyncExtensionTest.php::`AsyncExtension` → `Happy Paths` → markProcessing transitions operation to processing status with start timestamp" class="Tests\Unit\Extensions\Async\AsyncExtensionTest" classname="Tests.Unit.Extensions.Async.AsyncExtensionTest" assertions="2" time="0.004271">
          <error type="Cline\Forrst\Exceptions\InvalidFieldValueException">`AsyncExtension` → `Happy Paths` → markProcessing transitions operation to processing status with start timestampCline\Forrst\Exceptions\InvalidFieldValueException: operation_id is invalid: Invalid length: expected 27, got 6
at src/Exceptions/InvalidFieldValueException.php:22
at src/Extensions/Async/AsyncExtension.php:634
at src/Extensions/Async/AsyncExtension.php:419
at tests/Unit/Extensions/Async/AsyncExtensionTest.php:202</error>
        </testcase>
        <testcase name="`AsyncExtension` → `Happy Paths` → markProcessing sets initial progress when provided" file="tests/Unit/Extensions/Async/AsyncExtensionTest.php::`AsyncExtension` → `Happy Paths` → markProcessing sets initial progress when provided" class="Tests\Unit\Extensions\Async\AsyncExtensionTest" classname="Tests.Unit.Extensions.Async.AsyncExtensionTest" assertions="2" time="0.004236">
          <error type="Cline\Forrst\Exceptions\InvalidFieldValueException">`AsyncExtension` → `Happy Paths` → markProcessing sets initial progress when providedCline\Forrst\Exceptions\InvalidFieldValueException: operation_id is invalid: Invalid length: expected 27, got 6
at src/Exceptions/InvalidFieldValueException.php:22
at src/Extensions/Async/AsyncExtension.php:634
at src/Extensions/Async/AsyncExtension.php:419
at tests/Unit/Extensions/Async/AsyncExtensionTest.php:228</error>
        </testcase>
        <testcase name="`AsyncExtension` → `Happy Paths` → complete transitions operation to completed status with result and timestamp" file="tests/Unit/Extensions/Async/AsyncExtensionTest.php::`AsyncExtension` → `Happy Paths` → complete transitions operation to completed status with result and timestamp" class="Tests\Unit\Extensions\Async\AsyncExtensionTest" classname="Tests.Unit.Extensions.Async.AsyncExtensionTest" assertions="2" time="0.004342">
          <error type="Cline\Forrst\Exceptions\InvalidFieldValueException">`AsyncExtension` → `Happy Paths` → complete transitions operation to completed status with result and timestampCline\Forrst\Exceptions\InvalidFieldValueException: operation_id is invalid: Invalid length: expected 27, got 6
at src/Exceptions/InvalidFieldValueException.php:22
at src/Extensions/Async/AsyncExtension.php:634
at src/Extensions/Async/AsyncExtension.php:468
at tests/Unit/Extensions/Async/AsyncExtensionTest.php:258</error>
        </testcase>
        <testcase name="`AsyncExtension` → `Happy Paths` → fail transitions operation to failed status with errors and timestamp" file="tests/Unit/Extensions/Async/AsyncExtensionTest.php::`AsyncExtension` → `Happy Paths` → fail transitions operation to failed status with errors and timestamp" class="Tests\Unit\Extensions\Async\AsyncExtensionTest" classname="Tests.Unit.Extensions.Async.AsyncExtensionTest" assertions="2" time="0.004530">
          <error type="Cline\Forrst\Exceptions\InvalidFieldValueException">`AsyncExtension` → `Happy Paths` → fail transitions operation to failed status with errors and timestampCline\Forrst\Exceptions\InvalidFieldValueException: operation_id is invalid: Invalid length: expected 27, got 6
at src/Exceptions/InvalidFieldValueException.php:22
at src/Extensions/Async/AsyncExtension.php:634
at src/Extensions/Async/AsyncExtension.php:515
at tests/Unit/Extensions/Async/AsyncExtensionTest.php:291</error>
        </testcase>
        <testcase name="`AsyncExtension` → `Happy Paths` → updateProgress updates operation progress and preserves existing data" file="tests/Unit/Extensions/Async/AsyncExtensionTest.php::`AsyncExtension` → `Happy Paths` → updateProgress updates operation progress and preserves existing data" class="Tests\Unit\Extensions\Async\AsyncExtensionTest" classname="Tests.Unit.Extensions.Async.AsyncExtensionTest" assertions="2" time="0.004455">
          <error type="Cline\Forrst\Exceptions\InvalidFieldValueException">`AsyncExtension` → `Happy Paths` → updateProgress updates operation progress and preserves existing dataCline\Forrst\Exceptions\InvalidFieldValueException: operation_id is invalid: Invalid length: expected 27, got 6
at src/Exceptions/InvalidFieldValueException.php:22
at src/Extensions/Async/AsyncExtension.php:634
at src/Extensions/Async/AsyncExtension.php:568
at tests/Unit/Extensions/Async/AsyncExtensionTest.php:320</error>
        </testcase>
        <testcase name="`AsyncExtension` → `Happy Paths` → updateProgress includes progress message in metadata when provided" file="tests/Unit/Extensions/Async/AsyncExtensionTest.php::`AsyncExtension` → `Happy Paths` → updateProgress includes progress message in metadata when provided" class="Tests\Unit\Extensions\Async\AsyncExtensionTest" classname="Tests.Unit.Extensions.Async.AsyncExtensionTest" assertions="0" time="0.003979">
          <error type="Cline\Forrst\Exceptions\MissingRequiredFieldException">`AsyncExtension` → `Happy Paths` → updateProgress includes progress message in metadata when providedCline\Forrst\Exceptions\MissingRequiredFieldException: startedAt is required
at src/Exceptions/MissingRequiredFieldException.php:22
at src/Data/OperationData.php:146
at tests/Unit/Extensions/Async/AsyncExtensionTest.php:328</error>
        </testcase>
        <testcase name="`AsyncExtension` → `Edge Cases` → isPreferred returns false when preferred option is missing" file="tests/Unit/Extensions/Async/AsyncExtensionTest.php::`AsyncExtension` → `Edge Cases` → isPreferred returns false when preferred option is missing" class="Tests\Unit\Extensions\Async\AsyncExtensionTest" classname="Tests.Unit.Extensions.Async.AsyncExtensionTest" assertions="1" time="0.004094"/>
        <testcase name="`AsyncExtension` → `Edge Cases` → isPreferred returns false when preferred is not boolean true" file="tests/Unit/Extensions/Async/AsyncExtensionTest.php::`AsyncExtension` → `Edge Cases` → isPreferred returns false when preferred is not boolean true" class="Tests\Unit\Extensions\Async\AsyncExtensionTest" classname="Tests.Unit.Extensions.Async.AsyncExtensionTest" assertions="1" time="0.004048"/>
        <testcase name="`AsyncExtension` → `Edge Cases` → isPreferred handles null options gracefully" file="tests/Unit/Extensions/Async/AsyncExtensionTest.php::`AsyncExtension` → `Edge Cases` → isPreferred handles null options gracefully" class="Tests\Unit\Extensions\Async\AsyncExtensionTest" classname="Tests.Unit.Extensions.Async.AsyncExtensionTest" assertions="1" time="0.007003"/>
        <testcase name="`AsyncExtension` → `Edge Cases` → getCallbackUrl returns null when not specified" file="tests/Unit/Extensions/Async/AsyncExtensionTest.php::`AsyncExtension` → `Edge Cases` → getCallbackUrl returns null when not specified" class="Tests\Unit\Extensions\Async\AsyncExtensionTest" classname="Tests.Unit.Extensions.Async.AsyncExtensionTest" assertions="1" time="0.003870"/>
        <testcase name="`AsyncExtension` → `Edge Cases` → getCallbackUrl handles null options" file="tests/Unit/Extensions/Async/AsyncExtensionTest.php::`AsyncExtension` → `Edge Cases` → getCallbackUrl handles null options" class="Tests\Unit\Extensions\Async\AsyncExtensionTest" classname="Tests.Unit.Extensions.Async.AsyncExtensionTest" assertions="1" time="0.003722"/>
        <testcase name="`AsyncExtension` → `Edge Cases` → markProcessing does nothing when operation not found" file="tests/Unit/Extensions/Async/AsyncExtensionTest.php::`AsyncExtension` → `Edge Cases` → markProcessing does nothing when operation not found" class="Tests\Unit\Extensions\Async\AsyncExtensionTest" classname="Tests.Unit.Extensions.Async.AsyncExtensionTest" assertions="2" time="0.004444">
          <error type="Cline\Forrst\Exceptions\InvalidFieldValueException">`AsyncExtension` → `Edge Cases` → markProcessing does nothing when operation not foundCline\Forrst\Exceptions\InvalidFieldValueException: operation_id is invalid: Invalid length: expected 27, got 11
at src/Exceptions/InvalidFieldValueException.php:22
at src/Extensions/Async/AsyncExtension.php:634
at src/Extensions/Async/AsyncExtension.php:419
at tests/Unit/Extensions/Async/AsyncExtensionTest.php:431</error>
        </testcase>
        <testcase name="`AsyncExtension` → `Edge Cases` → complete does nothing when operation not found" file="tests/Unit/Extensions/Async/AsyncExtensionTest.php::`AsyncExtension` → `Edge Cases` → complete does nothing when operation not found" class="Tests\Unit\Extensions\Async\AsyncExtensionTest" classname="Tests.Unit.Extensions.Async.AsyncExtensionTest" assertions="2" time="0.004461">
          <error type="Cline\Forrst\Exceptions\InvalidFieldValueException">`AsyncExtension` → `Edge Cases` → complete does nothing when operation not foundCline\Forrst\Exceptions\InvalidFieldValueException: operation_id is invalid: Invalid length: expected 27, got 11
at src/Exceptions/InvalidFieldValueException.php:22
at src/Extensions/Async/AsyncExtension.php:634
at src/Extensions/Async/AsyncExtension.php:468
at tests/Unit/Extensions/Async/AsyncExtensionTest.php:449</error>
        </testcase>
        <testcase name="`AsyncExtension` → `Edge Cases` → fail does nothing when operation not found" file="tests/Unit/Extensions/Async/AsyncExtensionTest.php::`AsyncExtension` → `Edge Cases` → fail does nothing when operation not found" class="Tests\Unit\Extensions\Async\AsyncExtensionTest" classname="Tests.Unit.Extensions.Async.AsyncExtensionTest" assertions="2" time="0.004411">
          <error type="Cline\Forrst\Exceptions\InvalidFieldValueException">`AsyncExtension` → `Edge Cases` → fail does nothing when operation not foundCline\Forrst\Exceptions\InvalidFieldValueException: operation_id is invalid: Invalid length: expected 27, got 11
at src/Exceptions/InvalidFieldValueException.php:22
at src/Extensions/Async/AsyncExtension.php:634
at src/Extensions/Async/AsyncExtension.php:515
at tests/Unit/Extensions/Async/AsyncExtensionTest.php:467</error>
        </testcase>
        <testcase name="`AsyncExtension` → `Edge Cases` → updateProgress does nothing when operation not found" file="tests/Unit/Extensions/Async/AsyncExtensionTest.php::`AsyncExtension` → `Edge Cases` → updateProgress does nothing when operation not found" class="Tests\Unit\Extensions\Async\AsyncExtensionTest" classname="Tests.Unit.Extensions.Async.AsyncExtensionTest" assertions="2" time="0.004341">
          <error type="Cline\Forrst\Exceptions\InvalidFieldValueException">`AsyncExtension` → `Edge Cases` → updateProgress does nothing when operation not foundCline\Forrst\Exceptions\InvalidFieldValueException: operation_id is invalid: Invalid length: expected 27, got 11
at src/Exceptions/InvalidFieldValueException.php:22
at src/Extensions/Async/AsyncExtension.php:634
at src/Extensions/Async/AsyncExtension.php:568
at tests/Unit/Extensions/Async/AsyncExtensionTest.php:485</error>
        </testcase>
        <testcase name="`AsyncExtension` → `Edge Cases` → updateProgress clamps progress above 1.0 to 1.0" file="tests/Unit/Extensions/Async/AsyncExtensionTest.php::`AsyncExtension` → `Edge Cases` → updateProgress clamps progress above 1.0 to 1.0" class="Tests\Unit\Extensions\Async\AsyncExtensionTest" classname="Tests.Unit.Extensions.Async.AsyncExtensionTest" assertions="0" time="0.004226">
          <error type="Cline\Forrst\Exceptions\MissingRequiredFieldException">`AsyncExtension` → `Edge Cases` → updateProgress clamps progress above 1.0 to 1.0Cline\Forrst\Exceptions\MissingRequiredFieldException: startedAt is required
at src/Exceptions/MissingRequiredFieldException.php:22
at src/Data/OperationData.php:146
at tests/Unit/Extensions/Async/AsyncExtensionTest.php:493</error>
        </testcase>
        <testcase name="`AsyncExtension` → `Edge Cases` → updateProgress clamps progress below 0.0 to 0.0" file="tests/Unit/Extensions/Async/AsyncExtensionTest.php::`AsyncExtension` → `Edge Cases` → updateProgress clamps progress below 0.0 to 0.0" class="Tests\Unit\Extensions\Async\AsyncExtensionTest" classname="Tests.Unit.Extensions.Async.AsyncExtensionTest" assertions="0" time="0.004224">
          <error type="Cline\Forrst\Exceptions\MissingRequiredFieldException">`AsyncExtension` → `Edge Cases` → updateProgress clamps progress below 0.0 to 0.0Cline\Forrst\Exceptions\MissingRequiredFieldException: startedAt is required
at src/Exceptions/MissingRequiredFieldException.php:22
at src/Data/OperationData.php:146
at tests/Unit/Extensions/Async/AsyncExtensionTest.php:519</error>
        </testcase>
        <testcase name="`AsyncExtension` → `Edge Cases` → updateProgress handles null metadata in existing operation" file="tests/Unit/Extensions/Async/AsyncExtensionTest.php::`AsyncExtension` → `Edge Cases` → updateProgress handles null metadata in existing operation" class="Tests\Unit\Extensions\Async\AsyncExtensionTest" classname="Tests.Unit.Extensions.Async.AsyncExtensionTest" assertions="0" time="0.004200">
          <error type="Cline\Forrst\Exceptions\MissingRequiredFieldException">`AsyncExtension` → `Edge Cases` → updateProgress handles null metadata in existing operationCline\Forrst\Exceptions\MissingRequiredFieldException: startedAt is required
at src/Exceptions/MissingRequiredFieldException.php:22
at src/Data/OperationData.php:146
at tests/Unit/Extensions/Async/AsyncExtensionTest.php:545</error>
        </testcase>
        <testcase name="`AsyncExtension` → `Edge Cases` → createAsyncOperation merges custom metadata with default metadata" file="tests/Unit/Extensions/Async/AsyncExtensionTest.php::`AsyncExtension` → `Edge Cases` → createAsyncOperation merges custom metadata with default metadata" class="Tests\Unit\Extensions\Async\AsyncExtensionTest" classname="Tests.Unit.Extensions.Async.AsyncExtensionTest" assertions="1" time="0.004561">
          <error type="Mockery\Exception\BadMethodCallException">`AsyncExtension` → `Edge Cases` → createAsyncOperation merges custom metadata with default metadataMockery\Exception\BadMethodCallException: Received Mockery_5_Cline_Forrst_Contracts_OperationRepositoryInterface::find(), but no expectations were specified
at src/Extensions/Async/AsyncExtension.php:675
at src/Extensions/Async/AsyncExtension.php:367
at tests/Unit/Extensions/Async/AsyncExtensionTest.php:583</error>
        </testcase>
        <testcase name="`AsyncExtension` → `Edge Cases` → createAsyncOperation generates unique operation IDs" file="tests/Unit/Extensions/Async/AsyncExtensionTest.php::`AsyncExtension` → `Edge Cases` → createAsyncOperation generates unique operation IDs" class="Tests\Unit\Extensions\Async\AsyncExtensionTest" classname="Tests.Unit.Extensions.Async.AsyncExtensionTest" assertions="1" time="0.004532">
          <error type="Mockery\Exception\BadMethodCallException">`AsyncExtension` → `Edge Cases` → createAsyncOperation generates unique operation IDsMockery\Exception\BadMethodCallException: Received Mockery_5_Cline_Forrst_Contracts_OperationRepositoryInterface::find(), but no expectations were specified
at src/Extensions/Async/AsyncExtension.php:675
at src/Extensions/Async/AsyncExtension.php:367
at tests/Unit/Extensions/Async/AsyncExtensionTest.php:604</error>
        </testcase>
        <testcase name="`AsyncExtension` → `Edge Cases` → createAsyncOperation includes function version in operation" file="tests/Unit/Extensions/Async/AsyncExtensionTest.php::`AsyncExtension` → `Edge Cases` → createAsyncOperation includes function version in operation" class="Tests\Unit\Extensions\Async\AsyncExtensionTest" classname="Tests.Unit.Extensions.Async.AsyncExtensionTest" assertions="1" time="0.004631">
          <error type="Mockery\Exception\BadMethodCallException">`AsyncExtension` → `Edge Cases` → createAsyncOperation includes function version in operationMockery\Exception\BadMethodCallException: Received Mockery_5_Cline_Forrst_Contracts_OperationRepositoryInterface::find(), but no expectations were specified
at src/Extensions/Async/AsyncExtension.php:675
at src/Extensions/Async/AsyncExtension.php:367
at tests/Unit/Extensions/Async/AsyncExtensionTest.php:627</error>
        </testcase>
        <testcase name="`AsyncExtension` → `Edge Cases` → markProcessing preserves existing metadata" file="tests/Unit/Extensions/Async/AsyncExtensionTest.php::`AsyncExtension` → `Edge Cases` → markProcessing preserves existing metadata" class="Tests\Unit\Extensions\Async\AsyncExtensionTest" classname="Tests.Unit.Extensions.Async.AsyncExtensionTest" assertions="2" time="0.005211">
          <error type="Cline\Forrst\Exceptions\InvalidFieldValueException">`AsyncExtension` → `Edge Cases` → markProcessing preserves existing metadataCline\Forrst\Exceptions\InvalidFieldValueException: operation_id is invalid: Invalid length: expected 27, got 6
at src/Exceptions/InvalidFieldValueException.php:22
at src/Extensions/Async/AsyncExtension.php:634
at src/Extensions/Async/AsyncExtension.php:419
at tests/Unit/Extensions/Async/AsyncExtensionTest.php:654</error>
        </testcase>
        <testcase name="`AsyncExtension` → `Edge Cases` → complete preserves existing metadata" file="tests/Unit/Extensions/Async/AsyncExtensionTest.php::`AsyncExtension` → `Edge Cases` → complete preserves existing metadata" class="Tests\Unit\Extensions\Async\AsyncExtensionTest" classname="Tests.Unit.Extensions.Async.AsyncExtensionTest" assertions="0" time="0.004845">
          <error type="Cline\Forrst\Exceptions\MissingRequiredFieldException">`AsyncExtension` → `Edge Cases` → complete preserves existing metadataCline\Forrst\Exceptions\MissingRequiredFieldException: startedAt is required
at src/Exceptions/MissingRequiredFieldException.php:22
at src/Data/OperationData.php:146
at tests/Unit/Extensions/Async/AsyncExtensionTest.php:662</error>
        </testcase>
        <testcase name="`AsyncExtension` → `Edge Cases` → fail preserves existing metadata" file="tests/Unit/Extensions/Async/AsyncExtensionTest.php::`AsyncExtension` → `Edge Cases` → fail preserves existing metadata" class="Tests\Unit\Extensions\Async\AsyncExtensionTest" classname="Tests.Unit.Extensions.Async.AsyncExtensionTest" assertions="0" time="0.004351">
          <error type="Cline\Forrst\Exceptions\MissingRequiredFieldException">`AsyncExtension` → `Edge Cases` → fail preserves existing metadataCline\Forrst\Exceptions\MissingRequiredFieldException: startedAt is required
at src/Exceptions/MissingRequiredFieldException.php:22
at src/Data/OperationData.php:146
at tests/Unit/Extensions/Async/AsyncExtensionTest.php:689</error>
        </testcase>
        <testcase name="`AsyncExtension` → `Edge Cases` → fail preserves progress from processing operation" file="tests/Unit/Extensions/Async/AsyncExtensionTest.php::`AsyncExtension` → `Edge Cases` → fail preserves progress from processing operation" class="Tests\Unit\Extensions\Async\AsyncExtensionTest" classname="Tests.Unit.Extensions.Async.AsyncExtensionTest" assertions="0" time="0.004361">
          <error type="Cline\Forrst\Exceptions\MissingRequiredFieldException">`AsyncExtension` → `Edge Cases` → fail preserves progress from processing operationCline\Forrst\Exceptions\MissingRequiredFieldException: startedAt is required
at src/Exceptions/MissingRequiredFieldException.php:22
at src/Data/OperationData.php:146
at tests/Unit/Extensions/Async/AsyncExtensionTest.php:716</error>
        </testcase>
        <testcase name="`AsyncExtension` → `Edge Cases` → complete preserves startedAt timestamp from processing operation" file="tests/Unit/Extensions/Async/AsyncExtensionTest.php::`AsyncExtension` → `Edge Cases` → complete preserves startedAt timestamp from processing operation" class="Tests\Unit\Extensions\Async\AsyncExtensionTest" classname="Tests.Unit.Extensions.Async.AsyncExtensionTest" assertions="2" time="0.004673">
          <error type="Cline\Forrst\Exceptions\InvalidFieldValueException">`AsyncExtension` → `Edge Cases` → complete preserves startedAt timestamp from processing operationCline\Forrst\Exceptions\InvalidFieldValueException: operation_id is invalid: Invalid length: expected 27, got 6
at src/Exceptions/InvalidFieldValueException.php:22
at src/Extensions/Async/AsyncExtension.php:634
at src/Extensions/Async/AsyncExtension.php:468
at tests/Unit/Extensions/Async/AsyncExtensionTest.php:763</error>
        </testcase>
        <testcase name="`AsyncExtension` → `Edge Cases` → fail preserves startedAt timestamp from processing operation" file="tests/Unit/Extensions/Async/AsyncExtensionTest.php::`AsyncExtension` → `Edge Cases` → fail preserves startedAt timestamp from processing operation" class="Tests\Unit\Extensions\Async\AsyncExtensionTest" classname="Tests.Unit.Extensions.Async.AsyncExtensionTest" assertions="2" time="0.004540">
          <error type="Cline\Forrst\Exceptions\InvalidFieldValueException">`AsyncExtension` → `Edge Cases` → fail preserves startedAt timestamp from processing operationCline\Forrst\Exceptions\InvalidFieldValueException: operation_id is invalid: Invalid length: expected 27, got 6
at src/Exceptions/InvalidFieldValueException.php:22
at src/Extensions/Async/AsyncExtension.php:634
at src/Extensions/Async/AsyncExtension.php:515
at tests/Unit/Extensions/Async/AsyncExtensionTest.php:791</error>
        </testcase>
        <testcase name="`AsyncExtension` → `Sad Paths` → isPreferred returns false for false value" file="tests/Unit/Extensions/Async/AsyncExtensionTest.php::`AsyncExtension` → `Sad Paths` → isPreferred returns false for false value" class="Tests\Unit\Extensions\Async\AsyncExtensionTest" classname="Tests.Unit.Extensions.Async.AsyncExtensionTest" assertions="1" time="0.003912"/>
      </testsuite>
      <testsuite name="Tests\Unit\Extensions\Async\Functions\OperationCancelFunctionTest" file="tests/Unit/Extensions/Async/Functions/OperationCancelFunctionTest.php" tests="24" assertions="43" errors="7" failures="5" skipped="0" time="0.109043">
        <testcase name="`OperationCancelFunction` → `Happy Paths` → `getName()` → returns standard Forrst operation cancel function name" file="tests/Unit/Extensions/Async/Functions/OperationCancelFunctionTest.php::`OperationCancelFunction` → `Happy Paths` → `getName()` → returns standard Forrst operation cancel function name" class="Tests\Unit\Extensions\Async\Functions\OperationCancelFunctionTest" classname="Tests.Unit.Extensions.Async.Functions.OperationCancelFunctionTest" assertions="1" time="0.010551"/>
        <testcase name="`OperationCancelFunction` → `Happy Paths` → `getVersion()` → returns default version" file="tests/Unit/Extensions/Async/Functions/OperationCancelFunctionTest.php::`OperationCancelFunction` → `Happy Paths` → `getVersion()` → returns default version" class="Tests\Unit\Extensions\Async\Functions\OperationCancelFunctionTest" classname="Tests.Unit.Extensions.Async.Functions.OperationCancelFunctionTest" assertions="1" time="0.007010"/>
        <testcase name="`OperationCancelFunction` → `Happy Paths` → `getSummary()` → returns description of operation cancel function" file="tests/Unit/Extensions/Async/Functions/OperationCancelFunctionTest.php::`OperationCancelFunction` → `Happy Paths` → `getSummary()` → returns description of operation cancel function" class="Tests\Unit\Extensions\Async\Functions\OperationCancelFunctionTest" classname="Tests.Unit.Extensions.Async.Functions.OperationCancelFunctionTest" assertions="1" time="0.003885"/>
        <testcase name="`OperationCancelFunction` → `Happy Paths` → `getArguments()` → returns operation_id argument" file="tests/Unit/Extensions/Async/Functions/OperationCancelFunctionTest.php::`OperationCancelFunction` → `Happy Paths` → `getArguments()` → returns operation_id argument" class="Tests\Unit\Extensions\Async\Functions\OperationCancelFunctionTest" classname="Tests.Unit.Extensions.Async.Functions.OperationCancelFunctionTest" assertions="2" time="0.003678"/>
        <testcase name="`OperationCancelFunction` → `Happy Paths` → `getArguments()` → operation_id argument is required string" file="tests/Unit/Extensions/Async/Functions/OperationCancelFunctionTest.php::`OperationCancelFunction` → `Happy Paths` → `getArguments()` → operation_id argument is required string" class="Tests\Unit\Extensions\Async\Functions\OperationCancelFunctionTest" classname="Tests.Unit.Extensions.Async.Functions.OperationCancelFunctionTest" assertions="5" time="0.003960">
          <failure type="PHPUnit\Framework\ExpectationFailedException">`OperationCancelFunction` → `Happy Paths` → `getArguments()` → operation_id argument is required stringFailed asserting that two strings are identical.
at tests/Unit/Extensions/Async/Functions/OperationCancelFunctionTest.php:95</failure>
        </testcase>
        <testcase name="`OperationCancelFunction` → `Happy Paths` → `getResult()` → returns ResultDescriptorData with cancellation response schema" file="tests/Unit/Extensions/Async/Functions/OperationCancelFunctionTest.php::`OperationCancelFunction` → `Happy Paths` → `getResult()` → returns ResultDescriptorData with cancellation response schema" class="Tests\Unit\Extensions\Async\Functions\OperationCancelFunctionTest" classname="Tests.Unit.Extensions.Async.Functions.OperationCancelFunctionTest" assertions="6" time="0.003644"/>
        <testcase name="`OperationCancelFunction` → `Happy Paths` → `getResult()` → schema defines status as const cancelled" file="tests/Unit/Extensions/Async/Functions/OperationCancelFunctionTest.php::`OperationCancelFunction` → `Happy Paths` → `getResult()` → schema defines status as const cancelled" class="Tests\Unit\Extensions\Async\Functions\OperationCancelFunctionTest" classname="Tests.Unit.Extensions.Async.Functions.OperationCancelFunctionTest" assertions="2" time="0.003686"/>
        <testcase name="`OperationCancelFunction` → `Happy Paths` → `getResult()` → schema requires operation_id, status, and cancelled_at" file="tests/Unit/Extensions/Async/Functions/OperationCancelFunctionTest.php::`OperationCancelFunction` → `Happy Paths` → `getResult()` → schema requires operation_id, status, and cancelled_at" class="Tests\Unit\Extensions\Async\Functions\OperationCancelFunctionTest" classname="Tests.Unit.Extensions.Async.Functions.OperationCancelFunctionTest" assertions="4" time="0.003772"/>
        <testcase name="`OperationCancelFunction` → `Happy Paths` → `getErrors()` → returns both error definitions" file="tests/Unit/Extensions/Async/Functions/OperationCancelFunctionTest.php::`OperationCancelFunction` → `Happy Paths` → `getErrors()` → returns both error definitions" class="Tests\Unit\Extensions\Async\Functions\OperationCancelFunctionTest" classname="Tests.Unit.Extensions.Async.Functions.OperationCancelFunctionTest" assertions="2" time="0.003626"/>
        <testcase name="`OperationCancelFunction` → `Happy Paths` → `getErrors()` → includes AsyncOperationNotFound error definition" file="tests/Unit/Extensions/Async/Functions/OperationCancelFunctionTest.php::`OperationCancelFunction` → `Happy Paths` → `getErrors()` → includes AsyncOperationNotFound error definition" class="Tests\Unit\Extensions\Async\Functions\OperationCancelFunctionTest" classname="Tests.Unit.Extensions.Async.Functions.OperationCancelFunctionTest" assertions="3" time="0.003603"/>
        <testcase name="`OperationCancelFunction` → `Happy Paths` → `getErrors()` → includes AsyncCannotCancel error definition" file="tests/Unit/Extensions/Async/Functions/OperationCancelFunctionTest.php::`OperationCancelFunction` → `Happy Paths` → `getErrors()` → includes AsyncCannotCancel error definition" class="Tests\Unit\Extensions\Async\Functions\OperationCancelFunctionTest" classname="Tests.Unit.Extensions.Async.Functions.OperationCancelFunctionTest" assertions="3" time="0.003609"/>
        <testcase name="`OperationCancelFunction` → `Happy Paths` → `__invoke()` → cancels pending operation" file="tests/Unit/Extensions/Async/Functions/OperationCancelFunctionTest.php::`OperationCancelFunction` → `Happy Paths` → `__invoke()` → cancels pending operation" class="Tests\Unit\Extensions\Async\Functions\OperationCancelFunctionTest" classname="Tests.Unit.Extensions.Async.Functions.OperationCancelFunctionTest" assertions="1" time="0.006395">
          <error type="Mockery\Exception\NoMatchingExpectationException">`OperationCancelFunction` → `Happy Paths` → `__invoke()` → cancels pending operationMockery\Exception\NoMatchingExpectationException: No matching handler found for Mockery_5_Cline_Forrst_Contracts_OperationRepositoryInterface::find('op-123', NULL). Either the method was unexpected or its arguments matched no expected argument list for this method


at vendor/mockery/mockery/library/Mockery/ExpectationDirector.php:90
at src/Extensions/Async/Functions/OperationCancelFunction.php:93
at tests/Unit/Extensions/Async/Functions/OperationCancelFunctionTest.php:217</error>
        </testcase>
        <testcase name="`OperationCancelFunction` → `Happy Paths` → `__invoke()` → cancels processing operation" file="tests/Unit/Extensions/Async/Functions/OperationCancelFunctionTest.php::`OperationCancelFunction` → `Happy Paths` → `__invoke()` → cancels processing operation" class="Tests\Unit\Extensions\Async\Functions\OperationCancelFunctionTest" classname="Tests.Unit.Extensions.Async.Functions.OperationCancelFunctionTest" assertions="1" time="0.004805">
          <error type="Mockery\Exception\NoMatchingExpectationException">`OperationCancelFunction` → `Happy Paths` → `__invoke()` → cancels processing operationMockery\Exception\NoMatchingExpectationException: No matching handler found for Mockery_5_Cline_Forrst_Contracts_OperationRepositoryInterface::find('op-456', NULL). Either the method was unexpected or its arguments matched no expected argument list for this method


at vendor/mockery/mockery/library/Mockery/ExpectationDirector.php:90
at src/Extensions/Async/Functions/OperationCancelFunction.php:93
at tests/Unit/Extensions/Async/Functions/OperationCancelFunctionTest.php:260</error>
        </testcase>
        <testcase name="`OperationCancelFunction` → `Happy Paths` → `__invoke()` → updates operation status to cancelled" file="tests/Unit/Extensions/Async/Functions/OperationCancelFunctionTest.php::`OperationCancelFunction` → `Happy Paths` → `__invoke()` → updates operation status to cancelled" class="Tests\Unit\Extensions\Async\Functions\OperationCancelFunctionTest" classname="Tests.Unit.Extensions.Async.Functions.OperationCancelFunctionTest" assertions="1" time="0.004410">
          <error type="Mockery\Exception\NoMatchingExpectationException">`OperationCancelFunction` → `Happy Paths` → `__invoke()` → updates operation status to cancelledMockery\Exception\NoMatchingExpectationException: No matching handler found for Mockery_5_Cline_Forrst_Contracts_OperationRepositoryInterface::find('op-789', NULL). Either the method was unexpected or its arguments matched no expected argument list for this method


at vendor/mockery/mockery/library/Mockery/ExpectationDirector.php:90
at src/Extensions/Async/Functions/OperationCancelFunction.php:93
at tests/Unit/Extensions/Async/Functions/OperationCancelFunctionTest.php:295</error>
        </testcase>
        <testcase name="`OperationCancelFunction` → `Happy Paths` → `__invoke()` → sets cancelled_at timestamp on operation" file="tests/Unit/Extensions/Async/Functions/OperationCancelFunctionTest.php::`OperationCancelFunction` → `Happy Paths` → `__invoke()` → sets cancelled_at timestamp on operation" class="Tests\Unit\Extensions\Async\Functions\OperationCancelFunctionTest" classname="Tests.Unit.Extensions.Async.Functions.OperationCancelFunctionTest" assertions="1" time="0.004341">
          <error type="Mockery\Exception\NoMatchingExpectationException">`OperationCancelFunction` → `Happy Paths` → `__invoke()` → sets cancelled_at timestamp on operationMockery\Exception\NoMatchingExpectationException: No matching handler found for Mockery_5_Cline_Forrst_Contracts_OperationRepositoryInterface::find('op-999', NULL). Either the method was unexpected or its arguments matched no expected argument list for this method


at vendor/mockery/mockery/library/Mockery/ExpectationDirector.php:90
at src/Extensions/Async/Functions/OperationCancelFunction.php:93
at tests/Unit/Extensions/Async/Functions/OperationCancelFunctionTest.php:328</error>
        </testcase>
        <testcase name="`OperationCancelFunction` → `Happy Paths` → `__invoke()` → saves operation to repository" file="tests/Unit/Extensions/Async/Functions/OperationCancelFunctionTest.php::`OperationCancelFunction` → `Happy Paths` → `__invoke()` → saves operation to repository" class="Tests\Unit\Extensions\Async\Functions\OperationCancelFunctionTest" classname="Tests.Unit.Extensions.Async.Functions.OperationCancelFunctionTest" assertions="1" time="0.004340">
          <error type="Mockery\Exception\NoMatchingExpectationException">`OperationCancelFunction` → `Happy Paths` → `__invoke()` → saves operation to repositoryMockery\Exception\NoMatchingExpectationException: No matching handler found for Mockery_5_Cline_Forrst_Contracts_OperationRepositoryInterface::find('op-save', NULL). Either the method was unexpected or its arguments matched no expected argument list for this method


at vendor/mockery/mockery/library/Mockery/ExpectationDirector.php:90
at src/Extensions/Async/Functions/OperationCancelFunction.php:93
at tests/Unit/Extensions/Async/Functions/OperationCancelFunctionTest.php:358</error>
        </testcase>
        <testcase name="`OperationCancelFunction` → `Edge Cases` → `terminal status checks` → operation is terminal after cancellation" file="tests/Unit/Extensions/Async/Functions/OperationCancelFunctionTest.php::`OperationCancelFunction` → `Edge Cases` → `terminal status checks` → operation is terminal after cancellation" class="Tests\Unit\Extensions\Async\Functions\OperationCancelFunctionTest" classname="Tests.Unit.Extensions.Async.Functions.OperationCancelFunctionTest" assertions="1" time="0.004454">
          <error type="Mockery\Exception\NoMatchingExpectationException">`OperationCancelFunction` → `Edge Cases` → `terminal status checks` → operation is terminal after cancellationMockery\Exception\NoMatchingExpectationException: No matching handler found for Mockery_5_Cline_Forrst_Contracts_OperationRepositoryInterface::find('op-123', NULL). Either the method was unexpected or its arguments matched no expected argument list for this method


at vendor/mockery/mockery/library/Mockery/ExpectationDirector.php:90
at src/Extensions/Async/Functions/OperationCancelFunction.php:93
at tests/Unit/Extensions/Async/Functions/OperationCancelFunctionTest.php:394</error>
        </testcase>
        <testcase name="`OperationCancelFunction` → `Edge Cases` → `timestamp precision` → cancelled_at matches return value timestamp" file="tests/Unit/Extensions/Async/Functions/OperationCancelFunctionTest.php::`OperationCancelFunction` → `Edge Cases` → `timestamp precision` → cancelled_at matches return value timestamp" class="Tests\Unit\Extensions\Async\Functions\OperationCancelFunctionTest" classname="Tests.Unit.Extensions.Async.Functions.OperationCancelFunctionTest" assertions="1" time="0.004517">
          <error type="Mockery\Exception\NoMatchingExpectationException">`OperationCancelFunction` → `Edge Cases` → `timestamp precision` → cancelled_at matches return value timestampMockery\Exception\NoMatchingExpectationException: No matching handler found for Mockery_5_Cline_Forrst_Contracts_OperationRepositoryInterface::find('op-time', NULL). Either the method was unexpected or its arguments matched no expected argument list for this method


at vendor/mockery/mockery/library/Mockery/ExpectationDirector.php:90
at src/Extensions/Async/Functions/OperationCancelFunction.php:93
at tests/Unit/Extensions/Async/Functions/OperationCancelFunctionTest.php:429</error>
        </testcase>
        <testcase name="`OperationCancelFunction` → `Sad Paths` → `operation not found` → throws NotFoundException when operation does not exist" file="tests/Unit/Extensions/Async/Functions/OperationCancelFunctionTest.php::`OperationCancelFunction` → `Sad Paths` → `operation not found` → throws NotFoundException when operation does not exist" class="Tests\Unit\Extensions\Async\Functions\OperationCancelFunctionTest" classname="Tests.Unit.Extensions.Async.Functions.OperationCancelFunctionTest" assertions="1" time="0.004126">
          <failure type="PHPUnit\Framework\ExpectationFailedException">`OperationCancelFunction` → `Sad Paths` → `operation not found` → throws NotFoundException when operation does not existFailed asserting that an instance of class Cline\Forrst\Exceptions\InvalidFieldValueException is an instance of class Cline\Forrst\Exceptions\OperationNotFoundException.
at tests/Unit/Extensions/Async/Functions/OperationCancelFunctionTest.php:453</failure>
        </testcase>
        <testcase name="`OperationCancelFunction` → `Sad Paths` → `cannot cancel terminal operations` → throws OperationException when trying to cancel completed operation" file="tests/Unit/Extensions/Async/Functions/OperationCancelFunctionTest.php::`OperationCancelFunction` → `Sad Paths` → `cannot cancel terminal operations` → throws OperationException when trying to cancel completed operation" class="Tests\Unit\Extensions\Async\Functions\OperationCancelFunctionTest" classname="Tests.Unit.Extensions.Async.Functions.OperationCancelFunctionTest" assertions="1" time="0.004169">
          <failure type="PHPUnit\Framework\ExpectationFailedException">`OperationCancelFunction` → `Sad Paths` → `cannot cancel terminal operations` → throws OperationException when trying to cancel completed operationFailed asserting that an instance of class Mockery\Exception\NoMatchingExpectationException is an instance of class Cline\Forrst\Exceptions\OperationCannotCancelException.
at tests/Unit/Extensions/Async/Functions/OperationCancelFunctionTest.php:481</failure>
        </testcase>
        <testcase name="`OperationCancelFunction` → `Sad Paths` → `cannot cancel terminal operations` → throws OperationException when trying to cancel failed operation" file="tests/Unit/Extensions/Async/Functions/OperationCancelFunctionTest.php::`OperationCancelFunction` → `Sad Paths` → `cannot cancel terminal operations` → throws OperationException when trying to cancel failed operation" class="Tests\Unit\Extensions\Async\Functions\OperationCancelFunctionTest" classname="Tests.Unit.Extensions.Async.Functions.OperationCancelFunctionTest" assertions="1" time="0.004234">
          <failure type="PHPUnit\Framework\ExpectationFailedException">`OperationCancelFunction` → `Sad Paths` → `cannot cancel terminal operations` → throws OperationException when trying to cancel failed operationFailed asserting that an instance of class Mockery\Exception\NoMatchingExpectationException is an instance of class Cline\Forrst\Exceptions\OperationCannotCancelException.
at tests/Unit/Extensions/Async/Functions/OperationCancelFunctionTest.php:507</failure>
        </testcase>
        <testcase name="`OperationCancelFunction` → `Sad Paths` → `cannot cancel terminal operations` → throws OperationException when trying to cancel already cancelled operation" file="tests/Unit/Extensions/Async/Functions/OperationCancelFunctionTest.php::`OperationCancelFunction` → `Sad Paths` → `cannot cancel terminal operations` → throws OperationException when trying to cancel already cancelled operation" class="Tests\Unit\Extensions\Async\Functions\OperationCancelFunctionTest" classname="Tests.Unit.Extensions.Async.Functions.OperationCancelFunctionTest" assertions="1" time="0.004357">
          <failure type="PHPUnit\Framework\ExpectationFailedException">`OperationCancelFunction` → `Sad Paths` → `cannot cancel terminal operations` → throws OperationException when trying to cancel already cancelled operationFailed asserting that an instance of class Mockery\Exception\NoMatchingExpectationException is an instance of class Cline\Forrst\Exceptions\OperationCannotCancelException.
at tests/Unit/Extensions/Async/Functions/OperationCancelFunctionTest.php:532</failure>
        </testcase>
        <testcase name="`OperationCancelFunction` → `Sad Paths` → `repository errors` → propagates repository find exception" file="tests/Unit/Extensions/Async/Functions/OperationCancelFunctionTest.php::`OperationCancelFunction` → `Sad Paths` → `repository errors` → propagates repository find exception" class="Tests\Unit\Extensions\Async\Functions\OperationCancelFunctionTest" classname="Tests.Unit.Extensions.Async.Functions.OperationCancelFunctionTest" assertions="1" time="0.003880"/>
        <testcase name="`OperationCancelFunction` → `Sad Paths` → `repository errors` → propagates repository save exception" file="tests/Unit/Extensions/Async/Functions/OperationCancelFunctionTest.php::`OperationCancelFunction` → `Sad Paths` → `repository errors` → propagates repository save exception" class="Tests\Unit\Extensions\Async\Functions\OperationCancelFunctionTest" classname="Tests.Unit.Extensions.Async.Functions.OperationCancelFunctionTest" assertions="1" time="0.003990"/>
      </testsuite>
      <testsuite name="Tests\Unit\Extensions\Async\Functions\OperationListFunctionTest" file="tests/Unit/Extensions/Async/Functions/OperationListFunctionTest.php" tests="26" assertions="65" errors="9" failures="2" skipped="0" time="0.117279">
        <testcase name="`OperationListFunction` → `Happy Paths` → `getName()` → returns standard Forrst operation list function name" file="tests/Unit/Extensions/Async/Functions/OperationListFunctionTest.php::`OperationListFunction` → `Happy Paths` → `getName()` → returns standard Forrst operation list function name" class="Tests\Unit\Extensions\Async\Functions\OperationListFunctionTest" classname="Tests.Unit.Extensions.Async.Functions.OperationListFunctionTest" assertions="1" time="0.012101"/>
        <testcase name="`OperationListFunction` → `Happy Paths` → `getVersion()` → returns default version" file="tests/Unit/Extensions/Async/Functions/OperationListFunctionTest.php::`OperationListFunction` → `Happy Paths` → `getVersion()` → returns default version" class="Tests\Unit\Extensions\Async\Functions\OperationListFunctionTest" classname="Tests.Unit.Extensions.Async.Functions.OperationListFunctionTest" assertions="1" time="0.003584"/>
        <testcase name="`OperationListFunction` → `Happy Paths` → `getSummary()` → returns description of operation list function" file="tests/Unit/Extensions/Async/Functions/OperationListFunctionTest.php::`OperationListFunction` → `Happy Paths` → `getSummary()` → returns description of operation list function" class="Tests\Unit\Extensions\Async\Functions\OperationListFunctionTest" classname="Tests.Unit.Extensions.Async.Functions.OperationListFunctionTest" assertions="1" time="0.003707"/>
        <testcase name="`OperationListFunction` → `Happy Paths` → `getArguments()` → returns four optional filter arguments" file="tests/Unit/Extensions/Async/Functions/OperationListFunctionTest.php::`OperationListFunction` → `Happy Paths` → `getArguments()` → returns four optional filter arguments" class="Tests\Unit\Extensions\Async\Functions\OperationListFunctionTest" classname="Tests.Unit.Extensions.Async.Functions.OperationListFunctionTest" assertions="2" time="0.003747"/>
        <testcase name="`OperationListFunction` → `Happy Paths` → `getArguments()` → status argument is optional string with enum" file="tests/Unit/Extensions/Async/Functions/OperationListFunctionTest.php::`OperationListFunction` → `Happy Paths` → `getArguments()` → status argument is optional string with enum" class="Tests\Unit\Extensions\Async\Functions\OperationListFunctionTest" classname="Tests.Unit.Extensions.Async.Functions.OperationListFunctionTest" assertions="11" time="0.003751"/>
        <testcase name="`OperationListFunction` → `Happy Paths` → `getArguments()` → function argument is optional string" file="tests/Unit/Extensions/Async/Functions/OperationListFunctionTest.php::`OperationListFunction` → `Happy Paths` → `getArguments()` → function argument is optional string" class="Tests\Unit\Extensions\Async\Functions\OperationListFunctionTest" classname="Tests.Unit.Extensions.Async.Functions.OperationListFunctionTest" assertions="5" time="0.003666"/>
        <testcase name="`OperationListFunction` → `Happy Paths` → `getArguments()` → limit argument is optional integer with default 50" file="tests/Unit/Extensions/Async/Functions/OperationListFunctionTest.php::`OperationListFunction` → `Happy Paths` → `getArguments()` → limit argument is optional integer with default 50" class="Tests\Unit\Extensions\Async\Functions\OperationListFunctionTest" classname="Tests.Unit.Extensions.Async.Functions.OperationListFunctionTest" assertions="11" time="0.003656"/>
        <testcase name="`OperationListFunction` → `Happy Paths` → `getArguments()` → cursor argument is optional string" file="tests/Unit/Extensions/Async/Functions/OperationListFunctionTest.php::`OperationListFunction` → `Happy Paths` → `getArguments()` → cursor argument is optional string" class="Tests\Unit\Extensions\Async\Functions\OperationListFunctionTest" classname="Tests.Unit.Extensions.Async.Functions.OperationListFunctionTest" assertions="5" time="0.004252">
          <failure type="PHPUnit\Framework\ExpectationFailedException">`OperationListFunction` → `Happy Paths` → `getArguments()` → cursor argument is optional stringFailed asserting that two strings are identical.
at tests/Unit/Extensions/Async/Functions/OperationListFunctionTest.php:151</failure>
        </testcase>
        <testcase name="`OperationListFunction` → `Happy Paths` → `getResult()` → returns ResultDescriptorData with operation list schema" file="tests/Unit/Extensions/Async/Functions/OperationListFunctionTest.php::`OperationListFunction` → `Happy Paths` → `getResult()` → returns ResultDescriptorData with operation list schema" class="Tests\Unit\Extensions\Async\Functions\OperationListFunctionTest" classname="Tests.Unit.Extensions.Async.Functions.OperationListFunctionTest" assertions="6" time="0.004088">
          <failure type="PHPUnit\Framework\ExpectationFailedException">`OperationListFunction` → `Happy Paths` → `getResult()` → returns ResultDescriptorData with operation list schemaFailed asserting that two strings are identical.
at tests/Unit/Extensions/Async/Functions/OperationListFunctionTest.php:172</failure>
        </testcase>
        <testcase name="`OperationListFunction` → `Happy Paths` → `getResult()` → schema requires operations array" file="tests/Unit/Extensions/Async/Functions/OperationListFunctionTest.php::`OperationListFunction` → `Happy Paths` → `getResult()` → schema requires operations array" class="Tests\Unit\Extensions\Async\Functions\OperationListFunctionTest" classname="Tests.Unit.Extensions.Async.Functions.OperationListFunctionTest" assertions="2" time="0.003923"/>
        <testcase name="`OperationListFunction` → `Happy Paths` → `getResult()` → schema defines operations as array of objects" file="tests/Unit/Extensions/Async/Functions/OperationListFunctionTest.php::`OperationListFunction` → `Happy Paths` → `getResult()` → schema defines operations as array of objects" class="Tests\Unit\Extensions\Async\Functions\OperationListFunctionTest" classname="Tests.Unit.Extensions.Async.Functions.OperationListFunctionTest" assertions="3" time="0.003886"/>
        <testcase name="`OperationListFunction` → `Happy Paths` → `__invoke()` → returns empty operations list when no operations exist" file="tests/Unit/Extensions/Async/Functions/OperationListFunctionTest.php::`OperationListFunction` → `Happy Paths` → `__invoke()` → returns empty operations list when no operations exist" class="Tests\Unit\Extensions\Async\Functions\OperationListFunctionTest" classname="Tests.Unit.Extensions.Async.Functions.OperationListFunctionTest" assertions="4" time="0.004047"/>
        <testcase name="`OperationListFunction` → `Happy Paths` → `__invoke()` → returns list of operations" file="tests/Unit/Extensions/Async/Functions/OperationListFunctionTest.php::`OperationListFunction` → `Happy Paths` → `__invoke()` → returns list of operations" class="Tests\Unit\Extensions\Async\Functions\OperationListFunctionTest" classname="Tests.Unit.Extensions.Async.Functions.OperationListFunctionTest" assertions="0" time="0.004224">
          <error type="Cline\Forrst\Exceptions\MissingRequiredFieldException">`OperationListFunction` → `Happy Paths` → `__invoke()` → returns list of operationsCline\Forrst\Exceptions\MissingRequiredFieldException: completedAt is required
at src/Exceptions/MissingRequiredFieldException.php:22
at src/Data/OperationData.php:134
at tests/Unit/Extensions/Async/Functions/OperationListFunctionTest.php:232</error>
        </testcase>
        <testcase name="`OperationListFunction` → `Happy Paths` → `__invoke()` → passes status filter to repository" file="tests/Unit/Extensions/Async/Functions/OperationListFunctionTest.php::`OperationListFunction` → `Happy Paths` → `__invoke()` → passes status filter to repository" class="Tests\Unit\Extensions\Async\Functions\OperationListFunctionTest" classname="Tests.Unit.Extensions.Async.Functions.OperationListFunctionTest" assertions="0" time="0.004086">
          <error type="Mockery\Exception\NoMatchingExpectationException">`OperationListFunction` → `Happy Paths` → `__invoke()` → passes status filter to repositoryMockery\Exception\NoMatchingExpectationException: No matching handler found for Mockery_5_Cline_Forrst_Contracts_OperationRepositoryInterface::list('completed', NULL, 50, NULL, NULL). Either the method was unexpected or its arguments matched no expected argument list for this method


at vendor/mockery/mockery/library/Mockery/ExpectationDirector.php:90
at src/Extensions/Async/Functions/OperationListFunction.php:96
at tests/Unit/Extensions/Async/Functions/OperationListFunctionTest.php:287</error>
        </testcase>
        <testcase name="`OperationListFunction` → `Happy Paths` → `__invoke()` → passes function filter to repository" file="tests/Unit/Extensions/Async/Functions/OperationListFunctionTest.php::`OperationListFunction` → `Happy Paths` → `__invoke()` → passes function filter to repository" class="Tests\Unit\Extensions\Async\Functions\OperationListFunctionTest" classname="Tests.Unit.Extensions.Async.Functions.OperationListFunctionTest" assertions="0" time="0.004216">
          <error type="Mockery\Exception\NoMatchingExpectationException">`OperationListFunction` → `Happy Paths` → `__invoke()` → passes function filter to repositoryMockery\Exception\NoMatchingExpectationException: No matching handler found for Mockery_5_Cline_Forrst_Contracts_OperationRepositoryInterface::list(NULL, 'urn:app:forrst:fn:users:create', 50, NULL, NULL). Either the method was unexpected or its arguments matched no expected argument list for this method


at vendor/mockery/mockery/library/Mockery/ExpectationDirector.php:90
at src/Extensions/Async/Functions/OperationListFunction.php:96
at tests/Unit/Extensions/Async/Functions/OperationListFunctionTest.php:309</error>
        </testcase>
        <testcase name="`OperationListFunction` → `Happy Paths` → `__invoke()` → passes limit to repository" file="tests/Unit/Extensions/Async/Functions/OperationListFunctionTest.php::`OperationListFunction` → `Happy Paths` → `__invoke()` → passes limit to repository" class="Tests\Unit\Extensions\Async\Functions\OperationListFunctionTest" classname="Tests.Unit.Extensions.Async.Functions.OperationListFunctionTest" assertions="0" time="0.004085">
          <error type="Mockery\Exception\NoMatchingExpectationException">`OperationListFunction` → `Happy Paths` → `__invoke()` → passes limit to repositoryMockery\Exception\NoMatchingExpectationException: No matching handler found for Mockery_5_Cline_Forrst_Contracts_OperationRepositoryInterface::list(NULL, NULL, 25, NULL, NULL). Either the method was unexpected or its arguments matched no expected argument list for this method


at vendor/mockery/mockery/library/Mockery/ExpectationDirector.php:90
at src/Extensions/Async/Functions/OperationListFunction.php:96
at tests/Unit/Extensions/Async/Functions/OperationListFunctionTest.php:331</error>
        </testcase>
        <testcase name="`OperationListFunction` → `Happy Paths` → `__invoke()` → uses default limit of 50 when not provided" file="tests/Unit/Extensions/Async/Functions/OperationListFunctionTest.php::`OperationListFunction` → `Happy Paths` → `__invoke()` → uses default limit of 50 when not provided" class="Tests\Unit\Extensions\Async\Functions\OperationListFunctionTest" classname="Tests.Unit.Extensions.Async.Functions.OperationListFunctionTest" assertions="0" time="0.004236">
          <error type="Mockery\Exception\NoMatchingExpectationException">`OperationListFunction` → `Happy Paths` → `__invoke()` → uses default limit of 50 when not providedMockery\Exception\NoMatchingExpectationException: No matching handler found for Mockery_5_Cline_Forrst_Contracts_OperationRepositoryInterface::list(NULL, NULL, 50, NULL, NULL). Either the method was unexpected or its arguments matched no expected argument list for this method


at vendor/mockery/mockery/library/Mockery/ExpectationDirector.php:90
at src/Extensions/Async/Functions/OperationListFunction.php:96
at tests/Unit/Extensions/Async/Functions/OperationListFunctionTest.php:350</error>
        </testcase>
        <testcase name="`OperationListFunction` → `Happy Paths` → `__invoke()` → passes cursor to repository" file="tests/Unit/Extensions/Async/Functions/OperationListFunctionTest.php::`OperationListFunction` → `Happy Paths` → `__invoke()` → passes cursor to repository" class="Tests\Unit\Extensions\Async\Functions\OperationListFunctionTest" classname="Tests.Unit.Extensions.Async.Functions.OperationListFunctionTest" assertions="0" time="0.004066">
          <error type="Mockery\Exception\NoMatchingExpectationException">`OperationListFunction` → `Happy Paths` → `__invoke()` → passes cursor to repositoryMockery\Exception\NoMatchingExpectationException: No matching handler found for Mockery_5_Cline_Forrst_Contracts_OperationRepositoryInterface::list(NULL, NULL, 50, 'cursor-abc123', NULL). Either the method was unexpected or its arguments matched no expected argument list for this method


at vendor/mockery/mockery/library/Mockery/ExpectationDirector.php:90
at src/Extensions/Async/Functions/OperationListFunction.php:96
at tests/Unit/Extensions/Async/Functions/OperationListFunctionTest.php:372</error>
        </testcase>
        <testcase name="`OperationListFunction` → `Happy Paths` → `__invoke()` → includes next_cursor when more results available" file="tests/Unit/Extensions/Async/Functions/OperationListFunctionTest.php::`OperationListFunction` → `Happy Paths` → `__invoke()` → includes next_cursor when more results available" class="Tests\Unit\Extensions\Async\Functions\OperationListFunctionTest" classname="Tests.Unit.Extensions.Async.Functions.OperationListFunctionTest" assertions="2" time="0.004013"/>
        <testcase name="`OperationListFunction` → `Happy Paths` → `__invoke()` → excludes next_cursor when no more results" file="tests/Unit/Extensions/Async/Functions/OperationListFunctionTest.php::`OperationListFunction` → `Happy Paths` → `__invoke()` → excludes next_cursor when no more results" class="Tests\Unit\Extensions\Async\Functions\OperationListFunctionTest" classname="Tests.Unit.Extensions.Async.Functions.OperationListFunctionTest" assertions="1" time="0.004038"/>
        <testcase name="`OperationListFunction` → `Happy Paths` → `__invoke()` → passes multiple filters to repository" file="tests/Unit/Extensions/Async/Functions/OperationListFunctionTest.php::`OperationListFunction` → `Happy Paths` → `__invoke()` → passes multiple filters to repository" class="Tests\Unit\Extensions\Async\Functions\OperationListFunctionTest" classname="Tests.Unit.Extensions.Async.Functions.OperationListFunctionTest" assertions="0" time="0.004470">
          <error type="Mockery\Exception\NoMatchingExpectationException">`OperationListFunction` → `Happy Paths` → `__invoke()` → passes multiple filters to repositoryMockery\Exception\NoMatchingExpectationException: No matching handler found for Mockery_5_Cline_Forrst_Contracts_OperationRepositoryInterface::list('processing', 'data.export', 10, 'cursor-123', NULL). Either the method was unexpected or its arguments matched no expected argument list for this method


at vendor/mockery/mockery/library/Mockery/ExpectationDirector.php:90
at src/Extensions/Async/Functions/OperationListFunction.php:96
at tests/Unit/Extensions/Async/Functions/OperationListFunctionTest.php:444</error>
        </testcase>
        <testcase name="`OperationListFunction` → `Edge Cases` → `operation data conversion` → converts all operation fields to array" file="tests/Unit/Extensions/Async/Functions/OperationListFunctionTest.php::`OperationListFunction` → `Edge Cases` → `operation data conversion` → converts all operation fields to array" class="Tests\Unit\Extensions\Async\Functions\OperationListFunctionTest" classname="Tests.Unit.Extensions.Async.Functions.OperationListFunctionTest" assertions="8" time="0.004244"/>
        <testcase name="`OperationListFunction` → `Edge Cases` → `operation data conversion` → handles large number of operations" file="tests/Unit/Extensions/Async/Functions/OperationListFunctionTest.php::`OperationListFunction` → `Edge Cases` → `operation data conversion` → handles large number of operations" class="Tests\Unit\Extensions\Async\Functions\OperationListFunctionTest" classname="Tests.Unit.Extensions.Async.Functions.OperationListFunctionTest" assertions="1" time="0.004070"/>
        <testcase name="`OperationListFunction` → `Edge Cases` → `limit edge values` → respects minimum limit of 1" file="tests/Unit/Extensions/Async/Functions/OperationListFunctionTest.php::`OperationListFunction` → `Edge Cases` → `limit edge values` → respects minimum limit of 1" class="Tests\Unit\Extensions\Async\Functions\OperationListFunctionTest" classname="Tests.Unit.Extensions.Async.Functions.OperationListFunctionTest" assertions="0" time="0.004480">
          <error type="Mockery\Exception\NoMatchingExpectationException">`OperationListFunction` → `Edge Cases` → `limit edge values` → respects minimum limit of 1Mockery\Exception\NoMatchingExpectationException: No matching handler found for Mockery_5_Cline_Forrst_Contracts_OperationRepositoryInterface::list(NULL, NULL, 1, NULL, NULL). Either the method was unexpected or its arguments matched no expected argument list for this method


at vendor/mockery/mockery/library/Mockery/ExpectationDirector.php:90
at src/Extensions/Async/Functions/OperationListFunction.php:96
at tests/Unit/Extensions/Async/Functions/OperationListFunctionTest.php:539</error>
        </testcase>
        <testcase name="`OperationListFunction` → `Edge Cases` → `limit edge values` → respects maximum limit of 100" file="tests/Unit/Extensions/Async/Functions/OperationListFunctionTest.php::`OperationListFunction` → `Edge Cases` → `limit edge values` → respects maximum limit of 100" class="Tests\Unit\Extensions\Async\Functions\OperationListFunctionTest" classname="Tests.Unit.Extensions.Async.Functions.OperationListFunctionTest" assertions="0" time="0.008201">
          <error type="Mockery\Exception\NoMatchingExpectationException">`OperationListFunction` → `Edge Cases` → `limit edge values` → respects maximum limit of 100Mockery\Exception\NoMatchingExpectationException: No matching handler found for Mockery_5_Cline_Forrst_Contracts_OperationRepositoryInterface::list(NULL, NULL, 50, NULL, NULL). Either the method was unexpected or its arguments matched no expected argument list for this method


at vendor/mockery/mockery/library/Mockery/ExpectationDirector.php:90
at src/Extensions/Async/Functions/OperationListFunction.php:96
at tests/Unit/Extensions/Async/Functions/OperationListFunctionTest.php:561</error>
        </testcase>
        <testcase name="`OperationListFunction` → `Sad Paths` → `repository errors` → propagates repository exception" file="tests/Unit/Extensions/Async/Functions/OperationListFunctionTest.php::`OperationListFunction` → `Sad Paths` → `repository errors` → propagates repository exception" class="Tests\Unit\Extensions\Async\Functions\OperationListFunctionTest" classname="Tests.Unit.Extensions.Async.Functions.OperationListFunctionTest" assertions="1" time="0.004441"/>
      </testsuite>
      <testsuite name="Tests\Unit\Extensions\Async\Functions\OperationStatusFunctionTest" file="tests/Unit/Extensions/Async/Functions/OperationStatusFunctionTest.php" tests="19" assertions="32" errors="8" failures="2" skipped="0" time="0.081616">
        <testcase name="`OperationStatusFunction` → `Happy Paths` → `getName()` → returns standard Forrst operation status function name" file="tests/Unit/Extensions/Async/Functions/OperationStatusFunctionTest.php::`OperationStatusFunction` → `Happy Paths` → `getName()` → returns standard Forrst operation status function name" class="Tests\Unit\Extensions\Async\Functions\OperationStatusFunctionTest" classname="Tests.Unit.Extensions.Async.Functions.OperationStatusFunctionTest" assertions="1" time="0.009384"/>
        <testcase name="`OperationStatusFunction` → `Happy Paths` → `getVersion()` → returns default version" file="tests/Unit/Extensions/Async/Functions/OperationStatusFunctionTest.php::`OperationStatusFunction` → `Happy Paths` → `getVersion()` → returns default version" class="Tests\Unit\Extensions\Async\Functions\OperationStatusFunctionTest" classname="Tests.Unit.Extensions.Async.Functions.OperationStatusFunctionTest" assertions="1" time="0.003770"/>
        <testcase name="`OperationStatusFunction` → `Happy Paths` → `getSummary()` → returns description of operation status function" file="tests/Unit/Extensions/Async/Functions/OperationStatusFunctionTest.php::`OperationStatusFunction` → `Happy Paths` → `getSummary()` → returns description of operation status function" class="Tests\Unit\Extensions\Async\Functions\OperationStatusFunctionTest" classname="Tests.Unit.Extensions.Async.Functions.OperationStatusFunctionTest" assertions="1" time="0.003596"/>
        <testcase name="`OperationStatusFunction` → `Happy Paths` → `getArguments()` → returns operation_id argument" file="tests/Unit/Extensions/Async/Functions/OperationStatusFunctionTest.php::`OperationStatusFunction` → `Happy Paths` → `getArguments()` → returns operation_id argument" class="Tests\Unit\Extensions\Async\Functions\OperationStatusFunctionTest" classname="Tests.Unit.Extensions.Async.Functions.OperationStatusFunctionTest" assertions="2" time="0.003625"/>
        <testcase name="`OperationStatusFunction` → `Happy Paths` → `getArguments()` → operation_id argument is required string" file="tests/Unit/Extensions/Async/Functions/OperationStatusFunctionTest.php::`OperationStatusFunction` → `Happy Paths` → `getArguments()` → operation_id argument is required string" class="Tests\Unit\Extensions\Async\Functions\OperationStatusFunctionTest" classname="Tests.Unit.Extensions.Async.Functions.OperationStatusFunctionTest" assertions="5" time="0.004345">
          <failure type="PHPUnit\Framework\ExpectationFailedException">`OperationStatusFunction` → `Happy Paths` → `getArguments()` → operation_id argument is required stringFailed asserting that two strings are identical.
at tests/Unit/Extensions/Async/Functions/OperationStatusFunctionTest.php:96</failure>
        </testcase>
        <testcase name="`OperationStatusFunction` → `Happy Paths` → `getResult()` → returns ResultDescriptorData with operation status schema" file="tests/Unit/Extensions/Async/Functions/OperationStatusFunctionTest.php::`OperationStatusFunction` → `Happy Paths` → `getResult()` → returns ResultDescriptorData with operation status schema" class="Tests\Unit\Extensions\Async\Functions\OperationStatusFunctionTest" classname="Tests.Unit.Extensions.Async.Functions.OperationStatusFunctionTest" assertions="6" time="0.003747"/>
        <testcase name="`OperationStatusFunction` → `Happy Paths` → `getResult()` → schema defines status enum with operation states" file="tests/Unit/Extensions/Async/Functions/OperationStatusFunctionTest.php::`OperationStatusFunction` → `Happy Paths` → `getResult()` → schema defines status enum with operation states" class="Tests\Unit\Extensions\Async\Functions\OperationStatusFunctionTest" classname="Tests.Unit.Extensions.Async.Functions.OperationStatusFunctionTest" assertions="6" time="0.003663"/>
        <testcase name="`OperationStatusFunction` → `Happy Paths` → `getResult()` → schema requires id and status fields" file="tests/Unit/Extensions/Async/Functions/OperationStatusFunctionTest.php::`OperationStatusFunction` → `Happy Paths` → `getResult()` → schema requires id and status fields" class="Tests\Unit\Extensions\Async\Functions\OperationStatusFunctionTest" classname="Tests.Unit.Extensions.Async.Functions.OperationStatusFunctionTest" assertions="3" time="0.003731"/>
        <testcase name="`OperationStatusFunction` → `Happy Paths` → `getErrors()` → returns AsyncOperationNotFound error definition" file="tests/Unit/Extensions/Async/Functions/OperationStatusFunctionTest.php::`OperationStatusFunction` → `Happy Paths` → `getErrors()` → returns AsyncOperationNotFound error definition" class="Tests\Unit\Extensions\Async\Functions\OperationStatusFunctionTest" classname="Tests.Unit.Extensions.Async.Functions.OperationStatusFunctionTest" assertions="5" time="0.003857"/>
        <testcase name="`OperationStatusFunction` → `Happy Paths` → `__invoke()` → returns operation data for pending operation" file="tests/Unit/Extensions/Async/Functions/OperationStatusFunctionTest.php::`OperationStatusFunction` → `Happy Paths` → `__invoke()` → returns operation data for pending operation" class="Tests\Unit\Extensions\Async\Functions\OperationStatusFunctionTest" classname="Tests.Unit.Extensions.Async.Functions.OperationStatusFunctionTest" assertions="0" time="0.004172">
          <error type="Mockery\Exception\NoMatchingExpectationException">`OperationStatusFunction` → `Happy Paths` → `__invoke()` → returns operation data for pending operationMockery\Exception\NoMatchingExpectationException: No matching handler found for Mockery_5_Cline_Forrst_Contracts_OperationRepositoryInterface::find('op-123', NULL). Either the method was unexpected or its arguments matched no expected argument list for this method


at vendor/mockery/mockery/library/Mockery/ExpectationDirector.php:90
at src/Extensions/Async/Functions/OperationStatusFunction.php:76
at tests/Unit/Extensions/Async/Functions/OperationStatusFunctionTest.php:200</error>
        </testcase>
        <testcase name="`OperationStatusFunction` → `Happy Paths` → `__invoke()` → returns operation data for processing operation with progress" file="tests/Unit/Extensions/Async/Functions/OperationStatusFunctionTest.php::`OperationStatusFunction` → `Happy Paths` → `__invoke()` → returns operation data for processing operation with progress" class="Tests\Unit\Extensions\Async\Functions\OperationStatusFunctionTest" classname="Tests.Unit.Extensions.Async.Functions.OperationStatusFunctionTest" assertions="0" time="0.004126">
          <error type="Mockery\Exception\NoMatchingExpectationException">`OperationStatusFunction` → `Happy Paths` → `__invoke()` → returns operation data for processing operation with progressMockery\Exception\NoMatchingExpectationException: No matching handler found for Mockery_5_Cline_Forrst_Contracts_OperationRepositoryInterface::find('op-456', NULL). Either the method was unexpected or its arguments matched no expected argument list for this method


at vendor/mockery/mockery/library/Mockery/ExpectationDirector.php:90
at src/Extensions/Async/Functions/OperationStatusFunction.php:76
at tests/Unit/Extensions/Async/Functions/OperationStatusFunctionTest.php:234</error>
        </testcase>
        <testcase name="`OperationStatusFunction` → `Happy Paths` → `__invoke()` → returns operation data for completed operation with result" file="tests/Unit/Extensions/Async/Functions/OperationStatusFunctionTest.php::`OperationStatusFunction` → `Happy Paths` → `__invoke()` → returns operation data for completed operation with result" class="Tests\Unit\Extensions\Async\Functions\OperationStatusFunctionTest" classname="Tests.Unit.Extensions.Async.Functions.OperationStatusFunctionTest" assertions="0" time="0.004070">
          <error type="Mockery\Exception\NoMatchingExpectationException">`OperationStatusFunction` → `Happy Paths` → `__invoke()` → returns operation data for completed operation with resultMockery\Exception\NoMatchingExpectationException: No matching handler found for Mockery_5_Cline_Forrst_Contracts_OperationRepositoryInterface::find('op-789', NULL). Either the method was unexpected or its arguments matched no expected argument list for this method


at vendor/mockery/mockery/library/Mockery/ExpectationDirector.php:90
at src/Extensions/Async/Functions/OperationStatusFunction.php:76
at tests/Unit/Extensions/Async/Functions/OperationStatusFunctionTest.php:266</error>
        </testcase>
        <testcase name="`OperationStatusFunction` → `Happy Paths` → `__invoke()` → returns operation data for failed operation with errors" file="tests/Unit/Extensions/Async/Functions/OperationStatusFunctionTest.php::`OperationStatusFunction` → `Happy Paths` → `__invoke()` → returns operation data for failed operation with errors" class="Tests\Unit\Extensions\Async\Functions\OperationStatusFunctionTest" classname="Tests.Unit.Extensions.Async.Functions.OperationStatusFunctionTest" assertions="0" time="0.004061">
          <error type="Mockery\Exception\NoMatchingExpectationException">`OperationStatusFunction` → `Happy Paths` → `__invoke()` → returns operation data for failed operation with errorsMockery\Exception\NoMatchingExpectationException: No matching handler found for Mockery_5_Cline_Forrst_Contracts_OperationRepositoryInterface::find('op-999', NULL). Either the method was unexpected or its arguments matched no expected argument list for this method


at vendor/mockery/mockery/library/Mockery/ExpectationDirector.php:90
at src/Extensions/Async/Functions/OperationStatusFunction.php:76
at tests/Unit/Extensions/Async/Functions/OperationStatusFunctionTest.php:305</error>
        </testcase>
        <testcase name="`OperationStatusFunction` → `Happy Paths` → `__invoke()` → returns operation data for cancelled operation" file="tests/Unit/Extensions/Async/Functions/OperationStatusFunctionTest.php::`OperationStatusFunction` → `Happy Paths` → `__invoke()` → returns operation data for cancelled operation" class="Tests\Unit\Extensions\Async\Functions\OperationStatusFunctionTest" classname="Tests.Unit.Extensions.Async.Functions.OperationStatusFunctionTest" assertions="0" time="0.004024">
          <error type="Mockery\Exception\NoMatchingExpectationException">`OperationStatusFunction` → `Happy Paths` → `__invoke()` → returns operation data for cancelled operationMockery\Exception\NoMatchingExpectationException: No matching handler found for Mockery_5_Cline_Forrst_Contracts_OperationRepositoryInterface::find('op-111', NULL). Either the method was unexpected or its arguments matched no expected argument list for this method


at vendor/mockery/mockery/library/Mockery/ExpectationDirector.php:90
at src/Extensions/Async/Functions/OperationStatusFunction.php:76
at tests/Unit/Extensions/Async/Functions/OperationStatusFunctionTest.php:338</error>
        </testcase>
        <testcase name="`OperationStatusFunction` → `Edge Cases` → `operation data conversion` → handles operation with minimal fields" file="tests/Unit/Extensions/Async/Functions/OperationStatusFunctionTest.php::`OperationStatusFunction` → `Edge Cases` → `operation data conversion` → handles operation with minimal fields" class="Tests\Unit\Extensions\Async\Functions\OperationStatusFunctionTest" classname="Tests.Unit.Extensions.Async.Functions.OperationStatusFunctionTest" assertions="0" time="0.004560">
          <error type="Mockery\Exception\NoMatchingExpectationException">`OperationStatusFunction` → `Edge Cases` → `operation data conversion` → handles operation with minimal fieldsMockery\Exception\NoMatchingExpectationException: No matching handler found for Mockery_5_Cline_Forrst_Contracts_OperationRepositoryInterface::find('op-min', NULL). Either the method was unexpected or its arguments matched no expected argument list for this method


at vendor/mockery/mockery/library/Mockery/ExpectationDirector.php:90
at src/Extensions/Async/Functions/OperationStatusFunction.php:76
at tests/Unit/Extensions/Async/Functions/OperationStatusFunctionTest.php:369</error>
        </testcase>
        <testcase name="`OperationStatusFunction` → `Edge Cases` → `operation data conversion` → handles operation with all optional fields" file="tests/Unit/Extensions/Async/Functions/OperationStatusFunctionTest.php::`OperationStatusFunction` → `Edge Cases` → `operation data conversion` → handles operation with all optional fields" class="Tests\Unit\Extensions\Async\Functions\OperationStatusFunctionTest" classname="Tests.Unit.Extensions.Async.Functions.OperationStatusFunctionTest" assertions="0" time="0.004519">
          <error type="Mockery\Exception\NoMatchingExpectationException">`OperationStatusFunction` → `Edge Cases` → `operation data conversion` → handles operation with all optional fieldsMockery\Exception\NoMatchingExpectationException: No matching handler found for Mockery_5_Cline_Forrst_Contracts_OperationRepositoryInterface::find('op-full', NULL). Either the method was unexpected or its arguments matched no expected argument list for this method


at vendor/mockery/mockery/library/Mockery/ExpectationDirector.php:90
at src/Extensions/Async/Functions/OperationStatusFunction.php:76
at tests/Unit/Extensions/Async/Functions/OperationStatusFunctionTest.php:406</error>
        </testcase>
        <testcase name="`OperationStatusFunction` → `Sad Paths` → `operation not found` → throws NotFoundException when operation does not exist" file="tests/Unit/Extensions/Async/Functions/OperationStatusFunctionTest.php::`OperationStatusFunction` → `Sad Paths` → `operation not found` → throws NotFoundException when operation does not exist" class="Tests\Unit\Extensions\Async\Functions\OperationStatusFunctionTest" classname="Tests.Unit.Extensions.Async.Functions.OperationStatusFunctionTest" assertions="1" time="0.004289">
          <failure type="PHPUnit\Framework\ExpectationFailedException">`OperationStatusFunction` → `Sad Paths` → `operation not found` → throws NotFoundException when operation does not existFailed asserting that an instance of class Cline\Forrst\Exceptions\InvalidFieldValueException is an instance of class Cline\Forrst\Exceptions\OperationNotFoundException.
at tests/Unit/Extensions/Async/Functions/OperationStatusFunctionTest.php:435</failure>
        </testcase>
        <testcase name="`OperationStatusFunction` → `Sad Paths` → `operation not found` → exception message includes operation ID" file="tests/Unit/Extensions/Async/Functions/OperationStatusFunctionTest.php::`OperationStatusFunction` → `Sad Paths` → `operation not found` → exception message includes operation ID" class="Tests\Unit\Extensions\Async\Functions\OperationStatusFunctionTest" classname="Tests.Unit.Extensions.Async.Functions.OperationStatusFunctionTest" assertions="0" time="0.004086">
          <error type="Cline\Forrst\Exceptions\InvalidFieldValueException">`OperationStatusFunction` → `Sad Paths` → `operation not found` → exception message includes operation IDCline\Forrst\Exceptions\InvalidFieldValueException: operation_id is invalid: Operation ID must be a valid UUID, ULID, or prefixed format (op_/op- followed by alphanumeric)
at src/Exceptions/InvalidFieldValueException.php:22
at src/Extensions/Async/Functions/OperationStatusFunction.php:131
at src/Extensions/Async/Functions/OperationStatusFunction.php:70
at tests/Unit/Extensions/Async/Functions/OperationStatusFunctionTest.php:453</error>
        </testcase>
        <testcase name="`OperationStatusFunction` → `Sad Paths` → `repository errors` → propagates repository exception" file="tests/Unit/Extensions/Async/Functions/OperationStatusFunctionTest.php::`OperationStatusFunction` → `Sad Paths` → `repository errors` → propagates repository exception" class="Tests\Unit\Extensions\Async\Functions\OperationStatusFunctionTest" classname="Tests.Unit.Extensions.Async.Functions.OperationStatusFunctionTest" assertions="1" time="0.003991"/>
      </testsuite>
      <testsuite name="Tests\Unit\Extensions\AtomicLockExtensionTest" file="tests/Unit/Extensions/AtomicLockExtensionTest.php" tests="25" assertions="62" errors="1" failures="0" skipped="0" time="0.121624">
        <testcase name="`AtomicLockExtension` → `Happy Paths` → getUrn returns correct URN constant" file="tests/Unit/Extensions/AtomicLockExtensionTest.php::`AtomicLockExtension` → `Happy Paths` → getUrn returns correct URN constant" class="Tests\Unit\Extensions\AtomicLockExtensionTest" classname="Tests.Unit.Extensions.AtomicLockExtensionTest" assertions="2" time="0.008905"/>
        <testcase name="`AtomicLockExtension` → `Happy Paths` → buildLockKey creates function-scoped key by default" file="tests/Unit/Extensions/AtomicLockExtensionTest.php::`AtomicLockExtension` → `Happy Paths` → buildLockKey creates function-scoped key by default" class="Tests\Unit\Extensions\AtomicLockExtensionTest" classname="Tests.Unit.Extensions.AtomicLockExtensionTest" assertions="1" time="0.004450"/>
        <testcase name="`AtomicLockExtension` → `Happy Paths` → buildLockKey creates global key when scope is global" file="tests/Unit/Extensions/AtomicLockExtensionTest.php::`AtomicLockExtension` → `Happy Paths` → buildLockKey creates global key when scope is global" class="Tests\Unit\Extensions\AtomicLockExtensionTest" classname="Tests.Unit.Extensions.AtomicLockExtensionTest" assertions="1" time="0.004013"/>
        <testcase name="`AtomicLockExtension` → `Happy Paths` → onExecutingFunction acquires lock successfully with auto-release" file="tests/Unit/Extensions/AtomicLockExtensionTest.php::`AtomicLockExtension` → `Happy Paths` → onExecutingFunction acquires lock successfully with auto-release" class="Tests\Unit\Extensions\AtomicLockExtensionTest" classname="Tests.Unit.Extensions.AtomicLockExtensionTest" assertions="3" time="0.009976"/>
        <testcase name="`AtomicLockExtension` → `Happy Paths` → onExecutingFunction acquires lock with blocking" file="tests/Unit/Extensions/AtomicLockExtensionTest.php::`AtomicLockExtension` → `Happy Paths` → onExecutingFunction acquires lock with blocking" class="Tests\Unit\Extensions\AtomicLockExtensionTest" classname="Tests.Unit.Extensions.AtomicLockExtensionTest" assertions="3" time="0.004859"/>
        <testcase name="`AtomicLockExtension` → `Happy Paths` → onFunctionExecuted releases lock when auto_release is true" file="tests/Unit/Extensions/AtomicLockExtensionTest.php::`AtomicLockExtension` → `Happy Paths` → onFunctionExecuted releases lock when auto_release is true" class="Tests\Unit\Extensions\AtomicLockExtensionTest" classname="Tests.Unit.Extensions.AtomicLockExtensionTest" assertions="14" time="0.007366">
          <error type="Mockery\Exception\InvalidCountException">`AtomicLockExtension` → `Happy Paths` → onFunctionExecuted releases lock when auto_release is trueMockery\Exception\InvalidCountException: Method forget(&lt;Any Arguments&gt;) from Mockery_7_Illuminate_Cache_CacheManager should be called
 exactly 3 times but called 0 times.
at vendor/mockery/mockery/library/Mockery/CountValidator/Exact.php:32
at vendor/mockery/mockery/library/Mockery/Expectation.php:739
at vendor/mockery/mockery/library/Mockery/ExpectationDirector.php:202
at vendor/mockery/mockery/library/Mockery/Container.php:583
at vendor/mockery/mockery/library/Mockery/Container.php:519
at vendor/mockery/mockery/library/Mockery.php:176</error>
        </testcase>
        <testcase name="`AtomicLockExtension` → `Happy Paths` → onFunctionExecuted does not release lock when auto_release is false" file="tests/Unit/Extensions/AtomicLockExtensionTest.php::`AtomicLockExtension` → `Happy Paths` → onFunctionExecuted does not release lock when auto_release is false" class="Tests\Unit\Extensions\AtomicLockExtensionTest" classname="Tests.Unit.Extensions.AtomicLockExtensionTest" assertions="3" time="0.004746"/>
        <testcase name="`AtomicLockExtension` → `Happy Paths` → releaseLock releases lock with correct owner" file="tests/Unit/Extensions/AtomicLockExtensionTest.php::`AtomicLockExtension` → `Happy Paths` → releaseLock releases lock with correct owner" class="Tests\Unit\Extensions\AtomicLockExtensionTest" classname="Tests.Unit.Extensions.AtomicLockExtensionTest" assertions="3" time="0.004460"/>
        <testcase name="`AtomicLockExtension` → `Happy Paths` → forceReleaseLock releases lock without ownership check" file="tests/Unit/Extensions/AtomicLockExtensionTest.php::`AtomicLockExtension` → `Happy Paths` → forceReleaseLock releases lock without ownership check" class="Tests\Unit\Extensions\AtomicLockExtensionTest" classname="Tests.Unit.Extensions.AtomicLockExtensionTest" assertions="3" time="0.004509"/>
        <testcase name="`AtomicLockExtension` → `Happy Paths` → getLockStatus returns locked status with metadata" file="tests/Unit/Extensions/AtomicLockExtensionTest.php::`AtomicLockExtension` → `Happy Paths` → getLockStatus returns locked status with metadata" class="Tests\Unit\Extensions\AtomicLockExtensionTest" classname="Tests.Unit.Extensions.AtomicLockExtensionTest" assertions="9" time="0.004401"/>
        <testcase name="`AtomicLockExtension` → `Happy Paths` → getLockStatus returns unlocked status when no lock exists" file="tests/Unit/Extensions/AtomicLockExtensionTest.php::`AtomicLockExtension` → `Happy Paths` → getLockStatus returns unlocked status when no lock exists" class="Tests\Unit\Extensions\AtomicLockExtensionTest" classname="Tests.Unit.Extensions.AtomicLockExtensionTest" assertions="1" time="0.003949"/>
        <testcase name="`AtomicLockExtension` → `Edge Cases` → onExecutingFunction uses custom owner token when provided" file="tests/Unit/Extensions/AtomicLockExtensionTest.php::`AtomicLockExtension` → `Edge Cases` → onExecutingFunction uses custom owner token when provided" class="Tests\Unit\Extensions\AtomicLockExtensionTest" classname="Tests.Unit.Extensions.AtomicLockExtensionTest" assertions="2" time="0.003980"/>
        <testcase name="`AtomicLockExtension` → `Edge Cases` → onExecutingFunction uses global scope when specified" file="tests/Unit/Extensions/AtomicLockExtensionTest.php::`AtomicLockExtension` → `Edge Cases` → onExecutingFunction uses global scope when specified" class="Tests\Unit\Extensions\AtomicLockExtensionTest" classname="Tests.Unit.Extensions.AtomicLockExtensionTest" assertions="2" time="0.003844"/>
        <testcase name="`AtomicLockExtension` → `Edge Cases` → onFunctionExecuted does nothing when context is null" file="tests/Unit/Extensions/AtomicLockExtensionTest.php::`AtomicLockExtension` → `Edge Cases` → onFunctionExecuted does nothing when context is null" class="Tests\Unit\Extensions\AtomicLockExtensionTest" classname="Tests.Unit.Extensions.AtomicLockExtensionTest" assertions="1" time="0.003839"/>
        <testcase name="`AtomicLockExtension` → `Edge Cases` → parseDuration handles minutes correctly" file="tests/Unit/Extensions/AtomicLockExtensionTest.php::`AtomicLockExtension` → `Edge Cases` → parseDuration handles minutes correctly" class="Tests\Unit\Extensions\AtomicLockExtensionTest" classname="Tests.Unit.Extensions.AtomicLockExtensionTest" assertions="2" time="0.003792"/>
        <testcase name="`AtomicLockExtension` → `Edge Cases` → parseDuration handles hours correctly" file="tests/Unit/Extensions/AtomicLockExtensionTest.php::`AtomicLockExtension` → `Edge Cases` → parseDuration handles hours correctly" class="Tests\Unit\Extensions\AtomicLockExtensionTest" classname="Tests.Unit.Extensions.AtomicLockExtensionTest" assertions="2" time="0.003729"/>
        <testcase name="`AtomicLockExtension` → `Edge Cases` → parseDuration handles days correctly" file="tests/Unit/Extensions/AtomicLockExtensionTest.php::`AtomicLockExtension` → `Edge Cases` → parseDuration handles days correctly" class="Tests\Unit\Extensions\AtomicLockExtensionTest" classname="Tests.Unit.Extensions.AtomicLockExtensionTest" assertions="2" time="0.003838"/>
        <testcase name="`AtomicLockExtension` → `Edge Cases` → getLockStatus returns 0 for ttl_remaining when lock is expired" file="tests/Unit/Extensions/AtomicLockExtensionTest.php::`AtomicLockExtension` → `Edge Cases` → getLockStatus returns 0 for ttl_remaining when lock is expired" class="Tests\Unit\Extensions\AtomicLockExtensionTest" classname="Tests.Unit.Extensions.AtomicLockExtensionTest" assertions="1" time="0.004188"/>
        <testcase name="`AtomicLockExtension` → `Sad Paths` → onExecutingFunction throws when key is missing" file="tests/Unit/Extensions/AtomicLockExtensionTest.php::`AtomicLockExtension` → `Sad Paths` → onExecutingFunction throws when key is missing" class="Tests\Unit\Extensions\AtomicLockExtensionTest" classname="Tests.Unit.Extensions.AtomicLockExtensionTest" assertions="1" time="0.003836"/>
        <testcase name="`AtomicLockExtension` → `Sad Paths` → onExecutingFunction throws when ttl is missing" file="tests/Unit/Extensions/AtomicLockExtensionTest.php::`AtomicLockExtension` → `Sad Paths` → onExecutingFunction throws when ttl is missing" class="Tests\Unit\Extensions\AtomicLockExtensionTest" classname="Tests.Unit.Extensions.AtomicLockExtensionTest" assertions="1" time="0.003641"/>
        <testcase name="`AtomicLockExtension` → `Sad Paths` → onExecutingFunction throws LockAcquisitionFailedException when lock is held" file="tests/Unit/Extensions/AtomicLockExtensionTest.php::`AtomicLockExtension` → `Sad Paths` → onExecutingFunction throws LockAcquisitionFailedException when lock is held" class="Tests\Unit\Extensions\AtomicLockExtensionTest" classname="Tests.Unit.Extensions.AtomicLockExtensionTest" assertions="1" time="0.004783"/>
        <testcase name="`AtomicLockExtension` → `Sad Paths` → onExecutingFunction throws LockTimeoutException when blocking times out" file="tests/Unit/Extensions/AtomicLockExtensionTest.php::`AtomicLockExtension` → `Sad Paths` → onExecutingFunction throws LockTimeoutException when blocking times out" class="Tests\Unit\Extensions\AtomicLockExtensionTest" classname="Tests.Unit.Extensions.AtomicLockExtensionTest" assertions="1" time="0.004355"/>
        <testcase name="`AtomicLockExtension` → `Sad Paths` → releaseLock throws LockNotFoundException when lock does not exist" file="tests/Unit/Extensions/AtomicLockExtensionTest.php::`AtomicLockExtension` → `Sad Paths` → releaseLock throws LockNotFoundException when lock does not exist" class="Tests\Unit\Extensions\AtomicLockExtensionTest" classname="Tests.Unit.Extensions.AtomicLockExtensionTest" assertions="1" time="0.007719"/>
        <testcase name="`AtomicLockExtension` → `Sad Paths` → releaseLock throws LockOwnershipMismatchException when owner does not match" file="tests/Unit/Extensions/AtomicLockExtensionTest.php::`AtomicLockExtension` → `Sad Paths` → releaseLock throws LockOwnershipMismatchException when owner does not match" class="Tests\Unit\Extensions\AtomicLockExtensionTest" classname="Tests.Unit.Extensions.AtomicLockExtensionTest" assertions="1" time="0.004415"/>
        <testcase name="`AtomicLockExtension` → `Sad Paths` → forceReleaseLock throws LockNotFoundException when lock does not exist" file="tests/Unit/Extensions/AtomicLockExtensionTest.php::`AtomicLockExtension` → `Sad Paths` → forceReleaseLock throws LockNotFoundException when lock does not exist" class="Tests\Unit\Extensions\AtomicLockExtensionTest" classname="Tests.Unit.Extensions.AtomicLockExtensionTest" assertions="1" time="0.004032"/>
      </testsuite>
      <testsuite name="Tests\Unit\Extensions\CachingExtensionTest" file="tests/Unit/Extensions/CachingExtensionTest.php" tests="38" assertions="64" errors="1" failures="0" skipped="0" time="0.153377">
        <testcase name="`CachingExtension` → `Happy Paths` → returns correct URN constant" file="tests/Unit/Extensions/CachingExtensionTest.php::`CachingExtension` → `Happy Paths` → returns correct URN constant" class="Tests\Unit\Extensions\CachingExtensionTest" classname="Tests.Unit.Extensions.CachingExtensionTest" assertions="1" time="0.008462"/>
        <testcase name="`CachingExtension` → `Happy Paths` → getIfNoneMatch returns ETag from options" file="tests/Unit/Extensions/CachingExtensionTest.php::`CachingExtension` → `Happy Paths` → getIfNoneMatch returns ETag from options" class="Tests\Unit\Extensions\CachingExtensionTest" classname="Tests.Unit.Extensions.CachingExtensionTest" assertions="1" time="0.003613"/>
        <testcase name="`CachingExtension` → `Happy Paths` → getIfModifiedSince returns Carbon timestamp from options" file="tests/Unit/Extensions/CachingExtensionTest.php::`CachingExtension` → `Happy Paths` → getIfModifiedSince returns Carbon timestamp from options" class="Tests\Unit\Extensions\CachingExtensionTest" classname="Tests.Unit.Extensions.CachingExtensionTest" assertions="2" time="0.003545"/>
        <testcase name="`CachingExtension` → `Happy Paths` → isValid returns true when ETags match" file="tests/Unit/Extensions/CachingExtensionTest.php::`CachingExtension` → `Happy Paths` → isValid returns true when ETags match" class="Tests\Unit\Extensions\CachingExtensionTest" classname="Tests.Unit.Extensions.CachingExtensionTest" assertions="1" time="0.003632"/>
        <testcase name="`CachingExtension` → `Happy Paths` → isValid returns true when current is not modified since client timestamp" file="tests/Unit/Extensions/CachingExtensionTest.php::`CachingExtension` → `Happy Paths` → isValid returns true when current is not modified since client timestamp" class="Tests\Unit\Extensions\CachingExtensionTest" classname="Tests.Unit.Extensions.CachingExtensionTest" assertions="1" time="0.003721"/>
        <testcase name="`CachingExtension` → `Happy Paths` → generateEtag creates consistent hash" file="tests/Unit/Extensions/CachingExtensionTest.php::`CachingExtension` → `Happy Paths` → generateEtag creates consistent hash" class="Tests\Unit\Extensions\CachingExtensionTest" classname="Tests.Unit.Extensions.CachingExtensionTest" assertions="3" time="0.003798"/>
        <testcase name="`CachingExtension` → `Happy Paths` → buildCacheHitResponse returns not modified response" file="tests/Unit/Extensions/CachingExtensionTest.php::`CachingExtension` → `Happy Paths` → buildCacheHitResponse returns not modified response" class="Tests\Unit\Extensions\CachingExtensionTest" classname="Tests.Unit.Extensions.CachingExtensionTest" assertions="5" time="0.003778"/>
        <testcase name="`CachingExtension` → `Happy Paths` → buildCacheMetadata creates metadata with etag and status" file="tests/Unit/Extensions/CachingExtensionTest.php::`CachingExtension` → `Happy Paths` → buildCacheMetadata creates metadata with etag and status" class="Tests\Unit\Extensions\CachingExtensionTest" classname="Tests.Unit.Extensions.CachingExtensionTest" assertions="4" time="0.003764"/>
        <testcase name="`CachingExtension` → `Happy Paths` → buildCacheMetadata includes max_age when provided" file="tests/Unit/Extensions/CachingExtensionTest.php::`CachingExtension` → `Happy Paths` → buildCacheMetadata includes max_age when provided" class="Tests\Unit\Extensions\CachingExtensionTest" classname="Tests.Unit.Extensions.CachingExtensionTest" assertions="3" time="0.003786"/>
        <testcase name="`CachingExtension` → `Happy Paths` → buildCacheMetadata includes last_modified when provided" file="tests/Unit/Extensions/CachingExtensionTest.php::`CachingExtension` → `Happy Paths` → buildCacheMetadata includes last_modified when provided" class="Tests\Unit\Extensions\CachingExtensionTest" classname="Tests.Unit.Extensions.CachingExtensionTest" assertions="2" time="0.003605"/>
        <testcase name="`CachingExtension` → `Happy Paths` → enrichResponse adds cache extension to response" file="tests/Unit/Extensions/CachingExtensionTest.php::`CachingExtension` → `Happy Paths` → enrichResponse adds cache extension to response" class="Tests\Unit\Extensions\CachingExtensionTest" classname="Tests.Unit.Extensions.CachingExtensionTest" assertions="4" time="0.003590"/>
        <testcase name="`CachingExtension` → `Happy Paths` → enrichResponse preserves existing extensions" file="tests/Unit/Extensions/CachingExtensionTest.php::`CachingExtension` → `Happy Paths` → enrichResponse preserves existing extensions" class="Tests\Unit\Extensions\CachingExtensionTest" classname="Tests.Unit.Extensions.CachingExtensionTest" assertions="0" time="0.003871">
          <error type="Cline\Forrst\Exceptions\InvalidFieldValueException">`CachingExtension` → `Happy Paths` → enrichResponse preserves existing extensionsCline\Forrst\Exceptions\InvalidFieldValueException: Extension urn is invalid: must follow format 'urn:vendor:forrst:ext:name', got: urn:custom:ext
at src/Exceptions/InvalidFieldValueException.php:22
at src/Validation/UrnValidator.php:49
at src/Data/ExtensionData.php:70
at src/Data/ExtensionData.php:113
at tests/Unit/Extensions/CachingExtensionTest.php:184</error>
        </testcase>
        <testcase name="`CachingExtension` → `Happy Paths` → getCached returns null when cache is not configured" file="tests/Unit/Extensions/CachingExtensionTest.php::`CachingExtension` → `Happy Paths` → getCached returns null when cache is not configured" class="Tests\Unit\Extensions\CachingExtensionTest" classname="Tests.Unit.Extensions.CachingExtensionTest" assertions="1" time="0.003845"/>
        <testcase name="`CachingExtension` → `Happy Paths` → getCached returns null when cached value is not array" file="tests/Unit/Extensions/CachingExtensionTest.php::`CachingExtension` → `Happy Paths` → getCached returns null when cached value is not array" class="Tests\Unit\Extensions\CachingExtensionTest" classname="Tests.Unit.Extensions.CachingExtensionTest" assertions="2" time="0.004467"/>
        <testcase name="`CachingExtension` → `Happy Paths` → setCached stores response in cache" file="tests/Unit/Extensions/CachingExtensionTest.php::`CachingExtension` → `Happy Paths` → setCached stores response in cache" class="Tests\Unit\Extensions\CachingExtensionTest" classname="Tests.Unit.Extensions.CachingExtensionTest" assertions="2" time="0.003839"/>
        <testcase name="`CachingExtension` → `Happy Paths` → setCached uses custom TTL when provided" file="tests/Unit/Extensions/CachingExtensionTest.php::`CachingExtension` → `Happy Paths` → setCached uses custom TTL when provided" class="Tests\Unit\Extensions\CachingExtensionTest" classname="Tests.Unit.Extensions.CachingExtensionTest" assertions="2" time="0.003694"/>
        <testcase name="`CachingExtension` → `Happy Paths` → buildCacheKey creates consistent key from request" file="tests/Unit/Extensions/CachingExtensionTest.php::`CachingExtension` → `Happy Paths` → buildCacheKey creates consistent key from request" class="Tests\Unit\Extensions\CachingExtensionTest" classname="Tests.Unit.Extensions.CachingExtensionTest" assertions="3" time="0.003756"/>
        <testcase name="`CachingExtension` → `Happy Paths` → buildCacheKey creates different keys for different arguments" file="tests/Unit/Extensions/CachingExtensionTest.php::`CachingExtension` → `Happy Paths` → buildCacheKey creates different keys for different arguments" class="Tests\Unit\Extensions\CachingExtensionTest" classname="Tests.Unit.Extensions.CachingExtensionTest" assertions="1" time="0.003908"/>
        <testcase name="`CachingExtension` → `Edge Cases` → getIfNoneMatch returns null when option not set" file="tests/Unit/Extensions/CachingExtensionTest.php::`CachingExtension` → `Edge Cases` → getIfNoneMatch returns null when option not set" class="Tests\Unit\Extensions\CachingExtensionTest" classname="Tests.Unit.Extensions.CachingExtensionTest" assertions="1" time="0.003858"/>
        <testcase name="`CachingExtension` → `Edge Cases` → getIfNoneMatch handles null options" file="tests/Unit/Extensions/CachingExtensionTest.php::`CachingExtension` → `Edge Cases` → getIfNoneMatch handles null options" class="Tests\Unit\Extensions\CachingExtensionTest" classname="Tests.Unit.Extensions.CachingExtensionTest" assertions="1" time="0.003628"/>
        <testcase name="`CachingExtension` → `Edge Cases` → getIfModifiedSince returns null when option not set" file="tests/Unit/Extensions/CachingExtensionTest.php::`CachingExtension` → `Edge Cases` → getIfModifiedSince returns null when option not set" class="Tests\Unit\Extensions\CachingExtensionTest" classname="Tests.Unit.Extensions.CachingExtensionTest" assertions="1" time="0.006986"/>
        <testcase name="`CachingExtension` → `Edge Cases` → getIfModifiedSince handles null options" file="tests/Unit/Extensions/CachingExtensionTest.php::`CachingExtension` → `Edge Cases` → getIfModifiedSince handles null options" class="Tests\Unit\Extensions\CachingExtensionTest" classname="Tests.Unit.Extensions.CachingExtensionTest" assertions="1" time="0.003987"/>
        <testcase name="`CachingExtension` → `Edge Cases` → isValid returns false when ETags do not match" file="tests/Unit/Extensions/CachingExtensionTest.php::`CachingExtension` → `Edge Cases` → isValid returns false when ETags do not match" class="Tests\Unit\Extensions\CachingExtensionTest" classname="Tests.Unit.Extensions.CachingExtensionTest" assertions="1" time="0.003854"/>
        <testcase name="`CachingExtension` → `Edge Cases` → isValid returns false when current is newer than client timestamp" file="tests/Unit/Extensions/CachingExtensionTest.php::`CachingExtension` → `Edge Cases` → isValid returns false when current is newer than client timestamp" class="Tests\Unit\Extensions\CachingExtensionTest" classname="Tests.Unit.Extensions.CachingExtensionTest" assertions="1" time="0.003785"/>
        <testcase name="`CachingExtension` → `Edge Cases` → isValid normalizes ETags for comparison" file="tests/Unit/Extensions/CachingExtensionTest.php::`CachingExtension` → `Edge Cases` → isValid normalizes ETags for comparison" class="Tests\Unit\Extensions\CachingExtensionTest" classname="Tests.Unit.Extensions.CachingExtensionTest" assertions="1" time="0.003644"/>
        <testcase name="`CachingExtension` → `Edge Cases` → isValid handles weak validator prefix" file="tests/Unit/Extensions/CachingExtensionTest.php::`CachingExtension` → `Edge Cases` → isValid handles weak validator prefix" class="Tests\Unit\Extensions\CachingExtensionTest" classname="Tests.Unit.Extensions.CachingExtensionTest" assertions="1" time="0.003684"/>
        <testcase name="`CachingExtension` → `Edge Cases` → isValid returns false when neither ETag nor timestamp provided" file="tests/Unit/Extensions/CachingExtensionTest.php::`CachingExtension` → `Edge Cases` → isValid returns false when neither ETag nor timestamp provided" class="Tests\Unit\Extensions\CachingExtensionTest" classname="Tests.Unit.Extensions.CachingExtensionTest" assertions="1" time="0.003697"/>
        <testcase name="`CachingExtension` → `Edge Cases` → isValid prioritizes ETag over timestamp" file="tests/Unit/Extensions/CachingExtensionTest.php::`CachingExtension` → `Edge Cases` → isValid prioritizes ETag over timestamp" class="Tests\Unit\Extensions\CachingExtensionTest" classname="Tests.Unit.Extensions.CachingExtensionTest" assertions="1" time="0.003869"/>
        <testcase name="`CachingExtension` → `Edge Cases` → generateEtag creates different ETags for different values" file="tests/Unit/Extensions/CachingExtensionTest.php::`CachingExtension` → `Edge Cases` → generateEtag creates different ETags for different values" class="Tests\Unit\Extensions\CachingExtensionTest" classname="Tests.Unit.Extensions.CachingExtensionTest" assertions="1" time="0.003900"/>
        <testcase name="`CachingExtension` → `Edge Cases` → buildCacheMetadata uses default TTL when maxAge is null" file="tests/Unit/Extensions/CachingExtensionTest.php::`CachingExtension` → `Edge Cases` → buildCacheMetadata uses default TTL when maxAge is null" class="Tests\Unit\Extensions\CachingExtensionTest" classname="Tests.Unit.Extensions.CachingExtensionTest" assertions="2" time="0.003805"/>
        <testcase name="`CachingExtension` → `Edge Cases` → buildCacheMetadata omits max_age when TTL is 0" file="tests/Unit/Extensions/CachingExtensionTest.php::`CachingExtension` → `Edge Cases` → buildCacheMetadata omits max_age when TTL is 0" class="Tests\Unit\Extensions\CachingExtensionTest" classname="Tests.Unit.Extensions.CachingExtensionTest" assertions="1" time="0.003938"/>
        <testcase name="`CachingExtension` → `Edge Cases` → getCached returns null when cache misses" file="tests/Unit/Extensions/CachingExtensionTest.php::`CachingExtension` → `Edge Cases` → getCached returns null when cache misses" class="Tests\Unit\Extensions\CachingExtensionTest" classname="Tests.Unit.Extensions.CachingExtensionTest" assertions="2" time="0.004214"/>
        <testcase name="`CachingExtension` → `Edge Cases` → setCached does nothing when cache is not configured" file="tests/Unit/Extensions/CachingExtensionTest.php::`CachingExtension` → `Edge Cases` → setCached does nothing when cache is not configured" class="Tests\Unit\Extensions\CachingExtensionTest" classname="Tests.Unit.Extensions.CachingExtensionTest" assertions="1" time="0.004069"/>
        <testcase name="`CachingExtension` → `Edge Cases` → buildCacheKey handles null version" file="tests/Unit/Extensions/CachingExtensionTest.php::`CachingExtension` → `Edge Cases` → buildCacheKey handles null version" class="Tests\Unit\Extensions\CachingExtensionTest" classname="Tests.Unit.Extensions.CachingExtensionTest" assertions="1" time="0.003880"/>
        <testcase name="`CachingExtension` → `Edge Cases` → buildCacheKey handles null arguments" file="tests/Unit/Extensions/CachingExtensionTest.php::`CachingExtension` → `Edge Cases` → buildCacheKey handles null arguments" class="Tests\Unit\Extensions\CachingExtensionTest" classname="Tests.Unit.Extensions.CachingExtensionTest" assertions="2" time="0.003871"/>
        <testcase name="`CachingExtension` → `Edge Cases` → enrichResponse with custom cache status" file="tests/Unit/Extensions/CachingExtensionTest.php::`CachingExtension` → `Edge Cases` → enrichResponse with custom cache status" class="Tests\Unit\Extensions\CachingExtensionTest" classname="Tests.Unit.Extensions.CachingExtensionTest" assertions="1" time="0.003858"/>
        <testcase name="`CachingExtension` → `Edge Cases` → buildCacheMetadata includes all optional fields" file="tests/Unit/Extensions/CachingExtensionTest.php::`CachingExtension` → `Edge Cases` → buildCacheMetadata includes all optional fields" class="Tests\Unit\Extensions\CachingExtensionTest" classname="Tests.Unit.Extensions.CachingExtensionTest" assertions="4" time="0.004117"/>
        <testcase name="`CachingExtension` → `Sad Paths` → isValid returns false when only client timestamp provided without current" file="tests/Unit/Extensions/CachingExtensionTest.php::`CachingExtension` → `Sad Paths` → isValid returns false when only client timestamp provided without current" class="Tests\Unit\Extensions\CachingExtensionTest" classname="Tests.Unit.Extensions.CachingExtensionTest" assertions="1" time="0.004058"/>
      </testsuite>
      <testsuite name="Tests\Unit\Extensions\CancellationExtensionTest" file="tests/Unit/Extensions/CancellationExtensionTest.php" tests="28" assertions="69" errors="0" failures="2" skipped="0" time="2.133582">
        <testcase name="`CancellationExtension` → `Happy Paths` → getUrn returns correct URN constant" file="tests/Unit/Extensions/CancellationExtensionTest.php::`CancellationExtension` → `Happy Paths` → getUrn returns correct URN constant" class="Tests\Unit\Extensions\CancellationExtensionTest" classname="Tests.Unit.Extensions.CancellationExtensionTest" assertions="2" time="0.010894"/>
        <testcase name="`CancellationExtension` → `Happy Paths` → onRequestValidated registers token as active in cache" file="tests/Unit/Extensions/CancellationExtensionTest.php::`CancellationExtension` → `Happy Paths` → onRequestValidated registers token as active in cache" class="Tests\Unit\Extensions\CancellationExtensionTest" classname="Tests.Unit.Extensions.CancellationExtensionTest" assertions="4" time="0.004235"/>
        <testcase name="`CancellationExtension` → `Happy Paths` → cancel marks active token as cancelled in cache" file="tests/Unit/Extensions/CancellationExtensionTest.php::`CancellationExtension` → `Happy Paths` → cancel marks active token as cancelled in cache" class="Tests\Unit\Extensions\CancellationExtensionTest" classname="Tests.Unit.Extensions.CancellationExtensionTest" assertions="3" time="0.003836"/>
        <testcase name="`CancellationExtension` → `Happy Paths` → onExecutingFunction returns cancelled error when token is cancelled" file="tests/Unit/Extensions/CancellationExtensionTest.php::`CancellationExtension` → `Happy Paths` → onExecutingFunction returns cancelled error when token is cancelled" class="Tests\Unit\Extensions\CancellationExtensionTest" classname="Tests.Unit.Extensions.CancellationExtensionTest" assertions="5" time="0.004290"/>
        <testcase name="`CancellationExtension` → `Happy Paths` → cleanup removes token from cache" file="tests/Unit/Extensions/CancellationExtensionTest.php::`CancellationExtension` → `Happy Paths` → cleanup removes token from cache" class="Tests\Unit\Extensions\CancellationExtensionTest" classname="Tests.Unit.Extensions.CancellationExtensionTest" assertions="2" time="0.003911"/>
        <testcase name="`CancellationExtension` → `Happy Paths` → onExecutingFunction does not stop propagation when token is active" file="tests/Unit/Extensions/CancellationExtensionTest.php::`CancellationExtension` → `Happy Paths` → onExecutingFunction does not stop propagation when token is active" class="Tests\Unit\Extensions\CancellationExtensionTest" classname="Tests.Unit.Extensions.CancellationExtensionTest" assertions="3" time="0.007830"/>
        <testcase name="`CancellationExtension` → `Happy Paths` → cancel returns true when called multiple times on same token" file="tests/Unit/Extensions/CancellationExtensionTest.php::`CancellationExtension` → `Happy Paths` → cancel returns true when called multiple times on same token" class="Tests\Unit\Extensions\CancellationExtensionTest" classname="Tests.Unit.Extensions.CancellationExtensionTest" assertions="4" time="0.003827"/>
        <testcase name="`CancellationExtension` → `Happy Paths` → isCancelled returns false for active token" file="tests/Unit/Extensions/CancellationExtensionTest.php::`CancellationExtension` → `Happy Paths` → isCancelled returns false for active token" class="Tests\Unit\Extensions\CancellationExtensionTest" classname="Tests.Unit.Extensions.CancellationExtensionTest" assertions="2" time="0.003616"/>
        <testcase name="`CancellationExtension` → `Happy Paths` → isActive returns false for cancelled token" file="tests/Unit/Extensions/CancellationExtensionTest.php::`CancellationExtension` → `Happy Paths` → isActive returns false for cancelled token" class="Tests\Unit\Extensions\CancellationExtensionTest" classname="Tests.Unit.Extensions.CancellationExtensionTest" assertions="2" time="0.003663"/>
        <testcase name="`CancellationExtension` → `Happy Paths` → onExecutingFunction cleans up token after detecting cancellation" file="tests/Unit/Extensions/CancellationExtensionTest.php::`CancellationExtension` → `Happy Paths` → onExecutingFunction cleans up token after detecting cancellation" class="Tests\Unit\Extensions\CancellationExtensionTest" classname="Tests.Unit.Extensions.CancellationExtensionTest" assertions="2" time="0.003986"/>
        <testcase name="`CancellationExtension` → `Sad Paths` → onRequestValidated returns error when token is missing from options" file="tests/Unit/Extensions/CancellationExtensionTest.php::`CancellationExtension` → `Sad Paths` → onRequestValidated returns error when token is missing from options" class="Tests\Unit\Extensions\CancellationExtensionTest" classname="Tests.Unit.Extensions.CancellationExtensionTest" assertions="5" time="0.003741"/>
        <testcase name="`CancellationExtension` → `Sad Paths` → onRequestValidated returns error when token is empty string" file="tests/Unit/Extensions/CancellationExtensionTest.php::`CancellationExtension` → `Sad Paths` → onRequestValidated returns error when token is empty string" class="Tests\Unit\Extensions\CancellationExtensionTest" classname="Tests.Unit.Extensions.CancellationExtensionTest" assertions="5" time="0.003645"/>
        <testcase name="`CancellationExtension` → `Sad Paths` → cancel returns false for non-existent token" file="tests/Unit/Extensions/CancellationExtensionTest.php::`CancellationExtension` → `Sad Paths` → cancel returns false for non-existent token" class="Tests\Unit\Extensions\CancellationExtensionTest" classname="Tests.Unit.Extensions.CancellationExtensionTest" assertions="1" time="0.012796"/>
        <testcase name="`CancellationExtension` → `Sad Paths` → cancel returns false for expired token" file="tests/Unit/Extensions/CancellationExtensionTest.php::`CancellationExtension` → `Sad Paths` → cancel returns false for expired token" class="Tests\Unit\Extensions\CancellationExtensionTest" classname="Tests.Unit.Extensions.CancellationExtensionTest" assertions="1" time="2.008413"/>
        <testcase name="`CancellationExtension` → `Sad Paths` → onRequestValidated returns error when token is not a string" file="tests/Unit/Extensions/CancellationExtensionTest.php::`CancellationExtension` → `Sad Paths` → onRequestValidated returns error when token is not a string" class="Tests\Unit\Extensions\CancellationExtensionTest" classname="Tests.Unit.Extensions.CancellationExtensionTest" assertions="5" time="0.004685"/>
        <testcase name="`CancellationExtension` → `Edge Cases` → onRequestValidated does nothing when extension is not present" file="tests/Unit/Extensions/CancellationExtensionTest.php::`CancellationExtension` → `Edge Cases` → onRequestValidated does nothing when extension is not present" class="Tests\Unit\Extensions\CancellationExtensionTest" classname="Tests.Unit.Extensions.CancellationExtensionTest" assertions="2" time="0.003866"/>
        <testcase name="`CancellationExtension` → `Edge Cases` → onExecutingFunction does nothing when token is missing from extension data" file="tests/Unit/Extensions/CancellationExtensionTest.php::`CancellationExtension` → `Edge Cases` → onExecutingFunction does nothing when token is missing from extension data" class="Tests\Unit\Extensions\CancellationExtensionTest" classname="Tests.Unit.Extensions.CancellationExtensionTest" assertions="2" time="0.003787"/>
        <testcase name="`CancellationExtension` → `Edge Cases` → onExecutingFunction does nothing when token is empty string" file="tests/Unit/Extensions/CancellationExtensionTest.php::`CancellationExtension` → `Edge Cases` → onExecutingFunction does nothing when token is empty string" class="Tests\Unit\Extensions\CancellationExtensionTest" classname="Tests.Unit.Extensions.CancellationExtensionTest" assertions="2" time="0.003995"/>
        <testcase name="`CancellationExtension` → `Edge Cases` → onExecutingFunction does nothing when token is not a string" file="tests/Unit/Extensions/CancellationExtensionTest.php::`CancellationExtension` → `Edge Cases` → onExecutingFunction does nothing when token is not a string" class="Tests\Unit\Extensions\CancellationExtensionTest" classname="Tests.Unit.Extensions.CancellationExtensionTest" assertions="2" time="0.004039"/>
        <testcase name="`CancellationExtension` → `Edge Cases` → isCancelled returns false for non-existent token" file="tests/Unit/Extensions/CancellationExtensionTest.php::`CancellationExtension` → `Edge Cases` → isCancelled returns false for non-existent token" class="Tests\Unit\Extensions\CancellationExtensionTest" classname="Tests.Unit.Extensions.CancellationExtensionTest" assertions="1" time="0.003717"/>
        <testcase name="`CancellationExtension` → `Edge Cases` → isActive returns false for non-existent token" file="tests/Unit/Extensions/CancellationExtensionTest.php::`CancellationExtension` → `Edge Cases` → isActive returns false for non-existent token" class="Tests\Unit\Extensions\CancellationExtensionTest" classname="Tests.Unit.Extensions.CancellationExtensionTest" assertions="1" time="0.003648"/>
        <testcase name="`CancellationExtension` → `Edge Cases` → cleanup does nothing for non-existent token" file="tests/Unit/Extensions/CancellationExtensionTest.php::`CancellationExtension` → `Edge Cases` → cleanup does nothing for non-existent token" class="Tests\Unit\Extensions\CancellationExtensionTest" classname="Tests.Unit.Extensions.CancellationExtensionTest" assertions="1" time="0.003750"/>
        <testcase name="`CancellationExtension` → `Edge Cases` → token respects custom TTL configuration" file="tests/Unit/Extensions/CancellationExtensionTest.php::`CancellationExtension` → `Edge Cases` → token respects custom TTL configuration" class="Tests\Unit\Extensions\CancellationExtensionTest" classname="Tests.Unit.Extensions.CancellationExtensionTest" assertions="1" time="0.003830"/>
        <testcase name="`CancellationExtension` → `Edge Cases` → multiple tokens can be active simultaneously" file="tests/Unit/Extensions/CancellationExtensionTest.php::`CancellationExtension` → `Edge Cases` → multiple tokens can be active simultaneously" class="Tests\Unit\Extensions\CancellationExtensionTest" classname="Tests.Unit.Extensions.CancellationExtensionTest" assertions="4" time="0.003855"/>
        <testcase name="`CancellationExtension` → `Edge Cases` → cancelling one token does not affect other tokens" file="tests/Unit/Extensions/CancellationExtensionTest.php::`CancellationExtension` → `Edge Cases` → cancelling one token does not affect other tokens" class="Tests\Unit\Extensions\CancellationExtensionTest" classname="Tests.Unit.Extensions.CancellationExtensionTest" assertions="3" time="0.003751"/>
        <testcase name="`CancellationExtension` → `Edge Cases` → token can contain special characters" file="tests/Unit/Extensions/CancellationExtensionTest.php::`CancellationExtension` → `Edge Cases` → token can contain special characters" class="Tests\Unit\Extensions\CancellationExtensionTest" classname="Tests.Unit.Extensions.CancellationExtensionTest" assertions="1" time="0.004021">
          <failure type="PHPUnit\Framework\ExpectationFailedException">`CancellationExtension` → `Edge Cases` → token can contain special charactersFailed asserting that false is true.
at tests/Unit/Extensions/CancellationExtensionTest.php:619</failure>
        </testcase>
        <testcase name="`CancellationExtension` → `Edge Cases` → token can be very long string" file="tests/Unit/Extensions/CancellationExtensionTest.php::`CancellationExtension` → `Edge Cases` → token can be very long string" class="Tests\Unit\Extensions\CancellationExtensionTest" classname="Tests.Unit.Extensions.CancellationExtensionTest" assertions="1" time="0.003997">
          <failure type="PHPUnit\Framework\ExpectationFailedException">`CancellationExtension` → `Edge Cases` → token can be very long stringFailed asserting that false is true.
at tests/Unit/Extensions/CancellationExtensionTest.php:642</failure>
        </testcase>
        <testcase name="`CancellationExtension` → `Edge Cases` → cleanup can be called multiple times on same token" file="tests/Unit/Extensions/CancellationExtensionTest.php::`CancellationExtension` → `Edge Cases` → cleanup can be called multiple times on same token" class="Tests\Unit\Extensions\CancellationExtensionTest" classname="Tests.Unit.Extensions.CancellationExtensionTest" assertions="2" time="0.003956"/>
      </testsuite>
      <testsuite name="Tests\Unit\Extensions\DeadlineExtensionTest" file="tests/Unit/Extensions/DeadlineExtensionTest.php" tests="30" assertions="91" errors="3" failures="0" skipped="0" time="0.133832">
        <testcase name="`DeadlineExtension` → `Happy Paths` → returns correct URN constant" file="tests/Unit/Extensions/DeadlineExtensionTest.php::`DeadlineExtension` → `Happy Paths` → returns correct URN constant" class="Tests\Unit\Extensions\DeadlineExtensionTest" classname="Tests.Unit.Extensions.DeadlineExtensionTest" assertions="1" time="0.008452"/>
        <testcase name="`DeadlineExtension` → `Happy Paths` → getSubscribedEvents returns event configuration with priorities" file="tests/Unit/Extensions/DeadlineExtensionTest.php::`DeadlineExtension` → `Happy Paths` → getSubscribedEvents returns event configuration with priorities" class="Tests\Unit\Extensions\DeadlineExtensionTest" classname="Tests.Unit.Extensions.DeadlineExtensionTest" assertions="6" time="0.007433"/>
        <testcase name="`DeadlineExtension` → `Happy Paths` → onExecutingFunction does not short-circuit when deadline is in future" file="tests/Unit/Extensions/DeadlineExtensionTest.php::`DeadlineExtension` → `Happy Paths` → onExecutingFunction does not short-circuit when deadline is in future" class="Tests\Unit\Extensions\DeadlineExtensionTest" classname="Tests.Unit.Extensions.DeadlineExtensionTest" assertions="2" time="0.003723"/>
        <testcase name="`DeadlineExtension` → `Happy Paths` → onExecutingFunction does not short-circuit when timeout is in future" file="tests/Unit/Extensions/DeadlineExtensionTest.php::`DeadlineExtension` → `Happy Paths` → onExecutingFunction does not short-circuit when timeout is in future" class="Tests\Unit\Extensions\DeadlineExtensionTest" classname="Tests.Unit.Extensions.DeadlineExtensionTest" assertions="2" time="0.003557"/>
        <testcase name="`DeadlineExtension` → `Happy Paths` → onExecutingFunction does not short-circuit when no deadline specified" file="tests/Unit/Extensions/DeadlineExtensionTest.php::`DeadlineExtension` → `Happy Paths` → onExecutingFunction does not short-circuit when no deadline specified" class="Tests\Unit\Extensions\DeadlineExtensionTest" classname="Tests.Unit.Extensions.DeadlineExtensionTest" assertions="2" time="0.003978"/>
        <testcase name="`DeadlineExtension` → `Happy Paths` → onFunctionExecuted adds deadline info to response" file="tests/Unit/Extensions/DeadlineExtensionTest.php::`DeadlineExtension` → `Happy Paths` → onFunctionExecuted adds deadline info to response" class="Tests\Unit\Extensions\DeadlineExtensionTest" classname="Tests.Unit.Extensions.DeadlineExtensionTest" assertions="8" time="0.009106"/>
        <testcase name="`DeadlineExtension` → `Happy Paths` → onFunctionExecuted preserves response data" file="tests/Unit/Extensions/DeadlineExtensionTest.php::`DeadlineExtension` → `Happy Paths` → onFunctionExecuted preserves response data" class="Tests\Unit\Extensions\DeadlineExtensionTest" classname="Tests.Unit.Extensions.DeadlineExtensionTest" assertions="3" time="0.004279"/>
        <testcase name="`DeadlineExtension` → `Happy Paths` → onFunctionExecuted returns unmodified response when no deadline" file="tests/Unit/Extensions/DeadlineExtensionTest.php::`DeadlineExtension` → `Happy Paths` → onFunctionExecuted returns unmodified response when no deadline" class="Tests\Unit\Extensions\DeadlineExtensionTest" classname="Tests.Unit.Extensions.DeadlineExtensionTest" assertions="1" time="0.003731"/>
        <testcase name="`DeadlineExtension` → `Happy Paths` → onFunctionExecuted handles timeout option" file="tests/Unit/Extensions/DeadlineExtensionTest.php::`DeadlineExtension` → `Happy Paths` → onFunctionExecuted handles timeout option" class="Tests\Unit\Extensions\DeadlineExtensionTest" classname="Tests.Unit.Extensions.DeadlineExtensionTest" assertions="9" time="0.003863"/>
        <testcase name="`DeadlineExtension` → `Happy Paths` → onFunctionExecuted extracts timeout from options when context not set" file="tests/Unit/Extensions/DeadlineExtensionTest.php::`DeadlineExtension` → `Happy Paths` → onFunctionExecuted extracts timeout from options when context not set" class="Tests\Unit\Extensions\DeadlineExtensionTest" classname="Tests.Unit.Extensions.DeadlineExtensionTest" assertions="5" time="0.004197"/>
        <testcase name="`DeadlineExtension` → `Edge Cases` → onExecutingFunction handles null options" file="tests/Unit/Extensions/DeadlineExtensionTest.php::`DeadlineExtension` → `Edge Cases` → onExecutingFunction handles null options" class="Tests\Unit\Extensions\DeadlineExtensionTest" classname="Tests.Unit.Extensions.DeadlineExtensionTest" assertions="2" time="0.003905"/>
        <testcase name="`DeadlineExtension` → `Edge Cases` → onFunctionExecuted with null options returns unmodified response" file="tests/Unit/Extensions/DeadlineExtensionTest.php::`DeadlineExtension` → `Edge Cases` → onFunctionExecuted with null options returns unmodified response" class="Tests\Unit\Extensions\DeadlineExtensionTest" classname="Tests.Unit.Extensions.DeadlineExtensionTest" assertions="1" time="0.003745"/>
        <testcase name="`DeadlineExtension` → `Edge Cases` → onFunctionExecuted includes remaining in response even for past deadline" file="tests/Unit/Extensions/DeadlineExtensionTest.php::`DeadlineExtension` → `Edge Cases` → onFunctionExecuted includes remaining in response even for past deadline" class="Tests\Unit\Extensions\DeadlineExtensionTest" classname="Tests.Unit.Extensions.DeadlineExtensionTest" assertions="4" time="0.003884"/>
        <testcase name="`DeadlineExtension` → `Edge Cases` → onExecutingFunction parses ISO 8601 deadline timestamp" file="tests/Unit/Extensions/DeadlineExtensionTest.php::`DeadlineExtension` → `Edge Cases` → onExecutingFunction parses ISO 8601 deadline timestamp" class="Tests\Unit\Extensions\DeadlineExtensionTest" classname="Tests.Unit.Extensions.DeadlineExtensionTest" assertions="0" time="0.004058">
          <error type="Cline\Forrst\Exceptions\DeadlineExceededException">`DeadlineExtension` → `Edge Cases` → onExecutingFunction parses ISO 8601 deadline timestampCline\Forrst\Exceptions\DeadlineExceededException: Deadline cannot exceed 1 hour from now
at src/Exceptions/DeadlineExceededException.php:22
at src/Extensions/DeadlineExtension.php:281
at src/Extensions/DeadlineExtension.php:103
at tests/Unit/Extensions/DeadlineExtensionTest.php:308</error>
        </testcase>
        <testsuite name="`DeadlineExtension` → `Edge Cases` → onExecutingFunction handles timeout with different u" tests="5" assertions="8" errors="1" failures="0" skipped="0" time="0.018890">
          <testcase name="`DeadlineExtension` → `Edge Cases` → onExecutingFunction handles timeout with different units with data set &quot;('millisecond')&quot;" file="tests/Unit/Extensions/DeadlineExtensionTest.php::`DeadlineExtension` → `Edge Cases` → onExecutingFunction handles timeout with different units with data set &quot;('millisecond')&quot;" class="Tests\Unit\Extensions\DeadlineExtensionTest" classname="Tests.Unit.Extensions.DeadlineExtensionTest" assertions="2" time="0.003732"/>
          <testcase name="`DeadlineExtension` → `Edge Cases` → onExecutingFunction handles timeout with different units with data set &quot;('second')&quot;" file="tests/Unit/Extensions/DeadlineExtensionTest.php::`DeadlineExtension` → `Edge Cases` → onExecutingFunction handles timeout with different units with data set &quot;('second')&quot;" class="Tests\Unit\Extensions\DeadlineExtensionTest" classname="Tests.Unit.Extensions.DeadlineExtensionTest" assertions="2" time="0.003664"/>
          <testcase name="`DeadlineExtension` → `Edge Cases` → onExecutingFunction handles timeout with different units with data set &quot;('minute')&quot;" file="tests/Unit/Extensions/DeadlineExtensionTest.php::`DeadlineExtension` → `Edge Cases` → onExecutingFunction handles timeout with different units with data set &quot;('minute')&quot;" class="Tests\Unit\Extensions\DeadlineExtensionTest" classname="Tests.Unit.Extensions.DeadlineExtensionTest" assertions="2" time="0.003748"/>
          <testcase name="`DeadlineExtension` → `Edge Cases` → onExecutingFunction handles timeout with different units with data set &quot;('hour')&quot;" file="tests/Unit/Extensions/DeadlineExtensionTest.php::`DeadlineExtension` → `Edge Cases` → onExecutingFunction handles timeout with different units with data set &quot;('hour')&quot;" class="Tests\Unit\Extensions\DeadlineExtensionTest" classname="Tests.Unit.Extensions.DeadlineExtensionTest" assertions="2" time="0.003691"/>
          <testcase name="`DeadlineExtension` → `Edge Cases` → onExecutingFunction handles timeout with different units with data set &quot;('day')&quot;" file="tests/Unit/Extensions/DeadlineExtensionTest.php::`DeadlineExtension` → `Edge Cases` → onExecutingFunction handles timeout with different units with data set &quot;('day')&quot;" class="Tests\Unit\Extensions\DeadlineExtensionTest" classname="Tests.Unit.Extensions.DeadlineExtensionTest" assertions="0" time="0.004055">
            <error type="Cline\Forrst\Exceptions\DeadlineExceededException">`DeadlineExtension` → `Edge Cases` → onExecutingFunction handles timeout with different units with data set "('day')"Cline\Forrst\Exceptions\DeadlineExceededException: Deadline cannot exceed 1 hour from now
at src/Exceptions/DeadlineExceededException.php:22
at src/Extensions/DeadlineExtension.php:281
at src/Extensions/DeadlineExtension.php:103
at tests/Unit/Extensions/DeadlineExtensionTest.php:326</error>
          </testcase>
        </testsuite>
        <testcase name="`DeadlineExtension` → `Edge Cases` → onFunctionExecuted preserves existing response extensions" file="tests/Unit/Extensions/DeadlineExtensionTest.php::`DeadlineExtension` → `Edge Cases` → onFunctionExecuted preserves existing response extensions" class="Tests\Unit\Extensions\DeadlineExtensionTest" classname="Tests.Unit.Extensions.DeadlineExtensionTest" assertions="0" time="0.004145">
          <error type="Cline\Forrst\Exceptions\InvalidFieldValueException">`DeadlineExtension` → `Edge Cases` → onFunctionExecuted preserves existing response extensionsCline\Forrst\Exceptions\InvalidFieldValueException: Extension urn is invalid: must follow format 'urn:vendor:forrst:ext:name', got: urn:custom:ext
at src/Exceptions/InvalidFieldValueException.php:22
at src/Validation/UrnValidator.php:49
at src/Data/ExtensionData.php:70
at src/Data/ExtensionData.php:113
at tests/Unit/Extensions/DeadlineExtensionTest.php:344</error>
        </testcase>
        <testcase name="`DeadlineExtension` → `Edge Cases` → onFunctionExecuted handles timeout value of 0" file="tests/Unit/Extensions/DeadlineExtensionTest.php::`DeadlineExtension` → `Edge Cases` → onFunctionExecuted handles timeout value of 0" class="Tests\Unit\Extensions\DeadlineExtensionTest" classname="Tests.Unit.Extensions.DeadlineExtensionTest" assertions="6" time="0.003777"/>
        <testcase name="`DeadlineExtension` → `Edge Cases` → onExecutingFunction prioritizes absolute deadline over timeout" file="tests/Unit/Extensions/DeadlineExtensionTest.php::`DeadlineExtension` → `Edge Cases` → onExecutingFunction prioritizes absolute deadline over timeout" class="Tests\Unit\Extensions\DeadlineExtensionTest" classname="Tests.Unit.Extensions.DeadlineExtensionTest" assertions="2" time="0.003701"/>
        <testcase name="`DeadlineExtension` → `Edge Cases` → onFunctionExecuted calculates utilization for millisecond timeout" file="tests/Unit/Extensions/DeadlineExtensionTest.php::`DeadlineExtension` → `Edge Cases` → onFunctionExecuted calculates utilization for millisecond timeout" class="Tests\Unit\Extensions\DeadlineExtensionTest" classname="Tests.Unit.Extensions.DeadlineExtensionTest" assertions="3" time="0.003795"/>
        <testcase name="`DeadlineExtension` → `Edge Cases` → onFunctionExecuted calculates utilization for minute timeout" file="tests/Unit/Extensions/DeadlineExtensionTest.php::`DeadlineExtension` → `Edge Cases` → onFunctionExecuted calculates utilization for minute timeout" class="Tests\Unit\Extensions\DeadlineExtensionTest" classname="Tests.Unit.Extensions.DeadlineExtensionTest" assertions="3" time="0.003729"/>
        <testcase name="`DeadlineExtension` → `Edge Cases` → onFunctionExecuted calculates utilization for hour timeout" file="tests/Unit/Extensions/DeadlineExtensionTest.php::`DeadlineExtension` → `Edge Cases` → onFunctionExecuted calculates utilization for hour timeout" class="Tests\Unit\Extensions\DeadlineExtensionTest" classname="Tests.Unit.Extensions.DeadlineExtensionTest" assertions="3" time="0.003983"/>
        <testcase name="`DeadlineExtension` → `Edge Cases` → onFunctionExecuted handles timeout with invalid unit gracefully" file="tests/Unit/Extensions/DeadlineExtensionTest.php::`DeadlineExtension` → `Edge Cases` → onFunctionExecuted handles timeout with invalid unit gracefully" class="Tests\Unit\Extensions\DeadlineExtensionTest" classname="Tests.Unit.Extensions.DeadlineExtensionTest" assertions="4" time="0.003950"/>
        <testcase name="`DeadlineExtension` → `Sad Paths` → onExecutingFunction returns error when absolute deadline has passed" file="tests/Unit/Extensions/DeadlineExtensionTest.php::`DeadlineExtension` → `Sad Paths` → onExecutingFunction returns error when absolute deadline has passed" class="Tests\Unit\Extensions\DeadlineExtensionTest" classname="Tests.Unit.Extensions.DeadlineExtensionTest" assertions="6" time="0.004231"/>
        <testcase name="`DeadlineExtension` → `Sad Paths` → onExecutingFunction error response includes extension data" file="tests/Unit/Extensions/DeadlineExtensionTest.php::`DeadlineExtension` → `Sad Paths` → onExecutingFunction error response includes extension data" class="Tests\Unit\Extensions\DeadlineExtensionTest" classname="Tests.Unit.Extensions.DeadlineExtensionTest" assertions="4" time="0.003906"/>
        <testcase name="`DeadlineExtension` → `Sad Paths` → onExecutingFunction returns error when timeout has already expired" file="tests/Unit/Extensions/DeadlineExtensionTest.php::`DeadlineExtension` → `Sad Paths` → onExecutingFunction returns error when timeout has already expired" class="Tests\Unit\Extensions\DeadlineExtensionTest" classname="Tests.Unit.Extensions.DeadlineExtensionTest" assertions="4" time="0.003908"/>
        <testcase name="`DeadlineExtension` → `Sad Paths` → onExecutingFunction error response has null result" file="tests/Unit/Extensions/DeadlineExtensionTest.php::`DeadlineExtension` → `Sad Paths` → onExecutingFunction error response has null result" class="Tests\Unit\Extensions\DeadlineExtensionTest" classname="Tests.Unit.Extensions.DeadlineExtensionTest" assertions="2" time="0.007908"/>
      </testsuite>
      <testsuite name="Tests\Unit\Extensions\DeprecationExtensionTest" file="tests/Unit/Extensions/DeprecationExtensionTest.php" tests="27" assertions="49" errors="1" failures="0" skipped="0" time="0.111016">
        <testcase name="`DeprecationExtension` → `Happy Paths` → returns correct URN constant" file="tests/Unit/Extensions/DeprecationExtensionTest.php::`DeprecationExtension` → `Happy Paths` → returns correct URN constant" class="Tests\Unit\Extensions\DeprecationExtensionTest" classname="Tests.Unit.Extensions.DeprecationExtensionTest" assertions="1" time="0.009022"/>
        <testcase name="`DeprecationExtension` → `Happy Paths` → registerWarning registers a deprecation warning" file="tests/Unit/Extensions/DeprecationExtensionTest.php::`DeprecationExtension` → `Happy Paths` → registerWarning registers a deprecation warning" class="Tests\Unit\Extensions\DeprecationExtensionTest" classname="Tests.Unit.Extensions.DeprecationExtensionTest" assertions="1" time="0.003719"/>
        <testcase name="`DeprecationExtension` → `Happy Paths` → registerWarning supports method chaining" file="tests/Unit/Extensions/DeprecationExtensionTest.php::`DeprecationExtension` → `Happy Paths` → registerWarning supports method chaining" class="Tests\Unit\Extensions\DeprecationExtensionTest" classname="Tests.Unit.Extensions.DeprecationExtensionTest" assertions="1" time="0.003811"/>
        <testcase name="`DeprecationExtension` → `Happy Paths` → deprecateFunction creates function deprecation warning" file="tests/Unit/Extensions/DeprecationExtensionTest.php::`DeprecationExtension` → `Happy Paths` → deprecateFunction creates function deprecation warning" class="Tests\Unit\Extensions\DeprecationExtensionTest" classname="Tests.Unit.Extensions.DeprecationExtensionTest" assertions="1" time="0.003868"/>
        <testcase name="`DeprecationExtension` → `Happy Paths` → deprecateVersion creates version deprecation warning" file="tests/Unit/Extensions/DeprecationExtensionTest.php::`DeprecationExtension` → `Happy Paths` → deprecateVersion creates version deprecation warning" class="Tests\Unit\Extensions\DeprecationExtensionTest" classname="Tests.Unit.Extensions.DeprecationExtensionTest" assertions="1" time="0.003710"/>
        <testcase name="`DeprecationExtension` → `Happy Paths` → afterExecute adds deprecation warnings to response" file="tests/Unit/Extensions/DeprecationExtensionTest.php::`DeprecationExtension` → `Happy Paths` → afterExecute adds deprecation warnings to response" class="Tests\Unit\Extensions\DeprecationExtensionTest" classname="Tests.Unit.Extensions.DeprecationExtensionTest" assertions="4" time="0.003619"/>
        <testcase name="`DeprecationExtension` → `Happy Paths` → afterExecute returns unmodified response when no warnings apply" file="tests/Unit/Extensions/DeprecationExtensionTest.php::`DeprecationExtension` → `Happy Paths` → afterExecute returns unmodified response when no warnings apply" class="Tests\Unit\Extensions\DeprecationExtensionTest" classname="Tests.Unit.Extensions.DeprecationExtensionTest" assertions="1" time="0.003752"/>
        <testcase name="`DeprecationExtension` → `Happy Paths` → afterExecute filters acknowledged warnings" file="tests/Unit/Extensions/DeprecationExtensionTest.php::`DeprecationExtension` → `Happy Paths` → afterExecute filters acknowledged warnings" class="Tests\Unit\Extensions\DeprecationExtensionTest" classname="Tests.Unit.Extensions.DeprecationExtensionTest" assertions="1" time="0.003676"/>
        <testcase name="`DeprecationExtension` → `Happy Paths` → afterExecute includes all warning fields" file="tests/Unit/Extensions/DeprecationExtensionTest.php::`DeprecationExtension` → `Happy Paths` → afterExecute includes all warning fields" class="Tests\Unit\Extensions\DeprecationExtensionTest" classname="Tests.Unit.Extensions.DeprecationExtensionTest" assertions="10" time="0.003759"/>
        <testcase name="`DeprecationExtension` → `Happy Paths` → deprecateFunction includes replacement information" file="tests/Unit/Extensions/DeprecationExtensionTest.php::`DeprecationExtension` → `Happy Paths` → deprecateFunction includes replacement information" class="Tests\Unit\Extensions\DeprecationExtensionTest" classname="Tests.Unit.Extensions.DeprecationExtensionTest" assertions="2" time="0.003597"/>
        <testcase name="`DeprecationExtension` → `Happy Paths` → deprecateVersion applies to specific version" file="tests/Unit/Extensions/DeprecationExtensionTest.php::`DeprecationExtension` → `Happy Paths` → deprecateVersion applies to specific version" class="Tests\Unit\Extensions\DeprecationExtensionTest" classname="Tests.Unit.Extensions.DeprecationExtensionTest" assertions="3" time="0.003894"/>
        <testcase name="`DeprecationExtension` → `Happy Paths` → afterExecute preserves response data" file="tests/Unit/Extensions/DeprecationExtensionTest.php::`DeprecationExtension` → `Happy Paths` → afterExecute preserves response data" class="Tests\Unit\Extensions\DeprecationExtensionTest" classname="Tests.Unit.Extensions.DeprecationExtensionTest" assertions="3" time="0.004026"/>
        <testcase name="`DeprecationExtension` → `Edge Cases` → registerWarning without optional fields" file="tests/Unit/Extensions/DeprecationExtensionTest.php::`DeprecationExtension` → `Edge Cases` → registerWarning without optional fields" class="Tests\Unit\Extensions\DeprecationExtensionTest" classname="Tests.Unit.Extensions.DeprecationExtensionTest" assertions="3" time="0.003943"/>
        <testcase name="`DeprecationExtension` → `Edge Cases` → deprecateFunction without replacement information" file="tests/Unit/Extensions/DeprecationExtensionTest.php::`DeprecationExtension` → `Edge Cases` → deprecateFunction without replacement information" class="Tests\Unit\Extensions\DeprecationExtensionTest" classname="Tests.Unit.Extensions.DeprecationExtensionTest" assertions="1" time="0.003776"/>
        <testcase name="`DeprecationExtension` → `Edge Cases` → deprecateFunction with replacement function but no version" file="tests/Unit/Extensions/DeprecationExtensionTest.php::`DeprecationExtension` → `Edge Cases` → deprecateFunction with replacement function but no version" class="Tests\Unit\Extensions\DeprecationExtensionTest" classname="Tests.Unit.Extensions.DeprecationExtensionTest" assertions="2" time="0.003653"/>
        <testcase name="`DeprecationExtension` → `Edge Cases` → deprecateVersion without replacement version" file="tests/Unit/Extensions/DeprecationExtensionTest.php::`DeprecationExtension` → `Edge Cases` → deprecateVersion without replacement version" class="Tests\Unit\Extensions\DeprecationExtensionTest" classname="Tests.Unit.Extensions.DeprecationExtensionTest" assertions="1" time="0.003678"/>
        <testcase name="`DeprecationExtension` → `Edge Cases` → afterExecute with empty acknowledge array shows all warnings" file="tests/Unit/Extensions/DeprecationExtensionTest.php::`DeprecationExtension` → `Edge Cases` → afterExecute with empty acknowledge array shows all warnings" class="Tests\Unit\Extensions\DeprecationExtensionTest" classname="Tests.Unit.Extensions.DeprecationExtensionTest" assertions="2" time="0.003710"/>
        <testcase name="`DeprecationExtension` → `Edge Cases` → afterExecute handles null acknowledge option" file="tests/Unit/Extensions/DeprecationExtensionTest.php::`DeprecationExtension` → `Edge Cases` → afterExecute handles null acknowledge option" class="Tests\Unit\Extensions\DeprecationExtensionTest" classname="Tests.Unit.Extensions.DeprecationExtensionTest" assertions="1" time="0.003822"/>
        <testcase name="`DeprecationExtension` → `Edge Cases` → afterExecute preserves existing extensions" file="tests/Unit/Extensions/DeprecationExtensionTest.php::`DeprecationExtension` → `Edge Cases` → afterExecute preserves existing extensions" class="Tests\Unit\Extensions\DeprecationExtensionTest" classname="Tests.Unit.Extensions.DeprecationExtensionTest" assertions="0" time="0.003895">
          <error type="Cline\Forrst\Exceptions\InvalidFieldValueException">`DeprecationExtension` → `Edge Cases` → afterExecute preserves existing extensionsCline\Forrst\Exceptions\InvalidFieldValueException: Extension urn is invalid: must follow format 'urn:vendor:forrst:ext:name', got: urn:custom:ext
at src/Exceptions/InvalidFieldValueException.php:22
at src/Validation/UrnValidator.php:49
at src/Data/ExtensionData.php:70
at src/Data/ExtensionData.php:113
at tests/Unit/Extensions/DeprecationExtensionTest.php:445</error>
        </testcase>
        <testcase name="`DeprecationExtension` → `Edge Cases` → deprecateVersion does not apply to different version" file="tests/Unit/Extensions/DeprecationExtensionTest.php::`DeprecationExtension` → `Edge Cases` → deprecateVersion does not apply to different version" class="Tests\Unit\Extensions\DeprecationExtensionTest" classname="Tests.Unit.Extensions.DeprecationExtensionTest" assertions="1" time="0.003663"/>
        <testcase name="`DeprecationExtension` → `Edge Cases` → multiple warnings for same function" file="tests/Unit/Extensions/DeprecationExtensionTest.php::`DeprecationExtension` → `Edge Cases` → multiple warnings for same function" class="Tests\Unit\Extensions\DeprecationExtensionTest" classname="Tests.Unit.Extensions.DeprecationExtensionTest" assertions="2" time="0.003834"/>
        <testcase name="`DeprecationExtension` → `Edge Cases` → registerWarning overwrites existing warning with same URN" file="tests/Unit/Extensions/DeprecationExtensionTest.php::`DeprecationExtension` → `Edge Cases` → registerWarning overwrites existing warning with same URN" class="Tests\Unit\Extensions\DeprecationExtensionTest" classname="Tests.Unit.Extensions.DeprecationExtensionTest" assertions="2" time="0.003750"/>
        <testsuite name="`DeprecationExtension` → `Edge Cases` → supports all deprecation t" tests="4" assertions="4" errors="0" failures="0" skipped="0" time="0.018975">
          <testcase name="`DeprecationExtension` → `Edge Cases` → supports all deprecation types with data set &quot;('function')&quot;" file="tests/Unit/Extensions/DeprecationExtensionTest.php::`DeprecationExtension` → `Edge Cases` → supports all deprecation types with data set &quot;('function')&quot;" class="Tests\Unit\Extensions\DeprecationExtensionTest" classname="Tests.Unit.Extensions.DeprecationExtensionTest" assertions="1" time="0.003934"/>
          <testcase name="`DeprecationExtension` → `Edge Cases` → supports all deprecation types with data set &quot;('version')&quot;" file="tests/Unit/Extensions/DeprecationExtensionTest.php::`DeprecationExtension` → `Edge Cases` → supports all deprecation types with data set &quot;('version')&quot;" class="Tests\Unit\Extensions\DeprecationExtensionTest" classname="Tests.Unit.Extensions.DeprecationExtensionTest" assertions="1" time="0.007449"/>
          <testcase name="`DeprecationExtension` → `Edge Cases` → supports all deprecation types with data set &quot;('argument')&quot;" file="tests/Unit/Extensions/DeprecationExtensionTest.php::`DeprecationExtension` → `Edge Cases` → supports all deprecation types with data set &quot;('argument')&quot;" class="Tests\Unit\Extensions\DeprecationExtensionTest" classname="Tests.Unit.Extensions.DeprecationExtensionTest" assertions="1" time="0.003871"/>
          <testcase name="`DeprecationExtension` → `Edge Cases` → supports all deprecation types with data set &quot;('field')&quot;" file="tests/Unit/Extensions/DeprecationExtensionTest.php::`DeprecationExtension` → `Edge Cases` → supports all deprecation types with data set &quot;('field')&quot;" class="Tests\Unit\Extensions\DeprecationExtensionTest" classname="Tests.Unit.Extensions.DeprecationExtensionTest" assertions="1" time="0.003722"/>
        </testsuite>
        <testcase name="`DeprecationExtension` → `Sad Paths` → afterExecute handles request without version for version deprecation" file="tests/Unit/Extensions/DeprecationExtensionTest.php::`DeprecationExtension` → `Sad Paths` → afterExecute handles request without version for version deprecation" class="Tests\Unit\Extensions\DeprecationExtensionTest" classname="Tests.Unit.Extensions.DeprecationExtensionTest" assertions="1" time="0.003864"/>
      </testsuite>
      <testsuite name="Tests\Unit\Extensions\Discovery\DescribeFunctionTest" file="tests/Unit/Extensions/Discovery/DescribeFunctionTest.php" tests="33" assertions="536" errors="0" failures="7" skipped="0" time="0.173181">
        <testcase name="`DescribeFunction` → `Full Service Discovery` → returns complete discovery document with protocol version" file="tests/Unit/Extensions/Discovery/DescribeFunctionTest.php::`DescribeFunction` → `Full Service Discovery` → returns complete discovery document with protocol version" class="Tests\Unit\Extensions\Discovery\DescribeFunctionTest" classname="Tests.Unit.Extensions.Discovery.DescribeFunctionTest" assertions="9" time="0.009999"/>
        <testcase name="`DescribeFunction` → `Full Service Discovery` → returns all discoverable functions" file="tests/Unit/Extensions/Discovery/DescribeFunctionTest.php::`DescribeFunction` → `Full Service Discovery` → returns all discoverable functions" class="Tests\Unit\Extensions\Discovery\DescribeFunctionTest" classname="Tests.Unit.Extensions.Discovery.DescribeFunctionTest" assertions="11" time="0.005302"/>
        <testcase name="`DescribeFunction` → `Full Service Discovery` → each function has required descriptor fields" file="tests/Unit/Extensions/Discovery/DescribeFunctionTest.php::`DescribeFunction` → `Full Service Discovery` → each function has required descriptor fields" class="Tests\Unit\Extensions\Discovery\DescribeFunctionTest" classname="Tests.Unit.Extensions.Discovery.DescribeFunctionTest" assertions="165" time="0.006346"/>
        <testcase name="`DescribeFunction` → `Full Service Discovery` → includes standard errors in each function" file="tests/Unit/Extensions/Discovery/DescribeFunctionTest.php::`DescribeFunction` → `Full Service Discovery` → includes standard errors in each function" class="Tests\Unit\Extensions\Discovery\DescribeFunctionTest" classname="Tests.Unit.Extensions.Discovery.DescribeFunctionTest" assertions="110" time="0.006916"/>
        <testcase name="`DescribeFunction` → `Full Service Discovery` → components section contains error definitions" file="tests/Unit/Extensions/Discovery/DescribeFunctionTest.php::`DescribeFunction` → `Full Service Discovery` → components section contains error definitions" class="Tests\Unit\Extensions\Discovery\DescribeFunctionTest" classname="Tests.Unit.Extensions.Discovery.DescribeFunctionTest" assertions="3" time="0.005706"/>
        <testcase name="`DescribeFunction` → `Single Function Discovery` → returns single function descriptor when function argument provided" file="tests/Unit/Extensions/Discovery/DescribeFunctionTest.php::`DescribeFunction` → `Single Function Discovery` → returns single function descriptor when function argument provided" class="Tests\Unit\Extensions\Discovery\DescribeFunctionTest" classname="Tests.Unit.Extensions.Discovery.DescribeFunctionTest" assertions="8" time="0.004607"/>
        <testcase name="`DescribeFunction` → `Single Function Discovery` → returns empty array for non-existent function" file="tests/Unit/Extensions/Discovery/DescribeFunctionTest.php::`DescribeFunction` → `Single Function Discovery` → returns empty array for non-existent function" class="Tests\Unit\Extensions\Discovery\DescribeFunctionTest" classname="Tests.Unit.Extensions.Discovery.DescribeFunctionTest" assertions="1" time="0.004329"/>
        <testcase name="`DescribeFunction` → `Single Function Discovery` → filters by version when both function and version provided" file="tests/Unit/Extensions/Discovery/DescribeFunctionTest.php::`DescribeFunction` → `Single Function Discovery` → filters by version when both function and version provided" class="Tests\Unit\Extensions\Discovery\DescribeFunctionTest" classname="Tests.Unit.Extensions.Discovery.DescribeFunctionTest" assertions="4" time="0.004292"/>
        <testcase name="`DescribeFunction` → `Single Function Discovery` → returns empty for wrong version" file="tests/Unit/Extensions/Discovery/DescribeFunctionTest.php::`DescribeFunction` → `Single Function Discovery` → returns empty for wrong version" class="Tests\Unit\Extensions\Discovery\DescribeFunctionTest" classname="Tests.Unit.Extensions.Discovery.DescribeFunctionTest" assertions="1" time="0.004233"/>
        <testcase name="`DescribeFunction` → `Ping Function Descriptor` → has correct metadata" file="tests/Unit/Extensions/Discovery/DescribeFunctionTest.php::`DescribeFunction` → `Ping Function Descriptor` → has correct metadata" class="Tests\Unit\Extensions\Discovery\DescribeFunctionTest" classname="Tests.Unit.Extensions.Discovery.DescribeFunctionTest" assertions="6" time="0.004291"/>
        <testcase name="`DescribeFunction` → `Health Function Descriptor` → has correct metadata with optional arguments" file="tests/Unit/Extensions/Discovery/DescribeFunctionTest.php::`DescribeFunction` → `Health Function Descriptor` → has correct metadata with optional arguments" class="Tests\Unit\Extensions\Discovery\DescribeFunctionTest" classname="Tests.Unit.Extensions.Discovery.DescribeFunctionTest" assertions="10" time="0.004424"/>
        <testcase name="`DescribeFunction` → `Cancel Function Descriptor` → has correct metadata with required token argument" file="tests/Unit/Extensions/Discovery/DescribeFunctionTest.php::`DescribeFunction` → `Cancel Function Descriptor` → has correct metadata with required token argument" class="Tests\Unit\Extensions\Discovery\DescribeFunctionTest" classname="Tests.Unit.Extensions.Discovery.DescribeFunctionTest" assertions="7" time="0.004335"/>
        <testcase name="`DescribeFunction` → `Capabilities Function Descriptor` → has correct metadata" file="tests/Unit/Extensions/Discovery/DescribeFunctionTest.php::`DescribeFunction` → `Capabilities Function Descriptor` → has correct metadata" class="Tests\Unit\Extensions\Discovery\DescribeFunctionTest" classname="Tests.Unit.Extensions.Discovery.DescribeFunctionTest" assertions="5" time="0.004698"/>
        <testcase name="`DescribeFunction` → `Describe Function Descriptor` → has correct metadata with optional arguments" file="tests/Unit/Extensions/Discovery/DescribeFunctionTest.php::`DescribeFunction` → `Describe Function Descriptor` → has correct metadata with optional arguments" class="Tests\Unit\Extensions\Discovery\DescribeFunctionTest" classname="Tests.Unit.Extensions.Discovery.DescribeFunctionTest" assertions="6" time="0.004883"/>
        <testcase name="`DescribeFunction` → `Lock Status Function Descriptor` → has correct metadata with required key argument" file="tests/Unit/Extensions/Discovery/DescribeFunctionTest.php::`DescribeFunction` → `Lock Status Function Descriptor` → has correct metadata with required key argument" class="Tests\Unit\Extensions\Discovery\DescribeFunctionTest" classname="Tests.Unit.Extensions.Discovery.DescribeFunctionTest" assertions="7" time="0.008004"/>
        <testcase name="`DescribeFunction` → `Lock Release Function Descriptor` → has correct metadata with required arguments" file="tests/Unit/Extensions/Discovery/DescribeFunctionTest.php::`DescribeFunction` → `Lock Release Function Descriptor` → has correct metadata with required arguments" class="Tests\Unit\Extensions\Discovery\DescribeFunctionTest" classname="Tests.Unit.Extensions.Discovery.DescribeFunctionTest" assertions="4" time="0.005033"/>
        <testcase name="`DescribeFunction` → `Lock Force Release Function Descriptor` → has correct metadata" file="tests/Unit/Extensions/Discovery/DescribeFunctionTest.php::`DescribeFunction` → `Lock Force Release Function Descriptor` → has correct metadata" class="Tests\Unit\Extensions\Discovery\DescribeFunctionTest" classname="Tests.Unit.Extensions.Discovery.DescribeFunctionTest" assertions="4" time="0.004740"/>
        <testcase name="`DescribeFunction` → `Operation Status Function Descriptor` → has correct metadata with operation_id argument" file="tests/Unit/Extensions/Discovery/DescribeFunctionTest.php::`DescribeFunction` → `Operation Status Function Descriptor` → has correct metadata with operation_id argument" class="Tests\Unit\Extensions\Discovery\DescribeFunctionTest" classname="Tests.Unit.Extensions.Discovery.DescribeFunctionTest" assertions="4" time="0.004655"/>
        <testcase name="`DescribeFunction` → `Operation List Function Descriptor` → has correct metadata with filtering arguments" file="tests/Unit/Extensions/Discovery/DescribeFunctionTest.php::`DescribeFunction` → `Operation List Function Descriptor` → has correct metadata with filtering arguments" class="Tests\Unit\Extensions\Discovery\DescribeFunctionTest" classname="Tests.Unit.Extensions.Discovery.DescribeFunctionTest" assertions="4" time="0.004503"/>
        <testcase name="`DescribeFunction` → `Operation Cancel Function Descriptor` → has correct metadata with operation_id argument" file="tests/Unit/Extensions/Discovery/DescribeFunctionTest.php::`DescribeFunction` → `Operation Cancel Function Descriptor` → has correct metadata with operation_id argument" class="Tests\Unit\Extensions\Discovery\DescribeFunctionTest" classname="Tests.Unit.Extensions.Discovery.DescribeFunctionTest" assertions="4" time="0.004564"/>
        <testcase name="`DescribeFunction` → `Result Schema Validation` → all functions with results have valid schema structure" file="tests/Unit/Extensions/Discovery/DescribeFunctionTest.php::`DescribeFunction` → `Result Schema Validation` → all functions with results have valid schema structure" class="Tests\Unit\Extensions\Discovery\DescribeFunctionTest" classname="Tests.Unit.Extensions.Discovery.DescribeFunctionTest" assertions="32" time="0.005409"/>
        <testcase name="`DescribeFunction` → `Argument Schema Validation` → all arguments have valid schema structure" file="tests/Unit/Extensions/Discovery/DescribeFunctionTest.php::`DescribeFunction` → `Argument Schema Validation` → all arguments have valid schema structure" class="Tests\Unit\Extensions\Discovery\DescribeFunctionTest" classname="Tests.Unit.Extensions.Discovery.DescribeFunctionTest" assertions="120" time="0.005702"/>
        <testcase name="`DescribeFunction` → `Snapshot Tests` → ping descriptor matches snapshot" file="tests/Unit/Extensions/Discovery/DescribeFunctionTest.php::`DescribeFunction` → `Snapshot Tests` → ping descriptor matches snapshot" class="Tests\Unit\Extensions\Discovery\DescribeFunctionTest" classname="Tests.Unit.Extensions.Discovery.DescribeFunctionTest" assertions="1" time="0.004601"/>
        <testcase name="`DescribeFunction` → `Snapshot Tests` → health descriptor matches snapshot" file="tests/Unit/Extensions/Discovery/DescribeFunctionTest.php::`DescribeFunction` → `Snapshot Tests` → health descriptor matches snapshot" class="Tests\Unit\Extensions\Discovery\DescribeFunctionTest" classname="Tests.Unit.Extensions.Discovery.DescribeFunctionTest" assertions="1" time="0.004998">
          <failure type="PHPUnit\Framework\ExpectationFailedException">`DescribeFunction` → `Snapshot Tests` → health descriptor matches snapshotFailed asserting that the string value matches its snapshot (tests/.pest/snapshots/Unit/Extensions/Discovery/DescribeFunctionTest/_DescribeFunction__→__Snapshot_Tests__→_health_descriptor_matches_snapshot.snap).
Failed asserting that two strings are identical.
at tests/Unit/Extensions/Discovery/DescribeFunctionTest.php:644</failure>
        </testcase>
        <testcase name="`DescribeFunction` → `Snapshot Tests` → cancel descriptor matches snapshot" file="tests/Unit/Extensions/Discovery/DescribeFunctionTest.php::`DescribeFunction` → `Snapshot Tests` → cancel descriptor matches snapshot" class="Tests\Unit\Extensions\Discovery\DescribeFunctionTest" classname="Tests.Unit.Extensions.Discovery.DescribeFunctionTest" assertions="1" time="0.004524"/>
        <testcase name="`DescribeFunction` → `Snapshot Tests` → capabilities descriptor matches snapshot" file="tests/Unit/Extensions/Discovery/DescribeFunctionTest.php::`DescribeFunction` → `Snapshot Tests` → capabilities descriptor matches snapshot" class="Tests\Unit\Extensions\Discovery\DescribeFunctionTest" classname="Tests.Unit.Extensions.Discovery.DescribeFunctionTest" assertions="1" time="0.004656"/>
        <testcase name="`DescribeFunction` → `Snapshot Tests` → describe descriptor matches snapshot" file="tests/Unit/Extensions/Discovery/DescribeFunctionTest.php::`DescribeFunction` → `Snapshot Tests` → describe descriptor matches snapshot" class="Tests\Unit\Extensions\Discovery\DescribeFunctionTest" classname="Tests.Unit.Extensions.Discovery.DescribeFunctionTest" assertions="1" time="0.004507"/>
        <testcase name="`DescribeFunction` → `Snapshot Tests` → lock status descriptor matches snapshot" file="tests/Unit/Extensions/Discovery/DescribeFunctionTest.php::`DescribeFunction` → `Snapshot Tests` → lock status descriptor matches snapshot" class="Tests\Unit\Extensions\Discovery\DescribeFunctionTest" classname="Tests.Unit.Extensions.Discovery.DescribeFunctionTest" assertions="1" time="0.005931">
          <failure type="PHPUnit\Framework\ExpectationFailedException">`DescribeFunction` → `Snapshot Tests` → lock status descriptor matches snapshotFailed asserting that the string value matches its snapshot (tests/.pest/snapshots/Unit/Extensions/Discovery/DescribeFunctionTest/_DescribeFunction__→__Snapshot_Tests__→_lock_status_descriptor_matches_snapshot.snap).
Failed asserting that two strings are identical.
at tests/Unit/Extensions/Discovery/DescribeFunctionTest.php:696</failure>
        </testcase>
        <testcase name="`DescribeFunction` → `Snapshot Tests` → lock release descriptor matches snapshot" file="tests/Unit/Extensions/Discovery/DescribeFunctionTest.php::`DescribeFunction` → `Snapshot Tests` → lock release descriptor matches snapshot" class="Tests\Unit\Extensions\Discovery\DescribeFunctionTest" classname="Tests.Unit.Extensions.Discovery.DescribeFunctionTest" assertions="1" time="0.005123">
          <failure type="PHPUnit\Framework\ExpectationFailedException">`DescribeFunction` → `Snapshot Tests` → lock release descriptor matches snapshotFailed asserting that the string value matches its snapshot (tests/.pest/snapshots/Unit/Extensions/Discovery/DescribeFunctionTest/_DescribeFunction__→__Snapshot_Tests__→_lock_release_descriptor_matches_snapshot.snap).
Failed asserting that two strings are identical.
at tests/Unit/Extensions/Discovery/DescribeFunctionTest.php:709</failure>
        </testcase>
        <testcase name="`DescribeFunction` → `Snapshot Tests` → lock force release descriptor matches snapshot" file="tests/Unit/Extensions/Discovery/DescribeFunctionTest.php::`DescribeFunction` → `Snapshot Tests` → lock force release descriptor matches snapshot" class="Tests\Unit\Extensions\Discovery\DescribeFunctionTest" classname="Tests.Unit.Extensions.Discovery.DescribeFunctionTest" assertions="1" time="0.005912">
          <failure type="PHPUnit\Framework\ExpectationFailedException">`DescribeFunction` → `Snapshot Tests` → lock force release descriptor matches snapshotFailed asserting that the string value matches its snapshot (tests/.pest/snapshots/Unit/Extensions/Discovery/DescribeFunctionTest/_DescribeFunction__→__Snapshot_Tests__→_lock_force_release_descriptor_matches_snapshot.snap).
Failed asserting that two strings are identical.
at tests/Unit/Extensions/Discovery/DescribeFunctionTest.php:722</failure>
        </testcase>
        <testcase name="`DescribeFunction` → `Snapshot Tests` → operation status descriptor matches snapshot" file="tests/Unit/Extensions/Discovery/DescribeFunctionTest.php::`DescribeFunction` → `Snapshot Tests` → operation status descriptor matches snapshot" class="Tests\Unit\Extensions\Discovery\DescribeFunctionTest" classname="Tests.Unit.Extensions.Discovery.DescribeFunctionTest" assertions="1" time="0.005224">
          <failure type="PHPUnit\Framework\ExpectationFailedException">`DescribeFunction` → `Snapshot Tests` → operation status descriptor matches snapshotFailed asserting that the string value matches its snapshot (tests/.pest/snapshots/Unit/Extensions/Discovery/DescribeFunctionTest/_DescribeFunction__→__Snapshot_Tests__→_operation_status_descriptor_matches_snapshot.snap).
Failed asserting that two strings are identical.
at tests/Unit/Extensions/Discovery/DescribeFunctionTest.php:735</failure>
        </testcase>
        <testcase name="`DescribeFunction` → `Snapshot Tests` → operation list descriptor matches snapshot" file="tests/Unit/Extensions/Discovery/DescribeFunctionTest.php::`DescribeFunction` → `Snapshot Tests` → operation list descriptor matches snapshot" class="Tests\Unit\Extensions\Discovery\DescribeFunctionTest" classname="Tests.Unit.Extensions.Discovery.DescribeFunctionTest" assertions="1" time="0.005621">
          <failure type="PHPUnit\Framework\ExpectationFailedException">`DescribeFunction` → `Snapshot Tests` → operation list descriptor matches snapshotFailed asserting that the string value matches its snapshot (tests/.pest/snapshots/Unit/Extensions/Discovery/DescribeFunctionTest/_DescribeFunction__→__Snapshot_Tests__→_operation_list_descriptor_matches_snapshot.snap).
Failed asserting that two strings are identical.
at tests/Unit/Extensions/Discovery/DescribeFunctionTest.php:748</failure>
        </testcase>
        <testcase name="`DescribeFunction` → `Snapshot Tests` → operation cancel descriptor matches snapshot" file="tests/Unit/Extensions/Discovery/DescribeFunctionTest.php::`DescribeFunction` → `Snapshot Tests` → operation cancel descriptor matches snapshot" class="Tests\Unit\Extensions\Discovery\DescribeFunctionTest" classname="Tests.Unit.Extensions.Discovery.DescribeFunctionTest" assertions="1" time="0.005112">
          <failure type="PHPUnit\Framework\ExpectationFailedException">`DescribeFunction` → `Snapshot Tests` → operation cancel descriptor matches snapshotFailed asserting that the string value matches its snapshot (tests/.pest/snapshots/Unit/Extensions/Discovery/DescribeFunctionTest/_DescribeFunction__→__Snapshot_Tests__→_operation_cancel_descriptor_matches_snapshot.snap).
Failed asserting that two strings are identical.
at tests/Unit/Extensions/Discovery/DescribeFunctionTest.php:761</failure>
        </testcase>
      </testsuite>
      <testsuite name="Tests\Unit\Extensions\DryRunExtensionTest" file="tests/Unit/Extensions/DryRunExtensionTest.php" tests="30" assertions="65" errors="0" failures="0" skipped="0" time="0.122648">
        <testcase name="`DryRunExtension` → `Happy Paths` → getUrn returns correct URN constant" file="tests/Unit/Extensions/DryRunExtensionTest.php::`DryRunExtension` → `Happy Paths` → getUrn returns correct URN constant" class="Tests\Unit\Extensions\DryRunExtensionTest" classname="Tests.Unit.Extensions.DryRunExtensionTest" assertions="2" time="0.013239"/>
        <testcase name="`DryRunExtension` → `Happy Paths` → isEnabled returns true when enabled option is true" file="tests/Unit/Extensions/DryRunExtensionTest.php::`DryRunExtension` → `Happy Paths` → isEnabled returns true when enabled option is true" class="Tests\Unit\Extensions\DryRunExtensionTest" classname="Tests.Unit.Extensions.DryRunExtensionTest" assertions="1" time="0.003712"/>
        <testcase name="`DryRunExtension` → `Happy Paths` → isEnabled returns false when enabled option is false" file="tests/Unit/Extensions/DryRunExtensionTest.php::`DryRunExtension` → `Happy Paths` → isEnabled returns false when enabled option is false" class="Tests\Unit\Extensions\DryRunExtensionTest" classname="Tests.Unit.Extensions.DryRunExtensionTest" assertions="1" time="0.003617"/>
        <testcase name="`DryRunExtension` → `Happy Paths` → shouldIncludeDiff returns true when include_diff is true" file="tests/Unit/Extensions/DryRunExtensionTest.php::`DryRunExtension` → `Happy Paths` → shouldIncludeDiff returns true when include_diff is true" class="Tests\Unit\Extensions\DryRunExtensionTest" classname="Tests.Unit.Extensions.DryRunExtensionTest" assertions="1" time="0.003579"/>
        <testcase name="`DryRunExtension` → `Happy Paths` → shouldIncludeSideEffects returns true when include_side_effects is true" file="tests/Unit/Extensions/DryRunExtensionTest.php::`DryRunExtension` → `Happy Paths` → shouldIncludeSideEffects returns true when include_side_effects is true" class="Tests\Unit\Extensions\DryRunExtensionTest" classname="Tests.Unit.Extensions.DryRunExtensionTest" assertions="1" time="0.003527"/>
        <testcase name="`DryRunExtension` → `Happy Paths` → buildValidResponse creates successful dry-run response" file="tests/Unit/Extensions/DryRunExtensionTest.php::`DryRunExtension` → `Happy Paths` → buildValidResponse creates successful dry-run response" class="Tests\Unit\Extensions\DryRunExtensionTest" classname="Tests.Unit.Extensions.DryRunExtensionTest" assertions="9" time="0.003503"/>
        <testcase name="`DryRunExtension` → `Happy Paths` → buildValidResponse includes diff when provided" file="tests/Unit/Extensions/DryRunExtensionTest.php::`DryRunExtension` → `Happy Paths` → buildValidResponse includes diff when provided" class="Tests\Unit\Extensions\DryRunExtensionTest" classname="Tests.Unit.Extensions.DryRunExtensionTest" assertions="2" time="0.003645"/>
        <testcase name="`DryRunExtension` → `Happy Paths` → buildValidResponse includes side effects when provided" file="tests/Unit/Extensions/DryRunExtensionTest.php::`DryRunExtension` → `Happy Paths` → buildValidResponse includes side effects when provided" class="Tests\Unit\Extensions\DryRunExtensionTest" classname="Tests.Unit.Extensions.DryRunExtensionTest" assertions="2" time="0.003678"/>
        <testcase name="`DryRunExtension` → `Happy Paths` → buildValidResponse includes estimated duration when provided" file="tests/Unit/Extensions/DryRunExtensionTest.php::`DryRunExtension` → `Happy Paths` → buildValidResponse includes estimated duration when provided" class="Tests\Unit\Extensions\DryRunExtensionTest" classname="Tests.Unit.Extensions.DryRunExtensionTest" assertions="2" time="0.003550"/>
        <testcase name="`DryRunExtension` → `Happy Paths` → buildInvalidResponse creates validation error response" file="tests/Unit/Extensions/DryRunExtensionTest.php::`DryRunExtension` → `Happy Paths` → buildInvalidResponse creates validation error response" class="Tests\Unit\Extensions\DryRunExtensionTest" classname="Tests.Unit.Extensions.DryRunExtensionTest" assertions="6" time="0.003613"/>
        <testcase name="`DryRunExtension` → `Happy Paths` → buildValidationError creates properly formatted error entry" file="tests/Unit/Extensions/DryRunExtensionTest.php::`DryRunExtension` → `Happy Paths` → buildValidationError creates properly formatted error entry" class="Tests\Unit\Extensions\DryRunExtensionTest" classname="Tests.Unit.Extensions.DryRunExtensionTest" assertions="1" time="0.003504"/>
        <testcase name="`DryRunExtension` → `Happy Paths` → buildWouldAffect creates resource entry with string ID" file="tests/Unit/Extensions/DryRunExtensionTest.php::`DryRunExtension` → `Happy Paths` → buildWouldAffect creates resource entry with string ID" class="Tests\Unit\Extensions\DryRunExtensionTest" classname="Tests.Unit.Extensions.DryRunExtensionTest" assertions="1" time="0.003544"/>
        <testcase name="`DryRunExtension` → `Happy Paths` → buildWouldAffect creates resource entry with integer ID" file="tests/Unit/Extensions/DryRunExtensionTest.php::`DryRunExtension` → `Happy Paths` → buildWouldAffect creates resource entry with integer ID" class="Tests\Unit\Extensions\DryRunExtensionTest" classname="Tests.Unit.Extensions.DryRunExtensionTest" assertions="1" time="0.003645"/>
        <testcase name="`DryRunExtension` → `Happy Paths` → buildWouldAffectCount creates count-based entry" file="tests/Unit/Extensions/DryRunExtensionTest.php::`DryRunExtension` → `Happy Paths` → buildWouldAffectCount creates count-based entry" class="Tests\Unit\Extensions\DryRunExtensionTest" classname="Tests.Unit.Extensions.DryRunExtensionTest" assertions="1" time="0.003532"/>
        <testcase name="`DryRunExtension` → `Happy Paths` → buildSideEffect creates side effect entry" file="tests/Unit/Extensions/DryRunExtensionTest.php::`DryRunExtension` → `Happy Paths` → buildSideEffect creates side effect entry" class="Tests\Unit\Extensions\DryRunExtensionTest" classname="Tests.Unit.Extensions.DryRunExtensionTest" assertions="1" time="0.003703"/>
        <testcase name="`DryRunExtension` → `Happy Paths` → buildSideEffect uses default count of 1" file="tests/Unit/Extensions/DryRunExtensionTest.php::`DryRunExtension` → `Happy Paths` → buildSideEffect uses default count of 1" class="Tests\Unit\Extensions\DryRunExtensionTest" classname="Tests.Unit.Extensions.DryRunExtensionTest" assertions="2" time="0.003803"/>
        <testcase name="`DryRunExtension` → `Edge Cases` → isEnabled returns false when enabled option is missing" file="tests/Unit/Extensions/DryRunExtensionTest.php::`DryRunExtension` → `Edge Cases` → isEnabled returns false when enabled option is missing" class="Tests\Unit\Extensions\DryRunExtensionTest" classname="Tests.Unit.Extensions.DryRunExtensionTest" assertions="1" time="0.003620"/>
        <testcase name="`DryRunExtension` → `Edge Cases` → isEnabled returns false when options is null" file="tests/Unit/Extensions/DryRunExtensionTest.php::`DryRunExtension` → `Edge Cases` → isEnabled returns false when options is null" class="Tests\Unit\Extensions\DryRunExtensionTest" classname="Tests.Unit.Extensions.DryRunExtensionTest" assertions="1" time="0.003577"/>
        <testcase name="`DryRunExtension` → `Edge Cases` → shouldIncludeDiff returns false when option is missing" file="tests/Unit/Extensions/DryRunExtensionTest.php::`DryRunExtension` → `Edge Cases` → shouldIncludeDiff returns false when option is missing" class="Tests\Unit\Extensions\DryRunExtensionTest" classname="Tests.Unit.Extensions.DryRunExtensionTest" assertions="1" time="0.003590"/>
        <testcase name="`DryRunExtension` → `Edge Cases` → shouldIncludeSideEffects returns false when option is missing" file="tests/Unit/Extensions/DryRunExtensionTest.php::`DryRunExtension` → `Edge Cases` → shouldIncludeSideEffects returns false when option is missing" class="Tests\Unit\Extensions\DryRunExtensionTest" classname="Tests.Unit.Extensions.DryRunExtensionTest" assertions="1" time="0.003591"/>
        <testcase name="`DryRunExtension` → `Edge Cases` → isEnabled returns false for non-boolean true values" file="tests/Unit/Extensions/DryRunExtensionTest.php::`DryRunExtension` → `Edge Cases` → isEnabled returns false for non-boolean true values" class="Tests\Unit\Extensions\DryRunExtensionTest" classname="Tests.Unit.Extensions.DryRunExtensionTest" assertions="3" time="0.003723"/>
        <testcase name="`DryRunExtension` → `Edge Cases` → buildValidResponse handles empty would_affect array" file="tests/Unit/Extensions/DryRunExtensionTest.php::`DryRunExtension` → `Edge Cases` → buildValidResponse handles empty would_affect array" class="Tests\Unit\Extensions\DryRunExtensionTest" classname="Tests.Unit.Extensions.DryRunExtensionTest" assertions="1" time="0.003639"/>
        <testcase name="`DryRunExtension` → `Edge Cases` → buildValidResponse with all optional parameters" file="tests/Unit/Extensions/DryRunExtensionTest.php::`DryRunExtension` → `Edge Cases` → buildValidResponse with all optional parameters" class="Tests\Unit\Extensions\DryRunExtensionTest" classname="Tests.Unit.Extensions.DryRunExtensionTest" assertions="10" time="0.003663"/>
        <testcase name="`DryRunExtension` → `Edge Cases` → buildValidationError handles special characters in field names" file="tests/Unit/Extensions/DryRunExtensionTest.php::`DryRunExtension` → `Edge Cases` → buildValidationError handles special characters in field names" class="Tests\Unit\Extensions\DryRunExtensionTest" classname="Tests.Unit.Extensions.DryRunExtensionTest" assertions="3" time="0.003658"/>
        <testcase name="`DryRunExtension` → `Edge Cases` → buildInvalidResponse with multiple validation errors" file="tests/Unit/Extensions/DryRunExtensionTest.php::`DryRunExtension` → `Edge Cases` → buildInvalidResponse with multiple validation errors" class="Tests\Unit\Extensions\DryRunExtensionTest" classname="Tests.Unit.Extensions.DryRunExtensionTest" assertions="2" time="0.003797"/>
        <testcase name="`DryRunExtension` → `Edge Cases` → buildWouldAffectCount handles zero count" file="tests/Unit/Extensions/DryRunExtensionTest.php::`DryRunExtension` → `Edge Cases` → buildWouldAffectCount handles zero count" class="Tests\Unit\Extensions\DryRunExtensionTest" classname="Tests.Unit.Extensions.DryRunExtensionTest" assertions="1" time="0.003901"/>
        <testcase name="`DryRunExtension` → `Edge Cases` → buildSideEffect handles very large count" file="tests/Unit/Extensions/DryRunExtensionTest.php::`DryRunExtension` → `Edge Cases` → buildSideEffect handles very large count" class="Tests\Unit\Extensions\DryRunExtensionTest" classname="Tests.Unit.Extensions.DryRunExtensionTest" assertions="1" time="0.003714"/>
        <testcase name="`DryRunExtension` → `Sad Paths` → buildValidResponse preserves request ID in response" file="tests/Unit/Extensions/DryRunExtensionTest.php::`DryRunExtension` → `Sad Paths` → buildValidResponse preserves request ID in response" class="Tests\Unit\Extensions\DryRunExtensionTest" classname="Tests.Unit.Extensions.DryRunExtensionTest" assertions="1" time="0.003684"/>
        <testcase name="`DryRunExtension` → `Sad Paths` → buildInvalidResponse preserves request ID in error response" file="tests/Unit/Extensions/DryRunExtensionTest.php::`DryRunExtension` → `Sad Paths` → buildInvalidResponse preserves request ID in error response" class="Tests\Unit\Extensions\DryRunExtensionTest" classname="Tests.Unit.Extensions.DryRunExtensionTest" assertions="1" time="0.007046"/>
        <testcase name="`DryRunExtension` → `Sad Paths` → isEnabled strictly checks for boolean true" file="tests/Unit/Extensions/DryRunExtensionTest.php::`DryRunExtension` → `Sad Paths` → isEnabled strictly checks for boolean true" class="Tests\Unit\Extensions\DryRunExtensionTest" classname="Tests.Unit.Extensions.DryRunExtensionTest" assertions="4" time="0.004050"/>
      </testsuite>
      <testsuite name="Tests\Unit\Extensions\ExtensionEventSubscriberTest" file="tests/Unit/Extensions/ExtensionEventSubscriberTest.php" tests="13" assertions="20" errors="0" failures="0" skipped="0" time="0.054465">
        <testcase name="`ExtensionEventSubscriber` → `Happy Paths` → subscribes to all extension events" file="tests/Unit/Extensions/ExtensionEventSubscriberTest.php::`ExtensionEventSubscriber` → `Happy Paths` → subscribes to all extension events" class="Tests\Unit\Extensions\ExtensionEventSubscriberTest" classname="Tests.Unit.Extensions.ExtensionEventSubscriberTest" assertions="4" time="0.009246"/>
        <testcase name="`ExtensionEventSubscriber` → `Happy Paths` → events are dispatched through Laravel event system" file="tests/Unit/Extensions/ExtensionEventSubscriberTest.php::`ExtensionEventSubscriber` → `Happy Paths` → events are dispatched through Laravel event system" class="Tests\Unit\Extensions\ExtensionEventSubscriberTest" classname="Tests.Unit.Extensions.ExtensionEventSubscriberTest" assertions="1" time="0.004453"/>
        <testcase name="`ExtensionEventSubscriber` → `Happy Paths` → ExecutingFunction carries extension data" file="tests/Unit/Extensions/ExtensionEventSubscriberTest.php::`ExtensionEventSubscriber` → `Happy Paths` → ExecutingFunction carries extension data" class="Tests\Unit\Extensions\ExtensionEventSubscriberTest" classname="Tests.Unit.Extensions.ExtensionEventSubscriberTest" assertions="1" time="0.003880"/>
        <testcase name="`ExtensionEventSubscriber` → `Happy Paths` → FunctionExecuted carries response data" file="tests/Unit/Extensions/ExtensionEventSubscriberTest.php::`ExtensionEventSubscriber` → `Happy Paths` → FunctionExecuted carries response data" class="Tests\Unit\Extensions\ExtensionEventSubscriberTest" classname="Tests.Unit.Extensions.ExtensionEventSubscriberTest" assertions="1" time="0.003611"/>
        <testcase name="`ExtensionEventSubscriber` → `Happy Paths` → SendingResponse is final event before serialization" file="tests/Unit/Extensions/ExtensionEventSubscriberTest.php::`ExtensionEventSubscriber` → `Happy Paths` → SendingResponse is final event before serialization" class="Tests\Unit\Extensions\ExtensionEventSubscriberTest" classname="Tests.Unit.Extensions.ExtensionEventSubscriberTest" assertions="1" time="0.003587"/>
        <testcase name="`ExtensionEventSubscriber` → `Happy Paths` → rebuild clears listener cache" file="tests/Unit/Extensions/ExtensionEventSubscriberTest.php::`ExtensionEventSubscriber` → `Happy Paths` → rebuild clears listener cache" class="Tests\Unit\Extensions\ExtensionEventSubscriberTest" classname="Tests.Unit.Extensions.ExtensionEventSubscriberTest" assertions="1" time="0.003572"/>
        <testcase name="`ExtensionEventSubscriber` → `Edge Cases` → event propagation can be stopped" file="tests/Unit/Extensions/ExtensionEventSubscriberTest.php::`ExtensionEventSubscriber` → `Edge Cases` → event propagation can be stopped" class="Tests\Unit\Extensions\ExtensionEventSubscriberTest" classname="Tests.Unit.Extensions.ExtensionEventSubscriberTest" assertions="1" time="0.003649"/>
        <testcase name="`ExtensionEventSubscriber` → `Edge Cases` → event can set short-circuit response" file="tests/Unit/Extensions/ExtensionEventSubscriberTest.php::`ExtensionEventSubscriber` → `Edge Cases` → event can set short-circuit response" class="Tests\Unit\Extensions\ExtensionEventSubscriberTest" classname="Tests.Unit.Extensions.ExtensionEventSubscriberTest" assertions="2" time="0.003819"/>
        <testcase name="`ExtensionEventSubscriber` → `Edge Cases` → FunctionExecuted response is mutable" file="tests/Unit/Extensions/ExtensionEventSubscriberTest.php::`ExtensionEventSubscriber` → `Edge Cases` → FunctionExecuted response is mutable" class="Tests\Unit\Extensions\ExtensionEventSubscriberTest" classname="Tests.Unit.Extensions.ExtensionEventSubscriberTest" assertions="1" time="0.003738"/>
        <testcase name="`ExtensionEventSubscriber` → `Edge Cases` → SendingResponse response is mutable" file="tests/Unit/Extensions/ExtensionEventSubscriberTest.php::`ExtensionEventSubscriber` → `Edge Cases` → SendingResponse response is mutable" class="Tests\Unit\Extensions\ExtensionEventSubscriberTest" classname="Tests.Unit.Extensions.ExtensionEventSubscriberTest" assertions="1" time="0.003728"/>
        <testcase name="`ExtensionEventSubscriber` → `Edge Cases` → events carry request context through lifecycle" file="tests/Unit/Extensions/ExtensionEventSubscriberTest.php::`ExtensionEventSubscriber` → `Edge Cases` → events carry request context through lifecycle" class="Tests\Unit\Extensions\ExtensionEventSubscriberTest" classname="Tests.Unit.Extensions.ExtensionEventSubscriberTest" assertions="4" time="0.003764"/>
        <testcase name="`ExtensionEventSubscriber` → `Sad Paths` → getResponse returns null when not set" file="tests/Unit/Extensions/ExtensionEventSubscriberTest.php::`ExtensionEventSubscriber` → `Sad Paths` → getResponse returns null when not set" class="Tests\Unit\Extensions\ExtensionEventSubscriberTest" classname="Tests.Unit.Extensions.ExtensionEventSubscriberTest" assertions="1" time="0.003804"/>
        <testcase name="`ExtensionEventSubscriber` → `Sad Paths` → propagation is not stopped by default" file="tests/Unit/Extensions/ExtensionEventSubscriberTest.php::`ExtensionEventSubscriber` → `Sad Paths` → propagation is not stopped by default" class="Tests\Unit\Extensions\ExtensionEventSubscriberTest" classname="Tests.Unit.Extensions.ExtensionEventSubscriberTest" assertions="1" time="0.003615"/>
      </testsuite>
      <testsuite name="Tests\Unit\Extensions\ExtensionRegistryTest" file="tests/Unit/Extensions/ExtensionRegistryTest.php" tests="20" assertions="6" errors="14" failures="0" skipped="0" time="0.086367">
        <testcase name="`ExtensionRegistry` → `Happy Paths` → registers extension by URN successfully" file="tests/Unit/Extensions/ExtensionRegistryTest.php::`ExtensionRegistry` → `Happy Paths` → registers extension by URN successfully" class="Tests\Unit\Extensions\ExtensionRegistryTest" classname="Tests.Unit.Extensions.ExtensionRegistryTest" assertions="0" time="0.006482">
          <error type="Mockery\Exception\BadMethodCallException">`ExtensionRegistry` → `Happy Paths` → registers extension by URN successfullyMockery\Exception\BadMethodCallException: Received Mockery_10_Cline_Forrst_Contracts_ExtensionInterface::getSubscribedEvents(), but no expectations were specified
at src/Extensions/ExtensionRegistry.php:62
at tests/Unit/Extensions/ExtensionRegistryTest.php:26</error>
        </testcase>
        <testcase name="`ExtensionRegistry` → `Happy Paths` → retrieves registered extension by URN" file="tests/Unit/Extensions/ExtensionRegistryTest.php::`ExtensionRegistry` → `Happy Paths` → retrieves registered extension by URN" class="Tests\Unit\Extensions\ExtensionRegistryTest" classname="Tests.Unit.Extensions.ExtensionRegistryTest" assertions="0" time="0.003770">
          <error type="Mockery\Exception\BadMethodCallException">`ExtensionRegistry` → `Happy Paths` → retrieves registered extension by URNMockery\Exception\BadMethodCallException: Received Mockery_10_Cline_Forrst_Contracts_ExtensionInterface::getSubscribedEvents(), but no expectations were specified
at src/Extensions/ExtensionRegistry.php:62
at tests/Unit/Extensions/ExtensionRegistryTest.php:36</error>
        </testcase>
        <testcase name="`ExtensionRegistry` → `Happy Paths` → returns true when checking for registered extension" file="tests/Unit/Extensions/ExtensionRegistryTest.php::`ExtensionRegistry` → `Happy Paths` → returns true when checking for registered extension" class="Tests\Unit\Extensions\ExtensionRegistryTest" classname="Tests.Unit.Extensions.ExtensionRegistryTest" assertions="0" time="0.004062">
          <error type="Mockery\Exception\BadMethodCallException">`ExtensionRegistry` → `Happy Paths` → returns true when checking for registered extensionMockery\Exception\BadMethodCallException: Received Mockery_10_Cline_Forrst_Contracts_ExtensionInterface::getSubscribedEvents(), but no expectations were specified
at src/Extensions/ExtensionRegistry.php:62
at tests/Unit/Extensions/ExtensionRegistryTest.php:49</error>
        </testcase>
        <testcase name="`ExtensionRegistry` → `Happy Paths` → returns all registered extensions as associative array" file="tests/Unit/Extensions/ExtensionRegistryTest.php::`ExtensionRegistry` → `Happy Paths` → returns all registered extensions as associative array" class="Tests\Unit\Extensions\ExtensionRegistryTest" classname="Tests.Unit.Extensions.ExtensionRegistryTest" assertions="0" time="0.004054">
          <error type="Mockery\Exception\BadMethodCallException">`ExtensionRegistry` → `Happy Paths` → returns all registered extensions as associative arrayMockery\Exception\BadMethodCallException: Received Mockery_10_Cline_Forrst_Contracts_ExtensionInterface::getSubscribedEvents(), but no expectations were specified
at src/Extensions/ExtensionRegistry.php:62
at tests/Unit/Extensions/ExtensionRegistryTest.php:65</error>
        </testcase>
        <testcase name="`ExtensionRegistry` → `Happy Paths` → returns list of all registered URNs" file="tests/Unit/Extensions/ExtensionRegistryTest.php::`ExtensionRegistry` → `Happy Paths` → returns list of all registered URNs" class="Tests\Unit\Extensions\ExtensionRegistryTest" classname="Tests.Unit.Extensions.ExtensionRegistryTest" assertions="0" time="0.003976">
          <error type="Mockery\Exception\BadMethodCallException">`ExtensionRegistry` → `Happy Paths` → returns list of all registered URNsMockery\Exception\BadMethodCallException: Received Mockery_10_Cline_Forrst_Contracts_ExtensionInterface::getSubscribedEvents(), but no expectations were specified
at src/Extensions/ExtensionRegistry.php:62
at tests/Unit/Extensions/ExtensionRegistryTest.php:88</error>
        </testcase>
        <testcase name="`ExtensionRegistry` → `Happy Paths` → converts all extensions to capabilities format" file="tests/Unit/Extensions/ExtensionRegistryTest.php::`ExtensionRegistry` → `Happy Paths` → converts all extensions to capabilities format" class="Tests\Unit\Extensions\ExtensionRegistryTest" classname="Tests.Unit.Extensions.ExtensionRegistryTest" assertions="0" time="0.008221">
          <error type="Mockery\Exception\BadMethodCallException">`ExtensionRegistry` → `Happy Paths` → converts all extensions to capabilities formatMockery\Exception\BadMethodCallException: Received Mockery_10_Cline_Forrst_Contracts_ExtensionInterface::getSubscribedEvents(), but no expectations were specified
at src/Extensions/ExtensionRegistry.php:62
at tests/Unit/Extensions/ExtensionRegistryTest.php:117</error>
        </testcase>
        <testcase name="`ExtensionRegistry` → `Happy Paths` → unregisters extension by URN successfully" file="tests/Unit/Extensions/ExtensionRegistryTest.php::`ExtensionRegistry` → `Happy Paths` → unregisters extension by URN successfully" class="Tests\Unit\Extensions\ExtensionRegistryTest" classname="Tests.Unit.Extensions.ExtensionRegistryTest" assertions="0" time="0.004395">
          <error type="Mockery\Exception\BadMethodCallException">`ExtensionRegistry` → `Happy Paths` → unregisters extension by URN successfullyMockery\Exception\BadMethodCallException: Received Mockery_10_Cline_Forrst_Contracts_ExtensionInterface::getSubscribedEvents(), but no expectations were specified
at src/Extensions/ExtensionRegistry.php:62
at tests/Unit/Extensions/ExtensionRegistryTest.php:138</error>
        </testcase>
        <testcase name="`ExtensionRegistry` → `Happy Paths` → replaces existing extension when registering with same URN" file="tests/Unit/Extensions/ExtensionRegistryTest.php::`ExtensionRegistry` → `Happy Paths` → replaces existing extension when registering with same URN" class="Tests\Unit\Extensions\ExtensionRegistryTest" classname="Tests.Unit.Extensions.ExtensionRegistryTest" assertions="0" time="0.004401">
          <error type="Mockery\Exception\BadMethodCallException">`ExtensionRegistry` → `Happy Paths` → replaces existing extension when registering with same URNMockery\Exception\BadMethodCallException: Received Mockery_10_Cline_Forrst_Contracts_ExtensionInterface::getSubscribedEvents(), but no expectations were specified
at src/Extensions/ExtensionRegistry.php:62
at tests/Unit/Extensions/ExtensionRegistryTest.php:154</error>
        </testcase>
        <testcase name="`ExtensionRegistry` → `Sad Paths` → returns null when retrieving non-existent extension" file="tests/Unit/Extensions/ExtensionRegistryTest.php::`ExtensionRegistry` → `Sad Paths` → returns null when retrieving non-existent extension" class="Tests\Unit\Extensions\ExtensionRegistryTest" classname="Tests.Unit.Extensions.ExtensionRegistryTest" assertions="1" time="0.003808"/>
        <testcase name="`ExtensionRegistry` → `Sad Paths` → returns false when checking for non-existent extension" file="tests/Unit/Extensions/ExtensionRegistryTest.php::`ExtensionRegistry` → `Sad Paths` → returns false when checking for non-existent extension" class="Tests\Unit\Extensions\ExtensionRegistryTest" classname="Tests.Unit.Extensions.ExtensionRegistryTest" assertions="1" time="0.004038"/>
        <testcase name="`ExtensionRegistry` → `Edge Cases` → returns empty array when no extensions are registered" file="tests/Unit/Extensions/ExtensionRegistryTest.php::`ExtensionRegistry` → `Edge Cases` → returns empty array when no extensions are registered" class="Tests\Unit\Extensions\ExtensionRegistryTest" classname="Tests.Unit.Extensions.ExtensionRegistryTest" assertions="1" time="0.003797"/>
        <testcase name="`ExtensionRegistry` → `Edge Cases` → returns empty array when getting URNs with no registered extensions" file="tests/Unit/Extensions/ExtensionRegistryTest.php::`ExtensionRegistry` → `Edge Cases` → returns empty array when getting URNs with no registered extensions" class="Tests\Unit\Extensions\ExtensionRegistryTest" classname="Tests.Unit.Extensions.ExtensionRegistryTest" assertions="1" time="0.003797"/>
        <testcase name="`ExtensionRegistry` → `Edge Cases` → returns empty array when converting to capabilities with no extensions" file="tests/Unit/Extensions/ExtensionRegistryTest.php::`ExtensionRegistry` → `Edge Cases` → returns empty array when converting to capabilities with no extensions" class="Tests\Unit\Extensions\ExtensionRegistryTest" classname="Tests.Unit.Extensions.ExtensionRegistryTest" assertions="1" time="0.003824"/>
        <testcase name="`ExtensionRegistry` → `Edge Cases` → handles unregistering non-existent extension without error" file="tests/Unit/Extensions/ExtensionRegistryTest.php::`ExtensionRegistry` → `Edge Cases` → handles unregistering non-existent extension without error" class="Tests\Unit\Extensions\ExtensionRegistryTest" classname="Tests.Unit.Extensions.ExtensionRegistryTest" assertions="1" time="0.003719"/>
        <testcase name="`ExtensionRegistry` → `Edge Cases` → handles multiple unregister calls for same URN" file="tests/Unit/Extensions/ExtensionRegistryTest.php::`ExtensionRegistry` → `Edge Cases` → handles multiple unregister calls for same URN" class="Tests\Unit\Extensions\ExtensionRegistryTest" classname="Tests.Unit.Extensions.ExtensionRegistryTest" assertions="0" time="0.004086">
          <error type="Mockery\Exception\BadMethodCallException">`ExtensionRegistry` → `Edge Cases` → handles multiple unregister calls for same URNMockery\Exception\BadMethodCallException: Received Mockery_10_Cline_Forrst_Contracts_ExtensionInterface::getSubscribedEvents(), but no expectations were specified
at src/Extensions/ExtensionRegistry.php:62
at tests/Unit/Extensions/ExtensionRegistryTest.php:218</error>
        </testcase>
        <testcase name="`ExtensionRegistry` → `Edge Cases` → maintains correct count after register and unregister operations" file="tests/Unit/Extensions/ExtensionRegistryTest.php::`ExtensionRegistry` → `Edge Cases` → maintains correct count after register and unregister operations" class="Tests\Unit\Extensions\ExtensionRegistryTest" classname="Tests.Unit.Extensions.ExtensionRegistryTest" assertions="0" time="0.003995">
          <error type="Mockery\Exception\BadMethodCallException">`ExtensionRegistry` → `Edge Cases` → maintains correct count after register and unregister operationsMockery\Exception\BadMethodCallException: Received Mockery_10_Cline_Forrst_Contracts_ExtensionInterface::getSubscribedEvents(), but no expectations were specified
at src/Extensions/ExtensionRegistry.php:62
at tests/Unit/Extensions/ExtensionRegistryTest.php:238</error>
        </testcase>
        <testcase name="`ExtensionRegistry` → `Edge Cases` → handles URN with special characters correctly" file="tests/Unit/Extensions/ExtensionRegistryTest.php::`ExtensionRegistry` → `Edge Cases` → handles URN with special characters correctly" class="Tests\Unit\Extensions\ExtensionRegistryTest" classname="Tests.Unit.Extensions.ExtensionRegistryTest" assertions="0" time="0.003908">
          <error type="Mockery\Exception\BadMethodCallException">`ExtensionRegistry` → `Edge Cases` → handles URN with special characters correctlyMockery\Exception\BadMethodCallException: Received Mockery_10_Cline_Forrst_Contracts_ExtensionInterface::getSubscribedEvents(), but no expectations were specified
at src/Extensions/ExtensionRegistry.php:62
at tests/Unit/Extensions/ExtensionRegistryTest.php:256</error>
        </testcase>
        <testcase name="`ExtensionRegistry` → `Edge Cases` → toCapabilities maintains order of registration" file="tests/Unit/Extensions/ExtensionRegistryTest.php::`ExtensionRegistry` → `Edge Cases` → toCapabilities maintains order of registration" class="Tests\Unit\Extensions\ExtensionRegistryTest" classname="Tests.Unit.Extensions.ExtensionRegistryTest" assertions="0" time="0.003904">
          <error type="Mockery\Exception\BadMethodCallException">`ExtensionRegistry` → `Edge Cases` → toCapabilities maintains order of registrationMockery\Exception\BadMethodCallException: Received Mockery_10_Cline_Forrst_Contracts_ExtensionInterface::getSubscribedEvents(), but no expectations were specified
at src/Extensions/ExtensionRegistry.php:62
at tests/Unit/Extensions/ExtensionRegistryTest.php:277</error>
        </testcase>
        <testcase name="`ExtensionRegistry` → `Edge Cases` → handles empty URN string gracefully" file="tests/Unit/Extensions/ExtensionRegistryTest.php::`ExtensionRegistry` → `Edge Cases` → handles empty URN string gracefully" class="Tests\Unit\Extensions\ExtensionRegistryTest" classname="Tests.Unit.Extensions.ExtensionRegistryTest" assertions="0" time="0.003974">
          <error type="Mockery\Exception\BadMethodCallException">`ExtensionRegistry` → `Edge Cases` → handles empty URN string gracefullyMockery\Exception\BadMethodCallException: Received Mockery_10_Cline_Forrst_Contracts_ExtensionInterface::getSubscribedEvents(), but no expectations were specified
at src/Extensions/ExtensionRegistry.php:62
at tests/Unit/Extensions/ExtensionRegistryTest.php:297</error>
        </testcase>
        <testcase name="`ExtensionRegistry` → `Edge Cases` → returns all registered extensions after replacing one with same URN" file="tests/Unit/Extensions/ExtensionRegistryTest.php::`ExtensionRegistry` → `Edge Cases` → returns all registered extensions after replacing one with same URN" class="Tests\Unit\Extensions\ExtensionRegistryTest" classname="Tests.Unit.Extensions.ExtensionRegistryTest" assertions="0" time="0.004155">
          <error type="Mockery\Exception\BadMethodCallException">`ExtensionRegistry` → `Edge Cases` → returns all registered extensions after replacing one with same URNMockery\Exception\BadMethodCallException: Received Mockery_10_Cline_Forrst_Contracts_ExtensionInterface::getSubscribedEvents(), but no expectations were specified
at src/Extensions/ExtensionRegistry.php:62
at tests/Unit/Extensions/ExtensionRegistryTest.php:313</error>
        </testcase>
      </testsuite>
      <testsuite name="Tests\Unit\Extensions\IdempotencyExtensionTest" file="tests/Unit/Extensions/IdempotencyExtensionTest.php" tests="25" assertions="61" errors="8" failures="1" skipped="0" time="0.107976">
        <testcase name="`IdempotencyExtension` → `Happy Paths` → getUrn returns correct URN constant" file="tests/Unit/Extensions/IdempotencyExtensionTest.php::`IdempotencyExtension` → `Happy Paths` → getUrn returns correct URN constant" class="Tests\Unit\Extensions\IdempotencyExtensionTest" classname="Tests.Unit.Extensions.IdempotencyExtensionTest" assertions="2" time="0.006991"/>
        <testcase name="`IdempotencyExtension` → `Happy Paths` → getIdempotencyKey extracts key from options" file="tests/Unit/Extensions/IdempotencyExtensionTest.php::`IdempotencyExtension` → `Happy Paths` → getIdempotencyKey extracts key from options" class="Tests\Unit\Extensions\IdempotencyExtensionTest" classname="Tests.Unit.Extensions.IdempotencyExtensionTest" assertions="1" time="0.003500"/>
        <testcase name="`IdempotencyExtension` → `Happy Paths` → getIdempotencyKey returns null when key missing" file="tests/Unit/Extensions/IdempotencyExtensionTest.php::`IdempotencyExtension` → `Happy Paths` → getIdempotencyKey returns null when key missing" class="Tests\Unit\Extensions\IdempotencyExtensionTest" classname="Tests.Unit.Extensions.IdempotencyExtensionTest" assertions="1" time="0.003631"/>
        <testcase name="`IdempotencyExtension` → `Happy Paths` → getTtl returns default TTL when not specified" file="tests/Unit/Extensions/IdempotencyExtensionTest.php::`IdempotencyExtension` → `Happy Paths` → getTtl returns default TTL when not specified" class="Tests\Unit\Extensions\IdempotencyExtensionTest" classname="Tests.Unit.Extensions.IdempotencyExtensionTest" assertions="1" time="0.003514"/>
        <testcase name="`IdempotencyExtension` → `Happy Paths` → getTtl converts seconds correctly" file="tests/Unit/Extensions/IdempotencyExtensionTest.php::`IdempotencyExtension` → `Happy Paths` → getTtl converts seconds correctly" class="Tests\Unit\Extensions\IdempotencyExtensionTest" classname="Tests.Unit.Extensions.IdempotencyExtensionTest" assertions="1" time="0.003562"/>
        <testcase name="`IdempotencyExtension` → `Happy Paths` → getTtl converts minutes to seconds" file="tests/Unit/Extensions/IdempotencyExtensionTest.php::`IdempotencyExtension` → `Happy Paths` → getTtl converts minutes to seconds" class="Tests\Unit\Extensions\IdempotencyExtensionTest" classname="Tests.Unit.Extensions.IdempotencyExtensionTest" assertions="1" time="0.003592"/>
        <testcase name="`IdempotencyExtension` → `Happy Paths` → getTtl converts hours to seconds" file="tests/Unit/Extensions/IdempotencyExtensionTest.php::`IdempotencyExtension` → `Happy Paths` → getTtl converts hours to seconds" class="Tests\Unit\Extensions\IdempotencyExtensionTest" classname="Tests.Unit.Extensions.IdempotencyExtensionTest" assertions="1" time="0.003816"/>
        <testcase name="`IdempotencyExtension` → `Happy Paths` → getTtl converts days to seconds" file="tests/Unit/Extensions/IdempotencyExtensionTest.php::`IdempotencyExtension` → `Happy Paths` → getTtl converts days to seconds" class="Tests\Unit\Extensions\IdempotencyExtensionTest" classname="Tests.Unit.Extensions.IdempotencyExtensionTest" assertions="1" time="0.003731"/>
        <testcase name="`IdempotencyExtension` → `Happy Paths` → onExecutingFunction does not short-circuit when no cached result exists" file="tests/Unit/Extensions/IdempotencyExtensionTest.php::`IdempotencyExtension` → `Happy Paths` → onExecutingFunction does not short-circuit when no cached result exists" class="Tests\Unit\Extensions\IdempotencyExtensionTest" classname="Tests.Unit.Extensions.IdempotencyExtensionTest" assertions="3" time="0.008243">
          <error type="Mockery\Exception\InvalidCountException">`IdempotencyExtension` → `Happy Paths` → onExecutingFunction does not short-circuit when no cached result existsMockery\Exception\InvalidCountException: Method put(&lt;Any Arguments&gt;) from Mockery_8_Illuminate_Contracts_Cache_Repository should be called
 exactly 1 times but called 0 times.
at vendor/mockery/mockery/library/Mockery/CountValidator/Exact.php:32
at vendor/mockery/mockery/library/Mockery/Expectation.php:739
at vendor/mockery/mockery/library/Mockery/ExpectationDirector.php:202
at vendor/mockery/mockery/library/Mockery/Container.php:583
at vendor/mockery/mockery/library/Mockery/Container.php:519
at vendor/mockery/mockery/library/Mockery.php:176</error>
        </testcase>
        <testcase name="`IdempotencyExtension` → `Happy Paths` → onExecutingFunction returns error when key is missing" file="tests/Unit/Extensions/IdempotencyExtensionTest.php::`IdempotencyExtension` → `Happy Paths` → onExecutingFunction returns error when key is missing" class="Tests\Unit\Extensions\IdempotencyExtensionTest" classname="Tests.Unit.Extensions.IdempotencyExtensionTest" assertions="5" time="0.004094"/>
        <testcase name="`IdempotencyExtension` → `Happy Paths` → onFunctionExecuted caches response and adds extension metadata" file="tests/Unit/Extensions/IdempotencyExtensionTest.php::`IdempotencyExtension` → `Happy Paths` → onFunctionExecuted caches response and adds extension metadata" class="Tests\Unit\Extensions\IdempotencyExtensionTest" classname="Tests.Unit.Extensions.IdempotencyExtensionTest" assertions="12" time="0.004624">
          <error type="Mockery\Exception\InvalidCountException">`IdempotencyExtension` → `Happy Paths` → onFunctionExecuted caches response and adds extension metadataMockery\Exception\InvalidCountException: Method put(&lt;Any Arguments&gt;) from Mockery_8_Illuminate_Contracts_Cache_Repository should be called
 exactly 2 times but called 1 times.
at vendor/mockery/mockery/library/Mockery/CountValidator/Exact.php:32
at vendor/mockery/mockery/library/Mockery/Expectation.php:739
at vendor/mockery/mockery/library/Mockery/ExpectationDirector.php:202
at vendor/mockery/mockery/library/Mockery/Container.php:583
at vendor/mockery/mockery/library/Mockery/Container.php:519
at vendor/mockery/mockery/library/Mockery.php:176</error>
        </testcase>
        <testcase name="`IdempotencyExtension` → `Happy Paths` → onFunctionExecuted returns response unchanged when context is null" file="tests/Unit/Extensions/IdempotencyExtensionTest.php::`IdempotencyExtension` → `Happy Paths` → onFunctionExecuted returns response unchanged when context is null" class="Tests\Unit\Extensions\IdempotencyExtensionTest" classname="Tests.Unit.Extensions.IdempotencyExtensionTest" assertions="1" time="0.004043"/>
        <testcase name="`IdempotencyExtension` → `Edge Cases` → getIdempotencyKey returns null for null options" file="tests/Unit/Extensions/IdempotencyExtensionTest.php::`IdempotencyExtension` → `Edge Cases` → getIdempotencyKey returns null for null options" class="Tests\Unit\Extensions\IdempotencyExtensionTest" classname="Tests.Unit.Extensions.IdempotencyExtensionTest" assertions="1" time="0.003750"/>
        <testcase name="`IdempotencyExtension` → `Edge Cases` → getTtl handles unknown unit by treating as seconds" file="tests/Unit/Extensions/IdempotencyExtensionTest.php::`IdempotencyExtension` → `Edge Cases` → getTtl handles unknown unit by treating as seconds" class="Tests\Unit\Extensions\IdempotencyExtensionTest" classname="Tests.Unit.Extensions.IdempotencyExtensionTest" assertions="1" time="0.003646"/>
        <testcase name="`IdempotencyExtension` → `Edge Cases` → getTtl handles missing value" file="tests/Unit/Extensions/IdempotencyExtensionTest.php::`IdempotencyExtension` → `Edge Cases` → getTtl handles missing value" class="Tests\Unit\Extensions\IdempotencyExtensionTest" classname="Tests.Unit.Extensions.IdempotencyExtensionTest" assertions="0" time="0.004019">
          <error type="Cline\Forrst\Exceptions\MustBePositiveException">`IdempotencyExtension` → `Edge Cases` → getTtl handles missing valueCline\Forrst\Exceptions\MustBePositiveException: ttl must be positive
at src/Exceptions/MustBePositiveException.php:22
at src/Extensions/IdempotencyExtension.php:357
at tests/Unit/Extensions/IdempotencyExtensionTest.php:269</error>
        </testcase>
        <testcase name="`IdempotencyExtension` → `Edge Cases` → getTtl handles missing unit" file="tests/Unit/Extensions/IdempotencyExtensionTest.php::`IdempotencyExtension` → `Edge Cases` → getTtl handles missing unit" class="Tests\Unit\Extensions\IdempotencyExtensionTest" classname="Tests.Unit.Extensions.IdempotencyExtensionTest" assertions="1" time="0.003687"/>
        <testcase name="`IdempotencyExtension` → `Edge Cases` → onExecutingFunction acquires processing lock" file="tests/Unit/Extensions/IdempotencyExtensionTest.php::`IdempotencyExtension` → `Edge Cases` → onExecutingFunction acquires processing lock" class="Tests\Unit\Extensions\IdempotencyExtensionTest" classname="Tests.Unit.Extensions.IdempotencyExtensionTest" assertions="3" time="0.004495">
          <error type="Mockery\Exception\InvalidCountException">`IdempotencyExtension` → `Edge Cases` → onExecutingFunction acquires processing lockMockery\Exception\InvalidCountException: Method put(&lt;Pattern&gt;, &lt;Array&gt;, 30) from Mockery_8_Illuminate_Contracts_Cache_Repository should be called
 exactly 1 times but called 0 times.
at vendor/mockery/mockery/library/Mockery/CountValidator/Exact.php:32
at vendor/mockery/mockery/library/Mockery/Expectation.php:739
at vendor/mockery/mockery/library/Mockery/ExpectationDirector.php:202
at vendor/mockery/mockery/library/Mockery/Container.php:583
at vendor/mockery/mockery/library/Mockery/Container.php:519
at vendor/mockery/mockery/library/Mockery.php:176</error>
        </testcase>
        <testcase name="`IdempotencyExtension` → `Edge Cases` → onExecutingFunction returns processing response when lock exists" file="tests/Unit/Extensions/IdempotencyExtensionTest.php::`IdempotencyExtension` → `Edge Cases` → onExecutingFunction returns processing response when lock exists" class="Tests\Unit\Extensions\IdempotencyExtensionTest" classname="Tests.Unit.Extensions.IdempotencyExtensionTest" assertions="1" time="0.004340">
          <failure type="PHPUnit\Framework\ExpectationFailedException">`IdempotencyExtension` → `Edge Cases` → onExecutingFunction returns processing response when lock existsFailed asserting that null is an instance of class Cline\Forrst\Data\ResponseData.
at tests/Unit/Extensions/IdempotencyExtensionTest.php:336</failure>
        </testcase>
        <testcase name="`IdempotencyExtension` → `Edge Cases` → getTtl handles zero value" file="tests/Unit/Extensions/IdempotencyExtensionTest.php::`IdempotencyExtension` → `Edge Cases` → getTtl handles zero value" class="Tests\Unit\Extensions\IdempotencyExtensionTest" classname="Tests.Unit.Extensions.IdempotencyExtensionTest" assertions="0" time="0.004007">
          <error type="Cline\Forrst\Exceptions\MustBePositiveException">`IdempotencyExtension` → `Edge Cases` → getTtl handles zero valueCline\Forrst\Exceptions\MustBePositiveException: ttl must be positive
at src/Exceptions/MustBePositiveException.php:22
at src/Extensions/IdempotencyExtension.php:357
at tests/Unit/Extensions/IdempotencyExtensionTest.php:352</error>
        </testcase>
        <testcase name="`IdempotencyExtension` → `Edge Cases` → onFunctionExecuted uses custom TTL from options" file="tests/Unit/Extensions/IdempotencyExtensionTest.php::`IdempotencyExtension` → `Edge Cases` → onFunctionExecuted uses custom TTL from options" class="Tests\Unit\Extensions\IdempotencyExtensionTest" classname="Tests.Unit.Extensions.IdempotencyExtensionTest" assertions="4" time="0.004682">
          <error type="Mockery\Exception\InvalidCountException">`IdempotencyExtension` → `Edge Cases` → onFunctionExecuted uses custom TTL from optionsMockery\Exception\InvalidCountException: Method put(&lt;Pattern&gt;, &lt;Array&gt;, 30) from Mockery_8_Illuminate_Contracts_Cache_Repository should be called
 exactly 1 times but called 0 times.
at vendor/mockery/mockery/library/Mockery/CountValidator/Exact.php:32
at vendor/mockery/mockery/library/Mockery/Expectation.php:739
at vendor/mockery/mockery/library/Mockery/ExpectationDirector.php:202
at vendor/mockery/mockery/library/Mockery/Container.php:583
at vendor/mockery/mockery/library/Mockery/Container.php:519
at vendor/mockery/mockery/library/Mockery.php:176</error>
        </testcase>
        <testcase name="`IdempotencyExtension` → `Sad Paths` → onExecutingFunction returns conflict for duplicate request with different arguments" file="tests/Unit/Extensions/IdempotencyExtensionTest.php::`IdempotencyExtension` → `Sad Paths` → onExecutingFunction returns conflict for duplicate request with different arguments" class="Tests\Unit\Extensions\IdempotencyExtensionTest" classname="Tests.Unit.Extensions.IdempotencyExtensionTest" assertions="4" time="0.004404"/>
        <testcase name="`IdempotencyExtension` → `Sad Paths` → onExecutingFunction returns conflict for same key with different arguments" file="tests/Unit/Extensions/IdempotencyExtensionTest.php::`IdempotencyExtension` → `Sad Paths` → onExecutingFunction returns conflict for same key with different arguments" class="Tests\Unit\Extensions\IdempotencyExtensionTest" classname="Tests.Unit.Extensions.IdempotencyExtensionTest" assertions="9" time="0.004112"/>
        <testcase name="`IdempotencyExtension` → `Sad Paths` → onExecutingFunction detects conflict when arguments differ" file="tests/Unit/Extensions/IdempotencyExtensionTest.php::`IdempotencyExtension` → `Sad Paths` → onExecutingFunction detects conflict when arguments differ" class="Tests\Unit\Extensions\IdempotencyExtensionTest" classname="Tests.Unit.Extensions.IdempotencyExtensionTest" assertions="4" time="0.004177"/>
        <testcase name="`IdempotencyExtension` → `Sad Paths` → onFunctionExecuted removes processing lock" file="tests/Unit/Extensions/IdempotencyExtensionTest.php::`IdempotencyExtension` → `Sad Paths` → onFunctionExecuted removes processing lock" class="Tests\Unit\Extensions\IdempotencyExtensionTest" classname="Tests.Unit.Extensions.IdempotencyExtensionTest" assertions="3" time="0.004986">
          <error type="Mockery\Exception\InvalidCountException">`IdempotencyExtension` → `Sad Paths` → onFunctionExecuted removes processing lockMockery\Exception\InvalidCountException: Method put(&lt;Any Arguments&gt;) from Mockery_8_Illuminate_Contracts_Cache_Repository should be called
 exactly 2 times but called 1 times.
at vendor/mockery/mockery/library/Mockery/CountValidator/Exact.php:32
at vendor/mockery/mockery/library/Mockery/Expectation.php:739
at vendor/mockery/mockery/library/Mockery/ExpectationDirector.php:202
at vendor/mockery/mockery/library/Mockery/Container.php:583
at vendor/mockery/mockery/library/Mockery/Container.php:519
at vendor/mockery/mockery/library/Mockery.php:176</error>
        </testcase>
        <testcase name="`IdempotencyExtension` → `Sad Paths` → onExecutingFunction error response includes retry_after hint" file="tests/Unit/Extensions/IdempotencyExtensionTest.php::`IdempotencyExtension` → `Sad Paths` → onExecutingFunction error response includes retry_after hint" class="Tests\Unit\Extensions\IdempotencyExtensionTest" classname="Tests.Unit.Extensions.IdempotencyExtensionTest" assertions="0" time="0.004330">
          <error type="Error">`IdempotencyExtension` → `Sad Paths` → onExecutingFunction error response includes retry_after hintError: Call to a member function getFirstError() on null
at tests/Unit/Extensions/IdempotencyExtensionTest.php:564</error>
        </testcase>
      </testsuite>
      <testsuite name="Tests\Unit\Extensions\LocaleExtensionTest" file="tests/Unit/Extensions/LocaleExtensionTest.php" tests="62" assertions="98" errors="1" failures="24" skipped="0" time="0.270679">
        <testcase name="`LocaleExtension` → `Happy Paths` → getUrn returns correct URN constant" file="tests/Unit/Extensions/LocaleExtensionTest.php::`LocaleExtension` → `Happy Paths` → getUrn returns correct URN constant" class="Tests\Unit\Extensions\LocaleExtensionTest" classname="Tests.Unit.Extensions.LocaleExtensionTest" assertions="2" time="0.007874"/>
        <testcase name="`LocaleExtension` → `Happy Paths` → isErrorFatal returns false for graceful degradation" file="tests/Unit/Extensions/LocaleExtensionTest.php::`LocaleExtension` → `Happy Paths` → isErrorFatal returns false for graceful degradation" class="Tests\Unit\Extensions\LocaleExtensionTest" classname="Tests.Unit.Extensions.LocaleExtensionTest" assertions="1" time="0.003693"/>
        <testcase name="`LocaleExtension` → `Happy Paths` → getSupportedLanguages returns configured languages" file="tests/Unit/Extensions/LocaleExtensionTest.php::`LocaleExtension` → `Happy Paths` → getSupportedLanguages returns configured languages" class="Tests\Unit\Extensions\LocaleExtensionTest" classname="Tests.Unit.Extensions.LocaleExtensionTest" assertions="4" time="0.003666"/>
        <testcase name="`LocaleExtension` → `Happy Paths` → default supported language is en" file="tests/Unit/Extensions/LocaleExtensionTest.php::`LocaleExtension` → `Happy Paths` → default supported language is en" class="Tests\Unit\Extensions\LocaleExtensionTest" classname="Tests.Unit.Extensions.LocaleExtensionTest" assertions="2" time="0.003547"/>
        <testcase name="`LocaleExtension` → `Happy Paths` → isValidLanguageTag validates known language codes" file="tests/Unit/Extensions/LocaleExtensionTest.php::`LocaleExtension` → `Happy Paths` → isValidLanguageTag validates known language codes" class="Tests\Unit\Extensions\LocaleExtensionTest" classname="Tests.Unit.Extensions.LocaleExtensionTest" assertions="4" time="0.004711"/>
        <testcase name="`LocaleExtension` → `Happy Paths` → isValidLanguageTag validates language tags with region" file="tests/Unit/Extensions/LocaleExtensionTest.php::`LocaleExtension` → `Happy Paths` → isValidLanguageTag validates language tags with region" class="Tests\Unit\Extensions\LocaleExtensionTest" classname="Tests.Unit.Extensions.LocaleExtensionTest" assertions="3" time="0.003759"/>
        <testcase name="`LocaleExtension` → `Happy Paths` → toCapabilities includes supported languages" file="tests/Unit/Extensions/LocaleExtensionTest.php::`LocaleExtension` → `Happy Paths` → toCapabilities includes supported languages" class="Tests\Unit\Extensions\LocaleExtensionTest" classname="Tests.Unit.Extensions.LocaleExtensionTest" assertions="6" time="0.007428"/>
        <testcase name="`LocaleExtension` → `Happy Paths` → getSubscribedEvents returns RequestValidated and FunctionExecuted" file="tests/Unit/Extensions/LocaleExtensionTest.php::`LocaleExtension` → `Happy Paths` → getSubscribedEvents returns RequestValidated and FunctionExecuted" class="Tests\Unit\Extensions\LocaleExtensionTest" classname="Tests.Unit.Extensions.LocaleExtensionTest" assertions="2" time="0.003734"/>
        <testcase name="`LocaleExtension` → `Edge Cases` → isValidLanguageTag returns false for invalid language codes" file="tests/Unit/Extensions/LocaleExtensionTest.php::`LocaleExtension` → `Edge Cases` → isValidLanguageTag returns false for invalid language codes" class="Tests\Unit\Extensions\LocaleExtensionTest" classname="Tests.Unit.Extensions.LocaleExtensionTest" assertions="2" time="0.003787"/>
        <testcase name="`LocaleExtension` → `Edge Cases` → isValidLanguageTag returns false for empty string" file="tests/Unit/Extensions/LocaleExtensionTest.php::`LocaleExtension` → `Edge Cases` → isValidLanguageTag returns false for empty string" class="Tests\Unit\Extensions\LocaleExtensionTest" classname="Tests.Unit.Extensions.LocaleExtensionTest" assertions="1" time="0.003580"/>
        <testcase name="`LocaleExtension` → `Edge Cases` → empty supported languages array still works" file="tests/Unit/Extensions/LocaleExtensionTest.php::`LocaleExtension` → `Edge Cases` → empty supported languages array still works" class="Tests\Unit\Extensions\LocaleExtensionTest" classname="Tests.Unit.Extensions.LocaleExtensionTest" assertions="1" time="0.003649"/>
        <testcase name="`LocaleExtension` → `Edge Cases` → default language constant is en" file="tests/Unit/Extensions/LocaleExtensionTest.php::`LocaleExtension` → `Edge Cases` → default language constant is en" class="Tests\Unit\Extensions\LocaleExtensionTest" classname="Tests.Unit.Extensions.LocaleExtensionTest" assertions="1" time="0.003638"/>
        <testcase name="`LocaleExtension` → `Edge Cases` → default timezone constant is UTC" file="tests/Unit/Extensions/LocaleExtensionTest.php::`LocaleExtension` → `Edge Cases` → default timezone constant is UTC" class="Tests\Unit\Extensions\LocaleExtensionTest" classname="Tests.Unit.Extensions.LocaleExtensionTest" assertions="1" time="0.003558"/>
        <testcase name="`LocaleExtension` → `Edge Cases` → getLanguage returns default before any request" file="tests/Unit/Extensions/LocaleExtensionTest.php::`LocaleExtension` → `Edge Cases` → getLanguage returns default before any request" class="Tests\Unit\Extensions\LocaleExtensionTest" classname="Tests.Unit.Extensions.LocaleExtensionTest" assertions="1" time="0.003678"/>
        <testcase name="`LocaleExtension` → `Edge Cases` → getTimezone returns null before any request" file="tests/Unit/Extensions/LocaleExtensionTest.php::`LocaleExtension` → `Edge Cases` → getTimezone returns null before any request" class="Tests\Unit\Extensions\LocaleExtensionTest" classname="Tests.Unit.Extensions.LocaleExtensionTest" assertions="1" time="0.003633"/>
        <testcase name="`LocaleExtension` → `Edge Cases` → getCurrency returns null before any request" file="tests/Unit/Extensions/LocaleExtensionTest.php::`LocaleExtension` → `Edge Cases` → getCurrency returns null before any request" class="Tests\Unit\Extensions\LocaleExtensionTest" classname="Tests.Unit.Extensions.LocaleExtensionTest" assertions="1" time="0.003694"/>
        <testcase name="`LocaleExtension` → `Edge Cases` → wasFallbackUsed returns false before any request" file="tests/Unit/Extensions/LocaleExtensionTest.php::`LocaleExtension` → `Edge Cases` → wasFallbackUsed returns false before any request" class="Tests\Unit\Extensions\LocaleExtensionTest" classname="Tests.Unit.Extensions.LocaleExtensionTest" assertions="1" time="0.003926"/>
        <testcase name="`LocaleExtension` → `Sad Paths` → isValidLanguageTag handles null-like values gracefully" file="tests/Unit/Extensions/LocaleExtensionTest.php::`LocaleExtension` → `Sad Paths` → isValidLanguageTag handles null-like values gracefully" class="Tests\Unit\Extensions\LocaleExtensionTest" classname="Tests.Unit.Extensions.LocaleExtensionTest" assertions="1" time="0.003624"/>
        <testcase name="`LocaleExtension` → `Sad Paths` → isValidLanguageTag handles special characters" file="tests/Unit/Extensions/LocaleExtensionTest.php::`LocaleExtension` → `Sad Paths` → isValidLanguageTag handles special characters" class="Tests\Unit\Extensions\LocaleExtensionTest" classname="Tests.Unit.Extensions.LocaleExtensionTest" assertions="1" time="0.003626"/>
        <testcase name="`LocaleExtension` → `Sad Paths` → supported languages are case sensitive" file="tests/Unit/Extensions/LocaleExtensionTest.php::`LocaleExtension` → `Sad Paths` → supported languages are case sensitive" class="Tests\Unit\Extensions\LocaleExtensionTest" classname="Tests.Unit.Extensions.LocaleExtensionTest" assertions="2" time="0.003635"/>
        <testcase name="`LocaleExtension` → `Request/Response Handling` → `Happy Paths` → onRequestValidated resolves locale from extension options" file="tests/Unit/Extensions/LocaleExtensionTest.php::`LocaleExtension` → `Request/Response Handling` → `Happy Paths` → onRequestValidated resolves locale from extension options" class="Tests\Unit\Extensions\LocaleExtensionTest" classname="Tests.Unit.Extensions.LocaleExtensionTest" assertions="1" time="0.004447">
          <failure type="PHPUnit\Framework\ExpectationFailedException">`LocaleExtension` → `Request/Response Handling` → `Happy Paths` → onRequestValidated resolves locale from extension optionsFailed asserting that two strings are identical.
at tests/Unit/Extensions/LocaleExtensionTest.php:256</failure>
        </testcase>
        <testcase name="`LocaleExtension` → `Request/Response Handling` → `Happy Paths` → onRequestValidated handles exact language match without fallback" file="tests/Unit/Extensions/LocaleExtensionTest.php::`LocaleExtension` → `Request/Response Handling` → `Happy Paths` → onRequestValidated handles exact language match without fallback" class="Tests\Unit\Extensions\LocaleExtensionTest" classname="Tests.Unit.Extensions.LocaleExtensionTest" assertions="1" time="0.004445">
          <failure type="PHPUnit\Framework\ExpectationFailedException">`LocaleExtension` → `Request/Response Handling` → `Happy Paths` → onRequestValidated handles exact language match without fallbackFailed asserting that two strings are identical.
at tests/Unit/Extensions/LocaleExtensionTest.php:281</failure>
        </testcase>
        <testcase name="`LocaleExtension` → `Request/Response Handling` → `Happy Paths` → onRequestValidated does nothing when extension not present" file="tests/Unit/Extensions/LocaleExtensionTest.php::`LocaleExtension` → `Request/Response Handling` → `Happy Paths` → onRequestValidated does nothing when extension not present" class="Tests\Unit\Extensions\LocaleExtensionTest" classname="Tests.Unit.Extensions.LocaleExtensionTest" assertions="4" time="0.004064"/>
        <testcase name="`LocaleExtension` → `Request/Response Handling` → `Happy Paths` → onFunctionExecuted adds locale metadata to response" file="tests/Unit/Extensions/LocaleExtensionTest.php::`LocaleExtension` → `Request/Response Handling` → `Happy Paths` → onFunctionExecuted adds locale metadata to response" class="Tests\Unit\Extensions\LocaleExtensionTest" classname="Tests.Unit.Extensions.LocaleExtensionTest" assertions="6" time="0.003732"/>
        <testcase name="`LocaleExtension` → `Request/Response Handling` → `Happy Paths` → onFunctionExecuted preserves response data and errors" file="tests/Unit/Extensions/LocaleExtensionTest.php::`LocaleExtension` → `Request/Response Handling` → `Happy Paths` → onFunctionExecuted preserves response data and errors" class="Tests\Unit\Extensions\LocaleExtensionTest" classname="Tests.Unit.Extensions.LocaleExtensionTest" assertions="3" time="0.003672"/>
        <testcase name="`LocaleExtension` → `Request/Response Handling` → `Happy Paths` → onFunctionExecuted preserves existing extensions in response" file="tests/Unit/Extensions/LocaleExtensionTest.php::`LocaleExtension` → `Request/Response Handling` → `Happy Paths` → onFunctionExecuted preserves existing extensions in response" class="Tests\Unit\Extensions\LocaleExtensionTest" classname="Tests.Unit.Extensions.LocaleExtensionTest" assertions="0" time="0.003999">
          <error type="Cline\Forrst\Exceptions\InvalidFieldValueException">`LocaleExtension` → `Request/Response Handling` → `Happy Paths` → onFunctionExecuted preserves existing extensions in responseCline\Forrst\Exceptions\InvalidFieldValueException: Extension urn is invalid: must follow format 'urn:vendor:forrst:ext:name', got: urn:custom:ext
at src/Exceptions/InvalidFieldValueException.php:22
at src/Validation/UrnValidator.php:49
at src/Data/ExtensionData.php:70
at src/Data/ExtensionData.php:113
at tests/Unit/Extensions/LocaleExtensionTest.php:391</error>
        </testcase>
        <testcase name="`LocaleExtension` → `Request/Response Handling` → `Happy Paths` → onFunctionExecuted filters out null values from response metadata" file="tests/Unit/Extensions/LocaleExtensionTest.php::`LocaleExtension` → `Request/Response Handling` → `Happy Paths` → onFunctionExecuted filters out null values from response metadata" class="Tests\Unit\Extensions\LocaleExtensionTest" classname="Tests.Unit.Extensions.LocaleExtensionTest" assertions="4" time="0.004273"/>
        <testcase name="`LocaleExtension` → `Request/Response Handling` → `Sad Paths` → onRequestValidated handles missing language option by using default" file="tests/Unit/Extensions/LocaleExtensionTest.php::`LocaleExtension` → `Request/Response Handling` → `Sad Paths` → onRequestValidated handles missing language option by using default" class="Tests\Unit\Extensions\LocaleExtensionTest" classname="Tests.Unit.Extensions.LocaleExtensionTest" assertions="2" time="0.004777">
          <failure type="PHPUnit\Framework\ExpectationFailedException">`LocaleExtension` → `Request/Response Handling` → `Sad Paths` → onRequestValidated handles missing language option by using defaultFailed asserting that false is true.
at tests/Unit/Extensions/LocaleExtensionTest.php:474</failure>
        </testcase>
        <testcase name="`LocaleExtension` → `Request/Response Handling` → `Sad Paths` → onRequestValidated rejects invalid timezone" file="tests/Unit/Extensions/LocaleExtensionTest.php::`LocaleExtension` → `Request/Response Handling` → `Sad Paths` → onRequestValidated rejects invalid timezone" class="Tests\Unit\Extensions\LocaleExtensionTest" classname="Tests.Unit.Extensions.LocaleExtensionTest" assertions="1" time="0.004468"/>
        <testcase name="`LocaleExtension` → `Request/Response Handling` → `Sad Paths` → onRequestValidated rejects invalid currency code" file="tests/Unit/Extensions/LocaleExtensionTest.php::`LocaleExtension` → `Request/Response Handling` → `Sad Paths` → onRequestValidated rejects invalid currency code" class="Tests\Unit\Extensions\LocaleExtensionTest" classname="Tests.Unit.Extensions.LocaleExtensionTest" assertions="1" time="0.004198"/>
        <testcase name="`LocaleExtension` → `Request/Response Handling` → `Sad Paths` → onRequestValidated normalizes currency to uppercase" file="tests/Unit/Extensions/LocaleExtensionTest.php::`LocaleExtension` → `Request/Response Handling` → `Sad Paths` → onRequestValidated normalizes currency to uppercase" class="Tests\Unit\Extensions\LocaleExtensionTest" classname="Tests.Unit.Extensions.LocaleExtensionTest" assertions="1" time="0.004883">
          <failure type="PHPUnit\Framework\ExpectationFailedException">`LocaleExtension` → `Request/Response Handling` → `Sad Paths` → onRequestValidated normalizes currency to uppercaseFailed asserting that null is identical to 'USD'.
at tests/Unit/Extensions/LocaleExtensionTest.php:543</failure>
        </testcase>
        <testcase name="`LocaleExtension` → `Request/Response Handling` → `Edge Cases` → onRequestValidated handles empty extension options" file="tests/Unit/Extensions/LocaleExtensionTest.php::`LocaleExtension` → `Request/Response Handling` → `Edge Cases` → onRequestValidated handles empty extension options" class="Tests\Unit\Extensions\LocaleExtensionTest" classname="Tests.Unit.Extensions.LocaleExtensionTest" assertions="2" time="0.004255">
          <failure type="PHPUnit\Framework\ExpectationFailedException">`LocaleExtension` → `Request/Response Handling` → `Edge Cases` → onRequestValidated handles empty extension optionsFailed asserting that false is true.
at tests/Unit/Extensions/LocaleExtensionTest.php:566</failure>
        </testcase>
        <testcase name="`LocaleExtension` → `Request/Response Handling` → `Edge Cases` → onRequestValidated handles null extension options" file="tests/Unit/Extensions/LocaleExtensionTest.php::`LocaleExtension` → `Request/Response Handling` → `Edge Cases` → onRequestValidated handles null extension options" class="Tests\Unit\Extensions\LocaleExtensionTest" classname="Tests.Unit.Extensions.LocaleExtensionTest" assertions="2" time="0.004210">
          <failure type="PHPUnit\Framework\ExpectationFailedException">`LocaleExtension` → `Request/Response Handling` → `Edge Cases` → onRequestValidated handles null extension optionsFailed asserting that false is true.
at tests/Unit/Extensions/LocaleExtensionTest.php:589</failure>
        </testcase>
        <testcase name="`LocaleExtension` → `Request/Response Handling` → `Edge Cases` → onRequestValidated accepts null for optional timezone" file="tests/Unit/Extensions/LocaleExtensionTest.php::`LocaleExtension` → `Request/Response Handling` → `Edge Cases` → onRequestValidated accepts null for optional timezone" class="Tests\Unit\Extensions\LocaleExtensionTest" classname="Tests.Unit.Extensions.LocaleExtensionTest" assertions="1" time="0.004079"/>
        <testcase name="`LocaleExtension` → `Request/Response Handling` → `Edge Cases` → onRequestValidated accepts null for optional currency" file="tests/Unit/Extensions/LocaleExtensionTest.php::`LocaleExtension` → `Request/Response Handling` → `Edge Cases` → onRequestValidated accepts null for optional currency" class="Tests\Unit\Extensions\LocaleExtensionTest" classname="Tests.Unit.Extensions.LocaleExtensionTest" assertions="1" time="0.007818"/>
        <testcase name="`LocaleExtension` → `Language Resolution and Fallback` → `Happy Paths` → resolves exact language match without fallback" file="tests/Unit/Extensions/LocaleExtensionTest.php::`LocaleExtension` → `Language Resolution and Fallback` → `Happy Paths` → resolves exact language match without fallback" class="Tests\Unit\Extensions\LocaleExtensionTest" classname="Tests.Unit.Extensions.LocaleExtensionTest" assertions="1" time="0.004455">
          <failure type="PHPUnit\Framework\ExpectationFailedException">`LocaleExtension` → `Language Resolution and Fallback` → `Happy Paths` → resolves exact language match without fallbackFailed asserting that two strings are identical.
at tests/Unit/Extensions/LocaleExtensionTest.php:661</failure>
        </testcase>
        <testcase name="`LocaleExtension` → `Language Resolution and Fallback` → `Happy Paths` → resolves base language when specific variant not supported" file="tests/Unit/Extensions/LocaleExtensionTest.php::`LocaleExtension` → `Language Resolution and Fallback` → `Happy Paths` → resolves base language when specific variant not supported" class="Tests\Unit\Extensions\LocaleExtensionTest" classname="Tests.Unit.Extensions.LocaleExtensionTest" assertions="1" time="0.004220">
          <failure type="PHPUnit\Framework\ExpectationFailedException">`LocaleExtension` → `Language Resolution and Fallback` → `Happy Paths` → resolves base language when specific variant not supportedFailed asserting that two strings are identical.
at tests/Unit/Extensions/LocaleExtensionTest.php:684</failure>
        </testcase>
        <testcase name="`LocaleExtension` → `Language Resolution and Fallback` → `Happy Paths` → resolves progressively shorter language tags" file="tests/Unit/Extensions/LocaleExtensionTest.php::`LocaleExtension` → `Language Resolution and Fallback` → `Happy Paths` → resolves progressively shorter language tags" class="Tests\Unit\Extensions\LocaleExtensionTest" classname="Tests.Unit.Extensions.LocaleExtensionTest" assertions="1" time="0.004193">
          <failure type="PHPUnit\Framework\ExpectationFailedException">`LocaleExtension` → `Language Resolution and Fallback` → `Happy Paths` → resolves progressively shorter language tagsFailed asserting that two strings are identical.
at tests/Unit/Extensions/LocaleExtensionTest.php:707</failure>
        </testcase>
        <testcase name="`LocaleExtension` → `Language Resolution and Fallback` → `Happy Paths` → uses first fallback language when requested language not supported" file="tests/Unit/Extensions/LocaleExtensionTest.php::`LocaleExtension` → `Language Resolution and Fallback` → `Happy Paths` → uses first fallback language when requested language not supported" class="Tests\Unit\Extensions\LocaleExtensionTest" classname="Tests.Unit.Extensions.LocaleExtensionTest" assertions="1" time="0.004301">
          <failure type="PHPUnit\Framework\ExpectationFailedException">`LocaleExtension` → `Language Resolution and Fallback` → `Happy Paths` → uses first fallback language when requested language not supportedFailed asserting that two strings are identical.
at tests/Unit/Extensions/LocaleExtensionTest.php:731</failure>
        </testcase>
        <testcase name="`LocaleExtension` → `Language Resolution and Fallback` → `Happy Paths` → tries multiple fallback languages until match found" file="tests/Unit/Extensions/LocaleExtensionTest.php::`LocaleExtension` → `Language Resolution and Fallback` → `Happy Paths` → tries multiple fallback languages until match found" class="Tests\Unit\Extensions\LocaleExtensionTest" classname="Tests.Unit.Extensions.LocaleExtensionTest" assertions="1" time="0.004324">
          <failure type="PHPUnit\Framework\ExpectationFailedException">`LocaleExtension` → `Language Resolution and Fallback` → `Happy Paths` → tries multiple fallback languages until match foundFailed asserting that two strings are identical.
at tests/Unit/Extensions/LocaleExtensionTest.php:755</failure>
        </testcase>
        <testcase name="`LocaleExtension` → `Language Resolution and Fallback` → `Happy Paths` → uses shorter version of fallback language when exact not supported" file="tests/Unit/Extensions/LocaleExtensionTest.php::`LocaleExtension` → `Language Resolution and Fallback` → `Happy Paths` → uses shorter version of fallback language when exact not supported" class="Tests\Unit\Extensions\LocaleExtensionTest" classname="Tests.Unit.Extensions.LocaleExtensionTest" assertions="1" time="0.004246">
          <failure type="PHPUnit\Framework\ExpectationFailedException">`LocaleExtension` → `Language Resolution and Fallback` → `Happy Paths` → uses shorter version of fallback language when exact not supportedFailed asserting that two strings are identical.
at tests/Unit/Extensions/LocaleExtensionTest.php:779</failure>
        </testcase>
        <testcase name="`LocaleExtension` → `Language Resolution and Fallback` → `Happy Paths` → defaults to en when no languages match" file="tests/Unit/Extensions/LocaleExtensionTest.php::`LocaleExtension` → `Language Resolution and Fallback` → `Happy Paths` → defaults to en when no languages match" class="Tests\Unit\Extensions\LocaleExtensionTest" classname="Tests.Unit.Extensions.LocaleExtensionTest" assertions="2" time="0.004262">
          <failure type="PHPUnit\Framework\ExpectationFailedException">`LocaleExtension` → `Language Resolution and Fallback` → `Happy Paths` → defaults to en when no languages matchFailed asserting that false is true.
at tests/Unit/Extensions/LocaleExtensionTest.php:804</failure>
        </testcase>
        <testcase name="`LocaleExtension` → `Language Resolution and Fallback` → `Edge Cases` → handles empty fallback array" file="tests/Unit/Extensions/LocaleExtensionTest.php::`LocaleExtension` → `Language Resolution and Fallback` → `Edge Cases` → handles empty fallback array" class="Tests\Unit\Extensions\LocaleExtensionTest" classname="Tests.Unit.Extensions.LocaleExtensionTest" assertions="2" time="0.004445">
          <failure type="PHPUnit\Framework\ExpectationFailedException">`LocaleExtension` → `Language Resolution and Fallback` → `Edge Cases` → handles empty fallback arrayFailed asserting that false is true.
at tests/Unit/Extensions/LocaleExtensionTest.php:830</failure>
        </testcase>
        <testcase name="`LocaleExtension` → `Language Resolution and Fallback` → `Edge Cases` → handles single-character language code" file="tests/Unit/Extensions/LocaleExtensionTest.php::`LocaleExtension` → `Language Resolution and Fallback` → `Edge Cases` → handles single-character language code" class="Tests\Unit\Extensions\LocaleExtensionTest" classname="Tests.Unit.Extensions.LocaleExtensionTest" assertions="2" time="0.004365">
          <failure type="PHPUnit\Framework\ExpectationFailedException">`LocaleExtension` → `Language Resolution and Fallback` → `Edge Cases` → handles single-character language codeFailed asserting that false is true.
at tests/Unit/Extensions/LocaleExtensionTest.php:853</failure>
        </testcase>
        <testcase name="`LocaleExtension` → `Language Resolution and Fallback` → `Edge Cases` → handles language tag with multiple hyphens" file="tests/Unit/Extensions/LocaleExtensionTest.php::`LocaleExtension` → `Language Resolution and Fallback` → `Edge Cases` → handles language tag with multiple hyphens" class="Tests\Unit\Extensions\LocaleExtensionTest" classname="Tests.Unit.Extensions.LocaleExtensionTest" assertions="1" time="0.004347">
          <failure type="PHPUnit\Framework\ExpectationFailedException">`LocaleExtension` → `Language Resolution and Fallback` → `Edge Cases` → handles language tag with multiple hyphensFailed asserting that two strings are identical.
at tests/Unit/Extensions/LocaleExtensionTest.php:875</failure>
        </testcase>
        <testcase name="`LocaleExtension` → `Timezone Validation` → `Happy Paths` → validates common IANA timezone identifiers" file="tests/Unit/Extensions/LocaleExtensionTest.php::`LocaleExtension` → `Timezone Validation` → `Happy Paths` → validates common IANA timezone identifiers" class="Tests\Unit\Extensions\LocaleExtensionTest" classname="Tests.Unit.Extensions.LocaleExtensionTest" assertions="1" time="0.004319">
          <failure type="PHPUnit\Framework\ExpectationFailedException">`LocaleExtension` → `Timezone Validation` → `Happy Paths` → validates common IANA timezone identifiersFailed asserting that null is identical to 'America/New_York'.
at tests/Unit/Extensions/LocaleExtensionTest.php:912</failure>
        </testcase>
        <testcase name="`LocaleExtension` → `Timezone Validation` → `Happy Paths` → validates timezone with offset format" file="tests/Unit/Extensions/LocaleExtensionTest.php::`LocaleExtension` → `Timezone Validation` → `Happy Paths` → validates timezone with offset format" class="Tests\Unit\Extensions\LocaleExtensionTest" classname="Tests.Unit.Extensions.LocaleExtensionTest" assertions="1" time="0.004302">
          <failure type="PHPUnit\Framework\ExpectationFailedException">`LocaleExtension` → `Timezone Validation` → `Happy Paths` → validates timezone with offset formatFailed asserting that null is identical to 'Etc/GMT+5'.
at tests/Unit/Extensions/LocaleExtensionTest.php:936</failure>
        </testcase>
        <testcase name="`LocaleExtension` → `Timezone Validation` → `Sad Paths` → rejects completely invalid timezone identifier" file="tests/Unit/Extensions/LocaleExtensionTest.php::`LocaleExtension` → `Timezone Validation` → `Sad Paths` → rejects completely invalid timezone identifier" class="Tests\Unit\Extensions\LocaleExtensionTest" classname="Tests.Unit.Extensions.LocaleExtensionTest" assertions="1" time="0.004107"/>
        <testcase name="`LocaleExtension` → `Timezone Validation` → `Sad Paths` → rejects empty timezone string" file="tests/Unit/Extensions/LocaleExtensionTest.php::`LocaleExtension` → `Timezone Validation` → `Sad Paths` → rejects empty timezone string" class="Tests\Unit\Extensions\LocaleExtensionTest" classname="Tests.Unit.Extensions.LocaleExtensionTest" assertions="1" time="0.004169"/>
        <testcase name="`LocaleExtension` → `Timezone Validation` → `Sad Paths` → rejects malformed timezone with special characters" file="tests/Unit/Extensions/LocaleExtensionTest.php::`LocaleExtension` → `Timezone Validation` → `Sad Paths` → rejects malformed timezone with special characters" class="Tests\Unit\Extensions\LocaleExtensionTest" classname="Tests.Unit.Extensions.LocaleExtensionTest" assertions="1" time="0.004050"/>
        <testcase name="`LocaleExtension` → `Timezone Validation` → `Edge Cases` → handles deprecated timezone identifiers" file="tests/Unit/Extensions/LocaleExtensionTest.php::`LocaleExtension` → `Timezone Validation` → `Edge Cases` → handles deprecated timezone identifiers" class="Tests\Unit\Extensions\LocaleExtensionTest" classname="Tests.Unit.Extensions.LocaleExtensionTest" assertions="1" time="0.004483">
          <failure type="PHPUnit\Framework\ExpectationFailedException">`LocaleExtension` → `Timezone Validation` → `Edge Cases` → handles deprecated timezone identifiersFailed asserting that null is identical to 'US/Eastern'.
at tests/Unit/Extensions/LocaleExtensionTest.php:1032</failure>
        </testcase>
        <testcase name="`LocaleExtension` → `Currency Validation` → `Happy Paths` → validates common ISO 4217 currency codes" file="tests/Unit/Extensions/LocaleExtensionTest.php::`LocaleExtension` → `Currency Validation` → `Happy Paths` → validates common ISO 4217 currency codes" class="Tests\Unit\Extensions\LocaleExtensionTest" classname="Tests.Unit.Extensions.LocaleExtensionTest" assertions="1" time="0.004630">
          <failure type="PHPUnit\Framework\ExpectationFailedException">`LocaleExtension` → `Currency Validation` → `Happy Paths` → validates common ISO 4217 currency codesFailed asserting that null is identical to 'USD'.
at tests/Unit/Extensions/LocaleExtensionTest.php:1068</failure>
        </testcase>
        <testcase name="`LocaleExtension` → `Currency Validation` → `Happy Paths` → normalizes lowercase currency codes to uppercase" file="tests/Unit/Extensions/LocaleExtensionTest.php::`LocaleExtension` → `Currency Validation` → `Happy Paths` → normalizes lowercase currency codes to uppercase" class="Tests\Unit\Extensions\LocaleExtensionTest" classname="Tests.Unit.Extensions.LocaleExtensionTest" assertions="1" time="0.004404">
          <failure type="PHPUnit\Framework\ExpectationFailedException">`LocaleExtension` → `Currency Validation` → `Happy Paths` → normalizes lowercase currency codes to uppercaseFailed asserting that null is identical to 'EUR'.
at tests/Unit/Extensions/LocaleExtensionTest.php:1092</failure>
        </testcase>
        <testcase name="`LocaleExtension` → `Currency Validation` → `Happy Paths` → normalizes mixed-case currency codes to uppercase" file="tests/Unit/Extensions/LocaleExtensionTest.php::`LocaleExtension` → `Currency Validation` → `Happy Paths` → normalizes mixed-case currency codes to uppercase" class="Tests\Unit\Extensions\LocaleExtensionTest" classname="Tests.Unit.Extensions.LocaleExtensionTest" assertions="1" time="0.004361">
          <failure type="PHPUnit\Framework\ExpectationFailedException">`LocaleExtension` → `Currency Validation` → `Happy Paths` → normalizes mixed-case currency codes to uppercaseFailed asserting that null is identical to 'GBP'.
at tests/Unit/Extensions/LocaleExtensionTest.php:1115</failure>
        </testcase>
        <testcase name="`LocaleExtension` → `Currency Validation` → `Sad Paths` → rejects invalid currency codes" file="tests/Unit/Extensions/LocaleExtensionTest.php::`LocaleExtension` → `Currency Validation` → `Sad Paths` → rejects invalid currency codes" class="Tests\Unit\Extensions\LocaleExtensionTest" classname="Tests.Unit.Extensions.LocaleExtensionTest" assertions="1" time="0.004249"/>
        <testcase name="`LocaleExtension` → `Currency Validation` → `Sad Paths` → rejects currency codes that are too short" file="tests/Unit/Extensions/LocaleExtensionTest.php::`LocaleExtension` → `Currency Validation` → `Sad Paths` → rejects currency codes that are too short" class="Tests\Unit\Extensions\LocaleExtensionTest" classname="Tests.Unit.Extensions.LocaleExtensionTest" assertions="1" time="0.004212"/>
        <testcase name="`LocaleExtension` → `Currency Validation` → `Sad Paths` → rejects currency codes that are too long" file="tests/Unit/Extensions/LocaleExtensionTest.php::`LocaleExtension` → `Currency Validation` → `Sad Paths` → rejects currency codes that are too long" class="Tests\Unit\Extensions\LocaleExtensionTest" classname="Tests.Unit.Extensions.LocaleExtensionTest" assertions="1" time="0.004250"/>
        <testcase name="`LocaleExtension` → `Currency Validation` → `Sad Paths` → rejects empty currency string" file="tests/Unit/Extensions/LocaleExtensionTest.php::`LocaleExtension` → `Currency Validation` → `Sad Paths` → rejects empty currency string" class="Tests\Unit\Extensions\LocaleExtensionTest" classname="Tests.Unit.Extensions.LocaleExtensionTest" assertions="1" time="0.004146"/>
        <testcase name="`LocaleExtension` → `Currency Validation` → `Sad Paths` → rejects currency codes with numbers" file="tests/Unit/Extensions/LocaleExtensionTest.php::`LocaleExtension` → `Currency Validation` → `Sad Paths` → rejects currency codes with numbers" class="Tests\Unit\Extensions\LocaleExtensionTest" classname="Tests.Unit.Extensions.LocaleExtensionTest" assertions="1" time="0.004428"/>
        <testcase name="`LocaleExtension` → `Currency Validation` → `Sad Paths` → rejects currency codes with special characters" file="tests/Unit/Extensions/LocaleExtensionTest.php::`LocaleExtension` → `Currency Validation` → `Sad Paths` → rejects currency codes with special characters" class="Tests\Unit\Extensions\LocaleExtensionTest" classname="Tests.Unit.Extensions.LocaleExtensionTest" assertions="1" time="0.004682"/>
        <testcase name="`LocaleExtension` → `Currency Validation` → `Edge Cases` → validates less common but valid currency codes" file="tests/Unit/Extensions/LocaleExtensionTest.php::`LocaleExtension` → `Currency Validation` → `Edge Cases` → validates less common but valid currency codes" class="Tests\Unit\Extensions\LocaleExtensionTest" classname="Tests.Unit.Extensions.LocaleExtensionTest" assertions="1" time="0.004629">
          <failure type="PHPUnit\Framework\ExpectationFailedException">`LocaleExtension` → `Currency Validation` → `Edge Cases` → validates less common but valid currency codesFailed asserting that null is identical to 'XAF'.
at tests/Unit/Extensions/LocaleExtensionTest.php:1280</failure>
        </testcase>
        <testcase name="`LocaleExtension` → `Currency Validation` → `Edge Cases` → validates Swiss Franc currency code" file="tests/Unit/Extensions/LocaleExtensionTest.php::`LocaleExtension` → `Currency Validation` → `Edge Cases` → validates Swiss Franc currency code" class="Tests\Unit\Extensions\LocaleExtensionTest" classname="Tests.Unit.Extensions.LocaleExtensionTest" assertions="1" time="0.008340">
          <failure type="PHPUnit\Framework\ExpectationFailedException">`LocaleExtension` → `Currency Validation` → `Edge Cases` → validates Swiss Franc currency codeFailed asserting that null is identical to 'CHF'.
at tests/Unit/Extensions/LocaleExtensionTest.php:1303</failure>
        </testcase>
      </testsuite>
      <testsuite name="Tests\Unit\Extensions\MaintenanceExtensionTest" file="tests/Unit/Extensions/MaintenanceExtensionTest.php" tests="26" assertions="75" errors="0" failures="0" skipped="0" time="0.115064">
        <testcase name="`MaintenanceExtension` → `Happy Paths` → getUrn returns correct URN constant" file="tests/Unit/Extensions/MaintenanceExtensionTest.php::`MaintenanceExtension` → `Happy Paths` → getUrn returns correct URN constant" class="Tests\Unit\Extensions\MaintenanceExtensionTest" classname="Tests.Unit.Extensions.MaintenanceExtensionTest" assertions="2" time="0.015389"/>
        <testcase name="`MaintenanceExtension` → `Happy Paths` → isErrorFatal returns true for maintenance mode" file="tests/Unit/Extensions/MaintenanceExtensionTest.php::`MaintenanceExtension` → `Happy Paths` → isErrorFatal returns true for maintenance mode" class="Tests\Unit\Extensions\MaintenanceExtensionTest" classname="Tests.Unit.Extensions.MaintenanceExtensionTest" assertions="1" time="0.003749"/>
        <testcase name="`MaintenanceExtension` → `Happy Paths` → isGlobal returns true for maintenance extension" file="tests/Unit/Extensions/MaintenanceExtensionTest.php::`MaintenanceExtension` → `Happy Paths` → isGlobal returns true for maintenance extension" class="Tests\Unit\Extensions\MaintenanceExtensionTest" classname="Tests.Unit.Extensions.MaintenanceExtensionTest" assertions="1" time="0.003892"/>
        <testcase name="`MaintenanceExtension` → `Happy Paths` → buildDuration creates duration object" file="tests/Unit/Extensions/MaintenanceExtensionTest.php::`MaintenanceExtension` → `Happy Paths` → buildDuration creates duration object" class="Tests\Unit\Extensions\MaintenanceExtensionTest" classname="Tests.Unit.Extensions.MaintenanceExtensionTest" assertions="1" time="0.003576"/>
        <testcase name="`MaintenanceExtension` → `Happy Paths` → buildServerMaintenance creates complete server maintenance data" file="tests/Unit/Extensions/MaintenanceExtensionTest.php::`MaintenanceExtension` → `Happy Paths` → buildServerMaintenance creates complete server maintenance data" class="Tests\Unit\Extensions\MaintenanceExtensionTest" classname="Tests.Unit.Extensions.MaintenanceExtensionTest" assertions="10" time="0.003602"/>
        <testcase name="`MaintenanceExtension` → `Happy Paths` → buildServerMaintenance works without until timestamp" file="tests/Unit/Extensions/MaintenanceExtensionTest.php::`MaintenanceExtension` → `Happy Paths` → buildServerMaintenance works without until timestamp" class="Tests\Unit\Extensions\MaintenanceExtensionTest" classname="Tests.Unit.Extensions.MaintenanceExtensionTest" assertions="5" time="0.003631"/>
        <testcase name="`MaintenanceExtension` → `Happy Paths` → buildFunctionMaintenance creates complete function maintenance data" file="tests/Unit/Extensions/MaintenanceExtensionTest.php::`MaintenanceExtension` → `Happy Paths` → buildFunctionMaintenance creates complete function maintenance data" class="Tests\Unit\Extensions\MaintenanceExtensionTest" classname="Tests.Unit.Extensions.MaintenanceExtensionTest" assertions="12" time="0.003991"/>
        <testcase name="`MaintenanceExtension` → `Happy Paths` → buildServerMaintenanceErrorDetails creates error details" file="tests/Unit/Extensions/MaintenanceExtensionTest.php::`MaintenanceExtension` → `Happy Paths` → buildServerMaintenanceErrorDetails creates error details" class="Tests\Unit\Extensions\MaintenanceExtensionTest" classname="Tests.Unit.Extensions.MaintenanceExtensionTest" assertions="6" time="0.003817"/>
        <testcase name="`MaintenanceExtension` → `Happy Paths` → buildFunctionMaintenanceErrorDetails creates error details with function" file="tests/Unit/Extensions/MaintenanceExtensionTest.php::`MaintenanceExtension` → `Happy Paths` → buildFunctionMaintenanceErrorDetails creates error details with function" class="Tests\Unit\Extensions\MaintenanceExtensionTest" classname="Tests.Unit.Extensions.MaintenanceExtensionTest" assertions="6" time="0.003640"/>
        <testcase name="`MaintenanceExtension` → `Happy Paths` → enrichResponse adds maintenance extension to response" file="tests/Unit/Extensions/MaintenanceExtensionTest.php::`MaintenanceExtension` → `Happy Paths` → enrichResponse adds maintenance extension to response" class="Tests\Unit\Extensions\MaintenanceExtensionTest" classname="Tests.Unit.Extensions.MaintenanceExtensionTest" assertions="6" time="0.003806"/>
        <testcase name="`MaintenanceExtension` → `Happy Paths` → calculateRetryAfterSeconds converts seconds correctly" file="tests/Unit/Extensions/MaintenanceExtensionTest.php::`MaintenanceExtension` → `Happy Paths` → calculateRetryAfterSeconds converts seconds correctly" class="Tests\Unit\Extensions\MaintenanceExtensionTest" classname="Tests.Unit.Extensions.MaintenanceExtensionTest" assertions="1" time="0.003995"/>
        <testcase name="`MaintenanceExtension` → `Happy Paths` → calculateRetryAfterSeconds converts minutes correctly" file="tests/Unit/Extensions/MaintenanceExtensionTest.php::`MaintenanceExtension` → `Happy Paths` → calculateRetryAfterSeconds converts minutes correctly" class="Tests\Unit\Extensions\MaintenanceExtensionTest" classname="Tests.Unit.Extensions.MaintenanceExtensionTest" assertions="1" time="0.003904"/>
        <testcase name="`MaintenanceExtension` → `Happy Paths` → calculateRetryAfterSeconds converts hours correctly" file="tests/Unit/Extensions/MaintenanceExtensionTest.php::`MaintenanceExtension` → `Happy Paths` → calculateRetryAfterSeconds converts hours correctly" class="Tests\Unit\Extensions\MaintenanceExtensionTest" classname="Tests.Unit.Extensions.MaintenanceExtensionTest" assertions="1" time="0.003860"/>
        <testcase name="`MaintenanceExtension` → `Happy Paths` → isMaintenanceActive returns true for null until" file="tests/Unit/Extensions/MaintenanceExtensionTest.php::`MaintenanceExtension` → `Happy Paths` → isMaintenanceActive returns true for null until" class="Tests\Unit\Extensions\MaintenanceExtensionTest" classname="Tests.Unit.Extensions.MaintenanceExtensionTest" assertions="1" time="0.003576"/>
        <testcase name="`MaintenanceExtension` → `Happy Paths` → isMaintenanceActive returns true for future until" file="tests/Unit/Extensions/MaintenanceExtensionTest.php::`MaintenanceExtension` → `Happy Paths` → isMaintenanceActive returns true for future until" class="Tests\Unit\Extensions\MaintenanceExtensionTest" classname="Tests.Unit.Extensions.MaintenanceExtensionTest" assertions="1" time="0.003726"/>
        <testcase name="`MaintenanceExtension` → `Happy Paths` → isMaintenanceActive returns false for past until" file="tests/Unit/Extensions/MaintenanceExtensionTest.php::`MaintenanceExtension` → `Happy Paths` → isMaintenanceActive returns false for past until" class="Tests\Unit\Extensions\MaintenanceExtensionTest" classname="Tests.Unit.Extensions.MaintenanceExtensionTest" assertions="1" time="0.003812"/>
        <testcase name="`MaintenanceExtension` → `Happy Paths` → calculateRemainingSeconds returns positive for future until" file="tests/Unit/Extensions/MaintenanceExtensionTest.php::`MaintenanceExtension` → `Happy Paths` → calculateRemainingSeconds returns positive for future until" class="Tests\Unit\Extensions\MaintenanceExtensionTest" classname="Tests.Unit.Extensions.MaintenanceExtensionTest" assertions="3" time="0.003934"/>
        <testcase name="`MaintenanceExtension` → `Edge Cases` → buildDuration with various time units" file="tests/Unit/Extensions/MaintenanceExtensionTest.php::`MaintenanceExtension` → `Edge Cases` → buildDuration with various time units" class="Tests\Unit\Extensions\MaintenanceExtensionTest" classname="Tests.Unit.Extensions.MaintenanceExtensionTest" assertions="3" time="0.007670"/>
        <testcase name="`MaintenanceExtension` → `Edge Cases` → enrichResponse appends to existing extensions" file="tests/Unit/Extensions/MaintenanceExtensionTest.php::`MaintenanceExtension` → `Edge Cases` → enrichResponse appends to existing extensions" class="Tests\Unit\Extensions\MaintenanceExtensionTest" classname="Tests.Unit.Extensions.MaintenanceExtensionTest" assertions="1" time="0.003961"/>
        <testcase name="`MaintenanceExtension` → `Edge Cases` → calculateRemainingSeconds returns zero for past until" file="tests/Unit/Extensions/MaintenanceExtensionTest.php::`MaintenanceExtension` → `Edge Cases` → calculateRemainingSeconds returns zero for past until" class="Tests\Unit\Extensions\MaintenanceExtensionTest" classname="Tests.Unit.Extensions.MaintenanceExtensionTest" assertions="1" time="0.003688"/>
        <testcase name="`MaintenanceExtension` → `Edge Cases` → calculateRetryAfterSeconds with unknown unit returns value as-is" file="tests/Unit/Extensions/MaintenanceExtensionTest.php::`MaintenanceExtension` → `Edge Cases` → calculateRetryAfterSeconds with unknown unit returns value as-is" class="Tests\Unit\Extensions\MaintenanceExtensionTest" classname="Tests.Unit.Extensions.MaintenanceExtensionTest" assertions="1" time="0.003711"/>
        <testcase name="`MaintenanceExtension` → `Edge Cases` → buildFunctionMaintenance works without until timestamp" file="tests/Unit/Extensions/MaintenanceExtensionTest.php::`MaintenanceExtension` → `Edge Cases` → buildFunctionMaintenance works without until timestamp" class="Tests\Unit\Extensions\MaintenanceExtensionTest" classname="Tests.Unit.Extensions.MaintenanceExtensionTest" assertions="1" time="0.003795"/>
        <testcase name="`MaintenanceExtension` → `Edge Cases` → scope constants have correct values" file="tests/Unit/Extensions/MaintenanceExtensionTest.php::`MaintenanceExtension` → `Edge Cases` → scope constants have correct values" class="Tests\Unit\Extensions\MaintenanceExtensionTest" classname="Tests.Unit.Extensions.MaintenanceExtensionTest" assertions="2" time="0.004097"/>
        <testcase name="`MaintenanceExtension` → `Edge Cases` → unit constants have correct values" file="tests/Unit/Extensions/MaintenanceExtensionTest.php::`MaintenanceExtension` → `Edge Cases` → unit constants have correct values" class="Tests\Unit\Extensions\MaintenanceExtensionTest" classname="Tests.Unit.Extensions.MaintenanceExtensionTest" assertions="3" time="0.004019"/>
        <testcase name="`MaintenanceExtension` → `Sad Paths` → enrichResponse preserves error responses" file="tests/Unit/Extensions/MaintenanceExtensionTest.php::`MaintenanceExtension` → `Sad Paths` → enrichResponse preserves error responses" class="Tests\Unit\Extensions\MaintenanceExtensionTest" classname="Tests.Unit.Extensions.MaintenanceExtensionTest" assertions="3" time="0.003936"/>
        <testcase name="`MaintenanceExtension` → `Sad Paths` → isMaintenanceActive handles exact boundary" file="tests/Unit/Extensions/MaintenanceExtensionTest.php::`MaintenanceExtension` → `Sad Paths` → isMaintenanceActive handles exact boundary" class="Tests\Unit\Extensions\MaintenanceExtensionTest" classname="Tests.Unit.Extensions.MaintenanceExtensionTest" assertions="1" time="0.004285"/>
      </testsuite>
      <testsuite name="Tests\Unit\Extensions\PriorityExtensionTest" file="tests/Unit/Extensions/PriorityExtensionTest.php" tests="34" assertions="76" errors="0" failures="0" skipped="0" time="0.136612">
        <testcase name="`PriorityExtension` → `Happy Paths` → getUrn returns correct URN constant" file="tests/Unit/Extensions/PriorityExtensionTest.php::`PriorityExtension` → `Happy Paths` → getUrn returns correct URN constant" class="Tests\Unit\Extensions\PriorityExtensionTest" classname="Tests.Unit.Extensions.PriorityExtensionTest" assertions="2" time="0.008281"/>
        <testcase name="`PriorityExtension` → `Happy Paths` → getLevel returns requested priority level" file="tests/Unit/Extensions/PriorityExtensionTest.php::`PriorityExtension` → `Happy Paths` → getLevel returns requested priority level" class="Tests\Unit\Extensions\PriorityExtensionTest" classname="Tests.Unit.Extensions.PriorityExtensionTest" assertions="2" time="0.003663"/>
        <testcase name="`PriorityExtension` → `Happy Paths` → getLevel returns normal when level not specified" file="tests/Unit/Extensions/PriorityExtensionTest.php::`PriorityExtension` → `Happy Paths` → getLevel returns normal when level not specified" class="Tests\Unit\Extensions\PriorityExtensionTest" classname="Tests.Unit.Extensions.PriorityExtensionTest" assertions="1" time="0.003529"/>
        <testcase name="`PriorityExtension` → `Happy Paths` → getLevel returns normal for invalid level" file="tests/Unit/Extensions/PriorityExtensionTest.php::`PriorityExtension` → `Happy Paths` → getLevel returns normal for invalid level" class="Tests\Unit\Extensions\PriorityExtensionTest" classname="Tests.Unit.Extensions.PriorityExtensionTest" assertions="1" time="0.003476"/>
        <testcase name="`PriorityExtension` → `Happy Paths` → getReason extracts reason from options" file="tests/Unit/Extensions/PriorityExtensionTest.php::`PriorityExtension` → `Happy Paths` → getReason extracts reason from options" class="Tests\Unit\Extensions\PriorityExtensionTest" classname="Tests.Unit.Extensions.PriorityExtensionTest" assertions="1" time="0.003627"/>
        <testcase name="`PriorityExtension` → `Happy Paths` → getReason returns null when not provided" file="tests/Unit/Extensions/PriorityExtensionTest.php::`PriorityExtension` → `Happy Paths` → getReason returns null when not provided" class="Tests\Unit\Extensions\PriorityExtensionTest" classname="Tests.Unit.Extensions.PriorityExtensionTest" assertions="1" time="0.003595"/>
        <testcase name="`PriorityExtension` → `Happy Paths` → getLevelValue returns correct numeric values" file="tests/Unit/Extensions/PriorityExtensionTest.php::`PriorityExtension` → `Happy Paths` → getLevelValue returns correct numeric values" class="Tests\Unit\Extensions\PriorityExtensionTest" classname="Tests.Unit.Extensions.PriorityExtensionTest" assertions="5" time="0.003537"/>
        <testcase name="`PriorityExtension` → `Happy Paths` → getLevelValue returns normal value for unknown level" file="tests/Unit/Extensions/PriorityExtensionTest.php::`PriorityExtension` → `Happy Paths` → getLevelValue returns normal value for unknown level" class="Tests\Unit\Extensions\PriorityExtensionTest" classname="Tests.Unit.Extensions.PriorityExtensionTest" assertions="1" time="0.003665"/>
        <testcase name="`PriorityExtension` → `Happy Paths` → compareLevels returns negative when first is lower" file="tests/Unit/Extensions/PriorityExtensionTest.php::`PriorityExtension` → `Happy Paths` → compareLevels returns negative when first is lower" class="Tests\Unit\Extensions\PriorityExtensionTest" classname="Tests.Unit.Extensions.PriorityExtensionTest" assertions="1" time="0.003545"/>
        <testcase name="`PriorityExtension` → `Happy Paths` → compareLevels returns positive when first is higher" file="tests/Unit/Extensions/PriorityExtensionTest.php::`PriorityExtension` → `Happy Paths` → compareLevels returns positive when first is higher" class="Tests\Unit\Extensions\PriorityExtensionTest" classname="Tests.Unit.Extensions.PriorityExtensionTest" assertions="1" time="0.003578"/>
        <testcase name="`PriorityExtension` → `Happy Paths` → compareLevels returns zero when levels are equal" file="tests/Unit/Extensions/PriorityExtensionTest.php::`PriorityExtension` → `Happy Paths` → compareLevels returns zero when levels are equal" class="Tests\Unit\Extensions\PriorityExtensionTest" classname="Tests.Unit.Extensions.PriorityExtensionTest" assertions="1" time="0.003781"/>
        <testcase name="`PriorityExtension` → `Happy Paths` → isHigherPriority returns true when first is higher" file="tests/Unit/Extensions/PriorityExtensionTest.php::`PriorityExtension` → `Happy Paths` → isHigherPriority returns true when first is higher" class="Tests\Unit\Extensions\PriorityExtensionTest" classname="Tests.Unit.Extensions.PriorityExtensionTest" assertions="1" time="0.003615"/>
        <testcase name="`PriorityExtension` → `Happy Paths` → isHigherPriority returns false when first is lower" file="tests/Unit/Extensions/PriorityExtensionTest.php::`PriorityExtension` → `Happy Paths` → isHigherPriority returns false when first is lower" class="Tests\Unit\Extensions\PriorityExtensionTest" classname="Tests.Unit.Extensions.PriorityExtensionTest" assertions="1" time="0.003564"/>
        <testcase name="`PriorityExtension` → `Happy Paths` → isHigherPriority returns false when levels are equal" file="tests/Unit/Extensions/PriorityExtensionTest.php::`PriorityExtension` → `Happy Paths` → isHigherPriority returns false when levels are equal" class="Tests\Unit\Extensions\PriorityExtensionTest" classname="Tests.Unit.Extensions.PriorityExtensionTest" assertions="1" time="0.003563"/>
        <testcase name="`PriorityExtension` → `Happy Paths` → getValidLevels returns all priority levels" file="tests/Unit/Extensions/PriorityExtensionTest.php::`PriorityExtension` → `Happy Paths` → getValidLevels returns all priority levels" class="Tests\Unit\Extensions\PriorityExtensionTest" classname="Tests.Unit.Extensions.PriorityExtensionTest" assertions="6" time="0.003790"/>
        <testcase name="`PriorityExtension` → `Happy Paths` → enrichResponse adds priority extension to response" file="tests/Unit/Extensions/PriorityExtensionTest.php::`PriorityExtension` → `Happy Paths` → enrichResponse adds priority extension to response" class="Tests\Unit\Extensions\PriorityExtensionTest" classname="Tests.Unit.Extensions.PriorityExtensionTest" assertions="7" time="0.007638"/>
        <testcase name="`PriorityExtension` → `Happy Paths` → enrichResponse includes queue position when provided" file="tests/Unit/Extensions/PriorityExtensionTest.php::`PriorityExtension` → `Happy Paths` → enrichResponse includes queue position when provided" class="Tests\Unit\Extensions\PriorityExtensionTest" classname="Tests.Unit.Extensions.PriorityExtensionTest" assertions="2" time="0.003926"/>
        <testcase name="`PriorityExtension` → `Happy Paths` → enrichResponse includes wait time when provided" file="tests/Unit/Extensions/PriorityExtensionTest.php::`PriorityExtension` → `Happy Paths` → enrichResponse includes wait time when provided" class="Tests\Unit\Extensions\PriorityExtensionTest" classname="Tests.Unit.Extensions.PriorityExtensionTest" assertions="2" time="0.003651"/>
        <testcase name="`PriorityExtension` → `Happy Paths` → buildResponseData creates complete response data structure" file="tests/Unit/Extensions/PriorityExtensionTest.php::`PriorityExtension` → `Happy Paths` → buildResponseData creates complete response data structure" class="Tests\Unit\Extensions\PriorityExtensionTest" classname="Tests.Unit.Extensions.PriorityExtensionTest" assertions="8" time="0.003714"/>
        <testcase name="`PriorityExtension` → `Happy Paths` → buildResponseData works without optional parameters" file="tests/Unit/Extensions/PriorityExtensionTest.php::`PriorityExtension` → `Happy Paths` → buildResponseData works without optional parameters" class="Tests\Unit\Extensions\PriorityExtensionTest" classname="Tests.Unit.Extensions.PriorityExtensionTest" assertions="6" time="0.003905"/>
        <testcase name="`PriorityExtension` → `Edge Cases` → getLevel handles null options" file="tests/Unit/Extensions/PriorityExtensionTest.php::`PriorityExtension` → `Edge Cases` → getLevel handles null options" class="Tests\Unit\Extensions\PriorityExtensionTest" classname="Tests.Unit.Extensions.PriorityExtensionTest" assertions="1" time="0.003882"/>
        <testcase name="`PriorityExtension` → `Edge Cases` → getReason handles null options" file="tests/Unit/Extensions/PriorityExtensionTest.php::`PriorityExtension` → `Edge Cases` → getReason handles null options" class="Tests\Unit\Extensions\PriorityExtensionTest" classname="Tests.Unit.Extensions.PriorityExtensionTest" assertions="1" time="0.003987"/>
        <testcase name="`PriorityExtension` → `Edge Cases` → enrichResponse preserves existing response data" file="tests/Unit/Extensions/PriorityExtensionTest.php::`PriorityExtension` → `Edge Cases` → enrichResponse preserves existing response data" class="Tests\Unit\Extensions\PriorityExtensionTest" classname="Tests.Unit.Extensions.PriorityExtensionTest" assertions="2" time="0.003752"/>
        <testcase name="`PriorityExtension` → `Edge Cases` → enrichResponse appends to existing extensions" file="tests/Unit/Extensions/PriorityExtensionTest.php::`PriorityExtension` → `Edge Cases` → enrichResponse appends to existing extensions" class="Tests\Unit\Extensions\PriorityExtensionTest" classname="Tests.Unit.Extensions.PriorityExtensionTest" assertions="3" time="0.004031"/>
        <testcase name="`PriorityExtension` → `Edge Cases` → buildResponseData with zero queue position" file="tests/Unit/Extensions/PriorityExtensionTest.php::`PriorityExtension` → `Edge Cases` → buildResponseData with zero queue position" class="Tests\Unit\Extensions\PriorityExtensionTest" classname="Tests.Unit.Extensions.PriorityExtensionTest" assertions="2" time="0.003864"/>
        <testcase name="`PriorityExtension` → `Edge Cases` → buildResponseData with zero wait time" file="tests/Unit/Extensions/PriorityExtensionTest.php::`PriorityExtension` → `Edge Cases` → buildResponseData with zero wait time" class="Tests\Unit\Extensions\PriorityExtensionTest" classname="Tests.Unit.Extensions.PriorityExtensionTest" assertions="2" time="0.003728"/>
        <testcase name="`PriorityExtension` → `Edge Cases` → compareLevels handles unknown levels as normal priority" file="tests/Unit/Extensions/PriorityExtensionTest.php::`PriorityExtension` → `Edge Cases` → compareLevels handles unknown levels as normal priority" class="Tests\Unit\Extensions\PriorityExtensionTest" classname="Tests.Unit.Extensions.PriorityExtensionTest" assertions="2" time="0.004359"/>
        <testcase name="`PriorityExtension` → `Edge Cases` → isHigherPriority handles unknown levels" file="tests/Unit/Extensions/PriorityExtensionTest.php::`PriorityExtension` → `Edge Cases` → isHigherPriority handles unknown levels" class="Tests\Unit\Extensions\PriorityExtensionTest" classname="Tests.Unit.Extensions.PriorityExtensionTest" assertions="1" time="0.004033"/>
        <testcase name="`PriorityExtension` → `Edge Cases` → getValidLevels returns keys in correct order" file="tests/Unit/Extensions/PriorityExtensionTest.php::`PriorityExtension` → `Edge Cases` → getValidLevels returns keys in correct order" class="Tests\Unit\Extensions\PriorityExtensionTest" classname="Tests.Unit.Extensions.PriorityExtensionTest" assertions="1" time="0.004010"/>
        <testcase name="`PriorityExtension` → `Sad Paths` → enrichResponse with honored false indicates priority was not applied" file="tests/Unit/Extensions/PriorityExtensionTest.php::`PriorityExtension` → `Sad Paths` → enrichResponse with honored false indicates priority was not applied" class="Tests\Unit\Extensions\PriorityExtensionTest" classname="Tests.Unit.Extensions.PriorityExtensionTest" assertions="2" time="0.003978"/>
        <testcase name="`PriorityExtension` → `Sad Paths` → enrichResponse shows effective level different from requested" file="tests/Unit/Extensions/PriorityExtensionTest.php::`PriorityExtension` → `Sad Paths` → enrichResponse shows effective level different from requested" class="Tests\Unit\Extensions\PriorityExtensionTest" classname="Tests.Unit.Extensions.PriorityExtensionTest" assertions="2" time="0.003847"/>
        <testcase name="`PriorityExtension` → `Sad Paths` → buildResponseData with very large queue position" file="tests/Unit/Extensions/PriorityExtensionTest.php::`PriorityExtension` → `Sad Paths` → buildResponseData with very large queue position" class="Tests\Unit\Extensions\PriorityExtensionTest" classname="Tests.Unit.Extensions.PriorityExtensionTest" assertions="1" time="0.003794"/>
        <testcase name="`PriorityExtension` → `Sad Paths` → buildResponseData with very large wait time" file="tests/Unit/Extensions/PriorityExtensionTest.php::`PriorityExtension` → `Sad Paths` → buildResponseData with very large wait time" class="Tests\Unit\Extensions\PriorityExtensionTest" classname="Tests.Unit.Extensions.PriorityExtensionTest" assertions="1" time="0.003774"/>
        <testcase name="`PriorityExtension` → `Sad Paths` → compareLevels demonstrates priority ordering" file="tests/Unit/Extensions/PriorityExtensionTest.php::`PriorityExtension` → `Sad Paths` → compareLevels demonstrates priority ordering" class="Tests\Unit\Extensions\PriorityExtensionTest" classname="Tests.Unit.Extensions.PriorityExtensionTest" assertions="4" time="0.003930"/>
      </testsuite>
      <testsuite name="Tests\Unit\Extensions\QueryExtensionTest" file="tests/Unit/Extensions/QueryExtensionTest.php" tests="39" assertions="105" errors="0" failures="0" skipped="0" time="0.164369">
        <testcase name="`QueryExtension` → `Happy Paths` → getUrn returns correct URN constant" file="tests/Unit/Extensions/QueryExtensionTest.php::`QueryExtension` → `Happy Paths` → getUrn returns correct URN constant" class="Tests\Unit\Extensions\QueryExtensionTest" classname="Tests.Unit.Extensions.QueryExtensionTest" assertions="2" time="0.009304"/>
        <testcase name="`QueryExtension` → `Happy Paths` → isErrorFatal returns true for query validation errors" file="tests/Unit/Extensions/QueryExtensionTest.php::`QueryExtension` → `Happy Paths` → isErrorFatal returns true for query validation errors" class="Tests\Unit\Extensions\QueryExtensionTest" classname="Tests.Unit.Extensions.QueryExtensionTest" assertions="1" time="0.003524"/>
        <testcase name="`QueryExtension` → `Happy Paths` → getFilters extracts filters from options" file="tests/Unit/Extensions/QueryExtensionTest.php::`QueryExtension` → `Happy Paths` → getFilters extracts filters from options" class="Tests\Unit\Extensions\QueryExtensionTest" classname="Tests.Unit.Extensions.QueryExtensionTest" assertions="3" time="0.003786"/>
        <testcase name="`QueryExtension` → `Happy Paths` → getSorts extracts sorts from options" file="tests/Unit/Extensions/QueryExtensionTest.php::`QueryExtension` → `Happy Paths` → getSorts extracts sorts from options" class="Tests\Unit\Extensions\QueryExtensionTest" classname="Tests.Unit.Extensions.QueryExtensionTest" assertions="3" time="0.003914"/>
        <testcase name="`QueryExtension` → `Happy Paths` → getPagination extracts pagination from options" file="tests/Unit/Extensions/QueryExtensionTest.php::`QueryExtension` → `Happy Paths` → getPagination extracts pagination from options" class="Tests\Unit\Extensions\QueryExtensionTest" classname="Tests.Unit.Extensions.QueryExtensionTest" assertions="4" time="0.007952"/>
        <testcase name="`QueryExtension` → `Happy Paths` → getFields extracts sparse fieldsets from options" file="tests/Unit/Extensions/QueryExtensionTest.php::`QueryExtension` → `Happy Paths` → getFields extracts sparse fieldsets from options" class="Tests\Unit\Extensions\QueryExtensionTest" classname="Tests.Unit.Extensions.QueryExtensionTest" assertions="3" time="0.003882"/>
        <testcase name="`QueryExtension` → `Happy Paths` → getRelationships extracts relationships from options" file="tests/Unit/Extensions/QueryExtensionTest.php::`QueryExtension` → `Happy Paths` → getRelationships extracts relationships from options" class="Tests\Unit\Extensions\QueryExtensionTest" classname="Tests.Unit.Extensions.QueryExtensionTest" assertions="1" time="0.003670"/>
        <testcase name="`QueryExtension` → `Happy Paths` → getUsedCapabilities detects filtering capability" file="tests/Unit/Extensions/QueryExtensionTest.php::`QueryExtension` → `Happy Paths` → getUsedCapabilities detects filtering capability" class="Tests\Unit\Extensions\QueryExtensionTest" classname="Tests.Unit.Extensions.QueryExtensionTest" assertions="1" time="0.003676"/>
        <testcase name="`QueryExtension` → `Happy Paths` → getUsedCapabilities detects all capabilities" file="tests/Unit/Extensions/QueryExtensionTest.php::`QueryExtension` → `Happy Paths` → getUsedCapabilities detects all capabilities" class="Tests\Unit\Extensions\QueryExtensionTest" classname="Tests.Unit.Extensions.QueryExtensionTest" assertions="5" time="0.003634"/>
        <testcase name="`QueryExtension` → `Happy Paths` → buildOffsetPagination creates offset pagination metadata" file="tests/Unit/Extensions/QueryExtensionTest.php::`QueryExtension` → `Happy Paths` → buildOffsetPagination creates offset pagination metadata" class="Tests\Unit\Extensions\QueryExtensionTest" classname="Tests.Unit.Extensions.QueryExtensionTest" assertions="8" time="0.003629"/>
        <testcase name="`QueryExtension` → `Happy Paths` → buildCursorPagination creates cursor pagination metadata" file="tests/Unit/Extensions/QueryExtensionTest.php::`QueryExtension` → `Happy Paths` → buildCursorPagination creates cursor pagination metadata" class="Tests\Unit\Extensions\QueryExtensionTest" classname="Tests.Unit.Extensions.QueryExtensionTest" assertions="8" time="0.003621"/>
        <testcase name="`QueryExtension` → `Happy Paths` → buildKeysetPagination creates keyset pagination metadata" file="tests/Unit/Extensions/QueryExtensionTest.php::`QueryExtension` → `Happy Paths` → buildKeysetPagination creates keyset pagination metadata" class="Tests\Unit\Extensions\QueryExtensionTest" classname="Tests.Unit.Extensions.QueryExtensionTest" assertions="8" time="0.003695"/>
        <testcase name="`QueryExtension` → `Happy Paths` → buildSort creates sort directive" file="tests/Unit/Extensions/QueryExtensionTest.php::`QueryExtension` → `Happy Paths` → buildSort creates sort directive" class="Tests\Unit\Extensions\QueryExtensionTest" classname="Tests.Unit.Extensions.QueryExtensionTest" assertions="1" time="0.003671"/>
        <testcase name="`QueryExtension` → `Happy Paths` → buildFilter creates filter condition" file="tests/Unit/Extensions/QueryExtensionTest.php::`QueryExtension` → `Happy Paths` → buildFilter creates filter condition" class="Tests\Unit\Extensions\QueryExtensionTest" classname="Tests.Unit.Extensions.QueryExtensionTest" assertions="7" time="0.003574"/>
        <testcase name="`QueryExtension` → `Happy Paths` → buildFilter includes boolean when not AND" file="tests/Unit/Extensions/QueryExtensionTest.php::`QueryExtension` → `Happy Paths` → buildFilter includes boolean when not AND" class="Tests\Unit\Extensions\QueryExtensionTest" classname="Tests.Unit.Extensions.QueryExtensionTest" assertions="2" time="0.003530"/>
        <testcase name="`QueryExtension` → `Happy Paths` → enrichResponse adds query extension to response" file="tests/Unit/Extensions/QueryExtensionTest.php::`QueryExtension` → `Happy Paths` → enrichResponse adds query extension to response" class="Tests\Unit\Extensions\QueryExtensionTest" classname="Tests.Unit.Extensions.QueryExtensionTest" assertions="5" time="0.003754"/>
        <testcase name="`QueryExtension` → `Happy Paths` → isOffsetPagination detects offset pagination" file="tests/Unit/Extensions/QueryExtensionTest.php::`QueryExtension` → `Happy Paths` → isOffsetPagination detects offset pagination" class="Tests\Unit\Extensions\QueryExtensionTest" classname="Tests.Unit.Extensions.QueryExtensionTest" assertions="3" time="0.003803"/>
        <testcase name="`QueryExtension` → `Happy Paths` → isCursorPagination detects cursor pagination" file="tests/Unit/Extensions/QueryExtensionTest.php::`QueryExtension` → `Happy Paths` → isCursorPagination detects cursor pagination" class="Tests\Unit\Extensions\QueryExtensionTest" classname="Tests.Unit.Extensions.QueryExtensionTest" assertions="2" time="0.003650"/>
        <testcase name="`QueryExtension` → `Happy Paths` → isKeysetPagination detects keyset pagination" file="tests/Unit/Extensions/QueryExtensionTest.php::`QueryExtension` → `Happy Paths` → isKeysetPagination detects keyset pagination" class="Tests\Unit\Extensions\QueryExtensionTest" classname="Tests.Unit.Extensions.QueryExtensionTest" assertions="3" time="0.003608"/>
        <testcase name="`QueryExtension` → `Happy Paths` → getPaginationLimit returns limit with default" file="tests/Unit/Extensions/QueryExtensionTest.php::`QueryExtension` → `Happy Paths` → getPaginationLimit returns limit with default" class="Tests\Unit\Extensions\QueryExtensionTest" classname="Tests.Unit.Extensions.QueryExtensionTest" assertions="3" time="0.003680"/>
        <testcase name="`QueryExtension` → `Happy Paths` → getPaginationLimit respects custom max" file="tests/Unit/Extensions/QueryExtensionTest.php::`QueryExtension` → `Happy Paths` → getPaginationLimit respects custom max" class="Tests\Unit\Extensions\QueryExtensionTest" classname="Tests.Unit.Extensions.QueryExtensionTest" assertions="1" time="0.003795"/>
        <testcase name="`QueryExtension` → `Edge Cases` → getFilters returns empty array for null options" file="tests/Unit/Extensions/QueryExtensionTest.php::`QueryExtension` → `Edge Cases` → getFilters returns empty array for null options" class="Tests\Unit\Extensions\QueryExtensionTest" classname="Tests.Unit.Extensions.QueryExtensionTest" assertions="1" time="0.003677"/>
        <testcase name="`QueryExtension` → `Edge Cases` → getSorts returns empty array for empty options" file="tests/Unit/Extensions/QueryExtensionTest.php::`QueryExtension` → `Edge Cases` → getSorts returns empty array for empty options" class="Tests\Unit\Extensions\QueryExtensionTest" classname="Tests.Unit.Extensions.QueryExtensionTest" assertions="1" time="0.003631"/>
        <testcase name="`QueryExtension` → `Edge Cases` → getPagination returns empty array when not specified" file="tests/Unit/Extensions/QueryExtensionTest.php::`QueryExtension` → `Edge Cases` → getPagination returns empty array when not specified" class="Tests\Unit\Extensions\QueryExtensionTest" classname="Tests.Unit.Extensions.QueryExtensionTest" assertions="1" time="0.003882"/>
        <testcase name="`QueryExtension` → `Edge Cases` → getUsedCapabilities returns empty array for null options" file="tests/Unit/Extensions/QueryExtensionTest.php::`QueryExtension` → `Edge Cases` → getUsedCapabilities returns empty array for null options" class="Tests\Unit\Extensions\QueryExtensionTest" classname="Tests.Unit.Extensions.QueryExtensionTest" assertions="1" time="0.004187"/>
        <testcase name="`QueryExtension` → `Edge Cases` → getUsedCapabilities returns empty array for empty options" file="tests/Unit/Extensions/QueryExtensionTest.php::`QueryExtension` → `Edge Cases` → getUsedCapabilities returns empty array for empty options" class="Tests\Unit\Extensions\QueryExtensionTest" classname="Tests.Unit.Extensions.QueryExtensionTest" assertions="1" time="0.004533"/>
        <testcase name="`QueryExtension` → `Edge Cases` → buildOffsetPagination omits total when null" file="tests/Unit/Extensions/QueryExtensionTest.php::`QueryExtension` → `Edge Cases` → buildOffsetPagination omits total when null" class="Tests\Unit\Extensions\QueryExtensionTest" classname="Tests.Unit.Extensions.QueryExtensionTest" assertions="1" time="0.004605"/>
        <testcase name="`QueryExtension` → `Edge Cases` → buildCursorPagination omits cursors when null" file="tests/Unit/Extensions/QueryExtensionTest.php::`QueryExtension` → `Edge Cases` → buildCursorPagination omits cursors when null" class="Tests\Unit\Extensions\QueryExtensionTest" classname="Tests.Unit.Extensions.QueryExtensionTest" assertions="2" time="0.004079"/>
        <testcase name="`QueryExtension` → `Edge Cases` → buildKeysetPagination omits IDs when null" file="tests/Unit/Extensions/QueryExtensionTest.php::`QueryExtension` → `Edge Cases` → buildKeysetPagination omits IDs when null" class="Tests\Unit\Extensions\QueryExtensionTest" classname="Tests.Unit.Extensions.QueryExtensionTest" assertions="2" time="0.003969"/>
        <testcase name="`QueryExtension` → `Edge Cases` → buildSort uses ascending direction by default" file="tests/Unit/Extensions/QueryExtensionTest.php::`QueryExtension` → `Edge Cases` → buildSort uses ascending direction by default" class="Tests\Unit\Extensions\QueryExtensionTest" classname="Tests.Unit.Extensions.QueryExtensionTest" assertions="1" time="0.004679"/>
        <testcase name="`QueryExtension` → `Edge Cases` → buildFilter handles null value for null operators" file="tests/Unit/Extensions/QueryExtensionTest.php::`QueryExtension` → `Edge Cases` → buildFilter handles null value for null operators" class="Tests\Unit\Extensions\QueryExtensionTest" classname="Tests.Unit.Extensions.QueryExtensionTest" assertions="5" time="0.004192"/>
        <testcase name="`QueryExtension` → `Edge Cases` → enrichResponse appends to existing extensions" file="tests/Unit/Extensions/QueryExtensionTest.php::`QueryExtension` → `Edge Cases` → enrichResponse appends to existing extensions" class="Tests\Unit\Extensions\QueryExtensionTest" classname="Tests.Unit.Extensions.QueryExtensionTest" assertions="1" time="0.003900"/>
        <testcase name="`QueryExtension` → `Edge Cases` → enrichResponse with empty capabilities" file="tests/Unit/Extensions/QueryExtensionTest.php::`QueryExtension` → `Edge Cases` → enrichResponse with empty capabilities" class="Tests\Unit\Extensions\QueryExtensionTest" classname="Tests.Unit.Extensions.QueryExtensionTest" assertions="1" time="0.003812"/>
        <testcase name="`QueryExtension` → `Edge Cases` → getPaginationLimit with custom default" file="tests/Unit/Extensions/QueryExtensionTest.php::`QueryExtension` → `Edge Cases` → getPaginationLimit with custom default" class="Tests\Unit\Extensions\QueryExtensionTest" classname="Tests.Unit.Extensions.QueryExtensionTest" assertions="1" time="0.007807"/>
        <testcase name="`QueryExtension` → `Edge Cases` → getFilters with complex nested filters" file="tests/Unit/Extensions/QueryExtensionTest.php::`QueryExtension` → `Edge Cases` → getFilters with complex nested filters" class="Tests\Unit\Extensions\QueryExtensionTest" classname="Tests.Unit.Extensions.QueryExtensionTest" assertions="4" time="0.004206"/>
        <testcase name="`QueryExtension` → `Sad Paths` → getUsedCapabilities handles partial options" file="tests/Unit/Extensions/QueryExtensionTest.php::`QueryExtension` → `Sad Paths` → getUsedCapabilities handles partial options" class="Tests\Unit\Extensions\QueryExtensionTest" classname="Tests.Unit.Extensions.QueryExtensionTest" assertions="2" time="0.003929"/>
        <testcase name="`QueryExtension` → `Sad Paths` → enrichResponse preserves response data" file="tests/Unit/Extensions/QueryExtensionTest.php::`QueryExtension` → `Sad Paths` → enrichResponse preserves response data" class="Tests\Unit\Extensions\QueryExtensionTest" classname="Tests.Unit.Extensions.QueryExtensionTest" assertions="2" time="0.003873"/>
        <testcase name="`QueryExtension` → `Sad Paths` → buildFilter with OR boolean for multiple conditions" file="tests/Unit/Extensions/QueryExtensionTest.php::`QueryExtension` → `Sad Paths` → buildFilter with OR boolean for multiple conditions" class="Tests\Unit\Extensions\QueryExtensionTest" classname="Tests.Unit.Extensions.QueryExtensionTest" assertions="3" time="0.004120"/>
        <testcase name="`QueryExtension` → `Sad Paths` → pagination style detection with mixed parameters" file="tests/Unit/Extensions/QueryExtensionTest.php::`QueryExtension` → `Sad Paths` → pagination style detection with mixed parameters" class="Tests\Unit\Extensions\QueryExtensionTest" classname="Tests.Unit.Extensions.QueryExtensionTest" assertions="1" time="0.003936"/>
      </testsuite>
      <testsuite name="Tests\Unit\Extensions\QuotaExtensionTest" file="tests/Unit/Extensions/QuotaExtensionTest.php" tests="41" assertions="139" errors="0" failures="0" skipped="0" time="0.168647">
        <testcase name="`QuotaExtension` → `Happy Paths` → getUrn returns correct URN constant" file="tests/Unit/Extensions/QuotaExtensionTest.php::`QuotaExtension` → `Happy Paths` → getUrn returns correct URN constant" class="Tests\Unit\Extensions\QuotaExtensionTest" classname="Tests.Unit.Extensions.QuotaExtensionTest" assertions="2" time="0.009934"/>
        <testcase name="`QuotaExtension` → `Happy Paths` → getIncludedTypes extracts include array from options" file="tests/Unit/Extensions/QuotaExtensionTest.php::`QuotaExtension` → `Happy Paths` → getIncludedTypes extracts include array from options" class="Tests\Unit\Extensions\QuotaExtensionTest" classname="Tests.Unit.Extensions.QuotaExtensionTest" assertions="1" time="0.003705"/>
        <testcase name="`QuotaExtension` → `Happy Paths` → getIncludedTypes returns null when not specified" file="tests/Unit/Extensions/QuotaExtensionTest.php::`QuotaExtension` → `Happy Paths` → getIncludedTypes returns null when not specified" class="Tests\Unit\Extensions\QuotaExtensionTest" classname="Tests.Unit.Extensions.QuotaExtensionTest" assertions="1" time="0.003560"/>
        <testcase name="`QuotaExtension` → `Happy Paths` → buildQuota creates complete quota entry" file="tests/Unit/Extensions/QuotaExtensionTest.php::`QuotaExtension` → `Happy Paths` → buildQuota creates complete quota entry" class="Tests\Unit\Extensions\QuotaExtensionTest" classname="Tests.Unit.Extensions.QuotaExtensionTest" assertions="16" time="0.003540"/>
        <testcase name="`QuotaExtension` → `Happy Paths` → buildQuota calculates remaining correctly" file="tests/Unit/Extensions/QuotaExtensionTest.php::`QuotaExtension` → `Happy Paths` → buildQuota calculates remaining correctly" class="Tests\Unit\Extensions\QuotaExtensionTest" classname="Tests.Unit.Extensions.QuotaExtensionTest" assertions="1" time="0.003593"/>
        <testcase name="`QuotaExtension` → `Happy Paths` → buildQuota handles zero remaining" file="tests/Unit/Extensions/QuotaExtensionTest.php::`QuotaExtension` → `Happy Paths` → buildQuota handles zero remaining" class="Tests\Unit\Extensions\QuotaExtensionTest" classname="Tests.Unit.Extensions.QuotaExtensionTest" assertions="1" time="0.003609"/>
        <testcase name="`QuotaExtension` → `Happy Paths` → buildQuota prevents negative remaining" file="tests/Unit/Extensions/QuotaExtensionTest.php::`QuotaExtension` → `Happy Paths` → buildQuota prevents negative remaining" class="Tests\Unit\Extensions\QuotaExtensionTest" classname="Tests.Unit.Extensions.QuotaExtensionTest" assertions="1" time="0.003572"/>
        <testcase name="`QuotaExtension` → `Happy Paths` → buildQuota omits resets_at when null" file="tests/Unit/Extensions/QuotaExtensionTest.php::`QuotaExtension` → `Happy Paths` → buildQuota omits resets_at when null" class="Tests\Unit\Extensions\QuotaExtensionTest" classname="Tests.Unit.Extensions.QuotaExtensionTest" assertions="1" time="0.003500"/>
        <testcase name="`QuotaExtension` → `Happy Paths` → buildRequestsQuota creates requests quota entry" file="tests/Unit/Extensions/QuotaExtensionTest.php::`QuotaExtension` → `Happy Paths` → buildRequestsQuota creates requests quota entry" class="Tests\Unit\Extensions\QuotaExtensionTest" classname="Tests.Unit.Extensions.QuotaExtensionTest" assertions="14" time="0.003543"/>
        <testcase name="`QuotaExtension` → `Happy Paths` → buildComputeQuota creates compute quota entry" file="tests/Unit/Extensions/QuotaExtensionTest.php::`QuotaExtension` → `Happy Paths` → buildComputeQuota creates compute quota entry" class="Tests\Unit\Extensions\QuotaExtensionTest" classname="Tests.Unit.Extensions.QuotaExtensionTest" assertions="12" time="0.003521"/>
        <testcase name="`QuotaExtension` → `Happy Paths` → buildComputeQuota accepts custom unit" file="tests/Unit/Extensions/QuotaExtensionTest.php::`QuotaExtension` → `Happy Paths` → buildComputeQuota accepts custom unit" class="Tests\Unit\Extensions\QuotaExtensionTest" classname="Tests.Unit.Extensions.QuotaExtensionTest" assertions="1" time="0.003507"/>
        <testcase name="`QuotaExtension` → `Happy Paths` → buildStorageQuota creates storage quota entry" file="tests/Unit/Extensions/QuotaExtensionTest.php::`QuotaExtension` → `Happy Paths` → buildStorageQuota creates storage quota entry" class="Tests\Unit\Extensions\QuotaExtensionTest" classname="Tests.Unit.Extensions.QuotaExtensionTest" assertions="12" time="0.003669"/>
        <testcase name="`QuotaExtension` → `Happy Paths` → buildBandwidthQuota creates bandwidth quota entry" file="tests/Unit/Extensions/QuotaExtensionTest.php::`QuotaExtension` → `Happy Paths` → buildBandwidthQuota creates bandwidth quota entry" class="Tests\Unit\Extensions\QuotaExtensionTest" classname="Tests.Unit.Extensions.QuotaExtensionTest" assertions="10" time="0.003596"/>
        <testcase name="`QuotaExtension` → `Happy Paths` → buildCustomQuota creates custom quota entry" file="tests/Unit/Extensions/QuotaExtensionTest.php::`QuotaExtension` → `Happy Paths` → buildCustomQuota creates custom quota entry" class="Tests\Unit\Extensions\QuotaExtensionTest" classname="Tests.Unit.Extensions.QuotaExtensionTest" assertions="12" time="0.003536"/>
        <testcase name="`QuotaExtension` → `Happy Paths` → enrichResponse adds quota extension to response" file="tests/Unit/Extensions/QuotaExtensionTest.php::`QuotaExtension` → `Happy Paths` → enrichResponse adds quota extension to response" class="Tests\Unit\Extensions\QuotaExtensionTest" classname="Tests.Unit.Extensions.QuotaExtensionTest" assertions="5" time="0.003683"/>
        <testcase name="`QuotaExtension` → `Happy Paths` → isNearLimit returns true when at threshold" file="tests/Unit/Extensions/QuotaExtensionTest.php::`QuotaExtension` → `Happy Paths` → isNearLimit returns true when at threshold" class="Tests\Unit\Extensions\QuotaExtensionTest" classname="Tests.Unit.Extensions.QuotaExtensionTest" assertions="1" time="0.003722"/>
        <testcase name="`QuotaExtension` → `Happy Paths` → isNearLimit returns true when above threshold" file="tests/Unit/Extensions/QuotaExtensionTest.php::`QuotaExtension` → `Happy Paths` → isNearLimit returns true when above threshold" class="Tests\Unit\Extensions\QuotaExtensionTest" classname="Tests.Unit.Extensions.QuotaExtensionTest" assertions="1" time="0.007083"/>
        <testcase name="`QuotaExtension` → `Happy Paths` → isNearLimit returns false when below threshold" file="tests/Unit/Extensions/QuotaExtensionTest.php::`QuotaExtension` → `Happy Paths` → isNearLimit returns false when below threshold" class="Tests\Unit\Extensions\QuotaExtensionTest" classname="Tests.Unit.Extensions.QuotaExtensionTest" assertions="1" time="0.003835"/>
        <testcase name="`QuotaExtension` → `Happy Paths` → isNearLimit accepts custom threshold" file="tests/Unit/Extensions/QuotaExtensionTest.php::`QuotaExtension` → `Happy Paths` → isNearLimit accepts custom threshold" class="Tests\Unit\Extensions\QuotaExtensionTest" classname="Tests.Unit.Extensions.QuotaExtensionTest" assertions="1" time="0.003828"/>
        <testcase name="`QuotaExtension` → `Happy Paths` → isExceeded returns true when limit reached" file="tests/Unit/Extensions/QuotaExtensionTest.php::`QuotaExtension` → `Happy Paths` → isExceeded returns true when limit reached" class="Tests\Unit\Extensions\QuotaExtensionTest" classname="Tests.Unit.Extensions.QuotaExtensionTest" assertions="1" time="0.004033"/>
        <testcase name="`QuotaExtension` → `Happy Paths` → isExceeded returns true when limit exceeded" file="tests/Unit/Extensions/QuotaExtensionTest.php::`QuotaExtension` → `Happy Paths` → isExceeded returns true when limit exceeded" class="Tests\Unit\Extensions\QuotaExtensionTest" classname="Tests.Unit.Extensions.QuotaExtensionTest" assertions="1" time="0.004026"/>
        <testcase name="`QuotaExtension` → `Happy Paths` → isExceeded returns false when below limit" file="tests/Unit/Extensions/QuotaExtensionTest.php::`QuotaExtension` → `Happy Paths` → isExceeded returns false when below limit" class="Tests\Unit\Extensions\QuotaExtensionTest" classname="Tests.Unit.Extensions.QuotaExtensionTest" assertions="1" time="0.003878"/>
        <testcase name="`QuotaExtension` → `Edge Cases` → getIncludedTypes handles null options" file="tests/Unit/Extensions/QuotaExtensionTest.php::`QuotaExtension` → `Edge Cases` → getIncludedTypes handles null options" class="Tests\Unit\Extensions\QuotaExtensionTest" classname="Tests.Unit.Extensions.QuotaExtensionTest" assertions="1" time="0.004116"/>
        <testcase name="`QuotaExtension` → `Edge Cases` → buildQuota handles zero limit" file="tests/Unit/Extensions/QuotaExtensionTest.php::`QuotaExtension` → `Edge Cases` → buildQuota handles zero limit" class="Tests\Unit\Extensions\QuotaExtensionTest" classname="Tests.Unit.Extensions.QuotaExtensionTest" assertions="3" time="0.004146"/>
        <testcase name="`QuotaExtension` → `Edge Cases` → buildRequestsQuota with custom period" file="tests/Unit/Extensions/QuotaExtensionTest.php::`QuotaExtension` → `Edge Cases` → buildRequestsQuota with custom period" class="Tests\Unit\Extensions\QuotaExtensionTest" classname="Tests.Unit.Extensions.QuotaExtensionTest" assertions="1" time="0.003865"/>
        <testcase name="`QuotaExtension` → `Edge Cases` → buildComputeQuota with custom period" file="tests/Unit/Extensions/QuotaExtensionTest.php::`QuotaExtension` → `Edge Cases` → buildComputeQuota with custom period" class="Tests\Unit\Extensions\QuotaExtensionTest" classname="Tests.Unit.Extensions.QuotaExtensionTest" assertions="1" time="0.003864"/>
        <testcase name="`QuotaExtension` → `Edge Cases` → buildStorageQuota with billing cycle period" file="tests/Unit/Extensions/QuotaExtensionTest.php::`QuotaExtension` → `Edge Cases` → buildStorageQuota with billing cycle period" class="Tests\Unit\Extensions\QuotaExtensionTest" classname="Tests.Unit.Extensions.QuotaExtensionTest" assertions="1" time="0.003934"/>
        <testcase name="`QuotaExtension` → `Edge Cases` → enrichResponse appends to existing extensions" file="tests/Unit/Extensions/QuotaExtensionTest.php::`QuotaExtension` → `Edge Cases` → enrichResponse appends to existing extensions" class="Tests\Unit\Extensions\QuotaExtensionTest" classname="Tests.Unit.Extensions.QuotaExtensionTest" assertions="1" time="0.003852"/>
        <testcase name="`QuotaExtension` → `Edge Cases` → enrichResponse with empty quotas array" file="tests/Unit/Extensions/QuotaExtensionTest.php::`QuotaExtension` → `Edge Cases` → enrichResponse with empty quotas array" class="Tests\Unit\Extensions\QuotaExtensionTest" classname="Tests.Unit.Extensions.QuotaExtensionTest" assertions="1" time="0.003800"/>
        <testcase name="`QuotaExtension` → `Edge Cases` → isNearLimit returns false for zero limit" file="tests/Unit/Extensions/QuotaExtensionTest.php::`QuotaExtension` → `Edge Cases` → isNearLimit returns false for zero limit" class="Tests\Unit\Extensions\QuotaExtensionTest" classname="Tests.Unit.Extensions.QuotaExtensionTest" assertions="1" time="0.003827"/>
        <testcase name="`QuotaExtension` → `Edge Cases` → isNearLimit returns false for negative limit" file="tests/Unit/Extensions/QuotaExtensionTest.php::`QuotaExtension` → `Edge Cases` → isNearLimit returns false for negative limit" class="Tests\Unit\Extensions\QuotaExtensionTest" classname="Tests.Unit.Extensions.QuotaExtensionTest" assertions="1" time="0.004109"/>
        <testcase name="`QuotaExtension` → `Edge Cases` → isExceeded handles zero limit" file="tests/Unit/Extensions/QuotaExtensionTest.php::`QuotaExtension` → `Edge Cases` → isExceeded handles zero limit" class="Tests\Unit\Extensions\QuotaExtensionTest" classname="Tests.Unit.Extensions.QuotaExtensionTest" assertions="1" time="0.004656"/>
        <testcase name="`QuotaExtension` → `Edge Cases` → buildQuota with all quota types" file="tests/Unit/Extensions/QuotaExtensionTest.php::`QuotaExtension` → `Edge Cases` → buildQuota with all quota types" class="Tests\Unit\Extensions\QuotaExtensionTest" classname="Tests.Unit.Extensions.QuotaExtensionTest" assertions="5" time="0.004489"/>
        <testcase name="`QuotaExtension` → `Edge Cases` → buildQuota with all period types" file="tests/Unit/Extensions/QuotaExtensionTest.php::`QuotaExtension` → `Edge Cases` → buildQuota with all period types" class="Tests\Unit\Extensions\QuotaExtensionTest" classname="Tests.Unit.Extensions.QuotaExtensionTest" assertions="5" time="0.004213"/>
        <testcase name="`QuotaExtension` → `Edge Cases` → isNearLimit with various thresholds" file="tests/Unit/Extensions/QuotaExtensionTest.php::`QuotaExtension` → `Edge Cases` → isNearLimit with various thresholds" class="Tests\Unit\Extensions\QuotaExtensionTest" classname="Tests.Unit.Extensions.QuotaExtensionTest" assertions="6" time="0.004123"/>
        <testcase name="`QuotaExtension` → `Sad Paths` → buildQuota handles usage exceeding limit" file="tests/Unit/Extensions/QuotaExtensionTest.php::`QuotaExtension` → `Sad Paths` → buildQuota handles usage exceeding limit" class="Tests\Unit\Extensions\QuotaExtensionTest" classname="Tests.Unit.Extensions.QuotaExtensionTest" assertions="3" time="0.004479"/>
        <testcase name="`QuotaExtension` → `Sad Paths` → isExceeded detects over-quota usage" file="tests/Unit/Extensions/QuotaExtensionTest.php::`QuotaExtension` → `Sad Paths` → isExceeded detects over-quota usage" class="Tests\Unit\Extensions\QuotaExtensionTest" classname="Tests.Unit.Extensions.QuotaExtensionTest" assertions="1" time="0.004233"/>
        <testcase name="`QuotaExtension` → `Sad Paths` → isNearLimit with exactly at threshold" file="tests/Unit/Extensions/QuotaExtensionTest.php::`QuotaExtension` → `Sad Paths` → isNearLimit with exactly at threshold" class="Tests\Unit\Extensions\QuotaExtensionTest" classname="Tests.Unit.Extensions.QuotaExtensionTest" assertions="1" time="0.004282"/>
        <testcase name="`QuotaExtension` → `Sad Paths` → buildRequestsQuota at exactly limit" file="tests/Unit/Extensions/QuotaExtensionTest.php::`QuotaExtension` → `Sad Paths` → buildRequestsQuota at exactly limit" class="Tests\Unit\Extensions\QuotaExtensionTest" classname="Tests.Unit.Extensions.QuotaExtensionTest" assertions="2" time="0.004037"/>
        <testcase name="`QuotaExtension` → `Sad Paths` → buildComputeQuota shows over-quota state" file="tests/Unit/Extensions/QuotaExtensionTest.php::`QuotaExtension` → `Sad Paths` → buildComputeQuota shows over-quota state" class="Tests\Unit\Extensions\QuotaExtensionTest" classname="Tests.Unit.Extensions.QuotaExtensionTest" assertions="2" time="0.004145"/>
        <testcase name="`QuotaExtension` → `Sad Paths` → enrichResponse with multiple quota types showing various states" file="tests/Unit/Extensions/QuotaExtensionTest.php::`QuotaExtension` → `Sad Paths` → enrichResponse with multiple quota types showing various states" class="Tests\Unit\Extensions\QuotaExtensionTest" classname="Tests.Unit.Extensions.QuotaExtensionTest" assertions="5" time="0.004006"/>
      </testsuite>
      <testsuite name="Tests\Unit\Extensions\RateLimitExtensionTest" file="tests/Unit/Extensions/RateLimitExtensionTest.php" tests="37" assertions="87" errors="0" failures="0" skipped="0" time="0.152238">
        <testcase name="`RateLimitExtension` → `Happy Paths` → getUrn returns correct URN constant" file="tests/Unit/Extensions/RateLimitExtensionTest.php::`RateLimitExtension` → `Happy Paths` → getUrn returns correct URN constant" class="Tests\Unit\Extensions\RateLimitExtensionTest" classname="Tests.Unit.Extensions.RateLimitExtensionTest" assertions="2" time="0.014257"/>
        <testcase name="`RateLimitExtension` → `Happy Paths` → isErrorFatal returns false for advisory rate limit info" file="tests/Unit/Extensions/RateLimitExtensionTest.php::`RateLimitExtension` → `Happy Paths` → isErrorFatal returns false for advisory rate limit info" class="Tests\Unit\Extensions\RateLimitExtensionTest" classname="Tests.Unit.Extensions.RateLimitExtensionTest" assertions="1" time="0.003705"/>
        <testcase name="`RateLimitExtension` → `Happy Paths` → getRequestedScope extracts scope from options" file="tests/Unit/Extensions/RateLimitExtensionTest.php::`RateLimitExtension` → `Happy Paths` → getRequestedScope extracts scope from options" class="Tests\Unit\Extensions\RateLimitExtensionTest" classname="Tests.Unit.Extensions.RateLimitExtensionTest" assertions="1" time="0.003609"/>
        <testcase name="`RateLimitExtension` → `Happy Paths` → getRequestedScope returns null when not specified" file="tests/Unit/Extensions/RateLimitExtensionTest.php::`RateLimitExtension` → `Happy Paths` → getRequestedScope returns null when not specified" class="Tests\Unit\Extensions\RateLimitExtensionTest" classname="Tests.Unit.Extensions.RateLimitExtensionTest" assertions="1" time="0.003489"/>
        <testcase name="`RateLimitExtension` → `Happy Paths` → buildDuration creates duration object" file="tests/Unit/Extensions/RateLimitExtensionTest.php::`RateLimitExtension` → `Happy Paths` → buildDuration creates duration object" class="Tests\Unit\Extensions\RateLimitExtensionTest" classname="Tests.Unit.Extensions.RateLimitExtensionTest" assertions="1" time="0.003478"/>
        <testcase name="`RateLimitExtension` → `Happy Paths` → buildRateLimit creates complete rate limit entry" file="tests/Unit/Extensions/RateLimitExtensionTest.php::`RateLimitExtension` → `Happy Paths` → buildRateLimit creates complete rate limit entry" class="Tests\Unit\Extensions\RateLimitExtensionTest" classname="Tests.Unit.Extensions.RateLimitExtensionTest" assertions="13" time="0.003599"/>
        <testcase name="`RateLimitExtension` → `Happy Paths` → buildRateLimit includes custom warning" file="tests/Unit/Extensions/RateLimitExtensionTest.php::`RateLimitExtension` → `Happy Paths` → buildRateLimit includes custom warning" class="Tests\Unit\Extensions\RateLimitExtensionTest" classname="Tests.Unit.Extensions.RateLimitExtensionTest" assertions="2" time="0.003525"/>
        <testcase name="`RateLimitExtension` → `Happy Paths` → buildRateLimit adds automatic warning when near limit" file="tests/Unit/Extensions/RateLimitExtensionTest.php::`RateLimitExtension` → `Happy Paths` → buildRateLimit adds automatic warning when near limit" class="Tests\Unit\Extensions\RateLimitExtensionTest" classname="Tests.Unit.Extensions.RateLimitExtensionTest" assertions="2" time="0.003538"/>
        <testcase name="`RateLimitExtension` → `Happy Paths` → buildMultiScopeData creates scopes wrapper" file="tests/Unit/Extensions/RateLimitExtensionTest.php::`RateLimitExtension` → `Happy Paths` → buildMultiScopeData creates scopes wrapper" class="Tests\Unit\Extensions\RateLimitExtensionTest" classname="Tests.Unit.Extensions.RateLimitExtensionTest" assertions="5" time="0.003504"/>
        <testcase name="`RateLimitExtension` → `Happy Paths` → buildScopeEntry creates entry without scope field" file="tests/Unit/Extensions/RateLimitExtensionTest.php::`RateLimitExtension` → `Happy Paths` → buildScopeEntry creates entry without scope field" class="Tests\Unit\Extensions\RateLimitExtensionTest" classname="Tests.Unit.Extensions.RateLimitExtensionTest" assertions="9" time="0.003607"/>
        <testcase name="`RateLimitExtension` → `Happy Paths` → enrichResponse adds rate limit extension to response" file="tests/Unit/Extensions/RateLimitExtensionTest.php::`RateLimitExtension` → `Happy Paths` → enrichResponse adds rate limit extension to response" class="Tests\Unit\Extensions\RateLimitExtensionTest" classname="Tests.Unit.Extensions.RateLimitExtensionTest" assertions="7" time="0.003587"/>
        <testcase name="`RateLimitExtension` → `Happy Paths` → isNearLimit returns true when remaining is at threshold" file="tests/Unit/Extensions/RateLimitExtensionTest.php::`RateLimitExtension` → `Happy Paths` → isNearLimit returns true when remaining is at threshold" class="Tests\Unit\Extensions\RateLimitExtensionTest" classname="Tests.Unit.Extensions.RateLimitExtensionTest" assertions="1" time="0.003738"/>
        <testcase name="`RateLimitExtension` → `Happy Paths` → isNearLimit returns true when remaining is below threshold" file="tests/Unit/Extensions/RateLimitExtensionTest.php::`RateLimitExtension` → `Happy Paths` → isNearLimit returns true when remaining is below threshold" class="Tests\Unit\Extensions\RateLimitExtensionTest" classname="Tests.Unit.Extensions.RateLimitExtensionTest" assertions="1" time="0.003573"/>
        <testcase name="`RateLimitExtension` → `Happy Paths` → isNearLimit returns false when above threshold" file="tests/Unit/Extensions/RateLimitExtensionTest.php::`RateLimitExtension` → `Happy Paths` → isNearLimit returns false when above threshold" class="Tests\Unit\Extensions\RateLimitExtensionTest" classname="Tests.Unit.Extensions.RateLimitExtensionTest" assertions="1" time="0.003572"/>
        <testcase name="`RateLimitExtension` → `Happy Paths` → isNearLimit accepts custom threshold" file="tests/Unit/Extensions/RateLimitExtensionTest.php::`RateLimitExtension` → `Happy Paths` → isNearLimit accepts custom threshold" class="Tests\Unit\Extensions\RateLimitExtensionTest" classname="Tests.Unit.Extensions.RateLimitExtensionTest" assertions="1" time="0.003546"/>
        <testcase name="`RateLimitExtension` → `Happy Paths` → isExceeded returns true when limit reached" file="tests/Unit/Extensions/RateLimitExtensionTest.php::`RateLimitExtension` → `Happy Paths` → isExceeded returns true when limit reached" class="Tests\Unit\Extensions\RateLimitExtensionTest" classname="Tests.Unit.Extensions.RateLimitExtensionTest" assertions="1" time="0.003564"/>
        <testcase name="`RateLimitExtension` → `Happy Paths` → isExceeded returns true when limit exceeded" file="tests/Unit/Extensions/RateLimitExtensionTest.php::`RateLimitExtension` → `Happy Paths` → isExceeded returns true when limit exceeded" class="Tests\Unit\Extensions\RateLimitExtensionTest" classname="Tests.Unit.Extensions.RateLimitExtensionTest" assertions="1" time="0.003672"/>
        <testcase name="`RateLimitExtension` → `Happy Paths` → isExceeded returns false when below limit" file="tests/Unit/Extensions/RateLimitExtensionTest.php::`RateLimitExtension` → `Happy Paths` → isExceeded returns false when below limit" class="Tests\Unit\Extensions\RateLimitExtensionTest" classname="Tests.Unit.Extensions.RateLimitExtensionTest" assertions="1" time="0.003765"/>
        <testcase name="`RateLimitExtension` → `Happy Paths` → calculateRemaining returns correct value" file="tests/Unit/Extensions/RateLimitExtensionTest.php::`RateLimitExtension` → `Happy Paths` → calculateRemaining returns correct value" class="Tests\Unit\Extensions\RateLimitExtensionTest" classname="Tests.Unit.Extensions.RateLimitExtensionTest" assertions="1" time="0.003668"/>
        <testcase name="`RateLimitExtension` → `Edge Cases` → getRequestedScope handles null options" file="tests/Unit/Extensions/RateLimitExtensionTest.php::`RateLimitExtension` → `Edge Cases` → getRequestedScope handles null options" class="Tests\Unit\Extensions\RateLimitExtensionTest" classname="Tests.Unit.Extensions.RateLimitExtensionTest" assertions="1" time="0.003654"/>
        <testcase name="`RateLimitExtension` → `Edge Cases` → buildRateLimit handles zero remaining" file="tests/Unit/Extensions/RateLimitExtensionTest.php::`RateLimitExtension` → `Edge Cases` → buildRateLimit handles zero remaining" class="Tests\Unit\Extensions\RateLimitExtensionTest" classname="Tests.Unit.Extensions.RateLimitExtensionTest" assertions="1" time="0.003614"/>
        <testcase name="`RateLimitExtension` → `Edge Cases` → buildRateLimit prevents negative remaining" file="tests/Unit/Extensions/RateLimitExtensionTest.php::`RateLimitExtension` → `Edge Cases` → buildRateLimit prevents negative remaining" class="Tests\Unit\Extensions\RateLimitExtensionTest" classname="Tests.Unit.Extensions.RateLimitExtensionTest" assertions="1" time="0.003774"/>
        <testcase name="`RateLimitExtension` → `Edge Cases` → buildDuration with various time units" file="tests/Unit/Extensions/RateLimitExtensionTest.php::`RateLimitExtension` → `Edge Cases` → buildDuration with various time units" class="Tests\Unit\Extensions\RateLimitExtensionTest" classname="Tests.Unit.Extensions.RateLimitExtensionTest" assertions="3" time="0.003746"/>
        <testcase name="`RateLimitExtension` → `Edge Cases` → buildRateLimit with all scope types" file="tests/Unit/Extensions/RateLimitExtensionTest.php::`RateLimitExtension` → `Edge Cases` → buildRateLimit with all scope types" class="Tests\Unit\Extensions\RateLimitExtensionTest" classname="Tests.Unit.Extensions.RateLimitExtensionTest" assertions="4" time="0.003682"/>
        <testcase name="`RateLimitExtension` → `Edge Cases` → enrichResponse appends to existing extensions" file="tests/Unit/Extensions/RateLimitExtensionTest.php::`RateLimitExtension` → `Edge Cases` → enrichResponse appends to existing extensions" class="Tests\Unit\Extensions\RateLimitExtensionTest" classname="Tests.Unit.Extensions.RateLimitExtensionTest" assertions="1" time="0.003724"/>
        <testcase name="`RateLimitExtension` → `Edge Cases` → enrichResponse with multi-scope data" file="tests/Unit/Extensions/RateLimitExtensionTest.php::`RateLimitExtension` → `Edge Cases` → enrichResponse with multi-scope data" class="Tests\Unit\Extensions\RateLimitExtensionTest" classname="Tests.Unit.Extensions.RateLimitExtensionTest" assertions="2" time="0.003679"/>
        <testcase name="`RateLimitExtension` → `Edge Cases` → isNearLimit returns false for zero limit" file="tests/Unit/Extensions/RateLimitExtensionTest.php::`RateLimitExtension` → `Edge Cases` → isNearLimit returns false for zero limit" class="Tests\Unit\Extensions\RateLimitExtensionTest" classname="Tests.Unit.Extensions.RateLimitExtensionTest" assertions="1" time="0.003765"/>
        <testcase name="`RateLimitExtension` → `Edge Cases` → isNearLimit returns false for negative limit" file="tests/Unit/Extensions/RateLimitExtensionTest.php::`RateLimitExtension` → `Edge Cases` → isNearLimit returns false for negative limit" class="Tests\Unit\Extensions\RateLimitExtensionTest" classname="Tests.Unit.Extensions.RateLimitExtensionTest" assertions="1" time="0.007564"/>
        <testcase name="`RateLimitExtension` → `Edge Cases` → calculateRemaining returns zero when limit exceeded" file="tests/Unit/Extensions/RateLimitExtensionTest.php::`RateLimitExtension` → `Edge Cases` → calculateRemaining returns zero when limit exceeded" class="Tests\Unit\Extensions\RateLimitExtensionTest" classname="Tests.Unit.Extensions.RateLimitExtensionTest" assertions="1" time="0.004365"/>
        <testcase name="`RateLimitExtension` → `Edge Cases` → calculateRemaining returns zero when exactly at limit" file="tests/Unit/Extensions/RateLimitExtensionTest.php::`RateLimitExtension` → `Edge Cases` → calculateRemaining returns zero when exactly at limit" class="Tests\Unit\Extensions\RateLimitExtensionTest" classname="Tests.Unit.Extensions.RateLimitExtensionTest" assertions="1" time="0.004110"/>
        <testcase name="`RateLimitExtension` → `Edge Cases` → isNearLimit with various custom thresholds" file="tests/Unit/Extensions/RateLimitExtensionTest.php::`RateLimitExtension` → `Edge Cases` → isNearLimit with various custom thresholds" class="Tests\Unit\Extensions\RateLimitExtensionTest" classname="Tests.Unit.Extensions.RateLimitExtensionTest" assertions="4" time="0.004160"/>
        <testcase name="`RateLimitExtension` → `Sad Paths` → buildRateLimit handles usage exceeding limit" file="tests/Unit/Extensions/RateLimitExtensionTest.php::`RateLimitExtension` → `Sad Paths` → buildRateLimit handles usage exceeding limit" class="Tests\Unit\Extensions\RateLimitExtensionTest" classname="Tests.Unit.Extensions.RateLimitExtensionTest" assertions="3" time="0.004020"/>
        <testcase name="`RateLimitExtension` → `Sad Paths` → isExceeded detects over-limit usage" file="tests/Unit/Extensions/RateLimitExtensionTest.php::`RateLimitExtension` → `Sad Paths` → isExceeded detects over-limit usage" class="Tests\Unit\Extensions\RateLimitExtensionTest" classname="Tests.Unit.Extensions.RateLimitExtensionTest" assertions="1" time="0.003887"/>
        <testcase name="`RateLimitExtension` → `Sad Paths` → buildRateLimit at exactly limit with warning" file="tests/Unit/Extensions/RateLimitExtensionTest.php::`RateLimitExtension` → `Sad Paths` → buildRateLimit at exactly limit with warning" class="Tests\Unit\Extensions\RateLimitExtensionTest" classname="Tests.Unit.Extensions.RateLimitExtensionTest" assertions="3" time="0.003824"/>
        <testcase name="`RateLimitExtension` → `Sad Paths` → buildScopeEntry shows over-limit state" file="tests/Unit/Extensions/RateLimitExtensionTest.php::`RateLimitExtension` → `Sad Paths` → buildScopeEntry shows over-limit state" class="Tests\Unit\Extensions\RateLimitExtensionTest" classname="Tests.Unit.Extensions.RateLimitExtensionTest" assertions="2" time="0.003856"/>
        <testcase name="`RateLimitExtension` → `Sad Paths` → enrichResponse with exhausted rate limit" file="tests/Unit/Extensions/RateLimitExtensionTest.php::`RateLimitExtension` → `Sad Paths` → enrichResponse with exhausted rate limit" class="Tests\Unit\Extensions\RateLimitExtensionTest" classname="Tests.Unit.Extensions.RateLimitExtensionTest" assertions="2" time="0.003899"/>
        <testcase name="`RateLimitExtension` → `Sad Paths` → multi-scope data with mixed exhaustion states" file="tests/Unit/Extensions/RateLimitExtensionTest.php::`RateLimitExtension` → `Sad Paths` → multi-scope data with mixed exhaustion states" class="Tests\Unit\Extensions\RateLimitExtensionTest" classname="Tests.Unit.Extensions.RateLimitExtensionTest" assertions="3" time="0.003918"/>
      </testsuite>
      <testsuite name="Tests\Unit\Extensions\RedactExtensionTest" file="tests/Unit/Extensions/RedactExtensionTest.php" tests="61" assertions="110" errors="0" failures="0" skipped="0" time="0.251648">
        <testcase name="`RedactExtension` → `Happy Paths` → getUrn returns correct URN constant" file="tests/Unit/Extensions/RedactExtensionTest.php::`RedactExtension` → `Happy Paths` → getUrn returns correct URN constant" class="Tests\Unit\Extensions\RedactExtensionTest" classname="Tests.Unit.Extensions.RedactExtensionTest" assertions="2" time="0.010193"/>
        <testcase name="`RedactExtension` → `Happy Paths` → default mode is full redaction" file="tests/Unit/Extensions/RedactExtensionTest.php::`RedactExtension` → `Happy Paths` → default mode is full redaction" class="Tests\Unit\Extensions\RedactExtensionTest" classname="Tests.Unit.Extensions.RedactExtensionTest" assertions="1" time="0.003749"/>
        <testcase name="`RedactExtension` → `Happy Paths` → FULL_MASK constant is asterisks" file="tests/Unit/Extensions/RedactExtensionTest.php::`RedactExtension` → `Happy Paths` → FULL_MASK constant is asterisks" class="Tests\Unit\Extensions\RedactExtensionTest" classname="Tests.Unit.Extensions.RedactExtensionTest" assertions="1" time="0.003516"/>
        <testcase name="`RedactExtension` → `Happy Paths` → DEFAULT_REDACTED_FIELDS contains all categories" file="tests/Unit/Extensions/RedactExtensionTest.php::`RedactExtension` → `Happy Paths` → DEFAULT_REDACTED_FIELDS contains all categories" class="Tests\Unit\Extensions\RedactExtensionTest" classname="Tests.Unit.Extensions.RedactExtensionTest" assertions="4" time="0.003565"/>
        <testcase name="`RedactExtension` → `Happy Paths` → authentication fields include password and token" file="tests/Unit/Extensions/RedactExtensionTest.php::`RedactExtension` → `Happy Paths` → authentication fields include password and token" class="Tests\Unit\Extensions\RedactExtensionTest" classname="Tests.Unit.Extensions.RedactExtensionTest" assertions="4" time="0.003591"/>
        <testcase name="`RedactExtension` → `Happy Paths` → payment fields include card_number and cvv" file="tests/Unit/Extensions/RedactExtensionTest.php::`RedactExtension` → `Happy Paths` → payment fields include card_number and cvv" class="Tests\Unit\Extensions\RedactExtensionTest" classname="Tests.Unit.Extensions.RedactExtensionTest" assertions="3" time="0.003780"/>
        <testcase name="`RedactExtension` → `Happy Paths` → pii fields include ssn and tax_id" file="tests/Unit/Extensions/RedactExtensionTest.php::`RedactExtension` → `Happy Paths` → pii fields include ssn and tax_id" class="Tests\Unit\Extensions\RedactExtensionTest" classname="Tests.Unit.Extensions.RedactExtensionTest" assertions="3" time="0.003581"/>
        <testcase name="`RedactExtension` → `Happy Paths` → contact fields include email and phone" file="tests/Unit/Extensions/RedactExtensionTest.php::`RedactExtension` → `Happy Paths` → contact fields include email and phone" class="Tests\Unit\Extensions\RedactExtensionTest" classname="Tests.Unit.Extensions.RedactExtensionTest" assertions="2" time="0.003482"/>
        <testcase name="`RedactExtension` → `Happy Paths` → getRedactionFields returns all default fields" file="tests/Unit/Extensions/RedactExtensionTest.php::`RedactExtension` → `Happy Paths` → getRedactionFields returns all default fields" class="Tests\Unit\Extensions\RedactExtensionTest" classname="Tests.Unit.Extensions.RedactExtensionTest" assertions="4" time="0.003633"/>
        <testcase name="`RedactExtension` → `Happy Paths` → shouldRedact returns true for redactable fields in full mode" file="tests/Unit/Extensions/RedactExtensionTest.php::`RedactExtension` → `Happy Paths` → shouldRedact returns true for redactable fields in full mode" class="Tests\Unit\Extensions\RedactExtensionTest" classname="Tests.Unit.Extensions.RedactExtensionTest" assertions="3" time="0.003584"/>
        <testcase name="`RedactExtension` → `Happy Paths` → shouldRedact returns false for non-redactable fields" file="tests/Unit/Extensions/RedactExtensionTest.php::`RedactExtension` → `Happy Paths` → shouldRedact returns false for non-redactable fields" class="Tests\Unit\Extensions\RedactExtensionTest" classname="Tests.Unit.Extensions.RedactExtensionTest" assertions="3" time="0.003890"/>
        <testcase name="`RedactExtension` → `Happy Paths` → redactField returns full mask in full mode" file="tests/Unit/Extensions/RedactExtensionTest.php::`RedactExtension` → `Happy Paths` → redactField returns full mask in full mode" class="Tests\Unit\Extensions\RedactExtensionTest" classname="Tests.Unit.Extensions.RedactExtensionTest" assertions="1" time="0.003736"/>
        <testcase name="`RedactExtension` → `Happy Paths` → getSubscribedEvents returns RequestValidated and FunctionExecuted" file="tests/Unit/Extensions/RedactExtensionTest.php::`RedactExtension` → `Happy Paths` → getSubscribedEvents returns RequestValidated and FunctionExecuted" class="Tests\Unit\Extensions\RedactExtensionTest" classname="Tests.Unit.Extensions.RedactExtensionTest" assertions="2" time="0.003645"/>
        <testcase name="`RedactExtension` → `Partial Redaction` → redacts email address in partial mode showing first letter and TLD" file="tests/Unit/Extensions/RedactExtensionTest.php::`RedactExtension` → `Partial Redaction` → redacts email address in partial mode showing first letter and TLD" class="Tests\Unit\Extensions\RedactExtensionTest" classname="Tests.Unit.Extensions.RedactExtensionTest" assertions="1" time="0.008607"/>
        <testcase name="`RedactExtension` → `Partial Redaction` → redacts phone number in partial mode showing last 4 digits" file="tests/Unit/Extensions/RedactExtensionTest.php::`RedactExtension` → `Partial Redaction` → redacts phone number in partial mode showing last 4 digits" class="Tests\Unit\Extensions\RedactExtensionTest" classname="Tests.Unit.Extensions.RedactExtensionTest" assertions="1" time="0.004128"/>
        <testcase name="`RedactExtension` → `Partial Redaction` → redacts card number in partial mode showing last 4 digits" file="tests/Unit/Extensions/RedactExtensionTest.php::`RedactExtension` → `Partial Redaction` → redacts card number in partial mode showing last 4 digits" class="Tests\Unit\Extensions\RedactExtensionTest" classname="Tests.Unit.Extensions.RedactExtensionTest" assertions="1" time="0.003697"/>
        <testcase name="`RedactExtension` → `Partial Redaction` → redacts SSN in partial mode showing last 4 digits" file="tests/Unit/Extensions/RedactExtensionTest.php::`RedactExtension` → `Partial Redaction` → redacts SSN in partial mode showing last 4 digits" class="Tests\Unit\Extensions\RedactExtensionTest" classname="Tests.Unit.Extensions.RedactExtensionTest" assertions="1" time="0.003628"/>
        <testcase name="`RedactExtension` → `Partial Redaction` → redacts full name in partial mode showing first letter of each word" file="tests/Unit/Extensions/RedactExtensionTest.php::`RedactExtension` → `Partial Redaction` → redacts full name in partial mode showing first letter of each word" class="Tests\Unit\Extensions\RedactExtensionTest" classname="Tests.Unit.Extensions.RedactExtensionTest" assertions="1" time="0.003677"/>
        <testcase name="`RedactExtension` → `Partial Redaction` → redacts cardholder name in partial mode using name pattern" file="tests/Unit/Extensions/RedactExtensionTest.php::`RedactExtension` → `Partial Redaction` → redacts cardholder name in partial mode using name pattern" class="Tests\Unit\Extensions\RedactExtensionTest" classname="Tests.Unit.Extensions.RedactExtensionTest" assertions="1" time="0.003793"/>
        <testcase name="`RedactExtension` → `Partial Redaction` → partial mode uses default pattern for unknown fields with long values" file="tests/Unit/Extensions/RedactExtensionTest.php::`RedactExtension` → `Partial Redaction` → partial mode uses default pattern for unknown fields with long values" class="Tests\Unit\Extensions\RedactExtensionTest" classname="Tests.Unit.Extensions.RedactExtensionTest" assertions="1" time="0.003700"/>
        <testcase name="`RedactExtension` → `Partial Redaction` → partial mode handles phone number with various formats" file="tests/Unit/Extensions/RedactExtensionTest.php::`RedactExtension` → `Partial Redaction` → partial mode handles phone number with various formats" class="Tests\Unit\Extensions\RedactExtensionTest" classname="Tests.Unit.Extensions.RedactExtensionTest" assertions="1" time="0.003636"/>
        <testcase name="`RedactExtension` → `Partial Redaction` → partial mode handles card number with spaces" file="tests/Unit/Extensions/RedactExtensionTest.php::`RedactExtension` → `Partial Redaction` → partial mode handles card number with spaces" class="Tests\Unit\Extensions\RedactExtensionTest" classname="Tests.Unit.Extensions.RedactExtensionTest" assertions="1" time="0.003751"/>
        <testcase name="`RedactExtension` → `Partial Redaction` → partial mode handles email with single character username" file="tests/Unit/Extensions/RedactExtensionTest.php::`RedactExtension` → `Partial Redaction` → partial mode handles email with single character username" class="Tests\Unit\Extensions\RedactExtensionTest" classname="Tests.Unit.Extensions.RedactExtensionTest" assertions="1" time="0.003885"/>
        <testcase name="`RedactExtension` → `Partial Redaction` → partial mode handles name with extra whitespace" file="tests/Unit/Extensions/RedactExtensionTest.php::`RedactExtension` → `Partial Redaction` → partial mode handles name with extra whitespace" class="Tests\Unit\Extensions\RedactExtensionTest" classname="Tests.Unit.Extensions.RedactExtensionTest" assertions="1" time="0.003707"/>
        <testcase name="`RedactExtension` → `Edge Cases` → redactField handles non-string values" file="tests/Unit/Extensions/RedactExtensionTest.php::`RedactExtension` → `Edge Cases` → redactField handles non-string values" class="Tests\Unit\Extensions\RedactExtensionTest" classname="Tests.Unit.Extensions.RedactExtensionTest" assertions="1" time="0.003714"/>
        <testcase name="`RedactExtension` → `Edge Cases` → redactField handles empty string" file="tests/Unit/Extensions/RedactExtensionTest.php::`RedactExtension` → `Edge Cases` → redactField handles empty string" class="Tests\Unit\Extensions\RedactExtensionTest" classname="Tests.Unit.Extensions.RedactExtensionTest" assertions="1" time="0.003712"/>
        <testcase name="`RedactExtension` → `Edge Cases` → redactField handles very short strings" file="tests/Unit/Extensions/RedactExtensionTest.php::`RedactExtension` → `Edge Cases` → redactField handles very short strings" class="Tests\Unit\Extensions\RedactExtensionTest" classname="Tests.Unit.Extensions.RedactExtensionTest" assertions="1" time="0.003717"/>
        <testcase name="`RedactExtension` → `Edge Cases` → constructor accepts custom unredacted scopes" file="tests/Unit/Extensions/RedactExtensionTest.php::`RedactExtension` → `Edge Cases` → constructor accepts custom unredacted scopes" class="Tests\Unit\Extensions\RedactExtensionTest" classname="Tests.Unit.Extensions.RedactExtensionTest" assertions="1" time="0.003762"/>
        <testcase name="`RedactExtension` → `Edge Cases` → constructor accepts custom default policy" file="tests/Unit/Extensions/RedactExtensionTest.php::`RedactExtension` → `Edge Cases` → constructor accepts custom default policy" class="Tests\Unit\Extensions\RedactExtensionTest" classname="Tests.Unit.Extensions.RedactExtensionTest" assertions="1" time="0.003781"/>
        <testcase name="`RedactExtension` → `Edge Cases` → shouldRedact is case sensitive" file="tests/Unit/Extensions/RedactExtensionTest.php::`RedactExtension` → `Edge Cases` → shouldRedact is case sensitive" class="Tests\Unit\Extensions\RedactExtensionTest" classname="Tests.Unit.Extensions.RedactExtensionTest" assertions="3" time="0.003719"/>
        <testcase name="`RedactExtension` → `Recursive Redaction` → onFunctionExecuted redacts sensitive fields in flat array response" file="tests/Unit/Extensions/RedactExtensionTest.php::`RedactExtension` → `Recursive Redaction` → onFunctionExecuted redacts sensitive fields in flat array response" class="Tests\Unit\Extensions\RedactExtensionTest" classname="Tests.Unit.Extensions.RedactExtensionTest" assertions="5" time="0.003754"/>
        <testcase name="`RedactExtension` → `Recursive Redaction` → onFunctionExecuted redacts sensitive fields in nested array response" file="tests/Unit/Extensions/RedactExtensionTest.php::`RedactExtension` → `Recursive Redaction` → onFunctionExecuted redacts sensitive fields in nested array response" class="Tests\Unit\Extensions\RedactExtensionTest" classname="Tests.Unit.Extensions.RedactExtensionTest" assertions="4" time="0.003749"/>
        <testcase name="`RedactExtension` → `Recursive Redaction` → onFunctionExecuted tracks redacted field paths in nested structures" file="tests/Unit/Extensions/RedactExtensionTest.php::`RedactExtension` → `Recursive Redaction` → onFunctionExecuted tracks redacted field paths in nested structures" class="Tests\Unit\Extensions\RedactExtensionTest" classname="Tests.Unit.Extensions.RedactExtensionTest" assertions="2" time="0.003866"/>
        <testcase name="`RedactExtension` → `Recursive Redaction` → onFunctionExecuted handles array of objects with sensitive fields" file="tests/Unit/Extensions/RedactExtensionTest.php::`RedactExtension` → `Recursive Redaction` → onFunctionExecuted handles array of objects with sensitive fields" class="Tests\Unit\Extensions\RedactExtensionTest" classname="Tests.Unit.Extensions.RedactExtensionTest" assertions="4" time="0.003916"/>
        <testcase name="`RedactExtension` → `Recursive Redaction` → onFunctionExecuted does not redact when mode is None by manually setting state" file="tests/Unit/Extensions/RedactExtensionTest.php::`RedactExtension` → `Recursive Redaction` → onFunctionExecuted does not redact when mode is None by manually setting state" class="Tests\Unit\Extensions\RedactExtensionTest" classname="Tests.Unit.Extensions.RedactExtensionTest" assertions="4" time="0.003985"/>
        <testcase name="`RedactExtension` → `Recursive Redaction` → onFunctionExecuted handles null response result gracefully" file="tests/Unit/Extensions/RedactExtensionTest.php::`RedactExtension` → `Recursive Redaction` → onFunctionExecuted handles null response result gracefully" class="Tests\Unit\Extensions\RedactExtensionTest" classname="Tests.Unit.Extensions.RedactExtensionTest" assertions="2" time="0.003830"/>
        <testcase name="`RedactExtension` → `Recursive Redaction` → onFunctionExecuted skips processing when extension not present in request" file="tests/Unit/Extensions/RedactExtensionTest.php::`RedactExtension` → `Recursive Redaction` → onFunctionExecuted skips processing when extension not present in request" class="Tests\Unit\Extensions\RedactExtensionTest" classname="Tests.Unit.Extensions.RedactExtensionTest" assertions="2" time="0.003789"/>
        <testcase name="`RedactExtension` → `Authorization and Access Control` → onRequestValidated denies unredacted access by default" file="tests/Unit/Extensions/RedactExtensionTest.php::`RedactExtension` → `Authorization and Access Control` → onRequestValidated denies unredacted access by default" class="Tests\Unit\Extensions\RedactExtensionTest" classname="Tests.Unit.Extensions.RedactExtensionTest" assertions="4" time="0.004034"/>
        <testcase name="`RedactExtension` → `Authorization and Access Control` → onRequestValidated denies unredacted access even with purpose provided" file="tests/Unit/Extensions/RedactExtensionTest.php::`RedactExtension` → `Authorization and Access Control` → onRequestValidated denies unredacted access even with purpose provided" class="Tests\Unit\Extensions\RedactExtensionTest" classname="Tests.Unit.Extensions.RedactExtensionTest" assertions="3" time="0.004009"/>
        <testcase name="`RedactExtension` → `Authorization and Access Control` → onRequestValidated uses custom fields when provided" file="tests/Unit/Extensions/RedactExtensionTest.php::`RedactExtension` → `Authorization and Access Control` → onRequestValidated uses custom fields when provided" class="Tests\Unit\Extensions\RedactExtensionTest" classname="Tests.Unit.Extensions.RedactExtensionTest" assertions="3" time="0.004012"/>
        <testcase name="`RedactExtension` → `Authorization and Access Control` → onRequestValidated falls back to Full mode for invalid mode value" file="tests/Unit/Extensions/RedactExtensionTest.php::`RedactExtension` → `Authorization and Access Control` → onRequestValidated falls back to Full mode for invalid mode value" class="Tests\Unit\Extensions\RedactExtensionTest" classname="Tests.Unit.Extensions.RedactExtensionTest" assertions="1" time="0.003833"/>
        <testcase name="`RedactExtension` → `Authorization and Access Control` → onRequestValidated skips processing when extension not present" file="tests/Unit/Extensions/RedactExtensionTest.php::`RedactExtension` → `Authorization and Access Control` → onRequestValidated skips processing when extension not present" class="Tests\Unit\Extensions\RedactExtensionTest" classname="Tests.Unit.Extensions.RedactExtensionTest" assertions="2" time="0.007521"/>
        <testcase name="`RedactExtension` → `Authorization and Access Control` → constructor accepts custom unredacted scopes array" file="tests/Unit/Extensions/RedactExtensionTest.php::`RedactExtension` → `Authorization and Access Control` → constructor accepts custom unredacted scopes array" class="Tests\Unit\Extensions\RedactExtensionTest" classname="Tests.Unit.Extensions.RedactExtensionTest" assertions="1" time="0.004506"/>
        <testcase name="`RedactExtension` → `Partial Redaction Edge Cases` → partial email redaction handles malformed email without @ symbol" file="tests/Unit/Extensions/RedactExtensionTest.php::`RedactExtension` → `Partial Redaction Edge Cases` → partial email redaction handles malformed email without @ symbol" class="Tests\Unit\Extensions\RedactExtensionTest" classname="Tests.Unit.Extensions.RedactExtensionTest" assertions="1" time="0.004140"/>
        <testcase name="`RedactExtension` → `Partial Redaction Edge Cases` → partial email redaction handles empty username" file="tests/Unit/Extensions/RedactExtensionTest.php::`RedactExtension` → `Partial Redaction Edge Cases` → partial email redaction handles empty username" class="Tests\Unit\Extensions\RedactExtensionTest" classname="Tests.Unit.Extensions.RedactExtensionTest" assertions="1" time="0.004106"/>
        <testcase name="`RedactExtension` → `Partial Redaction Edge Cases` → partial phone redaction handles very short phone numbers" file="tests/Unit/Extensions/RedactExtensionTest.php::`RedactExtension` → `Partial Redaction Edge Cases` → partial phone redaction handles very short phone numbers" class="Tests\Unit\Extensions\RedactExtensionTest" classname="Tests.Unit.Extensions.RedactExtensionTest" assertions="1" time="0.004087"/>
        <testcase name="`RedactExtension` → `Partial Redaction Edge Cases` → partial card number redaction handles very short card numbers" file="tests/Unit/Extensions/RedactExtensionTest.php::`RedactExtension` → `Partial Redaction Edge Cases` → partial card number redaction handles very short card numbers" class="Tests\Unit\Extensions\RedactExtensionTest" classname="Tests.Unit.Extensions.RedactExtensionTest" assertions="1" time="0.004099"/>
        <testcase name="`RedactExtension` → `Partial Redaction Edge Cases` → partial SSN redaction handles very short SSN" file="tests/Unit/Extensions/RedactExtensionTest.php::`RedactExtension` → `Partial Redaction Edge Cases` → partial SSN redaction handles very short SSN" class="Tests\Unit\Extensions\RedactExtensionTest" classname="Tests.Unit.Extensions.RedactExtensionTest" assertions="1" time="0.003989"/>
        <testcase name="`RedactExtension` → `Partial Redaction Edge Cases` → partial name redaction handles empty name" file="tests/Unit/Extensions/RedactExtensionTest.php::`RedactExtension` → `Partial Redaction Edge Cases` → partial name redaction handles empty name" class="Tests\Unit\Extensions\RedactExtensionTest" classname="Tests.Unit.Extensions.RedactExtensionTest" assertions="1" time="0.004040"/>
        <testcase name="`RedactExtension` → `Partial Redaction Edge Cases` → partial name redaction handles single character name" file="tests/Unit/Extensions/RedactExtensionTest.php::`RedactExtension` → `Partial Redaction Edge Cases` → partial name redaction handles single character name" class="Tests\Unit\Extensions\RedactExtensionTest" classname="Tests.Unit.Extensions.RedactExtensionTest" assertions="1" time="0.004129"/>
        <testcase name="`RedactExtension` → `Partial Redaction Edge Cases` → partial redaction for short values defaults to full mask" file="tests/Unit/Extensions/RedactExtensionTest.php::`RedactExtension` → `Partial Redaction Edge Cases` → partial redaction for short values defaults to full mask" class="Tests\Unit\Extensions\RedactExtensionTest" classname="Tests.Unit.Extensions.RedactExtensionTest" assertions="1" time="0.004181"/>
        <testcase name="`RedactExtension` → `Sad Paths` → redactField masks unknown fields with default pattern" file="tests/Unit/Extensions/RedactExtensionTest.php::`RedactExtension` → `Sad Paths` → redactField masks unknown fields with default pattern" class="Tests\Unit\Extensions\RedactExtensionTest" classname="Tests.Unit.Extensions.RedactExtensionTest" assertions="1" time="0.004228"/>
        <testcase name="`RedactExtension` → `Sad Paths` → isErrorFatal returns true for security-critical extension" file="tests/Unit/Extensions/RedactExtensionTest.php::`RedactExtension` → `Sad Paths` → isErrorFatal returns true for security-critical extension" class="Tests\Unit\Extensions\RedactExtensionTest" classname="Tests.Unit.Extensions.RedactExtensionTest" assertions="1" time="0.004059"/>
        <testcase name="`RedactExtension` → `Sad Paths` → getMode returns full before request processing" file="tests/Unit/Extensions/RedactExtensionTest.php::`RedactExtension` → `Sad Paths` → getMode returns full before request processing" class="Tests\Unit\Extensions\RedactExtensionTest" classname="Tests.Unit.Extensions.RedactExtensionTest" assertions="1" time="0.004073"/>
        <testcase name="`RedactExtension` → `Sad Paths` → shouldRedact returns false when mode is None via reflection" file="tests/Unit/Extensions/RedactExtensionTest.php::`RedactExtension` → `Sad Paths` → shouldRedact returns false when mode is None via reflection" class="Tests\Unit\Extensions\RedactExtensionTest" classname="Tests.Unit.Extensions.RedactExtensionTest" assertions="2" time="0.004175"/>
        <testcase name="`RedactExtension` → `Redaction Mode Enum` → RedactionMode has three valid modes" file="tests/Unit/Extensions/RedactExtensionTest.php::`RedactExtension` → `Redaction Mode Enum` → RedactionMode has three valid modes" class="Tests\Unit\Extensions\RedactExtensionTest" classname="Tests.Unit.Extensions.RedactExtensionTest" assertions="1" time="0.004129"/>
        <testcase name="`RedactExtension` → `Redaction Mode Enum` → RedactionMode Full value is full" file="tests/Unit/Extensions/RedactExtensionTest.php::`RedactExtension` → `Redaction Mode Enum` → RedactionMode Full value is full" class="Tests\Unit\Extensions\RedactExtensionTest" classname="Tests.Unit.Extensions.RedactExtensionTest" assertions="1" time="0.004049"/>
        <testcase name="`RedactExtension` → `Redaction Mode Enum` → RedactionMode Partial value is partial" file="tests/Unit/Extensions/RedactExtensionTest.php::`RedactExtension` → `Redaction Mode Enum` → RedactionMode Partial value is partial" class="Tests\Unit\Extensions\RedactExtensionTest" classname="Tests.Unit.Extensions.RedactExtensionTest" assertions="1" time="0.004261"/>
        <testcase name="`RedactExtension` → `Redaction Mode Enum` → RedactionMode None value is none" file="tests/Unit/Extensions/RedactExtensionTest.php::`RedactExtension` → `Redaction Mode Enum` → RedactionMode None value is none" class="Tests\Unit\Extensions\RedactExtensionTest" classname="Tests.Unit.Extensions.RedactExtensionTest" assertions="1" time="0.004201"/>
        <testcase name="`RedactExtension` → `Redaction Mode Enum` → RedactionMode can be created from string" file="tests/Unit/Extensions/RedactExtensionTest.php::`RedactExtension` → `Redaction Mode Enum` → RedactionMode can be created from string" class="Tests\Unit\Extensions\RedactExtensionTest" classname="Tests.Unit.Extensions.RedactExtensionTest" assertions="3" time="0.004192"/>
        <testcase name="`RedactExtension` → `Redaction Mode Enum` → RedactionMode returns null for invalid string" file="tests/Unit/Extensions/RedactExtensionTest.php::`RedactExtension` → `Redaction Mode Enum` → RedactionMode returns null for invalid string" class="Tests\Unit\Extensions\RedactExtensionTest" classname="Tests.Unit.Extensions.RedactExtensionTest" assertions="1" time="0.004150"/>
      </testsuite>
      <testsuite name="Tests\Unit\Extensions\ReplayExtensionTest" file="tests/Unit/Extensions/ReplayExtensionTest.php" tests="35" assertions="125" errors="2" failures="0" skipped="0" time="0.171678">
        <testcase name="`ReplayExtension` → `Happy Paths` → getUrn returns correct URN constant" file="tests/Unit/Extensions/ReplayExtensionTest.php::`ReplayExtension` → `Happy Paths` → getUrn returns correct URN constant" class="Tests\Unit\Extensions\ReplayExtensionTest" classname="Tests.Unit.Extensions.ReplayExtensionTest" assertions="2" time="0.018880"/>
        <testcase name="`ReplayExtension` → `Happy Paths` → isErrorFatal returns false for replay extension" file="tests/Unit/Extensions/ReplayExtensionTest.php::`ReplayExtension` → `Happy Paths` → isErrorFatal returns false for replay extension" class="Tests\Unit\Extensions\ReplayExtensionTest" classname="Tests.Unit.Extensions.ReplayExtensionTest" assertions="1" time="0.004695"/>
        <testcase name="`ReplayExtension` → `Happy Paths` → isGlobal returns false for replay extension" file="tests/Unit/Extensions/ReplayExtensionTest.php::`ReplayExtension` → `Happy Paths` → isGlobal returns false for replay extension" class="Tests\Unit\Extensions\ReplayExtensionTest" classname="Tests.Unit.Extensions.ReplayExtensionTest" assertions="1" time="0.004120"/>
        <testcase name="`ReplayExtension` → `Happy Paths` → buildDuration creates duration object" file="tests/Unit/Extensions/ReplayExtensionTest.php::`ReplayExtension` → `Happy Paths` → buildDuration creates duration object" class="Tests\Unit\Extensions\ReplayExtensionTest" classname="Tests.Unit.Extensions.ReplayExtensionTest" assertions="1" time="0.004164"/>
        <testcase name="`ReplayExtension` → `Happy Paths` → buildOptions creates complete options" file="tests/Unit/Extensions/ReplayExtensionTest.php::`ReplayExtension` → `Happy Paths` → buildOptions creates complete options" class="Tests\Unit\Extensions\ReplayExtensionTest" classname="Tests.Unit.Extensions.ReplayExtensionTest" assertions="8" time="0.003791"/>
        <testcase name="`ReplayExtension` → `Happy Paths` → buildCallback creates callback configuration" file="tests/Unit/Extensions/ReplayExtensionTest.php::`ReplayExtension` → `Happy Paths` → buildCallback creates callback configuration" class="Tests\Unit\Extensions\ReplayExtensionTest" classname="Tests.Unit.Extensions.ReplayExtensionTest" assertions="4" time="0.004273"/>
        <testcase name="`ReplayExtension` → `Happy Paths` → buildProcessedResponse creates processed data" file="tests/Unit/Extensions/ReplayExtensionTest.php::`ReplayExtension` → `Happy Paths` → buildProcessedResponse creates processed data" class="Tests\Unit\Extensions\ReplayExtensionTest" classname="Tests.Unit.Extensions.ReplayExtensionTest" assertions="4" time="0.004417"/>
        <testcase name="`ReplayExtension` → `Happy Paths` → buildQueuedResponse creates complete queued data" file="tests/Unit/Extensions/ReplayExtensionTest.php::`ReplayExtension` → `Happy Paths` → buildQueuedResponse creates complete queued data" class="Tests\Unit\Extensions\ReplayExtensionTest" classname="Tests.Unit.Extensions.ReplayExtensionTest" assertions="14" time="0.004633"/>
        <testcase name="`ReplayExtension` → `Happy Paths` → buildCompletedResponse creates completed data" file="tests/Unit/Extensions/ReplayExtensionTest.php::`ReplayExtension` → `Happy Paths` → buildCompletedResponse creates completed data" class="Tests\Unit\Extensions\ReplayExtensionTest" classname="Tests.Unit.Extensions.ReplayExtensionTest" assertions="10" time="0.004220"/>
        <testcase name="`ReplayExtension` → `Happy Paths` → buildFailedResponse creates failed data" file="tests/Unit/Extensions/ReplayExtensionTest.php::`ReplayExtension` → `Happy Paths` → buildFailedResponse creates failed data" class="Tests\Unit\Extensions\ReplayExtensionTest" classname="Tests.Unit.Extensions.ReplayExtensionTest" assertions="6" time="0.004510"/>
        <testcase name="`ReplayExtension` → `Happy Paths` → buildCancelledResponse creates cancelled data" file="tests/Unit/Extensions/ReplayExtensionTest.php::`ReplayExtension` → `Happy Paths` → buildCancelledResponse creates cancelled data" class="Tests\Unit\Extensions\ReplayExtensionTest" classname="Tests.Unit.Extensions.ReplayExtensionTest" assertions="6" time="0.004151"/>
        <testcase name="`ReplayExtension` → `Happy Paths` → buildExpiredResponse creates expired data" file="tests/Unit/Extensions/ReplayExtensionTest.php::`ReplayExtension` → `Happy Paths` → buildExpiredResponse creates expired data" class="Tests\Unit\Extensions\ReplayExtensionTest" classname="Tests.Unit.Extensions.ReplayExtensionTest" assertions="6" time="0.004082"/>
        <testcase name="`ReplayExtension` → `Happy Paths` → buildProcessingResponse creates processing data" file="tests/Unit/Extensions/ReplayExtensionTest.php::`ReplayExtension` → `Happy Paths` → buildProcessingResponse creates processing data" class="Tests\Unit\Extensions\ReplayExtensionTest" classname="Tests.Unit.Extensions.ReplayExtensionTest" assertions="6" time="0.003986"/>
        <testcase name="`ReplayExtension` → `Happy Paths` → enrichResponse adds replay extension to response" file="tests/Unit/Extensions/ReplayExtensionTest.php::`ReplayExtension` → `Happy Paths` → enrichResponse adds replay extension to response" class="Tests\Unit\Extensions\ReplayExtensionTest" classname="Tests.Unit.Extensions.ReplayExtensionTest" assertions="5" time="0.004240"/>
        <testcase name="`ReplayExtension` → `Happy Paths` → calculateTtlSeconds converts seconds correctly" file="tests/Unit/Extensions/ReplayExtensionTest.php::`ReplayExtension` → `Happy Paths` → calculateTtlSeconds converts seconds correctly" class="Tests\Unit\Extensions\ReplayExtensionTest" classname="Tests.Unit.Extensions.ReplayExtensionTest" assertions="0" time="0.004804">
          <error type="ErrorException">`ReplayExtension` → `Happy Paths` → calculateTtlSeconds converts seconds correctlyErrorException: The float 9.223372036854776E+18 is not representable as an int, cast occurred
at vendor/laravel/framework/src/Illuminate/Foundation/Bootstrap/HandleExceptions.php:258
at src/Enums/TimeUnit.php:141
at src/Extensions/ReplayExtension.php:344
at tests/Unit/Extensions/ReplayExtensionTest.php:260</error>
        </testcase>
        <testcase name="`ReplayExtension` → `Happy Paths` → calculateTtlSeconds converts minutes correctly" file="tests/Unit/Extensions/ReplayExtensionTest.php::`ReplayExtension` → `Happy Paths` → calculateTtlSeconds converts minutes correctly" class="Tests\Unit\Extensions\ReplayExtensionTest" classname="Tests.Unit.Extensions.ReplayExtensionTest" assertions="1" time="0.004268"/>
        <testcase name="`ReplayExtension` → `Happy Paths` → calculateTtlSeconds converts hours correctly" file="tests/Unit/Extensions/ReplayExtensionTest.php::`ReplayExtension` → `Happy Paths` → calculateTtlSeconds converts hours correctly" class="Tests\Unit\Extensions\ReplayExtensionTest" classname="Tests.Unit.Extensions.ReplayExtensionTest" assertions="1" time="0.004193"/>
        <testcase name="`ReplayExtension` → `Happy Paths` → calculateTtlSeconds converts days correctly" file="tests/Unit/Extensions/ReplayExtensionTest.php::`ReplayExtension` → `Happy Paths` → calculateTtlSeconds converts days correctly" class="Tests\Unit\Extensions\ReplayExtensionTest" classname="Tests.Unit.Extensions.ReplayExtensionTest" assertions="1" time="0.004017"/>
        <testcase name="`ReplayExtension` → `Happy Paths` → calculateExpiresAt returns future timestamp" file="tests/Unit/Extensions/ReplayExtensionTest.php::`ReplayExtension` → `Happy Paths` → calculateExpiresAt returns future timestamp" class="Tests\Unit\Extensions\ReplayExtensionTest" classname="Tests.Unit.Extensions.ReplayExtensionTest" assertions="2" time="0.003946"/>
        <testcase name="`ReplayExtension` → `Happy Paths` → isExpired returns true for past timestamp" file="tests/Unit/Extensions/ReplayExtensionTest.php::`ReplayExtension` → `Happy Paths` → isExpired returns true for past timestamp" class="Tests\Unit\Extensions\ReplayExtensionTest" classname="Tests.Unit.Extensions.ReplayExtensionTest" assertions="1" time="0.003867"/>
        <testcase name="`ReplayExtension` → `Happy Paths` → isExpired returns false for future timestamp" file="tests/Unit/Extensions/ReplayExtensionTest.php::`ReplayExtension` → `Happy Paths` → isExpired returns false for future timestamp" class="Tests\Unit\Extensions\ReplayExtensionTest" classname="Tests.Unit.Extensions.ReplayExtensionTest" assertions="1" time="0.003878"/>
        <testcase name="`ReplayExtension` → `Happy Paths` → isTerminalStatus returns true for terminal statuses" file="tests/Unit/Extensions/ReplayExtensionTest.php::`ReplayExtension` → `Happy Paths` → isTerminalStatus returns true for terminal statuses" class="Tests\Unit\Extensions\ReplayExtensionTest" classname="Tests.Unit.Extensions.ReplayExtensionTest" assertions="5" time="0.003707"/>
        <testcase name="`ReplayExtension` → `Happy Paths` → isTerminalStatus returns false for non-terminal statuses" file="tests/Unit/Extensions/ReplayExtensionTest.php::`ReplayExtension` → `Happy Paths` → isTerminalStatus returns false for non-terminal statuses" class="Tests\Unit\Extensions\ReplayExtensionTest" classname="Tests.Unit.Extensions.ReplayExtensionTest" assertions="2" time="0.003986"/>
        <testcase name="`ReplayExtension` → `Happy Paths` → isValidPriority returns true for all priorities" file="tests/Unit/Extensions/ReplayExtensionTest.php::`ReplayExtension` → `Happy Paths` → isValidPriority returns true for all priorities" class="Tests\Unit\Extensions\ReplayExtensionTest" classname="Tests.Unit.Extensions.ReplayExtensionTest" assertions="3" time="0.004030"/>
        <testcase name="`ReplayExtension` → `Edge Cases` → buildOptions with minimal parameters" file="tests/Unit/Extensions/ReplayExtensionTest.php::`ReplayExtension` → `Edge Cases` → buildOptions with minimal parameters" class="Tests\Unit\Extensions\ReplayExtensionTest" classname="Tests.Unit.Extensions.ReplayExtensionTest" assertions="4" time="0.004267"/>
        <testcase name="`ReplayExtension` → `Edge Cases` → buildQueuedResponse without optional fields" file="tests/Unit/Extensions/ReplayExtensionTest.php::`ReplayExtension` → `Edge Cases` → buildQueuedResponse without optional fields" class="Tests\Unit\Extensions\ReplayExtensionTest" classname="Tests.Unit.Extensions.ReplayExtensionTest" assertions="2" time="0.004223"/>
        <testcase name="`ReplayExtension` → `Edge Cases` → buildCallback without headers" file="tests/Unit/Extensions/ReplayExtensionTest.php::`ReplayExtension` → `Edge Cases` → buildCallback without headers" class="Tests\Unit\Extensions\ReplayExtensionTest" classname="Tests.Unit.Extensions.ReplayExtensionTest" assertions="2" time="0.004152"/>
        <testcase name="`ReplayExtension` → `Edge Cases` → enrichResponse appends to existing extensions" file="tests/Unit/Extensions/ReplayExtensionTest.php::`ReplayExtension` → `Edge Cases` → enrichResponse appends to existing extensions" class="Tests\Unit\Extensions\ReplayExtensionTest" classname="Tests.Unit.Extensions.ReplayExtensionTest" assertions="1" time="0.004715"/>
        <testcase name="`ReplayExtension` → `Edge Cases` → ReplayStatus enum has correct values" file="tests/Unit/Extensions/ReplayExtensionTest.php::`ReplayExtension` → `Edge Cases` → ReplayStatus enum has correct values" class="Tests\Unit\Extensions\ReplayExtensionTest" classname="Tests.Unit.Extensions.ReplayExtensionTest" assertions="7" time="0.009390"/>
        <testcase name="`ReplayExtension` → `Edge Cases` → ReplayPriority enum has correct values" file="tests/Unit/Extensions/ReplayExtensionTest.php::`ReplayExtension` → `Edge Cases` → ReplayPriority enum has correct values" class="Tests\Unit\Extensions\ReplayExtensionTest" classname="Tests.Unit.Extensions.ReplayExtensionTest" assertions="3" time="0.005217"/>
        <testcase name="`ReplayExtension` → `Edge Cases` → TimeUnit enum has correct values" file="tests/Unit/Extensions/ReplayExtensionTest.php::`ReplayExtension` → `Edge Cases` → TimeUnit enum has correct values" class="Tests\Unit\Extensions\ReplayExtensionTest" classname="Tests.Unit.Extensions.ReplayExtensionTest" assertions="4" time="0.004828"/>
        <testcase name="`ReplayExtension` → `Edge Cases` → TimeUnit toSeconds converts correctly" file="tests/Unit/Extensions/ReplayExtensionTest.php::`ReplayExtension` → `Edge Cases` → TimeUnit toSeconds converts correctly" class="Tests\Unit\Extensions\ReplayExtensionTest" classname="Tests.Unit.Extensions.ReplayExtensionTest" assertions="0" time="0.005254">
          <error type="ErrorException">`ReplayExtension` → `Edge Cases` → TimeUnit toSeconds converts correctlyErrorException: The float 9.223372036854776E+18 is not representable as an int, cast occurred
at vendor/laravel/framework/src/Illuminate/Foundation/Bootstrap/HandleExceptions.php:258
at src/Enums/TimeUnit.php:141
at tests/Unit/Extensions/ReplayExtensionTest.php:457</error>
        </testcase>
        <testcase name="`ReplayExtension` → `Edge Cases` → ReplayStatus isTerminal returns correct values" file="tests/Unit/Extensions/ReplayExtensionTest.php::`ReplayExtension` → `Edge Cases` → ReplayStatus isTerminal returns correct values" class="Tests\Unit\Extensions\ReplayExtensionTest" classname="Tests.Unit.Extensions.ReplayExtensionTest" assertions="7" time="0.004753"/>
        <testcase name="`ReplayExtension` → `Sad Paths` → enrichResponse preserves error responses" file="tests/Unit/Extensions/ReplayExtensionTest.php::`ReplayExtension` → `Sad Paths` → enrichResponse preserves error responses" class="Tests\Unit\Extensions\ReplayExtensionTest" classname="Tests.Unit.Extensions.ReplayExtensionTest" assertions="3" time="0.005073"/>
        <testcase name="`ReplayExtension` → `Sad Paths` → isExpired handles exact boundary" file="tests/Unit/Extensions/ReplayExtensionTest.php::`ReplayExtension` → `Sad Paths` → isExpired handles exact boundary" class="Tests\Unit\Extensions\ReplayExtensionTest" classname="Tests.Unit.Extensions.ReplayExtensionTest" assertions="1" time="0.004948"/>
      </testsuite>
      <testsuite name="Tests\Unit\Extensions\SimulationExtensionTest" file="tests/Unit/Extensions/SimulationExtensionTest.php" tests="46" assertions="120" errors="2" failures="0" skipped="0" time="0.226712">
        <testcase name="`SimulationExtension` → `Happy Paths` → getUrn returns correct URN constant" file="tests/Unit/Extensions/SimulationExtensionTest.php::`SimulationExtension` → `Happy Paths` → getUrn returns correct URN constant" class="Tests\Unit\Extensions\SimulationExtensionTest" classname="Tests.Unit.Extensions.SimulationExtensionTest" assertions="2" time="0.011395"/>
        <testcase name="`SimulationExtension` → `Happy Paths` → isErrorFatal returns true" file="tests/Unit/Extensions/SimulationExtensionTest.php::`SimulationExtension` → `Happy Paths` → isErrorFatal returns true" class="Tests\Unit\Extensions\SimulationExtensionTest" classname="Tests.Unit.Extensions.SimulationExtensionTest" assertions="1" time="0.004365"/>
        <testcase name="`SimulationExtension` → `Happy Paths` → isEnabled returns true when enabled option is true" file="tests/Unit/Extensions/SimulationExtensionTest.php::`SimulationExtension` → `Happy Paths` → isEnabled returns true when enabled option is true" class="Tests\Unit\Extensions\SimulationExtensionTest" classname="Tests.Unit.Extensions.SimulationExtensionTest" assertions="1" time="0.003977"/>
        <testcase name="`SimulationExtension` → `Happy Paths` → isEnabled returns false when enabled option is false" file="tests/Unit/Extensions/SimulationExtensionTest.php::`SimulationExtension` → `Happy Paths` → isEnabled returns false when enabled option is false" class="Tests\Unit\Extensions\SimulationExtensionTest" classname="Tests.Unit.Extensions.SimulationExtensionTest" assertions="1" time="0.004009"/>
        <testcase name="`SimulationExtension` → `Happy Paths` → shouldListScenarios returns true when list_scenarios is true" file="tests/Unit/Extensions/SimulationExtensionTest.php::`SimulationExtension` → `Happy Paths` → shouldListScenarios returns true when list_scenarios is true" class="Tests\Unit\Extensions\SimulationExtensionTest" classname="Tests.Unit.Extensions.SimulationExtensionTest" assertions="1" time="0.004667"/>
        <testcase name="`SimulationExtension` → `Happy Paths` → shouldListScenarios returns false when list_scenarios is false" file="tests/Unit/Extensions/SimulationExtensionTest.php::`SimulationExtension` → `Happy Paths` → shouldListScenarios returns false when list_scenarios is false" class="Tests\Unit\Extensions\SimulationExtensionTest" classname="Tests.Unit.Extensions.SimulationExtensionTest" assertions="1" time="0.004484"/>
        <testcase name="`SimulationExtension` → `Happy Paths` → getRequestedScenario returns scenario name when provided as string" file="tests/Unit/Extensions/SimulationExtensionTest.php::`SimulationExtension` → `Happy Paths` → getRequestedScenario returns scenario name when provided as string" class="Tests\Unit\Extensions\SimulationExtensionTest" classname="Tests.Unit.Extensions.SimulationExtensionTest" assertions="1" time="0.004664"/>
        <testcase name="`SimulationExtension` → `Happy Paths` → getRequestedScenario returns null when scenario is not provided" file="tests/Unit/Extensions/SimulationExtensionTest.php::`SimulationExtension` → `Happy Paths` → getRequestedScenario returns null when scenario is not provided" class="Tests\Unit\Extensions\SimulationExtensionTest" classname="Tests.Unit.Extensions.SimulationExtensionTest" assertions="1" time="0.004088"/>
        <testcase name="`SimulationExtension` → `Happy Paths` → supportsSimulation returns true for SimulatableInterface" file="tests/Unit/Extensions/SimulationExtensionTest.php::`SimulationExtension` → `Happy Paths` → supportsSimulation returns true for SimulatableInterface" class="Tests\Unit\Extensions\SimulationExtensionTest" classname="Tests.Unit.Extensions.SimulationExtensionTest" assertions="1" time="0.004501"/>
        <testcase name="`SimulationExtension` → `Happy Paths` → supportsSimulation returns false for regular FunctionInterface" file="tests/Unit/Extensions/SimulationExtensionTest.php::`SimulationExtension` → `Happy Paths` → supportsSimulation returns false for regular FunctionInterface" class="Tests\Unit\Extensions\SimulationExtensionTest" classname="Tests.Unit.Extensions.SimulationExtensionTest" assertions="1" time="0.005143"/>
        <testcase name="`SimulationExtension` → `Happy Paths` → findScenario returns matching scenario by name" file="tests/Unit/Extensions/SimulationExtensionTest.php::`SimulationExtension` → `Happy Paths` → findScenario returns matching scenario by name" class="Tests\Unit\Extensions\SimulationExtensionTest" classname="Tests.Unit.Extensions.SimulationExtensionTest" assertions="2" time="0.004792"/>
        <testcase name="`SimulationExtension` → `Happy Paths` → findScenario returns null when scenario not found" file="tests/Unit/Extensions/SimulationExtensionTest.php::`SimulationExtension` → `Happy Paths` → findScenario returns null when scenario not found" class="Tests\Unit\Extensions\SimulationExtensionTest" classname="Tests.Unit.Extensions.SimulationExtensionTest" assertions="1" time="0.005565"/>
        <testcase name="`SimulationExtension` → `Happy Paths` → getScenarioToExecute returns requested scenario when specified" file="tests/Unit/Extensions/SimulationExtensionTest.php::`SimulationExtension` → `Happy Paths` → getScenarioToExecute returns requested scenario when specified" class="Tests\Unit\Extensions\SimulationExtensionTest" classname="Tests.Unit.Extensions.SimulationExtensionTest" assertions="2" time="0.005351"/>
        <testcase name="`SimulationExtension` → `Happy Paths` → getScenarioToExecute returns default scenario when none specified" file="tests/Unit/Extensions/SimulationExtensionTest.php::`SimulationExtension` → `Happy Paths` → getScenarioToExecute returns default scenario when none specified" class="Tests\Unit\Extensions\SimulationExtensionTest" classname="Tests.Unit.Extensions.SimulationExtensionTest" assertions="2" time="0.005184"/>
        <testcase name="`SimulationExtension` → `Happy Paths` → buildSimulatedResponse creates successful simulation response" file="tests/Unit/Extensions/SimulationExtensionTest.php::`SimulationExtension` → `Happy Paths` → buildSimulatedResponse creates successful simulation response" class="Tests\Unit\Extensions\SimulationExtensionTest" classname="Tests.Unit.Extensions.SimulationExtensionTest" assertions="9" time="0.004465"/>
        <testcase name="`SimulationExtension` → `Happy Paths` → buildSimulatedErrorResponse creates error simulation response with default error" file="tests/Unit/Extensions/SimulationExtensionTest.php::`SimulationExtension` → `Happy Paths` → buildSimulatedErrorResponse creates error simulation response with default error" class="Tests\Unit\Extensions\SimulationExtensionTest" classname="Tests.Unit.Extensions.SimulationExtensionTest" assertions="10" time="0.008418"/>
        <testcase name="`SimulationExtension` → `Happy Paths` → buildSimulatedErrorResponse creates error simulation response with custom error" file="tests/Unit/Extensions/SimulationExtensionTest.php::`SimulationExtension` → `Happy Paths` → buildSimulatedErrorResponse creates error simulation response with custom error" class="Tests\Unit\Extensions\SimulationExtensionTest" classname="Tests.Unit.Extensions.SimulationExtensionTest" assertions="10" time="0.004467"/>
        <testcase name="`SimulationExtension` → `Happy Paths` → buildScenarioListResponse lists all available scenarios" file="tests/Unit/Extensions/SimulationExtensionTest.php::`SimulationExtension` → `Happy Paths` → buildScenarioListResponse lists all available scenarios" class="Tests\Unit\Extensions\SimulationExtensionTest" classname="Tests.Unit.Extensions.SimulationExtensionTest" assertions="12" time="0.004961"/>
        <testcase name="`SimulationExtension` → `Happy Paths` → buildUnsupportedResponse creates error for non-simulatable function" file="tests/Unit/Extensions/SimulationExtensionTest.php::`SimulationExtension` → `Happy Paths` → buildUnsupportedResponse creates error for non-simulatable function" class="Tests\Unit\Extensions\SimulationExtensionTest" classname="Tests.Unit.Extensions.SimulationExtensionTest" assertions="10" time="0.004822"/>
        <testcase name="`SimulationExtension` → `Happy Paths` → buildScenarioNotFoundResponse creates error for missing scenario" file="tests/Unit/Extensions/SimulationExtensionTest.php::`SimulationExtension` → `Happy Paths` → buildScenarioNotFoundResponse creates error for missing scenario" class="Tests\Unit\Extensions\SimulationExtensionTest" classname="Tests.Unit.Extensions.SimulationExtensionTest" assertions="12" time="0.004564"/>
        <testcase name="`SimulationExtension` → `Edge Cases` → isEnabled returns false when enabled option is missing" file="tests/Unit/Extensions/SimulationExtensionTest.php::`SimulationExtension` → `Edge Cases` → isEnabled returns false when enabled option is missing" class="Tests\Unit\Extensions\SimulationExtensionTest" classname="Tests.Unit.Extensions.SimulationExtensionTest" assertions="1" time="0.004846"/>
        <testcase name="`SimulationExtension` → `Edge Cases` → isEnabled returns false when options is null" file="tests/Unit/Extensions/SimulationExtensionTest.php::`SimulationExtension` → `Edge Cases` → isEnabled returns false when options is null" class="Tests\Unit\Extensions\SimulationExtensionTest" classname="Tests.Unit.Extensions.SimulationExtensionTest" assertions="1" time="0.004031"/>
        <testcase name="`SimulationExtension` → `Edge Cases` → isEnabled returns false for non-boolean true values" file="tests/Unit/Extensions/SimulationExtensionTest.php::`SimulationExtension` → `Edge Cases` → isEnabled returns false for non-boolean true values" class="Tests\Unit\Extensions\SimulationExtensionTest" classname="Tests.Unit.Extensions.SimulationExtensionTest" assertions="3" time="0.003808"/>
        <testcase name="`SimulationExtension` → `Edge Cases` → shouldListScenarios returns false when option is missing" file="tests/Unit/Extensions/SimulationExtensionTest.php::`SimulationExtension` → `Edge Cases` → shouldListScenarios returns false when option is missing" class="Tests\Unit\Extensions\SimulationExtensionTest" classname="Tests.Unit.Extensions.SimulationExtensionTest" assertions="1" time="0.004769"/>
        <testcase name="`SimulationExtension` → `Edge Cases` → shouldListScenarios returns false when options is null" file="tests/Unit/Extensions/SimulationExtensionTest.php::`SimulationExtension` → `Edge Cases` → shouldListScenarios returns false when options is null" class="Tests\Unit\Extensions\SimulationExtensionTest" classname="Tests.Unit.Extensions.SimulationExtensionTest" assertions="1" time="0.004293"/>
        <testcase name="`SimulationExtension` → `Edge Cases` → shouldListScenarios returns false for non-boolean true values" file="tests/Unit/Extensions/SimulationExtensionTest.php::`SimulationExtension` → `Edge Cases` → shouldListScenarios returns false for non-boolean true values" class="Tests\Unit\Extensions\SimulationExtensionTest" classname="Tests.Unit.Extensions.SimulationExtensionTest" assertions="2" time="0.004038"/>
        <testcase name="`SimulationExtension` → `Edge Cases` → getRequestedScenario returns null when options is null" file="tests/Unit/Extensions/SimulationExtensionTest.php::`SimulationExtension` → `Edge Cases` → getRequestedScenario returns null when options is null" class="Tests\Unit\Extensions\SimulationExtensionTest" classname="Tests.Unit.Extensions.SimulationExtensionTest" assertions="1" time="0.004344"/>
        <testcase name="`SimulationExtension` → `Edge Cases` → getRequestedScenario returns null for non-string scenario values" file="tests/Unit/Extensions/SimulationExtensionTest.php::`SimulationExtension` → `Edge Cases` → getRequestedScenario returns null for non-string scenario values" class="Tests\Unit\Extensions\SimulationExtensionTest" classname="Tests.Unit.Extensions.SimulationExtensionTest" assertions="3" time="0.004272"/>
        <testcase name="`SimulationExtension` → `Edge Cases` → findScenario returns null when function has no scenarios" file="tests/Unit/Extensions/SimulationExtensionTest.php::`SimulationExtension` → `Edge Cases` → findScenario returns null when function has no scenarios" class="Tests\Unit\Extensions\SimulationExtensionTest" classname="Tests.Unit.Extensions.SimulationExtensionTest" assertions="1" time="0.004843"/>
        <testcase name="`SimulationExtension` → `Edge Cases` → findScenario handles scenario names with special characters" file="tests/Unit/Extensions/SimulationExtensionTest.php::`SimulationExtension` → `Edge Cases` → findScenario handles scenario names with special characters" class="Tests\Unit\Extensions\SimulationExtensionTest" classname="Tests.Unit.Extensions.SimulationExtensionTest" assertions="2" time="0.004272"/>
        <testcase name="`SimulationExtension` → `Edge Cases` → getScenarioToExecute returns null when default scenario not found" file="tests/Unit/Extensions/SimulationExtensionTest.php::`SimulationExtension` → `Edge Cases` → getScenarioToExecute returns null when default scenario not found" class="Tests\Unit\Extensions\SimulationExtensionTest" classname="Tests.Unit.Extensions.SimulationExtensionTest" assertions="1" time="0.004750"/>
        <testcase name="`SimulationExtension` → `Edge Cases` → getScenarioToExecute returns null when requested scenario not found" file="tests/Unit/Extensions/SimulationExtensionTest.php::`SimulationExtension` → `Edge Cases` → getScenarioToExecute returns null when requested scenario not found" class="Tests\Unit\Extensions\SimulationExtensionTest" classname="Tests.Unit.Extensions.SimulationExtensionTest" assertions="1" time="0.005082"/>
        <testcase name="`SimulationExtension` → `Edge Cases` → buildSimulatedResponse handles null output" file="tests/Unit/Extensions/SimulationExtensionTest.php::`SimulationExtension` → `Edge Cases` → buildSimulatedResponse handles null output" class="Tests\Unit\Extensions\SimulationExtensionTest" classname="Tests.Unit.Extensions.SimulationExtensionTest" assertions="1" time="0.004472"/>
        <testcase name="`SimulationExtension` → `Edge Cases` → buildSimulatedResponse handles complex nested output" file="tests/Unit/Extensions/SimulationExtensionTest.php::`SimulationExtension` → `Edge Cases` → buildSimulatedResponse handles complex nested output" class="Tests\Unit\Extensions\SimulationExtensionTest" classname="Tests.Unit.Extensions.SimulationExtensionTest" assertions="1" time="0.004215"/>
        <testcase name="`SimulationExtension` → `Edge Cases` → buildScenarioListResponse handles function with no scenarios" file="tests/Unit/Extensions/SimulationExtensionTest.php::`SimulationExtension` → `Edge Cases` → buildScenarioListResponse handles function with no scenarios" class="Tests\Unit\Extensions\SimulationExtensionTest" classname="Tests.Unit.Extensions.SimulationExtensionTest" assertions="1" time="0.004286"/>
        <testcase name="`SimulationExtension` → `Edge Cases` → buildScenarioListResponse handles scenarios without descriptions" file="tests/Unit/Extensions/SimulationExtensionTest.php::`SimulationExtension` → `Edge Cases` → buildScenarioListResponse handles scenarios without descriptions" class="Tests\Unit\Extensions\SimulationExtensionTest" classname="Tests.Unit.Extensions.SimulationExtensionTest" assertions="1" time="0.004217"/>
        <testcase name="`SimulationExtension` → `Edge Cases` → buildUnsupportedResponse handles function names with special characters" file="tests/Unit/Extensions/SimulationExtensionTest.php::`SimulationExtension` → `Edge Cases` → buildUnsupportedResponse handles function names with special characters" class="Tests\Unit\Extensions\SimulationExtensionTest" classname="Tests.Unit.Extensions.SimulationExtensionTest" assertions="1" time="0.004760"/>
        <testcase name="`SimulationExtension` → `Edge Cases` → buildScenarioNotFoundResponse handles scenario names with special characters" file="tests/Unit/Extensions/SimulationExtensionTest.php::`SimulationExtension` → `Edge Cases` → buildScenarioNotFoundResponse handles scenario names with special characters" class="Tests\Unit\Extensions\SimulationExtensionTest" classname="Tests.Unit.Extensions.SimulationExtensionTest" assertions="2" time="0.004974"/>
        <testcase name="`SimulationExtension` → `Edge Cases` → buildSimulatedErrorResponse handles error without data field" file="tests/Unit/Extensions/SimulationExtensionTest.php::`SimulationExtension` → `Edge Cases` → buildSimulatedErrorResponse handles error without data field" class="Tests\Unit\Extensions\SimulationExtensionTest" classname="Tests.Unit.Extensions.SimulationExtensionTest" assertions="3" time="0.004598"/>
        <testcase name="`SimulationExtension` → `Sad Paths` → buildSimulatedResponse preserves request ID in response" file="tests/Unit/Extensions/SimulationExtensionTest.php::`SimulationExtension` → `Sad Paths` → buildSimulatedResponse preserves request ID in response" class="Tests\Unit\Extensions\SimulationExtensionTest" classname="Tests.Unit.Extensions.SimulationExtensionTest" assertions="0" time="0.005131">
          <error type="Cline\Forrst\Exceptions\EmptyArrayException">`SimulationExtension` → `Sad Paths` → buildSimulatedResponse preserves request ID in responseCline\Forrst\Exceptions\EmptyArrayException: input cannot be empty
at src/Exceptions/EmptyArrayException.php:22
at src/Discovery/SimulationScenarioData.php:83
at src/Discovery/SimulationScenarioData.php:118
at tests/Unit/Extensions/SimulationExtensionTest.php:731</error>
        </testcase>
        <testcase name="`SimulationExtension` → `Sad Paths` → buildSimulatedErrorResponse preserves request ID in error response" file="tests/Unit/Extensions/SimulationExtensionTest.php::`SimulationExtension` → `Sad Paths` → buildSimulatedErrorResponse preserves request ID in error response" class="Tests\Unit\Extensions\SimulationExtensionTest" classname="Tests.Unit.Extensions.SimulationExtensionTest" assertions="0" time="0.004702">
          <error type="Cline\Forrst\Exceptions\EmptyArrayException">`SimulationExtension` → `Sad Paths` → buildSimulatedErrorResponse preserves request ID in error responseCline\Forrst\Exceptions\EmptyArrayException: input cannot be empty
at src/Exceptions/EmptyArrayException.php:22
at src/Discovery/SimulationScenarioData.php:83
at src/Discovery/SimulationScenarioData.php:155
at tests/Unit/Extensions/SimulationExtensionTest.php:748</error>
        </testcase>
        <testcase name="`SimulationExtension` → `Sad Paths` → buildScenarioListResponse preserves request ID" file="tests/Unit/Extensions/SimulationExtensionTest.php::`SimulationExtension` → `Sad Paths` → buildScenarioListResponse preserves request ID" class="Tests\Unit\Extensions\SimulationExtensionTest" classname="Tests.Unit.Extensions.SimulationExtensionTest" assertions="1" time="0.004711"/>
        <testcase name="`SimulationExtension` → `Sad Paths` → buildUnsupportedResponse preserves request ID" file="tests/Unit/Extensions/SimulationExtensionTest.php::`SimulationExtension` → `Sad Paths` → buildUnsupportedResponse preserves request ID" class="Tests\Unit\Extensions\SimulationExtensionTest" classname="Tests.Unit.Extensions.SimulationExtensionTest" assertions="1" time="0.004786"/>
        <testcase name="`SimulationExtension` → `Sad Paths` → buildScenarioNotFoundResponse preserves request ID" file="tests/Unit/Extensions/SimulationExtensionTest.php::`SimulationExtension` → `Sad Paths` → buildScenarioNotFoundResponse preserves request ID" class="Tests\Unit\Extensions\SimulationExtensionTest" classname="Tests.Unit.Extensions.SimulationExtensionTest" assertions="1" time="0.009012"/>
        <testcase name="`SimulationExtension` → `Sad Paths` → isEnabled strictly checks for boolean true" file="tests/Unit/Extensions/SimulationExtensionTest.php::`SimulationExtension` → `Sad Paths` → isEnabled strictly checks for boolean true" class="Tests\Unit\Extensions\SimulationExtensionTest" classname="Tests.Unit.Extensions.SimulationExtensionTest" assertions="4" time="0.005182"/>
        <testcase name="`SimulationExtension` → `Sad Paths` → shouldListScenarios strictly checks for boolean true" file="tests/Unit/Extensions/SimulationExtensionTest.php::`SimulationExtension` → `Sad Paths` → shouldListScenarios strictly checks for boolean true" class="Tests\Unit\Extensions\SimulationExtensionTest" classname="Tests.Unit.Extensions.SimulationExtensionTest" assertions="4" time="0.004436"/>
      </testsuite>
      <testsuite name="Tests\Unit\Extensions\StreamExtensionTest" file="tests/Unit/Extensions/StreamExtensionTest.php" tests="14" assertions="25" errors="0" failures="0" skipped="0" time="0.071293">
        <testcase name="`StreamExtension` → `Happy Paths` → returns correct URN constant" file="tests/Unit/Extensions/StreamExtensionTest.php::`StreamExtension` → `Happy Paths` → returns correct URN constant" class="Tests\Unit\Extensions\StreamExtensionTest" classname="Tests.Unit.Extensions.StreamExtensionTest" assertions="2" time="0.012551"/>
        <testcase name="`StreamExtension` → `Happy Paths` → returns subscribed events" file="tests/Unit/Extensions/StreamExtensionTest.php::`StreamExtension` → `Happy Paths` → returns subscribed events" class="Tests\Unit\Extensions\StreamExtensionTest" classname="Tests.Unit.Extensions.StreamExtensionTest" assertions="2" time="0.003932"/>
        <testcase name="`StreamExtension` → `Happy Paths` → toCapabilities returns stream capability info" file="tests/Unit/Extensions/StreamExtensionTest.php::`StreamExtension` → `Happy Paths` → toCapabilities returns stream capability info" class="Tests\Unit\Extensions\StreamExtensionTest" classname="Tests.Unit.Extensions.StreamExtensionTest" assertions="6" time="0.004138"/>
        <testcase name="`StreamExtension` → `Happy Paths` → shouldStream returns false when no context set" file="tests/Unit/Extensions/StreamExtensionTest.php::`StreamExtension` → `Happy Paths` → shouldStream returns false when no context set" class="Tests\Unit\Extensions\StreamExtensionTest" classname="Tests.Unit.Extensions.StreamExtensionTest" assertions="1" time="0.004049"/>
        <testcase name="`StreamExtension` → `Happy Paths` → getContext returns null when no context set" file="tests/Unit/Extensions/StreamExtensionTest.php::`StreamExtension` → `Happy Paths` → getContext returns null when no context set" class="Tests\Unit\Extensions\StreamExtensionTest" classname="Tests.Unit.Extensions.StreamExtensionTest" assertions="1" time="0.004088"/>
        <testcase name="`StreamExtension` → `Happy Paths` → onRequestValidated ignores requests without stream extension" file="tests/Unit/Extensions/StreamExtensionTest.php::`StreamExtension` → `Happy Paths` → onRequestValidated ignores requests without stream extension" class="Tests\Unit\Extensions\StreamExtensionTest" classname="Tests.Unit.Extensions.StreamExtensionTest" assertions="2" time="0.004473"/>
        <testcase name="`StreamExtension` → `Happy Paths` → onRequestValidated ignores requests with accept false" file="tests/Unit/Extensions/StreamExtensionTest.php::`StreamExtension` → `Happy Paths` → onRequestValidated ignores requests with accept false" class="Tests\Unit\Extensions\StreamExtensionTest" classname="Tests.Unit.Extensions.StreamExtensionTest" assertions="2" time="0.004561"/>
        <testcase name="`StreamExtension` → `Edge Cases` → getContext returns null for invalid context structure" file="tests/Unit/Extensions/StreamExtensionTest.php::`StreamExtension` → `Edge Cases` → getContext returns null for invalid context structure" class="Tests\Unit\Extensions\StreamExtensionTest" classname="Tests.Unit.Extensions.StreamExtensionTest" assertions="1" time="0.004169"/>
        <testcase name="`StreamExtension` → `Edge Cases` → getContext returns null for incomplete context array" file="tests/Unit/Extensions/StreamExtensionTest.php::`StreamExtension` → `Edge Cases` → getContext returns null for incomplete context array" class="Tests\Unit\Extensions\StreamExtensionTest" classname="Tests.Unit.Extensions.StreamExtensionTest" assertions="1" time="0.004919"/>
        <testcase name="`StreamExtension` → `Edge Cases` → shouldStream returns false for non-array context" file="tests/Unit/Extensions/StreamExtensionTest.php::`StreamExtension` → `Edge Cases` → shouldStream returns false for non-array context" class="Tests\Unit\Extensions\StreamExtensionTest" classname="Tests.Unit.Extensions.StreamExtensionTest" assertions="1" time="0.004869"/>
        <testcase name="`StreamExtension` → `Edge Cases` → shouldStream returns false when enabled is not true" file="tests/Unit/Extensions/StreamExtensionTest.php::`StreamExtension` → `Edge Cases` → shouldStream returns false when enabled is not true" class="Tests\Unit\Extensions\StreamExtensionTest" classname="Tests.Unit.Extensions.StreamExtensionTest" assertions="1" time="0.005064"/>
        <testcase name="`StreamExtension` → `Edge Cases` → CONTEXT_KEY constant has correct value" file="tests/Unit/Extensions/StreamExtensionTest.php::`StreamExtension` → `Edge Cases` → CONTEXT_KEY constant has correct value" class="Tests\Unit\Extensions\StreamExtensionTest" classname="Tests.Unit.Extensions.StreamExtensionTest" assertions="1" time="0.005187"/>
        <testcase name="`StreamExtension` → `Edge Cases` → onRequestValidated ignores requests with accept not strictly true" file="tests/Unit/Extensions/StreamExtensionTest.php::`StreamExtension` → `Edge Cases` → onRequestValidated ignores requests with accept not strictly true" class="Tests\Unit\Extensions\StreamExtensionTest" classname="Tests.Unit.Extensions.StreamExtensionTest" assertions="2" time="0.004553"/>
        <testcase name="`StreamExtension` → `Edge Cases` → onRequestValidated ignores requests with missing accept option" file="tests/Unit/Extensions/StreamExtensionTest.php::`StreamExtension` → `Edge Cases` → onRequestValidated ignores requests with missing accept option" class="Tests\Unit\Extensions\StreamExtensionTest" classname="Tests.Unit.Extensions.StreamExtensionTest" assertions="2" time="0.004740"/>
      </testsuite>
      <testsuite name="Tests\Unit\Extensions\TracingExtensionTest" file="tests/Unit/Extensions/TracingExtensionTest.php" tests="54" assertions="120" errors="0" failures="0" skipped="0" time="0.260554">
        <testcase name="`TracingExtension` → `Happy Paths` → getUrn returns correct URN constant" file="tests/Unit/Extensions/TracingExtensionTest.php::`TracingExtension` → `Happy Paths` → getUrn returns correct URN constant" class="Tests\Unit\Extensions\TracingExtensionTest" classname="Tests.Unit.Extensions.TracingExtensionTest" assertions="2" time="0.007315"/>
        <testcase name="`TracingExtension` → `Happy Paths` → getTraceId extracts trace ID from options" file="tests/Unit/Extensions/TracingExtensionTest.php::`TracingExtension` → `Happy Paths` → getTraceId extracts trace ID from options" class="Tests\Unit\Extensions\TracingExtensionTest" classname="Tests.Unit.Extensions.TracingExtensionTest" assertions="1" time="0.009209"/>
        <testcase name="`TracingExtension` → `Happy Paths` → getTraceId returns null when not provided" file="tests/Unit/Extensions/TracingExtensionTest.php::`TracingExtension` → `Happy Paths` → getTraceId returns null when not provided" class="Tests\Unit\Extensions\TracingExtensionTest" classname="Tests.Unit.Extensions.TracingExtensionTest" assertions="1" time="0.004851"/>
        <testcase name="`TracingExtension` → `Happy Paths` → getSpanId extracts span ID from options" file="tests/Unit/Extensions/TracingExtensionTest.php::`TracingExtension` → `Happy Paths` → getSpanId extracts span ID from options" class="Tests\Unit\Extensions\TracingExtensionTest" classname="Tests.Unit.Extensions.TracingExtensionTest" assertions="1" time="0.004153"/>
        <testcase name="`TracingExtension` → `Happy Paths` → getSpanId returns null when not provided" file="tests/Unit/Extensions/TracingExtensionTest.php::`TracingExtension` → `Happy Paths` → getSpanId returns null when not provided" class="Tests\Unit\Extensions\TracingExtensionTest" classname="Tests.Unit.Extensions.TracingExtensionTest" assertions="1" time="0.003866"/>
        <testcase name="`TracingExtension` → `Happy Paths` → getParentSpanId extracts parent span ID from options" file="tests/Unit/Extensions/TracingExtensionTest.php::`TracingExtension` → `Happy Paths` → getParentSpanId extracts parent span ID from options" class="Tests\Unit\Extensions\TracingExtensionTest" classname="Tests.Unit.Extensions.TracingExtensionTest" assertions="1" time="0.004491"/>
        <testcase name="`TracingExtension` → `Happy Paths` → getParentSpanId returns null when not provided" file="tests/Unit/Extensions/TracingExtensionTest.php::`TracingExtension` → `Happy Paths` → getParentSpanId returns null when not provided" class="Tests\Unit\Extensions\TracingExtensionTest" classname="Tests.Unit.Extensions.TracingExtensionTest" assertions="1" time="0.004566"/>
        <testcase name="`TracingExtension` → `Happy Paths` → getBaggage extracts baggage from options" file="tests/Unit/Extensions/TracingExtensionTest.php::`TracingExtension` → `Happy Paths` → getBaggage extracts baggage from options" class="Tests\Unit\Extensions\TracingExtensionTest" classname="Tests.Unit.Extensions.TracingExtensionTest" assertions="1" time="0.004542"/>
        <testcase name="`TracingExtension` → `Happy Paths` → getBaggage returns null when not provided" file="tests/Unit/Extensions/TracingExtensionTest.php::`TracingExtension` → `Happy Paths` → getBaggage returns null when not provided" class="Tests\Unit\Extensions\TracingExtensionTest" classname="Tests.Unit.Extensions.TracingExtensionTest" assertions="1" time="0.004437"/>
        <testcase name="`TracingExtension` → `Happy Paths` → generateSpanId creates unique span ID" file="tests/Unit/Extensions/TracingExtensionTest.php::`TracingExtension` → `Happy Paths` → generateSpanId creates unique span ID" class="Tests\Unit\Extensions\TracingExtensionTest" classname="Tests.Unit.Extensions.TracingExtensionTest" assertions="4" time="0.004044"/>
        <testcase name="`TracingExtension` → `Happy Paths` → generateSpanId accepts custom prefix" file="tests/Unit/Extensions/TracingExtensionTest.php::`TracingExtension` → `Happy Paths` → generateSpanId accepts custom prefix" class="Tests\Unit\Extensions\TracingExtensionTest" classname="Tests.Unit.Extensions.TracingExtensionTest" assertions="2" time="0.004115"/>
        <testcase name="`TracingExtension` → `Happy Paths` → generateTraceId creates unique trace ID" file="tests/Unit/Extensions/TracingExtensionTest.php::`TracingExtension` → `Happy Paths` → generateTraceId creates unique trace ID" class="Tests\Unit\Extensions\TracingExtensionTest" classname="Tests.Unit.Extensions.TracingExtensionTest" assertions="3" time="0.004190"/>
        <testcase name="`TracingExtension` → `Happy Paths` → buildDownstreamContext creates tracing context" file="tests/Unit/Extensions/TracingExtensionTest.php::`TracingExtension` → `Happy Paths` → buildDownstreamContext creates tracing context" class="Tests\Unit\Extensions\TracingExtensionTest" classname="Tests.Unit.Extensions.TracingExtensionTest" assertions="7" time="0.004178"/>
        <testcase name="`TracingExtension` → `Happy Paths` → buildDownstreamContext includes baggage when provided" file="tests/Unit/Extensions/TracingExtensionTest.php::`TracingExtension` → `Happy Paths` → buildDownstreamContext includes baggage when provided" class="Tests\Unit\Extensions\TracingExtensionTest" classname="Tests.Unit.Extensions.TracingExtensionTest" assertions="2" time="0.004112"/>
        <testcase name="`TracingExtension` → `Happy Paths` → enrichResponse adds tracing extension to response" file="tests/Unit/Extensions/TracingExtensionTest.php::`TracingExtension` → `Happy Paths` → enrichResponse adds tracing extension to response" class="Tests\Unit\Extensions\TracingExtensionTest" classname="Tests.Unit.Extensions.TracingExtensionTest" assertions="9" time="0.004336"/>
        <testcase name="`TracingExtension` → `Happy Paths` → buildResponseData creates complete tracing data structure" file="tests/Unit/Extensions/TracingExtensionTest.php::`TracingExtension` → `Happy Paths` → buildResponseData creates complete tracing data structure" class="Tests\Unit\Extensions\TracingExtensionTest" classname="Tests.Unit.Extensions.TracingExtensionTest" assertions="6" time="0.004589"/>
        <testcase name="`TracingExtension` → `Happy Paths` → extractOrCreateContext uses existing trace ID" file="tests/Unit/Extensions/TracingExtensionTest.php::`TracingExtension` → `Happy Paths` → extractOrCreateContext uses existing trace ID" class="Tests\Unit\Extensions\TracingExtensionTest" classname="Tests.Unit.Extensions.TracingExtensionTest" assertions="1" time="0.004940"/>
        <testcase name="`TracingExtension` → `Happy Paths` → extractOrCreateContext generates trace ID when missing" file="tests/Unit/Extensions/TracingExtensionTest.php::`TracingExtension` → `Happy Paths` → extractOrCreateContext generates trace ID when missing" class="Tests\Unit\Extensions\TracingExtensionTest" classname="Tests.Unit.Extensions.TracingExtensionTest" assertions="2" time="0.004671"/>
        <testcase name="`TracingExtension` → `Happy Paths` → extractOrCreateContext uses client span as parent" file="tests/Unit/Extensions/TracingExtensionTest.php::`TracingExtension` → `Happy Paths` → extractOrCreateContext uses client span as parent" class="Tests\Unit\Extensions\TracingExtensionTest" classname="Tests.Unit.Extensions.TracingExtensionTest" assertions="1" time="0.004790"/>
        <testcase name="`TracingExtension` → `Happy Paths` → extractOrCreateContext generates new server span" file="tests/Unit/Extensions/TracingExtensionTest.php::`TracingExtension` → `Happy Paths` → extractOrCreateContext generates new server span" class="Tests\Unit\Extensions\TracingExtensionTest" classname="Tests.Unit.Extensions.TracingExtensionTest" assertions="2" time="0.004516"/>
        <testcase name="`TracingExtension` → `Happy Paths` → extractOrCreateContext preserves baggage" file="tests/Unit/Extensions/TracingExtensionTest.php::`TracingExtension` → `Happy Paths` → extractOrCreateContext preserves baggage" class="Tests\Unit\Extensions\TracingExtensionTest" classname="Tests.Unit.Extensions.TracingExtensionTest" assertions="1" time="0.005084"/>
        <testcase name="`TracingExtension` → `Happy Paths` → isGlobal returns true indicating extension runs on all requests" file="tests/Unit/Extensions/TracingExtensionTest.php::`TracingExtension` → `Happy Paths` → isGlobal returns true indicating extension runs on all requests" class="Tests\Unit\Extensions\TracingExtensionTest" classname="Tests.Unit.Extensions.TracingExtensionTest" assertions="1" time="0.004968"/>
        <testcase name="`TracingExtension` → `Happy Paths` → isErrorFatal returns false indicating tracing errors should not fail requests" file="tests/Unit/Extensions/TracingExtensionTest.php::`TracingExtension` → `Happy Paths` → isErrorFatal returns false indicating tracing errors should not fail requests" class="Tests\Unit\Extensions\TracingExtensionTest" classname="Tests.Unit.Extensions.TracingExtensionTest" assertions="1" time="0.004518"/>
        <testcase name="`TracingExtension` → `Happy Paths` → getSubscribedEvents returns correct event configuration" file="tests/Unit/Extensions/TracingExtensionTest.php::`TracingExtension` → `Happy Paths` → getSubscribedEvents returns correct event configuration" class="Tests\Unit\Extensions\TracingExtensionTest" classname="Tests.Unit.Extensions.TracingExtensionTest" assertions="4" time="0.004324"/>
        <testcase name="`TracingExtension` → `Happy Paths` → onExecutingFunction initializes context from extension options" file="tests/Unit/Extensions/TracingExtensionTest.php::`TracingExtension` → `Happy Paths` → onExecutingFunction initializes context from extension options" class="Tests\Unit\Extensions\TracingExtensionTest" classname="Tests.Unit.Extensions.TracingExtensionTest" assertions="1" time="0.004638"/>
        <testcase name="`TracingExtension` → `Happy Paths` → onFunctionExecuted enriches response with trace metadata and duration" file="tests/Unit/Extensions/TracingExtensionTest.php::`TracingExtension` → `Happy Paths` → onFunctionExecuted enriches response with trace metadata and duration" class="Tests\Unit\Extensions\TracingExtensionTest" classname="Tests.Unit.Extensions.TracingExtensionTest" assertions="9" time="0.004581"/>
        <testcase name="`TracingExtension` → `Happy Paths` → onFunctionExecuted calculates duration between executing and executed events" file="tests/Unit/Extensions/TracingExtensionTest.php::`TracingExtension` → `Happy Paths` → onFunctionExecuted calculates duration between executing and executed events" class="Tests\Unit\Extensions\TracingExtensionTest" classname="Tests.Unit.Extensions.TracingExtensionTest" assertions="2" time="0.005878"/>
        <testcase name="`TracingExtension` → `Happy Paths` → onFunctionExecuted resets context after enriching response" file="tests/Unit/Extensions/TracingExtensionTest.php::`TracingExtension` → `Happy Paths` → onFunctionExecuted resets context after enriching response" class="Tests\Unit\Extensions\TracingExtensionTest" classname="Tests.Unit.Extensions.TracingExtensionTest" assertions="1" time="0.005086"/>
        <testcase name="`TracingExtension` → `Happy Paths` → onExecutingFunction captures high-resolution start time" file="tests/Unit/Extensions/TracingExtensionTest.php::`TracingExtension` → `Happy Paths` → onExecutingFunction captures high-resolution start time" class="Tests\Unit\Extensions\TracingExtensionTest" classname="Tests.Unit.Extensions.TracingExtensionTest" assertions="1" time="0.004806"/>
        <testcase name="`TracingExtension` → `Happy Paths` → onExecutingFunction with baggage preserves context through lifecycle" file="tests/Unit/Extensions/TracingExtensionTest.php::`TracingExtension` → `Happy Paths` → onExecutingFunction with baggage preserves context through lifecycle" class="Tests\Unit\Extensions\TracingExtensionTest" classname="Tests.Unit.Extensions.TracingExtensionTest" assertions="1" time="0.004520"/>
        <testcase name="`TracingExtension` → `Happy Paths` → onExecutingFunction generates trace ID when not provided in options" file="tests/Unit/Extensions/TracingExtensionTest.php::`TracingExtension` → `Happy Paths` → onExecutingFunction generates trace ID when not provided in options" class="Tests\Unit\Extensions\TracingExtensionTest" classname="Tests.Unit.Extensions.TracingExtensionTest" assertions="1" time="0.008809"/>
        <testcase name="`TracingExtension` → `Happy Paths` → onExecutingFunction uses client span as parent span in context" file="tests/Unit/Extensions/TracingExtensionTest.php::`TracingExtension` → `Happy Paths` → onExecutingFunction uses client span as parent span in context" class="Tests\Unit\Extensions\TracingExtensionTest" classname="Tests.Unit.Extensions.TracingExtensionTest" assertions="2" time="0.004657"/>
        <testcase name="`TracingExtension` → `Edge Cases` → getTraceId handles null options" file="tests/Unit/Extensions/TracingExtensionTest.php::`TracingExtension` → `Edge Cases` → getTraceId handles null options" class="Tests\Unit\Extensions\TracingExtensionTest" classname="Tests.Unit.Extensions.TracingExtensionTest" assertions="1" time="0.004639"/>
        <testcase name="`TracingExtension` → `Edge Cases` → getSpanId handles null options" file="tests/Unit/Extensions/TracingExtensionTest.php::`TracingExtension` → `Edge Cases` → getSpanId handles null options" class="Tests\Unit\Extensions\TracingExtensionTest" classname="Tests.Unit.Extensions.TracingExtensionTest" assertions="1" time="0.004615"/>
        <testcase name="`TracingExtension` → `Edge Cases` → getParentSpanId handles null options" file="tests/Unit/Extensions/TracingExtensionTest.php::`TracingExtension` → `Edge Cases` → getParentSpanId handles null options" class="Tests\Unit\Extensions\TracingExtensionTest" classname="Tests.Unit.Extensions.TracingExtensionTest" assertions="1" time="0.005038"/>
        <testcase name="`TracingExtension` → `Edge Cases` → getBaggage handles null options" file="tests/Unit/Extensions/TracingExtensionTest.php::`TracingExtension` → `Edge Cases` → getBaggage handles null options" class="Tests\Unit\Extensions\TracingExtensionTest" classname="Tests.Unit.Extensions.TracingExtensionTest" assertions="1" time="0.004600"/>
        <testcase name="`TracingExtension` → `Edge Cases` → generateSpanId with empty prefix" file="tests/Unit/Extensions/TracingExtensionTest.php::`TracingExtension` → `Edge Cases` → generateSpanId with empty prefix" class="Tests\Unit\Extensions\TracingExtensionTest" classname="Tests.Unit.Extensions.TracingExtensionTest" assertions="2" time="0.004789"/>
        <testcase name="`TracingExtension` → `Edge Cases` → buildDownstreamContext without baggage" file="tests/Unit/Extensions/TracingExtensionTest.php::`TracingExtension` → `Edge Cases` → buildDownstreamContext without baggage" class="Tests\Unit\Extensions\TracingExtensionTest" classname="Tests.Unit.Extensions.TracingExtensionTest" assertions="1" time="0.005135"/>
        <testcase name="`TracingExtension` → `Edge Cases` → buildDownstreamContext with empty baggage" file="tests/Unit/Extensions/TracingExtensionTest.php::`TracingExtension` → `Edge Cases` → buildDownstreamContext with empty baggage" class="Tests\Unit\Extensions\TracingExtensionTest" classname="Tests.Unit.Extensions.TracingExtensionTest" assertions="2" time="0.004829"/>
        <testcase name="`TracingExtension` → `Edge Cases` → enrichResponse appends to existing extensions" file="tests/Unit/Extensions/TracingExtensionTest.php::`TracingExtension` → `Edge Cases` → enrichResponse appends to existing extensions" class="Tests\Unit\Extensions\TracingExtensionTest" classname="Tests.Unit.Extensions.TracingExtensionTest" assertions="3" time="0.004467"/>
        <testcase name="`TracingExtension` → `Edge Cases` → enrichResponse preserves response data" file="tests/Unit/Extensions/TracingExtensionTest.php::`TracingExtension` → `Edge Cases` → enrichResponse preserves response data" class="Tests\Unit\Extensions\TracingExtensionTest" classname="Tests.Unit.Extensions.TracingExtensionTest" assertions="2" time="0.004402"/>
        <testcase name="`TracingExtension` → `Edge Cases` → buildResponseData with zero duration" file="tests/Unit/Extensions/TracingExtensionTest.php::`TracingExtension` → `Edge Cases` → buildResponseData with zero duration" class="Tests\Unit\Extensions\TracingExtensionTest" classname="Tests.Unit.Extensions.TracingExtensionTest" assertions="1" time="0.004477"/>
        <testcase name="`TracingExtension` → `Edge Cases` → extractOrCreateContext with all options provided" file="tests/Unit/Extensions/TracingExtensionTest.php::`TracingExtension` → `Edge Cases` → extractOrCreateContext with all options provided" class="Tests\Unit\Extensions\TracingExtensionTest" classname="Tests.Unit.Extensions.TracingExtensionTest" assertions="4" time="0.004495"/>
        <testcase name="`TracingExtension` → `Edge Cases` → extractOrCreateContext with no options creates new context" file="tests/Unit/Extensions/TracingExtensionTest.php::`TracingExtension` → `Edge Cases` → extractOrCreateContext with no options creates new context" class="Tests\Unit\Extensions\TracingExtensionTest" classname="Tests.Unit.Extensions.TracingExtensionTest" assertions="4" time="0.004208"/>
        <testcase name="`TracingExtension` → `Edge Cases` → generateTraceId format is valid hex" file="tests/Unit/Extensions/TracingExtensionTest.php::`TracingExtension` → `Edge Cases` → generateTraceId format is valid hex" class="Tests\Unit\Extensions\TracingExtensionTest" classname="Tests.Unit.Extensions.TracingExtensionTest" assertions="1" time="0.004013"/>
        <testcase name="`TracingExtension` → `Edge Cases` → generateSpanId format is valid with prefix" file="tests/Unit/Extensions/TracingExtensionTest.php::`TracingExtension` → `Edge Cases` → generateSpanId format is valid with prefix" class="Tests\Unit\Extensions\TracingExtensionTest" classname="Tests.Unit.Extensions.TracingExtensionTest" assertions="1" time="0.005573"/>
        <testcase name="`TracingExtension` → `Sad Paths` → onFunctionExecuted does nothing when context is null" file="tests/Unit/Extensions/TracingExtensionTest.php::`TracingExtension` → `Sad Paths` → onFunctionExecuted does nothing when context is null" class="Tests\Unit\Extensions\TracingExtensionTest" classname="Tests.Unit.Extensions.TracingExtensionTest" assertions="1" time="0.004984"/>
        <testcase name="`TracingExtension` → `Sad Paths` → onFunctionExecuted handles response with existing errors" file="tests/Unit/Extensions/TracingExtensionTest.php::`TracingExtension` → `Sad Paths` → onFunctionExecuted handles response with existing errors" class="Tests\Unit\Extensions\TracingExtensionTest" classname="Tests.Unit.Extensions.TracingExtensionTest" assertions="3" time="0.004740"/>
        <testcase name="`TracingExtension` → `Sad Paths` → enrichResponse with very large duration" file="tests/Unit/Extensions/TracingExtensionTest.php::`TracingExtension` → `Sad Paths` → enrichResponse with very large duration" class="Tests\Unit\Extensions\TracingExtensionTest" classname="Tests.Unit.Extensions.TracingExtensionTest" assertions="1" time="0.004590"/>
        <testcase name="`TracingExtension` → `Sad Paths` → buildDownstreamContext propagates trace through multiple hops" file="tests/Unit/Extensions/TracingExtensionTest.php::`TracingExtension` → `Sad Paths` → buildDownstreamContext propagates trace through multiple hops" class="Tests\Unit\Extensions\TracingExtensionTest" classname="Tests.Unit.Extensions.TracingExtensionTest" assertions="6" time="0.004640"/>
        <testcase name="`TracingExtension` → `Sad Paths` → buildDownstreamContext with complex baggage" file="tests/Unit/Extensions/TracingExtensionTest.php::`TracingExtension` → `Sad Paths` → buildDownstreamContext with complex baggage" class="Tests\Unit\Extensions\TracingExtensionTest" classname="Tests.Unit.Extensions.TracingExtensionTest" assertions="2" time="0.004257"/>
        <testcase name="`TracingExtension` → `Sad Paths` → extractOrCreateContext when client provides incomplete trace" file="tests/Unit/Extensions/TracingExtensionTest.php::`TracingExtension` → `Sad Paths` → extractOrCreateContext when client provides incomplete trace" class="Tests\Unit\Extensions\TracingExtensionTest" classname="Tests.Unit.Extensions.TracingExtensionTest" assertions="2" time="0.004608"/>
        <testcase name="`TracingExtension` → `Sad Paths` → extractOrCreateContext generates different server spans" file="tests/Unit/Extensions/TracingExtensionTest.php::`TracingExtension` → `Sad Paths` → extractOrCreateContext generates different server spans" class="Tests\Unit\Extensions\TracingExtensionTest" classname="Tests.Unit.Extensions.TracingExtensionTest" assertions="3" time="0.004736"/>
        <testcase name="`TracingExtension` → `Sad Paths` → enrichResponse maintains baggage context across services" file="tests/Unit/Extensions/TracingExtensionTest.php::`TracingExtension` → `Sad Paths` → enrichResponse maintains baggage context across services" class="Tests\Unit\Extensions\TracingExtensionTest" classname="Tests.Unit.Extensions.TracingExtensionTest" assertions="3" time="0.004937"/>
      </testsuite>
      <testsuite name="Tests\Unit\Facades\ServerTest" file="tests/Unit/Facades/ServerTest.php" tests="6" assertions="6" errors="0" failures="0" skipped="0" time="0.037674">
        <testcase name="`Server Facade` → `Happy Paths` → retrieves the function repository" file="tests/Unit/Facades/ServerTest.php::`Server Facade` → `Happy Paths` → retrieves the function repository" class="Tests\Unit\Facades\ServerTest" classname="Tests.Unit.Facades.ServerTest" assertions="1" time="0.018001"/>
        <testcase name="`Server Facade` → `Happy Paths` → retrieves middleware" file="tests/Unit/Facades/ServerTest.php::`Server Facade` → `Happy Paths` → retrieves middleware" class="Tests\Unit\Facades\ServerTest" classname="Tests.Unit.Facades.ServerTest" assertions="1" time="0.004085"/>
        <testcase name="`Server Facade` → `Happy Paths` → retrieves the name" file="tests/Unit/Facades/ServerTest.php::`Server Facade` → `Happy Paths` → retrieves the name" class="Tests\Unit\Facades\ServerTest" classname="Tests.Unit.Facades.ServerTest" assertions="1" time="0.003837"/>
        <testcase name="`Server Facade` → `Happy Paths` → retrieves the route name" file="tests/Unit/Facades/ServerTest.php::`Server Facade` → `Happy Paths` → retrieves the route name" class="Tests\Unit\Facades\ServerTest" classname="Tests.Unit.Facades.ServerTest" assertions="1" time="0.003885"/>
        <testcase name="`Server Facade` → `Happy Paths` → retrieves the route path" file="tests/Unit/Facades/ServerTest.php::`Server Facade` → `Happy Paths` → retrieves the route path" class="Tests\Unit\Facades\ServerTest" classname="Tests.Unit.Facades.ServerTest" assertions="1" time="0.003882"/>
        <testcase name="`Server Facade` → `Happy Paths` → retrieves the version" file="tests/Unit/Facades/ServerTest.php::`Server Facade` → `Happy Paths` → retrieves the version" class="Tests\Unit\Facades\ServerTest" classname="Tests.Unit.Facades.ServerTest" assertions="1" time="0.003984"/>
      </testsuite>
      <testsuite name="Tests\Unit\FunctionConditionCoverageTest" file="tests/Unit/FunctionConditionCoverageTest.php" tests="3" assertions="12" errors="0" failures="1" skipped="0" time="0.014306">
        <testcase name="`Function Condition Coverage` → covers the false branch of the function definition guard" file="tests/Unit/FunctionConditionCoverageTest.php::`Function Condition Coverage` → covers the false branch of the function definition guard" class="Tests\Unit\FunctionConditionCoverageTest" classname="Tests.Unit.FunctionConditionCoverageTest" assertions="2" time="0.005519"/>
        <testcase name="`Function Condition Coverage` → simulates all possible condition states for complete coverage" file="tests/Unit/FunctionConditionCoverageTest.php::`Function Condition Coverage` → simulates all possible condition states for complete coverage" class="Tests\Unit\FunctionConditionCoverageTest" classname="Tests.Unit.FunctionConditionCoverageTest" assertions="6" time="0.004409"/>
        <testcase name="`Function Condition Coverage` → verifies guard clause prevents actual redefinition" file="tests/Unit/FunctionConditionCoverageTest.php::`Function Condition Coverage` → verifies guard clause prevents actual redefinition" class="Tests\Unit\FunctionConditionCoverageTest" classname="Tests.Unit.FunctionConditionCoverageTest" assertions="4" time="0.004378">
          <failure type="PHPUnit\Framework\ExpectationFailedException">`Function Condition Coverage` → verifies guard clause prevents actual redefinitionFailed asserting that 5 is identical to 4.
at tests/Unit/FunctionConditionCoverageTest.php:112</failure>
        </testcase>
      </testsuite>
      <testsuite name="Tests\Unit\Functions\AbstractFunctionTest" file="tests/Unit/Functions/AbstractFunctionTest.php" tests="50" assertions="106" errors="0" failures="0" skipped="0" time="0.243694">
        <testcase name="`AbstractFunction` → `Happy Paths` → `getName()` → generates function name from class name in snake_case format" file="tests/Unit/Functions/AbstractFunctionTest.php::`AbstractFunction` → `Happy Paths` → `getName()` → generates function name from class name in snake_case format" class="Tests\Unit\Functions\AbstractFunctionTest" classname="Tests.Unit.Functions.AbstractFunctionTest" assertions="1" time="0.004789"/>
        <testcase name="`AbstractFunction` → `Happy Paths` → `getName()` → converts multi-word class names to snake_case correctly" file="tests/Unit/Functions/AbstractFunctionTest.php::`AbstractFunction` → `Happy Paths` → `getName()` → converts multi-word class names to snake_case correctly" class="Tests\Unit\Functions\AbstractFunctionTest" classname="Tests.Unit.Functions.AbstractFunctionTest" assertions="1" time="0.004195"/>
        <testcase name="`AbstractFunction` → `Happy Paths` → `getName()` → handles single-word class names correctly" file="tests/Unit/Functions/AbstractFunctionTest.php::`AbstractFunction` → `Happy Paths` → `getName()` → handles single-word class names correctly" class="Tests\Unit\Functions\AbstractFunctionTest" classname="Tests.Unit.Functions.AbstractFunctionTest" assertions="1" time="0.004494"/>
        <testcase name="`AbstractFunction` → `Happy Paths` → `getName()` → can be overridden to provide custom function names" file="tests/Unit/Functions/AbstractFunctionTest.php::`AbstractFunction` → `Happy Paths` → `getName()` → can be overridden to provide custom function names" class="Tests\Unit\Functions\AbstractFunctionTest" classname="Tests.Unit.Functions.AbstractFunctionTest" assertions="1" time="0.004272"/>
        <testcase name="`AbstractFunction` → `Happy Paths` → `getName()` → always prefixes auto-generated names with app namespace" file="tests/Unit/Functions/AbstractFunctionTest.php::`AbstractFunction` → `Happy Paths` → `getName()` → always prefixes auto-generated names with app namespace" class="Tests\Unit\Functions\AbstractFunctionTest" classname="Tests.Unit.Functions.AbstractFunctionTest" assertions="1" time="0.004023"/>
        <testcase name="`AbstractFunction` → `Happy Paths` → `getVersion()` → returns default version 1" file="tests/Unit/Functions/AbstractFunctionTest.php::`AbstractFunction` → `Happy Paths` → `getVersion()` → returns default version 1" class="Tests\Unit\Functions\AbstractFunctionTest" classname="Tests.Unit.Functions.AbstractFunctionTest" assertions="1" time="0.004127"/>
        <testcase name="`AbstractFunction` → `Happy Paths` → `getVersion()` → can be overridden to provide custom version" file="tests/Unit/Functions/AbstractFunctionTest.php::`AbstractFunction` → `Happy Paths` → `getVersion()` → can be overridden to provide custom version" class="Tests\Unit\Functions\AbstractFunctionTest" classname="Tests.Unit.Functions.AbstractFunctionTest" assertions="1" time="0.004057"/>
        <testcase name="`AbstractFunction` → `Happy Paths` → `getSummary()` → returns function name by default" file="tests/Unit/Functions/AbstractFunctionTest.php::`AbstractFunction` → `Happy Paths` → `getSummary()` → returns function name by default" class="Tests\Unit\Functions\AbstractFunctionTest" classname="Tests.Unit.Functions.AbstractFunctionTest" assertions="2" time="0.003925"/>
        <testcase name="`AbstractFunction` → `Happy Paths` → `getSummary()` → can be overridden to provide custom summaries" file="tests/Unit/Functions/AbstractFunctionTest.php::`AbstractFunction` → `Happy Paths` → `getSummary()` → can be overridden to provide custom summaries" class="Tests\Unit\Functions\AbstractFunctionTest" classname="Tests.Unit.Functions.AbstractFunctionTest" assertions="2" time="0.004008"/>
        <testcase name="`AbstractFunction` → `Happy Paths` → `getSummary()` → returns string type summary" file="tests/Unit/Functions/AbstractFunctionTest.php::`AbstractFunction` → `Happy Paths` → `getSummary()` → returns string type summary" class="Tests\Unit\Functions\AbstractFunctionTest" classname="Tests.Unit.Functions.AbstractFunctionTest" assertions="1" time="0.003928"/>
        <testcase name="`AbstractFunction` → `Happy Paths` → `getArguments()` → returns empty array by default" file="tests/Unit/Functions/AbstractFunctionTest.php::`AbstractFunction` → `Happy Paths` → `getArguments()` → returns empty array by default" class="Tests\Unit\Functions\AbstractFunctionTest" classname="Tests.Unit.Functions.AbstractFunctionTest" assertions="2" time="0.004062"/>
        <testcase name="`AbstractFunction` → `Happy Paths` → `getArguments()` → can be overridden to define function arguments" file="tests/Unit/Functions/AbstractFunctionTest.php::`AbstractFunction` → `Happy Paths` → `getArguments()` → can be overridden to define function arguments" class="Tests\Unit\Functions\AbstractFunctionTest" classname="Tests.Unit.Functions.AbstractFunctionTest" assertions="4" time="0.004448"/>
        <testcase name="`AbstractFunction` → `Happy Paths` → `getArguments()` → returns ArgumentData instances for Forrst Discovery compatibility" file="tests/Unit/Functions/AbstractFunctionTest.php::`AbstractFunction` → `Happy Paths` → `getArguments()` → returns ArgumentData instances for Forrst Discovery compatibility" class="Tests\Unit\Functions\AbstractFunctionTest" classname="Tests.Unit.Functions.AbstractFunctionTest" assertions="4" time="0.004074"/>
        <testcase name="`AbstractFunction` → `Happy Paths` → `getResult()` → returns null by default" file="tests/Unit/Functions/AbstractFunctionTest.php::`AbstractFunction` → `Happy Paths` → `getResult()` → returns null by default" class="Tests\Unit\Functions\AbstractFunctionTest" classname="Tests.Unit.Functions.AbstractFunctionTest" assertions="1" time="0.004138"/>
        <testcase name="`AbstractFunction` → `Happy Paths` → `getResult()` → can be overridden to define result descriptor" file="tests/Unit/Functions/AbstractFunctionTest.php::`AbstractFunction` → `Happy Paths` → `getResult()` → can be overridden to define result descriptor" class="Tests\Unit\Functions\AbstractFunctionTest" classname="Tests.Unit.Functions.AbstractFunctionTest" assertions="2" time="0.010039"/>
        <testcase name="`AbstractFunction` → `Happy Paths` → `getResult()` → returns ResultDescriptorData with schema definition" file="tests/Unit/Functions/AbstractFunctionTest.php::`AbstractFunction` → `Happy Paths` → `getResult()` → returns ResultDescriptorData with schema definition" class="Tests\Unit\Functions\AbstractFunctionTest" classname="Tests.Unit.Functions.AbstractFunctionTest" assertions="5" time="0.004833"/>
        <testcase name="`AbstractFunction` → `Happy Paths` → `getErrors()` → returns empty array by default" file="tests/Unit/Functions/AbstractFunctionTest.php::`AbstractFunction` → `Happy Paths` → `getErrors()` → returns empty array by default" class="Tests\Unit\Functions\AbstractFunctionTest" classname="Tests.Unit.Functions.AbstractFunctionTest" assertions="2" time="0.004120"/>
        <testcase name="`AbstractFunction` → `Happy Paths` → `getErrors()` → can be overridden to define error descriptors" file="tests/Unit/Functions/AbstractFunctionTest.php::`AbstractFunction` → `Happy Paths` → `getErrors()` → can be overridden to define error descriptors" class="Tests\Unit\Functions\AbstractFunctionTest" classname="Tests.Unit.Functions.AbstractFunctionTest" assertions="2" time="0.003812"/>
        <testcase name="`AbstractFunction` → `Happy Paths` → `getErrors()` → returns error arrays with string-based codes for Forrst compatibility" file="tests/Unit/Functions/AbstractFunctionTest.php::`AbstractFunction` → `Happy Paths` → `getErrors()` → returns error arrays with string-based codes for Forrst compatibility" class="Tests\Unit\Functions\AbstractFunctionTest" classname="Tests.Unit.Functions.AbstractFunctionTest" assertions="6" time="0.004766"/>
        <testcase name="`AbstractFunction` → `Happy Paths` → `setRequest()` → stores request object for later access" file="tests/Unit/Functions/AbstractFunctionTest.php::`AbstractFunction` → `Happy Paths` → `setRequest()` → stores request object for later access" class="Tests\Unit\Functions\AbstractFunctionTest" classname="Tests.Unit.Functions.AbstractFunctionTest" assertions="3" time="0.005014"/>
        <testcase name="`AbstractFunction` → `Happy Paths` → `setRequest()` → accepts request with null arguments" file="tests/Unit/Functions/AbstractFunctionTest.php::`AbstractFunction` → `Happy Paths` → `setRequest()` → accepts request with null arguments" class="Tests\Unit\Functions\AbstractFunctionTest" classname="Tests.Unit.Functions.AbstractFunctionTest" assertions="1" time="0.004905"/>
        <testcase name="`AbstractFunction` → `Happy Paths` → `setRequest()` → accepts request with nested arguments structure" file="tests/Unit/Functions/AbstractFunctionTest.php::`AbstractFunction` → `Happy Paths` → `setRequest()` → accepts request with nested arguments structure" class="Tests\Unit\Functions\AbstractFunctionTest" classname="Tests.Unit.Functions.AbstractFunctionTest" assertions="2" time="0.005326"/>
        <testcase name="`AbstractFunction` → `Happy Paths` → `FunctionInterface implementation` → implements FunctionInterface contract" file="tests/Unit/Functions/AbstractFunctionTest.php::`AbstractFunction` → `Happy Paths` → `FunctionInterface implementation` → implements FunctionInterface contract" class="Tests\Unit\Functions\AbstractFunctionTest" classname="Tests.Unit.Functions.AbstractFunctionTest" assertions="1" time="0.004711"/>
        <testcase name="`AbstractFunction` → `Happy Paths` → `FunctionInterface implementation` → provides all required FunctionInterface methods" file="tests/Unit/Functions/AbstractFunctionTest.php::`AbstractFunction` → `Happy Paths` → `FunctionInterface implementation` → provides all required FunctionInterface methods" class="Tests\Unit\Functions\AbstractFunctionTest" classname="Tests.Unit.Functions.AbstractFunctionTest" assertions="8" time="0.004422"/>
        <testcase name="`AbstractFunction` → `Sad Paths` → `getName() error handling` → handles empty class name suffix gracefully" file="tests/Unit/Functions/AbstractFunctionTest.php::`AbstractFunction` → `Sad Paths` → `getName() error handling` → handles empty class name suffix gracefully" class="Tests\Unit\Functions\AbstractFunctionTest" classname="Tests.Unit.Functions.AbstractFunctionTest" assertions="2" time="0.005227"/>
        <testcase name="`AbstractFunction` → `Sad Paths` → `setRequest() validation` → allows overwriting previous request object" file="tests/Unit/Functions/AbstractFunctionTest.php::`AbstractFunction` → `Sad Paths` → `setRequest() validation` → allows overwriting previous request object" class="Tests\Unit\Functions\AbstractFunctionTest" classname="Tests.Unit.Functions.AbstractFunctionTest" assertions="2" time="0.005117"/>
        <testcase name="`AbstractFunction` → `Edge Cases` → `getName() with special characters` → handles uppercase acronyms in class names" file="tests/Unit/Functions/AbstractFunctionTest.php::`AbstractFunction` → `Edge Cases` → `getName() with special characters` → handles uppercase acronyms in class names" class="Tests\Unit\Functions\AbstractFunctionTest" classname="Tests.Unit.Functions.AbstractFunctionTest" assertions="2" time="0.004691"/>
        <testcase name="`AbstractFunction` → `Edge Cases` → `getName() with special characters` → handles consecutive uppercase letters" file="tests/Unit/Functions/AbstractFunctionTest.php::`AbstractFunction` → `Edge Cases` → `getName() with special characters` → handles consecutive uppercase letters" class="Tests\Unit\Functions\AbstractFunctionTest" classname="Tests.Unit.Functions.AbstractFunctionTest" assertions="2" time="0.004060"/>
        <testcase name="`AbstractFunction` → `Edge Cases` → `getArguments() edge cases` → handles empty arguments array definition" file="tests/Unit/Functions/AbstractFunctionTest.php::`AbstractFunction` → `Edge Cases` → `getArguments() edge cases` → handles empty arguments array definition" class="Tests\Unit\Functions\AbstractFunctionTest" classname="Tests.Unit.Functions.AbstractFunctionTest" assertions="2" time="0.004199"/>
        <testcase name="`AbstractFunction` → `Edge Cases` → `getArguments() edge cases` → handles large number of arguments" file="tests/Unit/Functions/AbstractFunctionTest.php::`AbstractFunction` → `Edge Cases` → `getArguments() edge cases` → handles large number of arguments" class="Tests\Unit\Functions\AbstractFunctionTest" classname="Tests.Unit.Functions.AbstractFunctionTest" assertions="3" time="0.005019"/>
        <testcase name="`AbstractFunction` → `Edge Cases` → `getErrors() edge cases` → handles single error definition" file="tests/Unit/Functions/AbstractFunctionTest.php::`AbstractFunction` → `Edge Cases` → `getErrors() edge cases` → handles single error definition" class="Tests\Unit\Functions\AbstractFunctionTest" classname="Tests.Unit.Functions.AbstractFunctionTest" assertions="2" time="0.005386"/>
        <testcase name="`AbstractFunction` → `Edge Cases` → `getErrors() edge cases` → handles many error definitions" file="tests/Unit/Functions/AbstractFunctionTest.php::`AbstractFunction` → `Edge Cases` → `getErrors() edge cases` → handles many error definitions" class="Tests\Unit\Functions\AbstractFunctionTest" classname="Tests.Unit.Functions.AbstractFunctionTest" assertions="3" time="0.005420"/>
        <testcase name="`AbstractFunction` → `Edge Cases` → `setRequest() with various request types` → handles request with standard id" file="tests/Unit/Functions/AbstractFunctionTest.php::`AbstractFunction` → `Edge Cases` → `setRequest() with various request types` → handles request with standard id" class="Tests\Unit\Functions\AbstractFunctionTest" classname="Tests.Unit.Functions.AbstractFunctionTest" assertions="1" time="0.004997"/>
        <testcase name="`AbstractFunction` → `Edge Cases` → `setRequest() with various request types` → handles request with string id" file="tests/Unit/Functions/AbstractFunctionTest.php::`AbstractFunction` → `Edge Cases` → `setRequest() with various request types` → handles request with string id" class="Tests\Unit\Functions\AbstractFunctionTest" classname="Tests.Unit.Functions.AbstractFunctionTest" assertions="2" time="0.004901"/>
        <testcase name="`AbstractFunction` → `Edge Cases` → `setRequest() with various request types` → handles request with numeric-like string id" file="tests/Unit/Functions/AbstractFunctionTest.php::`AbstractFunction` → `Edge Cases` → `setRequest() with various request types` → handles request with numeric-like string id" class="Tests\Unit\Functions\AbstractFunctionTest" classname="Tests.Unit.Functions.AbstractFunctionTest" assertions="2" time="0.004844"/>
        <testcase name="`AbstractFunction` → `Edge Cases` → `setRequest() with various request types` → handles request with complex arguments array" file="tests/Unit/Functions/AbstractFunctionTest.php::`AbstractFunction` → `Edge Cases` → `setRequest() with various request types` → handles request with complex arguments array" class="Tests\Unit\Functions\AbstractFunctionTest" classname="Tests.Unit.Functions.AbstractFunctionTest" assertions="3" time="0.005106"/>
        <testcase name="`AbstractFunction` → `Edge Cases` → `method chaining scenarios` → allows setting request before calling getName" file="tests/Unit/Functions/AbstractFunctionTest.php::`AbstractFunction` → `Edge Cases` → `method chaining scenarios` → allows setting request before calling getName" class="Tests\Unit\Functions\AbstractFunctionTest" classname="Tests.Unit.Functions.AbstractFunctionTest" assertions="1" time="0.004980"/>
        <testcase name="`AbstractFunction` → `Edge Cases` → `method chaining scenarios` → getName remains consistent after setRequest" file="tests/Unit/Functions/AbstractFunctionTest.php::`AbstractFunction` → `Edge Cases` → `method chaining scenarios` → getName remains consistent after setRequest" class="Tests\Unit\Functions\AbstractFunctionTest" classname="Tests.Unit.Functions.AbstractFunctionTest" assertions="2" time="0.005246"/>
        <testcase name="`AbstractFunction` → `Trait Integration` → `InteractsWithAuthentication trait` → includes InteractsWithAuthentication trait" file="tests/Unit/Functions/AbstractFunctionTest.php::`AbstractFunction` → `Trait Integration` → `InteractsWithAuthentication trait` → includes InteractsWithAuthentication trait" class="Tests\Unit\Functions\AbstractFunctionTest" classname="Tests.Unit.Functions.AbstractFunctionTest" assertions="1" time="0.004896"/>
        <testcase name="`AbstractFunction` → `Trait Integration` → `InteractsWithAuthentication trait` → provides getCurrentUser method from trait" file="tests/Unit/Functions/AbstractFunctionTest.php::`AbstractFunction` → `Trait Integration` → `InteractsWithAuthentication trait` → provides getCurrentUser method from trait" class="Tests\Unit\Functions\AbstractFunctionTest" classname="Tests.Unit.Functions.AbstractFunctionTest" assertions="1" time="0.005005"/>
        <testcase name="`AbstractFunction` → `Trait Integration` → `InteractsWithQueryBuilder trait` → includes InteractsWithQueryBuilder trait" file="tests/Unit/Functions/AbstractFunctionTest.php::`AbstractFunction` → `Trait Integration` → `InteractsWithQueryBuilder trait` → includes InteractsWithQueryBuilder trait" class="Tests\Unit\Functions\AbstractFunctionTest" classname="Tests.Unit.Functions.AbstractFunctionTest" assertions="1" time="0.004373"/>
        <testcase name="`AbstractFunction` → `Trait Integration` → `InteractsWithQueryBuilder trait` → provides query method from trait" file="tests/Unit/Functions/AbstractFunctionTest.php::`AbstractFunction` → `Trait Integration` → `InteractsWithQueryBuilder trait` → provides query method from trait" class="Tests\Unit\Functions\AbstractFunctionTest" classname="Tests.Unit.Functions.AbstractFunctionTest" assertions="1" time="0.009342"/>
        <testcase name="`AbstractFunction` → `Trait Integration` → `InteractsWithTransformer trait` → includes InteractsWithTransformer trait" file="tests/Unit/Functions/AbstractFunctionTest.php::`AbstractFunction` → `Trait Integration` → `InteractsWithTransformer trait` → includes InteractsWithTransformer trait" class="Tests\Unit\Functions\AbstractFunctionTest" classname="Tests.Unit.Functions.AbstractFunctionTest" assertions="1" time="0.005050"/>
        <testcase name="`AbstractFunction` → `Trait Integration` → `InteractsWithTransformer trait` → provides item method from trait" file="tests/Unit/Functions/AbstractFunctionTest.php::`AbstractFunction` → `Trait Integration` → `InteractsWithTransformer trait` → provides item method from trait" class="Tests\Unit\Functions\AbstractFunctionTest" classname="Tests.Unit.Functions.AbstractFunctionTest" assertions="1" time="0.005496"/>
        <testcase name="`AbstractFunction` → `Trait Integration` → `InteractsWithTransformer trait` → provides collection method from trait" file="tests/Unit/Functions/AbstractFunctionTest.php::`AbstractFunction` → `Trait Integration` → `InteractsWithTransformer trait` → provides collection method from trait" class="Tests\Unit\Functions\AbstractFunctionTest" classname="Tests.Unit.Functions.AbstractFunctionTest" assertions="1" time="0.004946"/>
        <testcase name="`AbstractFunction` → `Trait Integration` → `InteractsWithTransformer trait` → provides cursorPaginate method from trait" file="tests/Unit/Functions/AbstractFunctionTest.php::`AbstractFunction` → `Trait Integration` → `InteractsWithTransformer trait` → provides cursorPaginate method from trait" class="Tests\Unit\Functions\AbstractFunctionTest" classname="Tests.Unit.Functions.AbstractFunctionTest" assertions="1" time="0.004845"/>
        <testcase name="`AbstractFunction` → `Trait Integration` → `InteractsWithTransformer trait` → provides paginate method from trait" file="tests/Unit/Functions/AbstractFunctionTest.php::`AbstractFunction` → `Trait Integration` → `InteractsWithTransformer trait` → provides paginate method from trait" class="Tests\Unit\Functions\AbstractFunctionTest" classname="Tests.Unit.Functions.AbstractFunctionTest" assertions="1" time="0.004738"/>
        <testcase name="`AbstractFunction` → `Trait Integration` → `InteractsWithTransformer trait` → provides simplePaginate method from trait" file="tests/Unit/Functions/AbstractFunctionTest.php::`AbstractFunction` → `Trait Integration` → `InteractsWithTransformer trait` → provides simplePaginate method from trait" class="Tests\Unit\Functions\AbstractFunctionTest" classname="Tests.Unit.Functions.AbstractFunctionTest" assertions="1" time="0.005127"/>
        <testcase name="`AbstractFunction` → `Trait Integration` → `all three traits work together` → function has access to all trait methods" file="tests/Unit/Functions/AbstractFunctionTest.php::`AbstractFunction` → `Trait Integration` → `all three traits work together` → function has access to all trait methods" class="Tests\Unit\Functions\AbstractFunctionTest" classname="Tests.Unit.Functions.AbstractFunctionTest" assertions="7" time="0.005032"/>
        <testcase name="`AbstractFunction` → `Trait Integration` → `all three traits work together` → all three traits are present in class hierarchy" file="tests/Unit/Functions/AbstractFunctionTest.php::`AbstractFunction` → `Trait Integration` → `all three traits work together` → all three traits are present in class hierarchy" class="Tests\Unit\Functions\AbstractFunctionTest" classname="Tests.Unit.Functions.AbstractFunctionTest" assertions="5" time="0.005159"/>
      </testsuite>
      <testsuite name="Tests\Unit\Functions\AbstractListFunctionTest" file="tests/Unit/Functions/AbstractListFunctionTest.php" tests="3" assertions="4" errors="1" failures="0" skipped="0" time="0.029026">
        <testcase name="`AbstractListFunction` → creates list method instance" file="tests/Unit/Functions/AbstractListFunctionTest.php::`AbstractListFunction` → creates list method instance" class="Tests\Unit\Functions\AbstractListFunctionTest" classname="Tests.Unit.Functions.AbstractListFunctionTest" assertions="2" time="0.015835"/>
        <testcase name="`AbstractListFunction` → handles list request" file="tests/Unit/Functions/AbstractListFunctionTest.php::`AbstractListFunction` → handles list request" class="Tests\Unit\Functions\AbstractListFunctionTest" classname="Tests.Unit.Functions.AbstractListFunctionTest" assertions="0" time="0.008230">
          <error type="TypeError">`AbstractListFunction` → handles list requestTypeError: Cline\Forrst\Functions\AbstractListFunction::beforePagination(): Argument #1 ($query) must be of type Illuminate\Database\Eloquent\Builder, Cline\Forrst\QueryBuilders\QueryBuilder given, called in /Users/brian/Developer/cline/forrst/src/Functions/AbstractListFunction.php on line 77
at src/Functions/AbstractListFunction.php:168
at src/Functions/AbstractListFunction.php:77
at tests/Unit/Functions/AbstractListFunctionTest.php:44</error>
        </testcase>
        <testcase name="`AbstractListFunction` → gets arguments configuration" file="tests/Unit/Functions/AbstractListFunctionTest.php::`AbstractListFunction` → gets arguments configuration" class="Tests\Unit\Functions\AbstractListFunctionTest" classname="Tests.Unit.Functions.AbstractListFunctionTest" assertions="2" time="0.004960"/>
      </testsuite>
      <testsuite name="Tests\Unit\Functions\Concerns\InteractsWithAuthenticationTest" file="tests/Unit/Functions/Concerns/InteractsWithAuthenticationTest.php" tests="16" assertions="54" errors="0" failures="0" skipped="0" time="0.076778">
        <testcase name="`InteractsWithAuthentication` → `trait existence` → trait exists and can be used" file="tests/Unit/Functions/Concerns/InteractsWithAuthenticationTest.php::`InteractsWithAuthentication` → `trait existence` → trait exists and can be used" class="Tests\Unit\Functions\Concerns\InteractsWithAuthenticationTest" classname="Tests.Unit.Functions.Concerns.InteractsWithAuthenticationTest" assertions="1" time="0.005874"/>
        <testcase name="`InteractsWithAuthentication` → `trait existence` → test class properly uses the trait" file="tests/Unit/Functions/Concerns/InteractsWithAuthenticationTest.php::`InteractsWithAuthentication` → `trait existence` → test class properly uses the trait" class="Tests\Unit\Functions\Concerns\InteractsWithAuthenticationTest" classname="Tests.Unit.Functions.Concerns.InteractsWithAuthenticationTest" assertions="1" time="0.004146"/>
        <testcase name="`InteractsWithAuthentication` → `getCurrentUser() - Happy Path` → returns authenticated user when user is logged in" file="tests/Unit/Functions/Concerns/InteractsWithAuthenticationTest.php::`InteractsWithAuthentication` → `getCurrentUser() - Happy Path` → returns authenticated user when user is logged in" class="Tests\Unit\Functions\Concerns\InteractsWithAuthenticationTest" classname="Tests.Unit.Functions.Concerns.InteractsWithAuthenticationTest" assertions="6" time="0.004791"/>
        <testcase name="`InteractsWithAuthentication` → `getCurrentUser() - Happy Path` → returns different authenticated users based on who is logged in" file="tests/Unit/Functions/Concerns/InteractsWithAuthenticationTest.php::`InteractsWithAuthentication` → `getCurrentUser() - Happy Path` → returns different authenticated users based on who is logged in" class="Tests\Unit\Functions\Concerns\InteractsWithAuthenticationTest" classname="Tests.Unit.Functions.Concerns.InteractsWithAuthenticationTest" assertions="6" time="0.004954"/>
        <testcase name="`InteractsWithAuthentication` → `getCurrentUser() - Happy Path` → returns user with remember token when present" file="tests/Unit/Functions/Concerns/InteractsWithAuthenticationTest.php::`InteractsWithAuthentication` → `getCurrentUser() - Happy Path` → returns user with remember token when present" class="Tests\Unit\Functions\Concerns\InteractsWithAuthenticationTest" classname="Tests.Unit.Functions.Concerns.InteractsWithAuthenticationTest" assertions="4" time="0.004355"/>
        <testcase name="`InteractsWithAuthentication` → `getCurrentUser() - Sad Path` → throws HttpException with 401 when user is not authenticated" file="tests/Unit/Functions/Concerns/InteractsWithAuthenticationTest.php::`InteractsWithAuthentication` → `getCurrentUser() - Sad Path` → throws HttpException with 401 when user is not authenticated" class="Tests\Unit\Functions\Concerns\InteractsWithAuthenticationTest" classname="Tests.Unit.Functions.Concerns.InteractsWithAuthenticationTest" assertions="3" time="0.009263"/>
        <testcase name="`InteractsWithAuthentication` → `getCurrentUser() - Sad Path` → exception has correct status code 401" file="tests/Unit/Functions/Concerns/InteractsWithAuthenticationTest.php::`InteractsWithAuthentication` → `getCurrentUser() - Sad Path` → exception has correct status code 401" class="Tests\Unit\Functions\Concerns\InteractsWithAuthenticationTest" classname="Tests.Unit.Functions.Concerns.InteractsWithAuthenticationTest" assertions="2" time="0.004831"/>
        <testcase name="`InteractsWithAuthentication` → `getCurrentUser() - Sad Path` → exception has correct message &quot;Unauthorized&quot;" file="tests/Unit/Functions/Concerns/InteractsWithAuthenticationTest.php::`InteractsWithAuthentication` → `getCurrentUser() - Sad Path` → exception has correct message &quot;Unauthorized&quot;" class="Tests\Unit\Functions\Concerns\InteractsWithAuthenticationTest" classname="Tests.Unit.Functions.Concerns.InteractsWithAuthenticationTest" assertions="2" time="0.004603"/>
        <testcase name="`InteractsWithAuthentication` → `getCurrentUser() - Sad Path` → does not call auth()-&gt;user() when authentication fails" file="tests/Unit/Functions/Concerns/InteractsWithAuthenticationTest.php::`InteractsWithAuthentication` → `getCurrentUser() - Sad Path` → does not call auth()-&gt;user() when authentication fails" class="Tests\Unit\Functions\Concerns\InteractsWithAuthenticationTest" classname="Tests.Unit.Functions.Concerns.InteractsWithAuthenticationTest" assertions="2" time="0.004186"/>
        <testcase name="`InteractsWithAuthentication` → `getCurrentUser() - Edge Cases` → calls auth() facade methods in correct order" file="tests/Unit/Functions/Concerns/InteractsWithAuthenticationTest.php::`InteractsWithAuthentication` → `getCurrentUser() - Edge Cases` → calls auth() facade methods in correct order" class="Tests\Unit\Functions\Concerns\InteractsWithAuthenticationTest" classname="Tests.Unit.Functions.Concerns.InteractsWithAuthenticationTest" assertions="5" time="0.004126"/>
        <testcase name="`InteractsWithAuthentication` → `getCurrentUser() - Edge Cases` → works with different Authenticatable implementations" file="tests/Unit/Functions/Concerns/InteractsWithAuthenticationTest.php::`InteractsWithAuthentication` → `getCurrentUser() - Edge Cases` → works with different Authenticatable implementations" class="Tests\Unit\Functions\Concerns\InteractsWithAuthenticationTest" classname="Tests.Unit.Functions.Concerns.InteractsWithAuthenticationTest" assertions="5" time="0.004185"/>
        <testcase name="`InteractsWithAuthentication` → `getCurrentUser() - Edge Cases` → method is protected and not publicly accessible" file="tests/Unit/Functions/Concerns/InteractsWithAuthenticationTest.php::`InteractsWithAuthentication` → `getCurrentUser() - Edge Cases` → method is protected and not publicly accessible" class="Tests\Unit\Functions\Concerns\InteractsWithAuthenticationTest" classname="Tests.Unit.Functions.Concerns.InteractsWithAuthenticationTest" assertions="3" time="0.003859"/>
        <testcase name="`InteractsWithAuthentication` → `getCurrentUser() - Edge Cases` → returns correct type hint of Authenticatable" file="tests/Unit/Functions/Concerns/InteractsWithAuthenticationTest.php::`InteractsWithAuthentication` → `getCurrentUser() - Edge Cases` → returns correct type hint of Authenticatable" class="Tests\Unit\Functions\Concerns\InteractsWithAuthenticationTest" classname="Tests.Unit.Functions.Concerns.InteractsWithAuthenticationTest" assertions="2" time="0.004213"/>
        <testcase name="`InteractsWithAuthentication` → `getCurrentUser() - Integration` → integrates properly with Laravel Auth facade" file="tests/Unit/Functions/Concerns/InteractsWithAuthenticationTest.php::`InteractsWithAuthentication` → `getCurrentUser() - Integration` → integrates properly with Laravel Auth facade" class="Tests\Unit\Functions\Concerns\InteractsWithAuthenticationTest" classname="Tests.Unit.Functions.Concerns.InteractsWithAuthenticationTest" assertions="3" time="0.004557"/>
        <testcase name="`InteractsWithAuthentication` → `getCurrentUser() - Integration` → can be called multiple times with same result when user is authenticated" file="tests/Unit/Functions/Concerns/InteractsWithAuthenticationTest.php::`InteractsWithAuthentication` → `getCurrentUser() - Integration` → can be called multiple times with same result when user is authenticated" class="Tests\Unit\Functions\Concerns\InteractsWithAuthenticationTest" classname="Tests.Unit.Functions.Concerns.InteractsWithAuthenticationTest" assertions="5" time="0.004300"/>
        <testcase name="`InteractsWithAuthentication` → `getCurrentUser() - Integration` → consistently throws exception when called multiple times without authentication" file="tests/Unit/Functions/Concerns/InteractsWithAuthenticationTest.php::`InteractsWithAuthentication` → `getCurrentUser() - Integration` → consistently throws exception when called multiple times without authentication" class="Tests\Unit\Functions\Concerns\InteractsWithAuthenticationTest" classname="Tests.Unit.Functions.Concerns.InteractsWithAuthenticationTest" assertions="4" time="0.004536"/>
      </testsuite>
      <testsuite name="Tests\Unit\Functions\Concerns\InteractsWithCancellationTest" file="tests/Unit/Functions/Concerns/InteractsWithCancellationTest.php" tests="23" assertions="28" errors="0" failures="0" skipped="0" time="0.100643">
        <testcase name="`InteractsWithCancellation` → `getCancellationToken` → `Happy Paths` → extracts token from request with cancellation extension" file="tests/Unit/Functions/Concerns/InteractsWithCancellationTest.php::`InteractsWithCancellation` → `getCancellationToken` → `Happy Paths` → extracts token from request with cancellation extension" class="Tests\Unit\Functions\Concerns\InteractsWithCancellationTest" classname="Tests.Unit.Functions.Concerns.InteractsWithCancellationTest" assertions="1" time="0.006915"/>
        <testcase name="`InteractsWithCancellation` → `getCancellationToken` → `Happy Paths` → extracts token when extension uses string URN instead of enum" file="tests/Unit/Functions/Concerns/InteractsWithCancellationTest.php::`InteractsWithCancellation` → `getCancellationToken` → `Happy Paths` → extracts token when extension uses string URN instead of enum" class="Tests\Unit\Functions\Concerns\InteractsWithCancellationTest" classname="Tests.Unit.Functions.Concerns.InteractsWithCancellationTest" assertions="1" time="0.003880"/>
        <testcase name="`InteractsWithCancellation` → `getCancellationToken` → `Sad Paths` → returns null when request has no extensions" file="tests/Unit/Functions/Concerns/InteractsWithCancellationTest.php::`InteractsWithCancellation` → `getCancellationToken` → `Sad Paths` → returns null when request has no extensions" class="Tests\Unit\Functions\Concerns\InteractsWithCancellationTest" classname="Tests.Unit.Functions.Concerns.InteractsWithCancellationTest" assertions="1" time="0.004130"/>
        <testcase name="`InteractsWithCancellation` → `getCancellationToken` → `Sad Paths` → returns null when cancellation extension is not present" file="tests/Unit/Functions/Concerns/InteractsWithCancellationTest.php::`InteractsWithCancellation` → `getCancellationToken` → `Sad Paths` → returns null when cancellation extension is not present" class="Tests\Unit\Functions\Concerns\InteractsWithCancellationTest" classname="Tests.Unit.Functions.Concerns.InteractsWithCancellationTest" assertions="1" time="0.004220"/>
        <testcase name="`InteractsWithCancellation` → `getCancellationToken` → `Sad Paths` → returns null when cancellation extension has no token option" file="tests/Unit/Functions/Concerns/InteractsWithCancellationTest.php::`InteractsWithCancellation` → `getCancellationToken` → `Sad Paths` → returns null when cancellation extension has no token option" class="Tests\Unit\Functions\Concerns\InteractsWithCancellationTest" classname="Tests.Unit.Functions.Concerns.InteractsWithCancellationTest" assertions="1" time="0.003787"/>
        <testcase name="`InteractsWithCancellation` → `getCancellationToken` → `Sad Paths` → returns null when token option is not a string" file="tests/Unit/Functions/Concerns/InteractsWithCancellationTest.php::`InteractsWithCancellation` → `getCancellationToken` → `Sad Paths` → returns null when token option is not a string" class="Tests\Unit\Functions\Concerns\InteractsWithCancellationTest" classname="Tests.Unit.Functions.Concerns.InteractsWithCancellationTest" assertions="1" time="0.003660"/>
        <testcase name="`InteractsWithCancellation` → `getCancellationToken` → `Edge Cases` → returns null when token option is empty string" file="tests/Unit/Functions/Concerns/InteractsWithCancellationTest.php::`InteractsWithCancellation` → `getCancellationToken` → `Edge Cases` → returns null when token option is empty string" class="Tests\Unit\Functions\Concerns\InteractsWithCancellationTest" classname="Tests.Unit.Functions.Concerns.InteractsWithCancellationTest" assertions="1" time="0.003698"/>
        <testcase name="`InteractsWithCancellation` → `getCancellationToken` → `Edge Cases` → extracts token when multiple extensions are present" file="tests/Unit/Functions/Concerns/InteractsWithCancellationTest.php::`InteractsWithCancellation` → `getCancellationToken` → `Edge Cases` → extracts token when multiple extensions are present" class="Tests\Unit\Functions\Concerns\InteractsWithCancellationTest" classname="Tests.Unit.Functions.Concerns.InteractsWithCancellationTest" assertions="1" time="0.003798"/>
        <testcase name="`InteractsWithCancellation` → `getCancellationToken` → `Edge Cases` → returns null when token option is null" file="tests/Unit/Functions/Concerns/InteractsWithCancellationTest.php::`InteractsWithCancellation` → `getCancellationToken` → `Edge Cases` → returns null when token option is null" class="Tests\Unit\Functions\Concerns\InteractsWithCancellationTest" classname="Tests.Unit.Functions.Concerns.InteractsWithCancellationTest" assertions="1" time="0.003885"/>
        <testcase name="`InteractsWithCancellation` → `isCancellationRequested` → `Happy Paths` → returns true when token is cancelled" file="tests/Unit/Functions/Concerns/InteractsWithCancellationTest.php::`InteractsWithCancellation` → `isCancellationRequested` → `Happy Paths` → returns true when token is cancelled" class="Tests\Unit\Functions\Concerns\InteractsWithCancellationTest" classname="Tests.Unit.Functions.Concerns.InteractsWithCancellationTest" assertions="1" time="0.004003"/>
        <testcase name="`InteractsWithCancellation` → `isCancellationRequested` → `Happy Paths` → returns false when token is active but not cancelled" file="tests/Unit/Functions/Concerns/InteractsWithCancellationTest.php::`InteractsWithCancellation` → `isCancellationRequested` → `Happy Paths` → returns false when token is active but not cancelled" class="Tests\Unit\Functions\Concerns\InteractsWithCancellationTest" classname="Tests.Unit.Functions.Concerns.InteractsWithCancellationTest" assertions="1" time="0.003954"/>
        <testcase name="`InteractsWithCancellation` → `isCancellationRequested` → `Sad Paths` → returns false when request has no cancellation token" file="tests/Unit/Functions/Concerns/InteractsWithCancellationTest.php::`InteractsWithCancellation` → `isCancellationRequested` → `Sad Paths` → returns false when request has no cancellation token" class="Tests\Unit\Functions\Concerns\InteractsWithCancellationTest" classname="Tests.Unit.Functions.Concerns.InteractsWithCancellationTest" assertions="1" time="0.003837"/>
        <testcase name="`InteractsWithCancellation` → `isCancellationRequested` → `Sad Paths` → returns false when token is not in cache" file="tests/Unit/Functions/Concerns/InteractsWithCancellationTest.php::`InteractsWithCancellation` → `isCancellationRequested` → `Sad Paths` → returns false when token is not in cache" class="Tests\Unit\Functions\Concerns\InteractsWithCancellationTest" classname="Tests.Unit.Functions.Concerns.InteractsWithCancellationTest" assertions="1" time="0.003861"/>
        <testcase name="`InteractsWithCancellation` → `isCancellationRequested` → `Edge Cases` → returns false when token exists with unexpected cache value" file="tests/Unit/Functions/Concerns/InteractsWithCancellationTest.php::`InteractsWithCancellation` → `isCancellationRequested` → `Edge Cases` → returns false when token exists with unexpected cache value" class="Tests\Unit\Functions\Concerns\InteractsWithCancellationTest" classname="Tests.Unit.Functions.Concerns.InteractsWithCancellationTest" assertions="1" time="0.004147"/>
        <testcase name="`InteractsWithCancellation` → `isCancellationRequested` → `Edge Cases` → returns false when cancellation extension has empty token" file="tests/Unit/Functions/Concerns/InteractsWithCancellationTest.php::`InteractsWithCancellation` → `isCancellationRequested` → `Edge Cases` → returns false when cancellation extension has empty token" class="Tests\Unit\Functions\Concerns\InteractsWithCancellationTest" classname="Tests.Unit.Functions.Concerns.InteractsWithCancellationTest" assertions="1" time="0.008470"/>
        <testcase name="`InteractsWithCancellation` → `isCancellationRequested` → `Edge Cases` → checks cancellation status multiple times correctly" file="tests/Unit/Functions/Concerns/InteractsWithCancellationTest.php::`InteractsWithCancellation` → `isCancellationRequested` → `Edge Cases` → checks cancellation status multiple times correctly" class="Tests\Unit\Functions\Concerns\InteractsWithCancellationTest" classname="Tests.Unit.Functions.Concerns.InteractsWithCancellationTest" assertions="3" time="0.004348"/>
        <testcase name="`InteractsWithCancellation` → `throwIfCancellationRequested` → `Happy Paths` → does not throw when token is not cancelled" file="tests/Unit/Functions/Concerns/InteractsWithCancellationTest.php::`InteractsWithCancellation` → `throwIfCancellationRequested` → `Happy Paths` → does not throw when token is not cancelled" class="Tests\Unit\Functions\Concerns\InteractsWithCancellationTest" classname="Tests.Unit.Functions.Concerns.InteractsWithCancellationTest" assertions="1" time="0.004214"/>
        <testcase name="`InteractsWithCancellation` → `throwIfCancellationRequested` → `Happy Paths` → does not throw when request has no cancellation extension" file="tests/Unit/Functions/Concerns/InteractsWithCancellationTest.php::`InteractsWithCancellation` → `throwIfCancellationRequested` → `Happy Paths` → does not throw when request has no cancellation extension" class="Tests\Unit\Functions\Concerns\InteractsWithCancellationTest" classname="Tests.Unit.Functions.Concerns.InteractsWithCancellationTest" assertions="1" time="0.004139"/>
        <testcase name="`InteractsWithCancellation` → `throwIfCancellationRequested` → `Sad Paths` → throws CancelledException when token is cancelled" file="tests/Unit/Functions/Concerns/InteractsWithCancellationTest.php::`InteractsWithCancellation` → `throwIfCancellationRequested` → `Sad Paths` → throws CancelledException when token is cancelled" class="Tests\Unit\Functions\Concerns\InteractsWithCancellationTest" classname="Tests.Unit.Functions.Concerns.InteractsWithCancellationTest" assertions="1" time="0.004174"/>
        <testcase name="`InteractsWithCancellation` → `throwIfCancellationRequested` → `Edge Cases` → does not throw when token is not in cache" file="tests/Unit/Functions/Concerns/InteractsWithCancellationTest.php::`InteractsWithCancellation` → `throwIfCancellationRequested` → `Edge Cases` → does not throw when token is not in cache" class="Tests\Unit\Functions\Concerns\InteractsWithCancellationTest" classname="Tests.Unit.Functions.Concerns.InteractsWithCancellationTest" assertions="1" time="0.004135"/>
        <testcase name="`InteractsWithCancellation` → `throwIfCancellationRequested` → `Edge Cases` → throws exception that can be caught and inspected" file="tests/Unit/Functions/Concerns/InteractsWithCancellationTest.php::`InteractsWithCancellation` → `throwIfCancellationRequested` → `Edge Cases` → throws exception that can be caught and inspected" class="Tests\Unit\Functions\Concerns\InteractsWithCancellationTest" classname="Tests.Unit.Functions.Concerns.InteractsWithCancellationTest" assertions="1" time="0.004099"/>
        <testcase name="`InteractsWithCancellation` → `throwIfCancellationRequested` → `Edge Cases` → can be called multiple times without throwing if not cancelled" file="tests/Unit/Functions/Concerns/InteractsWithCancellationTest.php::`InteractsWithCancellation` → `throwIfCancellationRequested` → `Edge Cases` → can be called multiple times without throwing if not cancelled" class="Tests\Unit\Functions\Concerns\InteractsWithCancellationTest" classname="Tests.Unit.Functions.Concerns.InteractsWithCancellationTest" assertions="3" time="0.004478"/>
        <testcase name="`InteractsWithCancellation` → `throwIfCancellationRequested` → `Edge Cases` → throws immediately when token becomes cancelled mid-execution" file="tests/Unit/Functions/Concerns/InteractsWithCancellationTest.php::`InteractsWithCancellation` → `throwIfCancellationRequested` → `Edge Cases` → throws immediately when token becomes cancelled mid-execution" class="Tests\Unit\Functions\Concerns\InteractsWithCancellationTest" classname="Tests.Unit.Functions.Concerns.InteractsWithCancellationTest" assertions="2" time="0.004812"/>
      </testsuite>
      <testsuite name="Tests\Unit\Functions\Concerns\InteractsWithQueryBuilderTest" file="tests/Unit/Functions/Concerns/InteractsWithQueryBuilderTest.php" tests="1" assertions="1" errors="0" failures="0" skipped="0" time="0.009144">
        <testcase name="`InteractsWithQueryBuilder` → trait exists and can be used" file="tests/Unit/Functions/Concerns/InteractsWithQueryBuilderTest.php::`InteractsWithQueryBuilder` → trait exists and can be used" class="Tests\Unit\Functions\Concerns\InteractsWithQueryBuilderTest" classname="Tests.Unit.Functions.Concerns.InteractsWithQueryBuilderTest" assertions="1" time="0.009144"/>
      </testsuite>
      <testsuite name="Tests\Unit\Functions\Concerns\InteractsWithTransformerTest" file="tests/Unit/Functions/Concerns/InteractsWithTransformerTest.php" tests="20" assertions="70" errors="0" failures="0" skipped="0" time="0.137197">
        <testcase name="`InteractsWithTransformer` → `Happy Paths` → `item() method` → transforms single Eloquent Model into DocumentData" file="tests/Unit/Functions/Concerns/InteractsWithTransformerTest.php::`InteractsWithTransformer` → `Happy Paths` → `item() method` → transforms single Eloquent Model into DocumentData" class="Tests\Unit\Functions\Concerns\InteractsWithTransformerTest" classname="Tests.Unit.Functions.Concerns.InteractsWithTransformerTest" assertions="4" time="0.006644"/>
        <testcase name="`InteractsWithTransformer` → `Happy Paths` → `item() method` → transforms single ResourceInterface into DocumentData" file="tests/Unit/Functions/Concerns/InteractsWithTransformerTest.php::`InteractsWithTransformer` → `Happy Paths` → `item() method` → transforms single ResourceInterface into DocumentData" class="Tests\Unit\Functions\Concerns\InteractsWithTransformerTest" classname="Tests.Unit.Functions.Concerns.InteractsWithTransformerTest" assertions="5" time="0.004805"/>
        <testcase name="`InteractsWithTransformer` → `Happy Paths` → `collection() method` → transforms Collection of Models into DocumentData" file="tests/Unit/Functions/Concerns/InteractsWithTransformerTest.php::`InteractsWithTransformer` → `Happy Paths` → `collection() method` → transforms Collection of Models into DocumentData" class="Tests\Unit\Functions\Concerns\InteractsWithTransformerTest" classname="Tests.Unit.Functions.Concerns.InteractsWithTransformerTest" assertions="7" time="0.004622"/>
        <testcase name="`InteractsWithTransformer` → `Happy Paths` → `collection() method` → transforms empty Collection into DocumentData with empty data array" file="tests/Unit/Functions/Concerns/InteractsWithTransformerTest.php::`InteractsWithTransformer` → `Happy Paths` → `collection() method` → transforms empty Collection into DocumentData with empty data array" class="Tests\Unit\Functions\Concerns\InteractsWithTransformerTest" classname="Tests.Unit.Functions.Concerns.InteractsWithTransformerTest" assertions="3" time="0.004042"/>
        <testcase name="`InteractsWithTransformer` → `Happy Paths` → `cursorPaginate() method` → executes cursor pagination on Eloquent Builder and returns DocumentData" file="tests/Unit/Functions/Concerns/InteractsWithTransformerTest.php::`InteractsWithTransformer` → `Happy Paths` → `cursorPaginate() method` → executes cursor pagination on Eloquent Builder and returns DocumentData" class="Tests\Unit\Functions\Concerns\InteractsWithTransformerTest" classname="Tests.Unit.Functions.Concerns.InteractsWithTransformerTest" assertions="5" time="0.006945"/>
        <testcase name="`InteractsWithTransformer` → `Happy Paths` → `cursorPaginate() method` → executes cursor pagination with empty results" file="tests/Unit/Functions/Concerns/InteractsWithTransformerTest.php::`InteractsWithTransformer` → `Happy Paths` → `cursorPaginate() method` → executes cursor pagination with empty results" class="Tests\Unit\Functions\Concerns\InteractsWithTransformerTest" classname="Tests.Unit.Functions.Concerns.InteractsWithTransformerTest" assertions="3" time="0.004712"/>
        <testcase name="`InteractsWithTransformer` → `Happy Paths` → `paginate() method` → executes offset pagination on Eloquent Builder and returns DocumentData" file="tests/Unit/Functions/Concerns/InteractsWithTransformerTest.php::`InteractsWithTransformer` → `Happy Paths` → `paginate() method` → executes offset pagination on Eloquent Builder and returns DocumentData" class="Tests\Unit\Functions\Concerns\InteractsWithTransformerTest" classname="Tests.Unit.Functions.Concerns.InteractsWithTransformerTest" assertions="7" time="0.007378"/>
        <testcase name="`InteractsWithTransformer` → `Happy Paths` → `paginate() method` → executes offset pagination with custom page number" file="tests/Unit/Functions/Concerns/InteractsWithTransformerTest.php::`InteractsWithTransformer` → `Happy Paths` → `paginate() method` → executes offset pagination with custom page number" class="Tests\Unit\Functions\Concerns\InteractsWithTransformerTest" classname="Tests.Unit.Functions.Concerns.InteractsWithTransformerTest" assertions="5" time="0.006504"/>
        <testcase name="`InteractsWithTransformer` → `Happy Paths` → `simplePaginate() method` → executes simple pagination on Eloquent Builder and returns DocumentData" file="tests/Unit/Functions/Concerns/InteractsWithTransformerTest.php::`InteractsWithTransformer` → `Happy Paths` → `simplePaginate() method` → executes simple pagination on Eloquent Builder and returns DocumentData" class="Tests\Unit\Functions\Concerns\InteractsWithTransformerTest" classname="Tests.Unit.Functions.Concerns.InteractsWithTransformerTest" assertions="5" time="0.007042"/>
        <testcase name="`InteractsWithTransformer` → `Happy Paths` → `simplePaginate() method` → executes simple pagination with single page results" file="tests/Unit/Functions/Concerns/InteractsWithTransformerTest.php::`InteractsWithTransformer` → `Happy Paths` → `simplePaginate() method` → executes simple pagination with single page results" class="Tests\Unit\Functions\Concerns\InteractsWithTransformerTest" classname="Tests.Unit.Functions.Concerns.InteractsWithTransformerTest" assertions="2" time="0.005533"/>
        <testcase name="`InteractsWithTransformer` → `Edge Cases` → item() handles Model with minimal attributes" file="tests/Unit/Functions/Concerns/InteractsWithTransformerTest.php::`InteractsWithTransformer` → `Edge Cases` → item() handles Model with minimal attributes" class="Tests\Unit\Functions\Concerns\InteractsWithTransformerTest" classname="Tests.Unit.Functions.Concerns.InteractsWithTransformerTest" assertions="2" time="0.004437"/>
        <testcase name="`InteractsWithTransformer` → `Edge Cases` → collection() handles Collection with single item" file="tests/Unit/Functions/Concerns/InteractsWithTransformerTest.php::`InteractsWithTransformer` → `Edge Cases` → collection() handles Collection with single item" class="Tests\Unit\Functions\Concerns\InteractsWithTransformerTest" classname="Tests.Unit.Functions.Concerns.InteractsWithTransformerTest" assertions="2" time="0.008997"/>
        <testcase name="`InteractsWithTransformer` → `Edge Cases` → collection() handles large Collection" file="tests/Unit/Functions/Concerns/InteractsWithTransformerTest.php::`InteractsWithTransformer` → `Edge Cases` → collection() handles large Collection" class="Tests\Unit\Functions\Concerns\InteractsWithTransformerTest" classname="Tests.Unit.Functions.Concerns.InteractsWithTransformerTest" assertions="2" time="0.023028"/>
        <testcase name="`InteractsWithTransformer` → `Edge Cases` → cursorPaginate() handles empty results without pagination metadata" file="tests/Unit/Functions/Concerns/InteractsWithTransformerTest.php::`InteractsWithTransformer` → `Edge Cases` → cursorPaginate() handles empty results without pagination metadata" class="Tests\Unit\Functions\Concerns\InteractsWithTransformerTest" classname="Tests.Unit.Functions.Concerns.InteractsWithTransformerTest" assertions="2" time="0.005000"/>
        <testcase name="`InteractsWithTransformer` → `Edge Cases` → paginate() handles first page navigation correctly" file="tests/Unit/Functions/Concerns/InteractsWithTransformerTest.php::`InteractsWithTransformer` → `Edge Cases` → paginate() handles first page navigation correctly" class="Tests\Unit\Functions\Concerns\InteractsWithTransformerTest" classname="Tests.Unit.Functions.Concerns.InteractsWithTransformerTest" assertions="3" time="0.007032"/>
        <testcase name="`InteractsWithTransformer` → `Edge Cases` → paginate() handles last page navigation correctly" file="tests/Unit/Functions/Concerns/InteractsWithTransformerTest.php::`InteractsWithTransformer` → `Edge Cases` → paginate() handles last page navigation correctly" class="Tests\Unit\Functions\Concerns\InteractsWithTransformerTest" classname="Tests.Unit.Functions.Concerns.InteractsWithTransformerTest" assertions="3" time="0.006806"/>
        <testcase name="`InteractsWithTransformer` → `Edge Cases` → simplePaginate() handles empty results" file="tests/Unit/Functions/Concerns/InteractsWithTransformerTest.php::`InteractsWithTransformer` → `Edge Cases` → simplePaginate() handles empty results" class="Tests\Unit\Functions\Concerns\InteractsWithTransformerTest" classname="Tests.Unit.Functions.Concerns.InteractsWithTransformerTest" assertions="2" time="0.004351"/>
        <testcase name="`InteractsWithTransformer` → `Edge Cases` → methods use same requestObject for transformer creation" file="tests/Unit/Functions/Concerns/InteractsWithTransformerTest.php::`InteractsWithTransformer` → `Edge Cases` → methods use same requestObject for transformer creation" class="Tests\Unit\Functions\Concerns\InteractsWithTransformerTest" classname="Tests.Unit.Functions.Concerns.InteractsWithTransformerTest" assertions="4" time="0.004685"/>
        <testcase name="`InteractsWithTransformer` → `Edge Cases` → collection() handles mixed Model types gracefully" file="tests/Unit/Functions/Concerns/InteractsWithTransformerTest.php::`InteractsWithTransformer` → `Edge Cases` → collection() handles mixed Model types gracefully" class="Tests\Unit\Functions\Concerns\InteractsWithTransformerTest" classname="Tests.Unit.Functions.Concerns.InteractsWithTransformerTest" assertions="3" time="0.005048"/>
        <testcase name="`InteractsWithTransformer` → `Edge Cases` → pagination methods respect custom page size from request" file="tests/Unit/Functions/Concerns/InteractsWithTransformerTest.php::`InteractsWithTransformer` → `Edge Cases` → pagination methods respect custom page size from request" class="Tests\Unit\Functions\Concerns\InteractsWithTransformerTest" classname="Tests.Unit.Functions.Concerns.InteractsWithTransformerTest" assertions="1" time="0.009586"/>
      </testsuite>
      <testsuite name="Tests\Unit\Functions\DescribeFunctionTest" file="tests/Unit/Functions/DescribeFunctionTest.php" tests="24" assertions="25" errors="11" failures="0" skipped="0" time="0.115507">
        <testcase name="`DescribeFunction` → `Happy Paths` → `getName()` → returns standard Forrst discovery function name" file="tests/Unit/Functions/DescribeFunctionTest.php::`DescribeFunction` → `Happy Paths` → `getName()` → returns standard Forrst discovery function name" class="Tests\Unit\Functions\DescribeFunctionTest" classname="Tests.Unit.Functions.DescribeFunctionTest" assertions="1" time="0.009865"/>
        <testcase name="`DescribeFunction` → `Happy Paths` → `getVersion()` → returns default version" file="tests/Unit/Functions/DescribeFunctionTest.php::`DescribeFunction` → `Happy Paths` → `getVersion()` → returns default version" class="Tests\Unit\Functions\DescribeFunctionTest" classname="Tests.Unit.Functions.DescribeFunctionTest" assertions="1" time="0.004435"/>
        <testcase name="`DescribeFunction` → `Happy Paths` → `getSummary()` → returns description of discovery function" file="tests/Unit/Functions/DescribeFunctionTest.php::`DescribeFunction` → `Happy Paths` → `getSummary()` → returns description of discovery function" class="Tests\Unit\Functions\DescribeFunctionTest" classname="Tests.Unit.Functions.DescribeFunctionTest" assertions="1" time="0.004473"/>
        <testcase name="`DescribeFunction` → `Happy Paths` → `getResult()` → returns ResultDescriptorData with Forrst Discovery schema" file="tests/Unit/Functions/DescribeFunctionTest.php::`DescribeFunction` → `Happy Paths` → `getResult()` → returns ResultDescriptorData with Forrst Discovery schema" class="Tests\Unit\Functions\DescribeFunctionTest" classname="Tests.Unit.Functions.DescribeFunctionTest" assertions="6" time="0.004123"/>
        <testcase name="`DescribeFunction` → `Happy Paths` → `getArguments()` → returns arguments for function and version filtering" file="tests/Unit/Functions/DescribeFunctionTest.php::`DescribeFunction` → `Happy Paths` → `getArguments()` → returns arguments for function and version filtering" class="Tests\Unit\Functions\DescribeFunctionTest" classname="Tests.Unit.Functions.DescribeFunctionTest" assertions="8" time="0.004093"/>
        <testcase name="`DescribeFunction` → `Happy Paths` → `handle()` → generates complete Forrst Discovery document" file="tests/Unit/Functions/DescribeFunctionTest.php::`DescribeFunction` → `Happy Paths` → `handle()` → generates complete Forrst Discovery document" class="Tests\Unit\Functions\DescribeFunctionTest" classname="Tests.Unit.Functions.DescribeFunctionTest" assertions="0" time="0.005586">
          <error type="Cline\Forrst\Exceptions\InvalidFunctionNameException">`DescribeFunction` → `Happy Paths` → `handle()` → generates complete Forrst Discovery documentCline\Forrst\Exceptions\InvalidFunctionNameException: Invalid function name "test.function": Expected format: 'urn:namespace:forrst:ext:extension:fn:name' or 'urn:namespace:forrst:fn:name'
at src/Exceptions/InvalidFunctionNameException.php:22
at src/Discovery/FunctionDescriptorData.php:142
at vendor/spatie/laravel-data/src/Resolvers/DataFromArrayResolver.php:97
at vendor/spatie/laravel-data/src/Resolvers/DataFromArrayResolver.php:33
at vendor/spatie/laravel-data/src/Resolvers/DataFromSomethingResolver.php:73
at vendor/spatie/laravel-data/src/Support/Creation/CreationContext.php:48
at vendor/spatie/laravel-data/src/Resolvers/DataCollectableFromSomethingResolver.php:218
at vendor/spatie/laravel-data/src/Resolvers/DataCollectableFromSomethingResolver.php:148
at vendor/spatie/laravel-data/src/Resolvers/DataCollectableFromSomethingResolver.php:54
at vendor/spatie/laravel-data/src/Support/Creation/CreationContext.php:67
at vendor/spatie/laravel-data/src/DataPipes/CastPropertiesDataPipe.php:117
at vendor/spatie/laravel-data/src/DataPipes/CastPropertiesDataPipe.php:59
at vendor/spatie/laravel-data/src/Support/ResolvedDataPipeline.php:66
at vendor/spatie/laravel-data/src/Resolvers/DataFromSomethingResolver.php:165
at vendor/spatie/laravel-data/src/Resolvers/DataFromSomethingResolver.php:66
at vendor/spatie/laravel-data/src/Support/Creation/CreationContextFactory.php:207
at vendor/spatie/laravel-data/src/Concerns/BaseData.php:46
at src/Extensions/Discovery/Functions/DescribeFunction.php:139
at src/Extensions/Discovery/Functions/DescribeFunction.php:75
at tests/Unit/Functions/DescribeFunctionTest.php:147</error>
        </testcase>
        <testcase name="`DescribeFunction` → `Happy Paths` → `handle()` → includes server configuration with environment and URL" file="tests/Unit/Functions/DescribeFunctionTest.php::`DescribeFunction` → `Happy Paths` → `handle()` → includes server configuration with environment and URL" class="Tests\Unit\Functions\DescribeFunctionTest" classname="Tests.Unit.Functions.DescribeFunctionTest" assertions="0" time="0.004543">
          <error type="Cline\Forrst\Exceptions\EmptyArrayException">`DescribeFunction` → `Happy Paths` → `handle()` → includes server configuration with environment and URLCline\Forrst\Exceptions\EmptyArrayException: functions cannot be empty
at src/Exceptions/EmptyArrayException.php:22
at src/Discovery/DiscoveryData.php:101
at src/Discovery/DiscoveryData.php:86
at vendor/spatie/laravel-data/src/Resolvers/DataFromArrayResolver.php:97
at vendor/spatie/laravel-data/src/Resolvers/DataFromArrayResolver.php:33
at vendor/spatie/laravel-data/src/Resolvers/DataFromSomethingResolver.php:73
at vendor/spatie/laravel-data/src/Support/Creation/CreationContextFactory.php:207
at vendor/spatie/laravel-data/src/Concerns/BaseData.php:46
at src/Extensions/Discovery/Functions/DescribeFunction.php:139
at src/Extensions/Discovery/Functions/DescribeFunction.php:75
at tests/Unit/Functions/DescribeFunctionTest.php:179</error>
        </testcase>
        <testcase name="`DescribeFunction` → `Happy Paths` → `handle()` → aggregates errors from multiple sources" file="tests/Unit/Functions/DescribeFunctionTest.php::`DescribeFunction` → `Happy Paths` → `handle()` → aggregates errors from multiple sources" class="Tests\Unit\Functions\DescribeFunctionTest" classname="Tests.Unit.Functions.DescribeFunctionTest" assertions="0" time="0.004712">
          <error type="Cline\Forrst\Exceptions\InvalidFunctionNameException">`DescribeFunction` → `Happy Paths` → `handle()` → aggregates errors from multiple sourcesCline\Forrst\Exceptions\InvalidFunctionNameException: Invalid function name "function.one": Expected format: 'urn:namespace:forrst:ext:extension:fn:name' or 'urn:namespace:forrst:fn:name'
at src/Exceptions/InvalidFunctionNameException.php:22
at src/Discovery/FunctionDescriptorData.php:142
at vendor/spatie/laravel-data/src/Resolvers/DataFromArrayResolver.php:97
at vendor/spatie/laravel-data/src/Resolvers/DataFromArrayResolver.php:33
at vendor/spatie/laravel-data/src/Resolvers/DataFromSomethingResolver.php:73
at vendor/spatie/laravel-data/src/Support/Creation/CreationContext.php:48
at vendor/spatie/laravel-data/src/Resolvers/DataCollectableFromSomethingResolver.php:218
at vendor/spatie/laravel-data/src/Resolvers/DataCollectableFromSomethingResolver.php:148
at vendor/spatie/laravel-data/src/Resolvers/DataCollectableFromSomethingResolver.php:54
at vendor/spatie/laravel-data/src/Support/Creation/CreationContext.php:67
at vendor/spatie/laravel-data/src/DataPipes/CastPropertiesDataPipe.php:117
at vendor/spatie/laravel-data/src/DataPipes/CastPropertiesDataPipe.php:59
at vendor/spatie/laravel-data/src/Support/ResolvedDataPipeline.php:66
at vendor/spatie/laravel-data/src/Resolvers/DataFromSomethingResolver.php:165
at vendor/spatie/laravel-data/src/Resolvers/DataFromSomethingResolver.php:66
at vendor/spatie/laravel-data/src/Support/Creation/CreationContextFactory.php:207
at vendor/spatie/laravel-data/src/Concerns/BaseData.php:46
at src/Extensions/Discovery/Functions/DescribeFunction.php:139
at src/Extensions/Discovery/Functions/DescribeFunction.php:75
at tests/Unit/Functions/DescribeFunctionTest.php:249</error>
        </testcase>
        <testcase name="`DescribeFunction` → `Happy Paths` → `handle()` → assembles components section with errors" file="tests/Unit/Functions/DescribeFunctionTest.php::`DescribeFunction` → `Happy Paths` → `handle()` → assembles components section with errors" class="Tests\Unit\Functions\DescribeFunctionTest" classname="Tests.Unit.Functions.DescribeFunctionTest" assertions="0" time="0.004556">
          <error type="Cline\Forrst\Exceptions\EmptyArrayException">`DescribeFunction` → `Happy Paths` → `handle()` → assembles components section with errorsCline\Forrst\Exceptions\EmptyArrayException: functions cannot be empty
at src/Exceptions/EmptyArrayException.php:22
at src/Discovery/DiscoveryData.php:101
at src/Discovery/DiscoveryData.php:86
at vendor/spatie/laravel-data/src/Resolvers/DataFromArrayResolver.php:97
at vendor/spatie/laravel-data/src/Resolvers/DataFromArrayResolver.php:33
at vendor/spatie/laravel-data/src/Resolvers/DataFromSomethingResolver.php:73
at vendor/spatie/laravel-data/src/Support/Creation/CreationContextFactory.php:207
at vendor/spatie/laravel-data/src/Concerns/BaseData.php:46
at src/Extensions/Discovery/Functions/DescribeFunction.php:139
at src/Extensions/Discovery/Functions/DescribeFunction.php:75
at tests/Unit/Functions/DescribeFunctionTest.php:272</error>
        </testcase>
        <testcase name="`DescribeFunction` → `Happy Paths` → `handle()` → includes all standard Forrst error codes" file="tests/Unit/Functions/DescribeFunctionTest.php::`DescribeFunction` → `Happy Paths` → `handle()` → includes all standard Forrst error codes" class="Tests\Unit\Functions\DescribeFunctionTest" classname="Tests.Unit.Functions.DescribeFunctionTest" assertions="0" time="0.004490">
          <error type="Cline\Forrst\Exceptions\EmptyArrayException">`DescribeFunction` → `Happy Paths` → `handle()` → includes all standard Forrst error codesCline\Forrst\Exceptions\EmptyArrayException: functions cannot be empty
at src/Exceptions/EmptyArrayException.php:22
at src/Discovery/DiscoveryData.php:101
at src/Discovery/DiscoveryData.php:86
at vendor/spatie/laravel-data/src/Resolvers/DataFromArrayResolver.php:97
at vendor/spatie/laravel-data/src/Resolvers/DataFromArrayResolver.php:33
at vendor/spatie/laravel-data/src/Resolvers/DataFromSomethingResolver.php:73
at vendor/spatie/laravel-data/src/Support/Creation/CreationContextFactory.php:207
at vendor/spatie/laravel-data/src/Concerns/BaseData.php:46
at src/Extensions/Discovery/Functions/DescribeFunction.php:139
at src/Extensions/Discovery/Functions/DescribeFunction.php:75
at tests/Unit/Functions/DescribeFunctionTest.php:294</error>
        </testcase>
        <testcase name="`DescribeFunction` → `Happy Paths` → `handle()` → collects all functions from repository" file="tests/Unit/Functions/DescribeFunctionTest.php::`DescribeFunction` → `Happy Paths` → `handle()` → collects all functions from repository" class="Tests\Unit\Functions\DescribeFunctionTest" classname="Tests.Unit.Functions.DescribeFunctionTest" assertions="0" time="0.009052">
          <error type="Cline\Forrst\Exceptions\InvalidFieldValueException">`DescribeFunction` → `Happy Paths` → `handle()` → collects all functions from repositoryCline\Forrst\Exceptions\InvalidFieldValueException: version is invalid: Invalid semantic version: '1'. Must follow semver format (e.g., '1.0.0')
at src/Exceptions/InvalidFieldValueException.php:22
at src/Discovery/FunctionDescriptorData.php:155
at vendor/spatie/laravel-data/src/Resolvers/DataFromArrayResolver.php:97
at vendor/spatie/laravel-data/src/Resolvers/DataFromArrayResolver.php:33
at vendor/spatie/laravel-data/src/Resolvers/DataFromSomethingResolver.php:73
at vendor/spatie/laravel-data/src/Support/Creation/CreationContext.php:48
at vendor/spatie/laravel-data/src/Resolvers/DataCollectableFromSomethingResolver.php:218
at vendor/spatie/laravel-data/src/Resolvers/DataCollectableFromSomethingResolver.php:148
at vendor/spatie/laravel-data/src/Resolvers/DataCollectableFromSomethingResolver.php:54
at vendor/spatie/laravel-data/src/Support/Creation/CreationContext.php:67
at vendor/spatie/laravel-data/src/DataPipes/CastPropertiesDataPipe.php:117
at vendor/spatie/laravel-data/src/DataPipes/CastPropertiesDataPipe.php:59
at vendor/spatie/laravel-data/src/Support/ResolvedDataPipeline.php:66
at vendor/spatie/laravel-data/src/Resolvers/DataFromSomethingResolver.php:165
at vendor/spatie/laravel-data/src/Resolvers/DataFromSomethingResolver.php:66
at vendor/spatie/laravel-data/src/Support/Creation/CreationContextFactory.php:207
at vendor/spatie/laravel-data/src/Concerns/BaseData.php:46
at src/Extensions/Discovery/Functions/DescribeFunction.php:139
at src/Extensions/Discovery/Functions/DescribeFunction.php:75
at tests/Unit/Functions/DescribeFunctionTest.php:366</error>
        </testcase>
        <testcase name="`DescribeFunction` → `Happy Paths` → `handle()` → generates valid Forrst Discovery document structure" file="tests/Unit/Functions/DescribeFunctionTest.php::`DescribeFunction` → `Happy Paths` → `handle()` → generates valid Forrst Discovery document structure" class="Tests\Unit\Functions\DescribeFunctionTest" classname="Tests.Unit.Functions.DescribeFunctionTest" assertions="0" time="0.004909">
          <error type="Cline\Forrst\Exceptions\EmptyArrayException">`DescribeFunction` → `Happy Paths` → `handle()` → generates valid Forrst Discovery document structureCline\Forrst\Exceptions\EmptyArrayException: functions cannot be empty
at src/Exceptions/EmptyArrayException.php:22
at src/Discovery/DiscoveryData.php:101
at src/Discovery/DiscoveryData.php:86
at vendor/spatie/laravel-data/src/Resolvers/DataFromArrayResolver.php:97
at vendor/spatie/laravel-data/src/Resolvers/DataFromArrayResolver.php:33
at vendor/spatie/laravel-data/src/Resolvers/DataFromSomethingResolver.php:73
at vendor/spatie/laravel-data/src/Support/Creation/CreationContextFactory.php:207
at vendor/spatie/laravel-data/src/Concerns/BaseData.php:46
at src/Extensions/Discovery/Functions/DescribeFunction.php:139
at src/Extensions/Discovery/Functions/DescribeFunction.php:75
at tests/Unit/Functions/DescribeFunctionTest.php:391</error>
        </testcase>
        <testcase name="`DescribeFunction` → `Happy Paths` → `handle()` → includes function version in descriptor" file="tests/Unit/Functions/DescribeFunctionTest.php::`DescribeFunction` → `Happy Paths` → `handle()` → includes function version in descriptor" class="Tests\Unit\Functions\DescribeFunctionTest" classname="Tests.Unit.Functions.DescribeFunctionTest" assertions="0" time="0.005477">
          <error type="Cline\Forrst\Exceptions\InvalidFunctionNameException">`DescribeFunction` → `Happy Paths` → `handle()` → includes function version in descriptorCline\Forrst\Exceptions\InvalidFunctionNameException: Invalid function name "test.function": Expected format: 'urn:namespace:forrst:ext:extension:fn:name' or 'urn:namespace:forrst:fn:name'
at src/Exceptions/InvalidFunctionNameException.php:22
at src/Discovery/FunctionDescriptorData.php:142
at vendor/spatie/laravel-data/src/Resolvers/DataFromArrayResolver.php:97
at vendor/spatie/laravel-data/src/Resolvers/DataFromArrayResolver.php:33
at vendor/spatie/laravel-data/src/Resolvers/DataFromSomethingResolver.php:73
at vendor/spatie/laravel-data/src/Support/Creation/CreationContext.php:48
at vendor/spatie/laravel-data/src/Resolvers/DataCollectableFromSomethingResolver.php:218
at vendor/spatie/laravel-data/src/Resolvers/DataCollectableFromSomethingResolver.php:148
at vendor/spatie/laravel-data/src/Resolvers/DataCollectableFromSomethingResolver.php:54
at vendor/spatie/laravel-data/src/Support/Creation/CreationContext.php:67
at vendor/spatie/laravel-data/src/DataPipes/CastPropertiesDataPipe.php:117
at vendor/spatie/laravel-data/src/DataPipes/CastPropertiesDataPipe.php:59
at vendor/spatie/laravel-data/src/Support/ResolvedDataPipeline.php:66
at vendor/spatie/laravel-data/src/Resolvers/DataFromSomethingResolver.php:165
at vendor/spatie/laravel-data/src/Resolvers/DataFromSomethingResolver.php:66
at vendor/spatie/laravel-data/src/Support/Creation/CreationContextFactory.php:207
at vendor/spatie/laravel-data/src/Concerns/BaseData.php:46
at src/Extensions/Discovery/Functions/DescribeFunction.php:139
at src/Extensions/Discovery/Functions/DescribeFunction.php:75
at tests/Unit/Functions/DescribeFunctionTest.php:438</error>
        </testcase>
        <testcase name="`DescribeFunction` → `Edge Cases` → `filterRecursive()` → removes null values from array" file="tests/Unit/Functions/DescribeFunctionTest.php::`DescribeFunction` → `Edge Cases` → `filterRecursive()` → removes null values from array" class="Tests\Unit\Functions\DescribeFunctionTest" classname="Tests.Unit.Functions.DescribeFunctionTest" assertions="1" time="0.004450"/>
        <testcase name="`DescribeFunction` → `Edge Cases` → `filterRecursive()` → removes empty strings from array" file="tests/Unit/Functions/DescribeFunctionTest.php::`DescribeFunction` → `Edge Cases` → `filterRecursive()` → removes empty strings from array" class="Tests\Unit\Functions\DescribeFunctionTest" classname="Tests.Unit.Functions.DescribeFunctionTest" assertions="1" time="0.004127"/>
        <testcase name="`DescribeFunction` → `Edge Cases` → `filterRecursive()` → preserves boolean false values" file="tests/Unit/Functions/DescribeFunctionTest.php::`DescribeFunction` → `Edge Cases` → `filterRecursive()` → preserves boolean false values" class="Tests\Unit\Functions\DescribeFunctionTest" classname="Tests.Unit.Functions.DescribeFunctionTest" assertions="1" time="0.003839"/>
        <testcase name="`DescribeFunction` → `Edge Cases` → `filterRecursive()` → preserves numeric zero values" file="tests/Unit/Functions/DescribeFunctionTest.php::`DescribeFunction` → `Edge Cases` → `filterRecursive()` → preserves numeric zero values" class="Tests\Unit\Functions\DescribeFunctionTest" classname="Tests.Unit.Functions.DescribeFunctionTest" assertions="1" time="0.003815"/>
        <testcase name="`DescribeFunction` → `Edge Cases` → `filterRecursive()` → recursively filters nested arrays" file="tests/Unit/Functions/DescribeFunctionTest.php::`DescribeFunction` → `Edge Cases` → `filterRecursive()` → recursively filters nested arrays" class="Tests\Unit\Functions\DescribeFunctionTest" classname="Tests.Unit.Functions.DescribeFunctionTest" assertions="1" time="0.003751"/>
        <testcase name="`DescribeFunction` → `Edge Cases` → `filterRecursive()` → removes empty arrays after filtering" file="tests/Unit/Functions/DescribeFunctionTest.php::`DescribeFunction` → `Edge Cases` → `filterRecursive()` → removes empty arrays after filtering" class="Tests\Unit\Functions\DescribeFunctionTest" classname="Tests.Unit.Functions.DescribeFunctionTest" assertions="1" time="0.003749"/>
        <testcase name="`DescribeFunction` → `Edge Cases` → `filterRecursive()` → handles deeply nested arrays correctly" file="tests/Unit/Functions/DescribeFunctionTest.php::`DescribeFunction` → `Edge Cases` → `filterRecursive()` → handles deeply nested arrays correctly" class="Tests\Unit\Functions\DescribeFunctionTest" classname="Tests.Unit.Functions.DescribeFunctionTest" assertions="1" time="0.003889"/>
        <testcase name="`DescribeFunction` → `Edge Cases` → `filterRecursive()` → handles mixed types correctly" file="tests/Unit/Functions/DescribeFunctionTest.php::`DescribeFunction` → `Edge Cases` → `filterRecursive()` → handles mixed types correctly" class="Tests\Unit\Functions\DescribeFunctionTest" classname="Tests.Unit.Functions.DescribeFunctionTest" assertions="1" time="0.003736"/>
        <testcase name="`DescribeFunction` → `Edge Cases` → `handle() with empty data` → handles server with no registered functions" file="tests/Unit/Functions/DescribeFunctionTest.php::`DescribeFunction` → `Edge Cases` → `handle() with empty data` → handles server with no registered functions" class="Tests\Unit\Functions\DescribeFunctionTest" classname="Tests.Unit.Functions.DescribeFunctionTest" assertions="0" time="0.004373">
          <error type="Cline\Forrst\Exceptions\EmptyArrayException">`DescribeFunction` → `Edge Cases` → `handle() with empty data` → handles server with no registered functionsCline\Forrst\Exceptions\EmptyArrayException: functions cannot be empty
at src/Exceptions/EmptyArrayException.php:22
at src/Discovery/DiscoveryData.php:101
at src/Discovery/DiscoveryData.php:86
at vendor/spatie/laravel-data/src/Resolvers/DataFromArrayResolver.php:97
at vendor/spatie/laravel-data/src/Resolvers/DataFromArrayResolver.php:33
at vendor/spatie/laravel-data/src/Resolvers/DataFromSomethingResolver.php:73
at vendor/spatie/laravel-data/src/Support/Creation/CreationContextFactory.php:207
at vendor/spatie/laravel-data/src/Concerns/BaseData.php:46
at src/Extensions/Discovery/Functions/DescribeFunction.php:139
at src/Extensions/Discovery/Functions/DescribeFunction.php:75
at tests/Unit/Functions/DescribeFunctionTest.php:669</error>
        </testcase>
        <testcase name="`DescribeFunction` → `Sad Paths` → `handle() error scenarios` → handles function with null result gracefully" file="tests/Unit/Functions/DescribeFunctionTest.php::`DescribeFunction` → `Sad Paths` → `handle() error scenarios` → handles function with null result gracefully" class="Tests\Unit\Functions\DescribeFunctionTest" classname="Tests.Unit.Functions.DescribeFunctionTest" assertions="0" time="0.004538">
          <error type="Cline\Forrst\Exceptions\InvalidFunctionNameException">`DescribeFunction` → `Sad Paths` → `handle() error scenarios` → handles function with null result gracefullyCline\Forrst\Exceptions\InvalidFunctionNameException: Invalid function name "test.function": Expected format: 'urn:namespace:forrst:ext:extension:fn:name' or 'urn:namespace:forrst:fn:name'
at src/Exceptions/InvalidFunctionNameException.php:22
at src/Discovery/FunctionDescriptorData.php:142
at vendor/spatie/laravel-data/src/Resolvers/DataFromArrayResolver.php:97
at vendor/spatie/laravel-data/src/Resolvers/DataFromArrayResolver.php:33
at vendor/spatie/laravel-data/src/Resolvers/DataFromSomethingResolver.php:73
at vendor/spatie/laravel-data/src/Support/Creation/CreationContext.php:48
at vendor/spatie/laravel-data/src/Resolvers/DataCollectableFromSomethingResolver.php:218
at vendor/spatie/laravel-data/src/Resolvers/DataCollectableFromSomethingResolver.php:148
at vendor/spatie/laravel-data/src/Resolvers/DataCollectableFromSomethingResolver.php:54
at vendor/spatie/laravel-data/src/Support/Creation/CreationContext.php:67
at vendor/spatie/laravel-data/src/DataPipes/CastPropertiesDataPipe.php:117
at vendor/spatie/laravel-data/src/DataPipes/CastPropertiesDataPipe.php:59
at vendor/spatie/laravel-data/src/Support/ResolvedDataPipeline.php:66
at vendor/spatie/laravel-data/src/Resolvers/DataFromSomethingResolver.php:165
at vendor/spatie/laravel-data/src/Resolvers/DataFromSomethingResolver.php:66
at vendor/spatie/laravel-data/src/Support/Creation/CreationContextFactory.php:207
at vendor/spatie/laravel-data/src/Concerns/BaseData.php:46
at src/Extensions/Discovery/Functions/DescribeFunction.php:139
at src/Extensions/Discovery/Functions/DescribeFunction.php:75
at tests/Unit/Functions/DescribeFunctionTest.php:715</error>
        </testcase>
        <testcase name="`DescribeFunction` → `Sad Paths` → `handle() error scenarios` → handles functions with empty error arrays" file="tests/Unit/Functions/DescribeFunctionTest.php::`DescribeFunction` → `Sad Paths` → `handle() error scenarios` → handles functions with empty error arrays" class="Tests\Unit\Functions\DescribeFunctionTest" classname="Tests.Unit.Functions.DescribeFunctionTest" assertions="0" time="0.004926">
          <error type="Cline\Forrst\Exceptions\InvalidFunctionNameException">`DescribeFunction` → `Sad Paths` → `handle() error scenarios` → handles functions with empty error arraysCline\Forrst\Exceptions\InvalidFunctionNameException: Invalid function name "test.function": Expected format: 'urn:namespace:forrst:ext:extension:fn:name' or 'urn:namespace:forrst:fn:name'
at src/Exceptions/InvalidFunctionNameException.php:22
at src/Discovery/FunctionDescriptorData.php:142
at vendor/spatie/laravel-data/src/Resolvers/DataFromArrayResolver.php:97
at vendor/spatie/laravel-data/src/Resolvers/DataFromArrayResolver.php:33
at vendor/spatie/laravel-data/src/Resolvers/DataFromSomethingResolver.php:73
at vendor/spatie/laravel-data/src/Support/Creation/CreationContext.php:48
at vendor/spatie/laravel-data/src/Resolvers/DataCollectableFromSomethingResolver.php:218
at vendor/spatie/laravel-data/src/Resolvers/DataCollectableFromSomethingResolver.php:148
at vendor/spatie/laravel-data/src/Resolvers/DataCollectableFromSomethingResolver.php:54
at vendor/spatie/laravel-data/src/Support/Creation/CreationContext.php:67
at vendor/spatie/laravel-data/src/DataPipes/CastPropertiesDataPipe.php:117
at vendor/spatie/laravel-data/src/DataPipes/CastPropertiesDataPipe.php:59
at vendor/spatie/laravel-data/src/Support/ResolvedDataPipeline.php:66
at vendor/spatie/laravel-data/src/Resolvers/DataFromSomethingResolver.php:165
at vendor/spatie/laravel-data/src/Resolvers/DataFromSomethingResolver.php:66
at vendor/spatie/laravel-data/src/Support/Creation/CreationContextFactory.php:207
at vendor/spatie/laravel-data/src/Concerns/BaseData.php:46
at src/Extensions/Discovery/Functions/DescribeFunction.php:139
at src/Extensions/Discovery/Functions/DescribeFunction.php:75
at tests/Unit/Functions/DescribeFunctionTest.php:757</error>
        </testcase>
      </testsuite>
      <testsuite name="Tests\Unit\Functions\FunctionUrnTest" file="tests/Unit/Functions/FunctionUrnTest.php" tests="14" assertions="21" errors="0" failures="0" skipped="0" time="0.066709">
        <testcase name="`FunctionUrn` → `all()` → returns all function URN values" file="tests/Unit/Functions/FunctionUrnTest.php::`FunctionUrn` → `all()` → returns all function URN values" class="Tests\Unit\Functions\FunctionUrnTest" classname="Tests.Unit.Functions.FunctionUrnTest" assertions="5" time="0.008990"/>
        <testcase name="`FunctionUrn` → `isSystem()` → returns true for system function URNs" file="tests/Unit/Functions/FunctionUrnTest.php::`FunctionUrn` → `isSystem()` → returns true for system function URNs" class="Tests\Unit\Functions\FunctionUrnTest" classname="Tests.Unit.Functions.FunctionUrnTest" assertions="3" time="0.003699"/>
        <testcase name="`FunctionUrn` → `isSystem()` → returns false for non-system function URNs" file="tests/Unit/Functions/FunctionUrnTest.php::`FunctionUrn` → `isSystem()` → returns false for non-system function URNs" class="Tests\Unit\Functions\FunctionUrnTest" classname="Tests.Unit.Functions.FunctionUrnTest" assertions="2" time="0.003703"/>
        <testcase name="`FunctionUrn` → `enum cases` → Ping has correct URN" file="tests/Unit/Functions/FunctionUrnTest.php::`FunctionUrn` → `enum cases` → Ping has correct URN" class="Tests\Unit\Functions\FunctionUrnTest" classname="Tests.Unit.Functions.FunctionUrnTest" assertions="1" time="0.003640"/>
        <testcase name="`FunctionUrn` → `enum cases` → Capabilities has correct URN" file="tests/Unit/Functions/FunctionUrnTest.php::`FunctionUrn` → `enum cases` → Capabilities has correct URN" class="Tests\Unit\Functions\FunctionUrnTest" classname="Tests.Unit.Functions.FunctionUrnTest" assertions="1" time="0.003676"/>
        <testcase name="`FunctionUrn` → `enum cases` → Describe has correct URN" file="tests/Unit/Functions/FunctionUrnTest.php::`FunctionUrn` → `enum cases` → Describe has correct URN" class="Tests\Unit\Functions\FunctionUrnTest" classname="Tests.Unit.Functions.FunctionUrnTest" assertions="1" time="0.004038"/>
        <testcase name="`FunctionUrn` → `enum cases` → Health has correct URN" file="tests/Unit/Functions/FunctionUrnTest.php::`FunctionUrn` → `enum cases` → Health has correct URN" class="Tests\Unit\Functions\FunctionUrnTest" classname="Tests.Unit.Functions.FunctionUrnTest" assertions="1" time="0.009028"/>
        <testcase name="`FunctionUrn` → `enum cases` → Cancel has correct URN" file="tests/Unit/Functions/FunctionUrnTest.php::`FunctionUrn` → `enum cases` → Cancel has correct URN" class="Tests\Unit\Functions\FunctionUrnTest" classname="Tests.Unit.Functions.FunctionUrnTest" assertions="1" time="0.004425"/>
        <testcase name="`FunctionUrn` → `enum cases` → OperationStatus has correct URN" file="tests/Unit/Functions/FunctionUrnTest.php::`FunctionUrn` → `enum cases` → OperationStatus has correct URN" class="Tests\Unit\Functions\FunctionUrnTest" classname="Tests.Unit.Functions.FunctionUrnTest" assertions="1" time="0.004322"/>
        <testcase name="`FunctionUrn` → `enum cases` → OperationCancel has correct URN" file="tests/Unit/Functions/FunctionUrnTest.php::`FunctionUrn` → `enum cases` → OperationCancel has correct URN" class="Tests\Unit\Functions\FunctionUrnTest" classname="Tests.Unit.Functions.FunctionUrnTest" assertions="1" time="0.004085"/>
        <testcase name="`FunctionUrn` → `enum cases` → OperationList has correct URN" file="tests/Unit/Functions/FunctionUrnTest.php::`FunctionUrn` → `enum cases` → OperationList has correct URN" class="Tests\Unit\Functions\FunctionUrnTest" classname="Tests.Unit.Functions.FunctionUrnTest" assertions="1" time="0.004793"/>
        <testcase name="`FunctionUrn` → `enum cases` → LocksStatus has correct URN" file="tests/Unit/Functions/FunctionUrnTest.php::`FunctionUrn` → `enum cases` → LocksStatus has correct URN" class="Tests\Unit\Functions\FunctionUrnTest" classname="Tests.Unit.Functions.FunctionUrnTest" assertions="1" time="0.004196"/>
        <testcase name="`FunctionUrn` → `enum cases` → LocksRelease has correct URN" file="tests/Unit/Functions/FunctionUrnTest.php::`FunctionUrn` → `enum cases` → LocksRelease has correct URN" class="Tests\Unit\Functions\FunctionUrnTest" classname="Tests.Unit.Functions.FunctionUrnTest" assertions="1" time="0.004137"/>
        <testcase name="`FunctionUrn` → `enum cases` → LocksForceRelease has correct URN" file="tests/Unit/Functions/FunctionUrnTest.php::`FunctionUrn` → `enum cases` → LocksForceRelease has correct URN" class="Tests\Unit\Functions\FunctionUrnTest" classname="Tests.Unit.Functions.FunctionUrnTest" assertions="1" time="0.003977"/>
      </testsuite>
      <testsuite name="Tests\Unit\Functions\StreamingSumTest" file="tests/Unit/Functions/StreamingSumTest.php" tests="4" assertions="29" errors="0" failures="0" skipped="0" time="0.017770">
        <testcase name="`StreamingSum` → `Streaming Output` → streams correct sequence of events for multiple numbers" file="tests/Unit/Functions/StreamingSumTest.php::`StreamingSum` → `Streaming Output` → streams correct sequence of events for multiple numbers" class="Tests\Unit\Functions\StreamingSumTest" classname="Tests.Unit.Functions.StreamingSumTest" assertions="18" time="0.006282"/>
        <testcase name="`StreamingSum` → `Streaming Output` → streams correct SSE format" file="tests/Unit/Functions/StreamingSumTest.php::`StreamingSum` → `Streaming Output` → streams correct SSE format" class="Tests\Unit\Functions\StreamingSumTest" classname="Tests.Unit.Functions.StreamingSumTest" assertions="7" time="0.003747"/>
        <testcase name="`StreamingSum` → `Streaming Output` → streams empty result for no arguments" file="tests/Unit/Functions/StreamingSumTest.php::`StreamingSum` → `Streaming Output` → streams empty result for no arguments" class="Tests\Unit\Functions\StreamingSumTest" classname="Tests.Unit.Functions.StreamingSumTest" assertions="3" time="0.003621"/>
        <testcase name="`StreamingSum` → `Streaming Output` → non-streaming handle returns correct result" file="tests/Unit/Functions/StreamingSumTest.php::`StreamingSum` → `Streaming Output` → non-streaming handle returns correct result" class="Tests\Unit\Functions\StreamingSumTest" classname="Tests.Unit.Functions.StreamingSumTest" assertions="1" time="0.004120"/>
      </testsuite>
      <testsuite name="Tests\Unit\Functions\System\CancelFunctionTest" file="tests/Unit/Functions/System/CancelFunctionTest.php" tests="24" assertions="62" errors="0" failures="0" skipped="0" time="0.098374">
        <testcase name="`CancelFunction` → `Happy Paths` → `__invoke()` → cancels request successfully with valid token" file="tests/Unit/Functions/System/CancelFunctionTest.php::`CancelFunction` → `Happy Paths` → `__invoke()` → cancels request successfully with valid token" class="Tests\Unit\Functions\System\CancelFunctionTest" classname="Tests.Unit.Functions.System.CancelFunctionTest" assertions="6" time="0.004937"/>
        <testcase name="`CancelFunction` → `Happy Paths` → `__invoke()` → returns correct structure with cancelled true and token value" file="tests/Unit/Functions/System/CancelFunctionTest.php::`CancelFunction` → `Happy Paths` → `__invoke()` → returns correct structure with cancelled true and token value" class="Tests\Unit\Functions\System\CancelFunctionTest" classname="Tests.Unit.Functions.System.CancelFunctionTest" assertions="4" time="0.003788"/>
        <testcase name="`CancelFunction` → `Happy Paths` → `getName()` → returns standard Forrst cancel function name" file="tests/Unit/Functions/System/CancelFunctionTest.php::`CancelFunction` → `Happy Paths` → `getName()` → returns standard Forrst cancel function name" class="Tests\Unit\Functions\System\CancelFunctionTest" classname="Tests.Unit.Functions.System.CancelFunctionTest" assertions="1" time="0.003657"/>
        <testcase name="`CancelFunction` → `Happy Paths` → `getSummary()` → returns description of cancel function" file="tests/Unit/Functions/System/CancelFunctionTest.php::`CancelFunction` → `Happy Paths` → `getSummary()` → returns description of cancel function" class="Tests\Unit\Functions\System\CancelFunctionTest" classname="Tests.Unit.Functions.System.CancelFunctionTest" assertions="1" time="0.003692"/>
        <testcase name="`CancelFunction` → `Happy Paths` → `getArguments()` → returns token argument configuration" file="tests/Unit/Functions/System/CancelFunctionTest.php::`CancelFunction` → `Happy Paths` → `getArguments()` → returns token argument configuration" class="Tests\Unit\Functions\System\CancelFunctionTest" classname="Tests.Unit.Functions.System.CancelFunctionTest" assertions="2" time="0.003777"/>
        <testcase name="`CancelFunction` → `Happy Paths` → `getArguments()` → token argument is required with string type" file="tests/Unit/Functions/System/CancelFunctionTest.php::`CancelFunction` → `Happy Paths` → `getArguments()` → token argument is required with string type" class="Tests\Unit\Functions\System\CancelFunctionTest" classname="Tests.Unit.Functions.System.CancelFunctionTest" assertions="5" time="0.003727"/>
        <testcase name="`CancelFunction` → `Happy Paths` → `getResult()` → returns ResultDescriptorData with cancellation response schema" file="tests/Unit/Functions/System/CancelFunctionTest.php::`CancelFunction` → `Happy Paths` → `getResult()` → returns ResultDescriptorData with cancellation response schema" class="Tests\Unit\Functions\System\CancelFunctionTest" classname="Tests.Unit.Functions.System.CancelFunctionTest" assertions="1" time="0.003684"/>
        <testcase name="`CancelFunction` → `Happy Paths` → `getResult()` → schema defines object type with cancelled and token properties" file="tests/Unit/Functions/System/CancelFunctionTest.php::`CancelFunction` → `Happy Paths` → `getResult()` → schema defines object type with cancelled and token properties" class="Tests\Unit\Functions\System\CancelFunctionTest" classname="Tests.Unit.Functions.System.CancelFunctionTest" assertions="5" time="0.003594"/>
        <testcase name="`CancelFunction` → `Happy Paths` → `getResult()` → schema requires cancelled and token fields" file="tests/Unit/Functions/System/CancelFunctionTest.php::`CancelFunction` → `Happy Paths` → `getResult()` → schema requires cancelled and token fields" class="Tests\Unit\Functions\System\CancelFunctionTest" classname="Tests.Unit.Functions.System.CancelFunctionTest" assertions="2" time="0.003657"/>
        <testcase name="`CancelFunction` → `Happy Paths` → `getResult()` → result description is Cancellation result" file="tests/Unit/Functions/System/CancelFunctionTest.php::`CancelFunction` → `Happy Paths` → `getResult()` → result description is Cancellation result" class="Tests\Unit\Functions\System\CancelFunctionTest" classname="Tests.Unit.Functions.System.CancelFunctionTest" assertions="1" time="0.003910"/>
        <testcase name="`CancelFunction` → `Happy Paths` → `getErrors()` → returns array of ErrorDefinitionData with two error types" file="tests/Unit/Functions/System/CancelFunctionTest.php::`CancelFunction` → `Happy Paths` → `getErrors()` → returns array of ErrorDefinitionData with two error types" class="Tests\Unit\Functions\System\CancelFunctionTest" classname="Tests.Unit.Functions.System.CancelFunctionTest" assertions="4" time="0.003687"/>
        <testcase name="`CancelFunction` → `Happy Paths` → `getErrors()` → defines CancellationTokenUnknown error" file="tests/Unit/Functions/System/CancelFunctionTest.php::`CancelFunction` → `Happy Paths` → `getErrors()` → defines CancellationTokenUnknown error" class="Tests\Unit\Functions\System\CancelFunctionTest" classname="Tests.Unit.Functions.System.CancelFunctionTest" assertions="3" time="0.003683"/>
        <testcase name="`CancelFunction` → `Happy Paths` → `getErrors()` → defines CancellationTooLate error" file="tests/Unit/Functions/System/CancelFunctionTest.php::`CancelFunction` → `Happy Paths` → `getErrors()` → defines CancellationTooLate error" class="Tests\Unit\Functions\System\CancelFunctionTest" classname="Tests.Unit.Functions.System.CancelFunctionTest" assertions="3" time="0.008459"/>
        <testcase name="`CancelFunction` → `Sad Paths` → `__invoke() with missing token` → throws CancellationTokenMissingException when token argument is missing" file="tests/Unit/Functions/System/CancelFunctionTest.php::`CancelFunction` → `Sad Paths` → `__invoke() with missing token` → throws CancellationTokenMissingException when token argument is missing" class="Tests\Unit\Functions\System\CancelFunctionTest" classname="Tests.Unit.Functions.System.CancelFunctionTest" assertions="1" time="0.004366"/>
        <testcase name="`CancelFunction` → `Sad Paths` → `__invoke() with missing token` → throws CancellationTokenMissingException when token argument is null" file="tests/Unit/Functions/System/CancelFunctionTest.php::`CancelFunction` → `Sad Paths` → `__invoke() with missing token` → throws CancellationTokenMissingException when token argument is null" class="Tests\Unit\Functions\System\CancelFunctionTest" classname="Tests.Unit.Functions.System.CancelFunctionTest" assertions="1" time="0.004143"/>
        <testcase name="`CancelFunction` → `Sad Paths` → `__invoke() with missing token` → throws CancellationTokenMissingException when token is empty string" file="tests/Unit/Functions/System/CancelFunctionTest.php::`CancelFunction` → `Sad Paths` → `__invoke() with missing token` → throws CancellationTokenMissingException when token is empty string" class="Tests\Unit\Functions\System\CancelFunctionTest" classname="Tests.Unit.Functions.System.CancelFunctionTest" assertions="1" time="0.004043"/>
        <testcase name="`CancelFunction` → `Sad Paths` → `__invoke() with missing token` → throws CancellationTokenMissingException when token is non-string type" file="tests/Unit/Functions/System/CancelFunctionTest.php::`CancelFunction` → `Sad Paths` → `__invoke() with missing token` → throws CancellationTokenMissingException when token is non-string type" class="Tests\Unit\Functions\System\CancelFunctionTest" classname="Tests.Unit.Functions.System.CancelFunctionTest" assertions="1" time="0.003905"/>
        <testcase name="`CancelFunction` → `Sad Paths` → `__invoke() with unknown token` → throws CancellationTokenNotFoundException when extension cancel returns false" file="tests/Unit/Functions/System/CancelFunctionTest.php::`CancelFunction` → `Sad Paths` → `__invoke() with unknown token` → throws CancellationTokenNotFoundException when extension cancel returns false" class="Tests\Unit\Functions\System\CancelFunctionTest" classname="Tests.Unit.Functions.System.CancelFunctionTest" assertions="2" time="0.004022"/>
        <testcase name="`CancelFunction` → `Sad Paths` → `__invoke() with unknown token` → throws CancellationTokenNotFoundException with correct message for expired token" file="tests/Unit/Functions/System/CancelFunctionTest.php::`CancelFunction` → `Sad Paths` → `__invoke() with unknown token` → throws CancellationTokenNotFoundException with correct message for expired token" class="Tests\Unit\Functions\System\CancelFunctionTest" classname="Tests.Unit.Functions.System.CancelFunctionTest" assertions="1" time="0.003895"/>
        <testcase name="`CancelFunction` → `Edge Cases` → `__invoke() with whitespace-only token` → processes cancellation successfully when token contains whitespace" file="tests/Unit/Functions/System/CancelFunctionTest.php::`CancelFunction` → `Edge Cases` → `__invoke() with whitespace-only token` → processes cancellation successfully when token contains whitespace" class="Tests\Unit\Functions\System\CancelFunctionTest" classname="Tests.Unit.Functions.System.CancelFunctionTest" assertions="2" time="0.004010"/>
        <testcase name="`CancelFunction` → `Edge Cases` → `__invoke() with very long token` → processes cancellation successfully with very long valid token" file="tests/Unit/Functions/System/CancelFunctionTest.php::`CancelFunction` → `Edge Cases` → `__invoke() with very long token` → processes cancellation successfully with very long valid token" class="Tests\Unit\Functions\System\CancelFunctionTest" classname="Tests.Unit.Functions.System.CancelFunctionTest" assertions="4" time="0.003857"/>
        <testcase name="`CancelFunction` → `Edge Cases` → `__invoke() with special characters in token` → processes cancellation successfully with special characters in token" file="tests/Unit/Functions/System/CancelFunctionTest.php::`CancelFunction` → `Edge Cases` → `__invoke() with special characters in token` → processes cancellation successfully with special characters in token" class="Tests\Unit\Functions\System\CancelFunctionTest" classname="Tests.Unit.Functions.System.CancelFunctionTest" assertions="4" time="0.004022"/>
        <testcase name="`CancelFunction` → `Edge Cases` → `__invoke() with unicode token` → processes cancellation successfully with unicode characters in token" file="tests/Unit/Functions/System/CancelFunctionTest.php::`CancelFunction` → `Edge Cases` → `__invoke() with unicode token` → processes cancellation successfully with unicode characters in token" class="Tests\Unit\Functions\System\CancelFunctionTest" classname="Tests.Unit.Functions.System.CancelFunctionTest" assertions="4" time="0.003929"/>
        <testcase name="`CancelFunction` → `Edge Cases` → `__invoke() when token already cancelled` → succeeds when cancelling already cancelled token" file="tests/Unit/Functions/System/CancelFunctionTest.php::`CancelFunction` → `Edge Cases` → `__invoke() when token already cancelled` → succeeds when cancelling already cancelled token" class="Tests\Unit\Functions\System\CancelFunctionTest" classname="Tests.Unit.Functions.System.CancelFunctionTest" assertions="3" time="0.003931"/>
      </testsuite>
      <testsuite name="Tests\Unit\Functions\System\CapabilitiesFunctionTest" file="tests/Unit/Functions/System/CapabilitiesFunctionTest.php" tests="22" assertions="59" errors="0" failures="0" skipped="0" time="0.096951">
        <testcase name="`CapabilitiesFunction` → `Happy Paths` → `getName()` → returns standard Forrst capabilities function name" file="tests/Unit/Functions/System/CapabilitiesFunctionTest.php::`CapabilitiesFunction` → `Happy Paths` → `getName()` → returns standard Forrst capabilities function name" class="Tests\Unit\Functions\System\CapabilitiesFunctionTest" classname="Tests.Unit.Functions.System.CapabilitiesFunctionTest" assertions="1" time="0.008640"/>
        <testcase name="`CapabilitiesFunction` → `Happy Paths` → `getVersion()` → returns default version" file="tests/Unit/Functions/System/CapabilitiesFunctionTest.php::`CapabilitiesFunction` → `Happy Paths` → `getVersion()` → returns default version" class="Tests\Unit\Functions\System\CapabilitiesFunctionTest" classname="Tests.Unit.Functions.System.CapabilitiesFunctionTest" assertions="1" time="0.003728"/>
        <testcase name="`CapabilitiesFunction` → `Happy Paths` → `getSummary()` → returns description of capabilities function" file="tests/Unit/Functions/System/CapabilitiesFunctionTest.php::`CapabilitiesFunction` → `Happy Paths` → `getSummary()` → returns description of capabilities function" class="Tests\Unit\Functions\System\CapabilitiesFunctionTest" classname="Tests.Unit.Functions.System.CapabilitiesFunctionTest" assertions="1" time="0.004270"/>
        <testcase name="`CapabilitiesFunction` → `Happy Paths` → `getArguments()` → returns empty array since capabilities requires no arguments" file="tests/Unit/Functions/System/CapabilitiesFunctionTest.php::`CapabilitiesFunction` → `Happy Paths` → `getArguments()` → returns empty array since capabilities requires no arguments" class="Tests\Unit\Functions\System\CapabilitiesFunctionTest" classname="Tests.Unit.Functions.System.CapabilitiesFunctionTest" assertions="2" time="0.004216"/>
        <testcase name="`CapabilitiesFunction` → `Happy Paths` → `getResult()` → returns ResultDescriptorData with capabilities response schema" file="tests/Unit/Functions/System/CapabilitiesFunctionTest.php::`CapabilitiesFunction` → `Happy Paths` → `getResult()` → returns ResultDescriptorData with capabilities response schema" class="Tests\Unit\Functions\System\CapabilitiesFunctionTest" classname="Tests.Unit.Functions.System.CapabilitiesFunctionTest" assertions="6" time="0.003988"/>
        <testcase name="`CapabilitiesFunction` → `Happy Paths` → `getResult()` → schema requires service, protocol_versions, and functions" file="tests/Unit/Functions/System/CapabilitiesFunctionTest.php::`CapabilitiesFunction` → `Happy Paths` → `getResult()` → schema requires service, protocol_versions, and functions" class="Tests\Unit\Functions\System\CapabilitiesFunctionTest" classname="Tests.Unit.Functions.System.CapabilitiesFunctionTest" assertions="4" time="0.004368"/>
        <testcase name="`CapabilitiesFunction` → `Happy Paths` → `getResult()` → schema defines protocol_versions as string array" file="tests/Unit/Functions/System/CapabilitiesFunctionTest.php::`CapabilitiesFunction` → `Happy Paths` → `getResult()` → schema defines protocol_versions as string array" class="Tests\Unit\Functions\System\CapabilitiesFunctionTest" classname="Tests.Unit.Functions.System.CapabilitiesFunctionTest" assertions="3" time="0.004044"/>
        <testcase name="`CapabilitiesFunction` → `Happy Paths` → `getResult()` → schema defines functions as string array" file="tests/Unit/Functions/System/CapabilitiesFunctionTest.php::`CapabilitiesFunction` → `Happy Paths` → `getResult()` → schema defines functions as string array" class="Tests\Unit\Functions\System\CapabilitiesFunctionTest" classname="Tests.Unit.Functions.System.CapabilitiesFunctionTest" assertions="3" time="0.003825"/>
        <testcase name="`CapabilitiesFunction` → `Happy Paths` → `__invoke()` → returns service name" file="tests/Unit/Functions/System/CapabilitiesFunctionTest.php::`CapabilitiesFunction` → `Happy Paths` → `__invoke()` → returns service name" class="Tests\Unit\Functions\System\CapabilitiesFunctionTest" classname="Tests.Unit.Functions.System.CapabilitiesFunctionTest" assertions="2" time="0.003660"/>
        <testcase name="`CapabilitiesFunction` → `Happy Paths` → `__invoke()` → returns protocol version" file="tests/Unit/Functions/System/CapabilitiesFunctionTest.php::`CapabilitiesFunction` → `Happy Paths` → `__invoke()` → returns protocol version" class="Tests\Unit\Functions\System\CapabilitiesFunctionTest" classname="Tests.Unit.Functions.System.CapabilitiesFunctionTest" assertions="3" time="0.003687"/>
        <testcase name="`CapabilitiesFunction` → `Happy Paths` → `__invoke()` → returns empty functions array when no functions registered" file="tests/Unit/Functions/System/CapabilitiesFunctionTest.php::`CapabilitiesFunction` → `Happy Paths` → `__invoke()` → returns empty functions array when no functions registered" class="Tests\Unit\Functions\System\CapabilitiesFunctionTest" classname="Tests.Unit.Functions.System.CapabilitiesFunctionTest" assertions="3" time="0.004057"/>
        <testcase name="`CapabilitiesFunction` → `Happy Paths` → `__invoke()` → returns list of function names" file="tests/Unit/Functions/System/CapabilitiesFunctionTest.php::`CapabilitiesFunction` → `Happy Paths` → `__invoke()` → returns list of function names" class="Tests\Unit\Functions\System\CapabilitiesFunctionTest" classname="Tests.Unit.Functions.System.CapabilitiesFunctionTest" assertions="5" time="0.003754"/>
        <testcase name="`CapabilitiesFunction` → `Happy Paths` → `__invoke()` → does not include extensions when none provided" file="tests/Unit/Functions/System/CapabilitiesFunctionTest.php::`CapabilitiesFunction` → `Happy Paths` → `__invoke()` → does not include extensions when none provided" class="Tests\Unit\Functions\System\CapabilitiesFunctionTest" classname="Tests.Unit.Functions.System.CapabilitiesFunctionTest" assertions="1" time="0.008058"/>
        <testcase name="`CapabilitiesFunction` → `Happy Paths` → `__invoke()` → includes extensions when provided" file="tests/Unit/Functions/System/CapabilitiesFunctionTest.php::`CapabilitiesFunction` → `Happy Paths` → `__invoke()` → includes extensions when provided" class="Tests\Unit\Functions\System\CapabilitiesFunctionTest" classname="Tests.Unit.Functions.System.CapabilitiesFunctionTest" assertions="5" time="0.003932"/>
        <testcase name="`CapabilitiesFunction` → `Happy Paths` → `__invoke()` → does not include limits when none provided" file="tests/Unit/Functions/System/CapabilitiesFunctionTest.php::`CapabilitiesFunction` → `Happy Paths` → `__invoke()` → does not include limits when none provided" class="Tests\Unit\Functions\System\CapabilitiesFunctionTest" classname="Tests.Unit.Functions.System.CapabilitiesFunctionTest" assertions="1" time="0.004090"/>
        <testcase name="`CapabilitiesFunction` → `Happy Paths` → `__invoke()` → includes limits when provided" file="tests/Unit/Functions/System/CapabilitiesFunctionTest.php::`CapabilitiesFunction` → `Happy Paths` → `__invoke()` → includes limits when provided" class="Tests\Unit\Functions\System\CapabilitiesFunctionTest" classname="Tests.Unit.Functions.System.CapabilitiesFunctionTest" assertions="7" time="0.004204"/>
        <testcase name="`CapabilitiesFunction` → `Happy Paths` → `__invoke()` → returns complete response with all optional fields" file="tests/Unit/Functions/System/CapabilitiesFunctionTest.php::`CapabilitiesFunction` → `Happy Paths` → `__invoke()` → returns complete response with all optional fields" class="Tests\Unit\Functions\System\CapabilitiesFunctionTest" classname="Tests.Unit.Functions.System.CapabilitiesFunctionTest" assertions="5" time="0.003974"/>
        <testcase name="`CapabilitiesFunction` → `Edge Cases` → `function name extraction` → handles single function" file="tests/Unit/Functions/System/CapabilitiesFunctionTest.php::`CapabilitiesFunction` → `Edge Cases` → `function name extraction` → handles single function" class="Tests\Unit\Functions\System\CapabilitiesFunctionTest" classname="Tests.Unit.Functions.System.CapabilitiesFunctionTest" assertions="2" time="0.003743"/>
        <testcase name="`CapabilitiesFunction` → `Edge Cases` → `function name extraction` → handles many functions" file="tests/Unit/Functions/System/CapabilitiesFunctionTest.php::`CapabilitiesFunction` → `Edge Cases` → `function name extraction` → handles many functions" class="Tests\Unit\Functions\System\CapabilitiesFunctionTest" classname="Tests.Unit.Functions.System.CapabilitiesFunctionTest" assertions="1" time="0.004363"/>
        <testcase name="`CapabilitiesFunction` → `Edge Cases` → `empty collections` → handles empty extensions array" file="tests/Unit/Functions/System/CapabilitiesFunctionTest.php::`CapabilitiesFunction` → `Edge Cases` → `empty collections` → handles empty extensions array" class="Tests\Unit\Functions\System\CapabilitiesFunctionTest" classname="Tests.Unit.Functions.System.CapabilitiesFunctionTest" assertions="1" time="0.004352"/>
        <testcase name="`CapabilitiesFunction` → `Edge Cases` → `empty collections` → handles empty limits array" file="tests/Unit/Functions/System/CapabilitiesFunctionTest.php::`CapabilitiesFunction` → `Edge Cases` → `empty collections` → handles empty limits array" class="Tests\Unit\Functions\System\CapabilitiesFunctionTest" classname="Tests.Unit.Functions.System.CapabilitiesFunctionTest" assertions="1" time="0.004090"/>
        <testcase name="`CapabilitiesFunction` → `Sad Paths` → handles function with exception in getName gracefully" file="tests/Unit/Functions/System/CapabilitiesFunctionTest.php::`CapabilitiesFunction` → `Sad Paths` → handles function with exception in getName gracefully" class="Tests\Unit\Functions\System\CapabilitiesFunctionTest" classname="Tests.Unit.Functions.System.CapabilitiesFunctionTest" assertions="1" time="0.003909"/>
      </testsuite>
      <testsuite name="Tests\Unit\Functions\System\HealthFunctionTest" file="tests/Unit/Functions/System/HealthFunctionTest.php" tests="23" assertions="33" errors="12" failures="2" skipped="0" time="0.100985">
        <testcase name="`HealthFunction` → `Happy Paths` → `getName()` → returns standard Forrst health function name" file="tests/Unit/Functions/System/HealthFunctionTest.php::`HealthFunction` → `Happy Paths` → `getName()` → returns standard Forrst health function name" class="Tests\Unit\Functions\System\HealthFunctionTest" classname="Tests.Unit.Functions.System.HealthFunctionTest" assertions="1" time="0.008335"/>
        <testcase name="`HealthFunction` → `Happy Paths` → `getVersion()` → returns default version" file="tests/Unit/Functions/System/HealthFunctionTest.php::`HealthFunction` → `Happy Paths` → `getVersion()` → returns default version" class="Tests\Unit\Functions\System\HealthFunctionTest" classname="Tests.Unit.Functions.System.HealthFunctionTest" assertions="1" time="0.003665"/>
        <testcase name="`HealthFunction` → `Happy Paths` → `getSummary()` → returns description of health function" file="tests/Unit/Functions/System/HealthFunctionTest.php::`HealthFunction` → `Happy Paths` → `getSummary()` → returns description of health function" class="Tests\Unit\Functions\System\HealthFunctionTest" classname="Tests.Unit.Functions.System.HealthFunctionTest" assertions="1" time="0.003507"/>
        <testcase name="`HealthFunction` → `Happy Paths` → `getArguments()` → returns component and include_details arguments" file="tests/Unit/Functions/System/HealthFunctionTest.php::`HealthFunction` → `Happy Paths` → `getArguments()` → returns component and include_details arguments" class="Tests\Unit\Functions\System\HealthFunctionTest" classname="Tests.Unit.Functions.System.HealthFunctionTest" assertions="2" time="0.003537"/>
        <testcase name="`HealthFunction` → `Happy Paths` → `getArguments()` → component argument is optional string" file="tests/Unit/Functions/System/HealthFunctionTest.php::`HealthFunction` → `Happy Paths` → `getArguments()` → component argument is optional string" class="Tests\Unit\Functions\System\HealthFunctionTest" classname="Tests.Unit.Functions.System.HealthFunctionTest" assertions="5" time="0.003811">
          <failure type="PHPUnit\Framework\ExpectationFailedException">`HealthFunction` → `Happy Paths` → `getArguments()` → component argument is optional stringFailed asserting that two strings are identical.
at tests/Unit/Functions/System/HealthFunctionTest.php:84</failure>
        </testcase>
        <testcase name="`HealthFunction` → `Happy Paths` → `getArguments()` → include_details argument is optional boolean with default true" file="tests/Unit/Functions/System/HealthFunctionTest.php::`HealthFunction` → `Happy Paths` → `getArguments()` → include_details argument is optional boolean with default true" class="Tests\Unit\Functions\System\HealthFunctionTest" classname="Tests.Unit.Functions.System.HealthFunctionTest" assertions="6" time="0.003717"/>
        <testcase name="`HealthFunction` → `Happy Paths` → `getResult()` → returns ResultDescriptorData with health response schema" file="tests/Unit/Functions/System/HealthFunctionTest.php::`HealthFunction` → `Happy Paths` → `getResult()` → returns ResultDescriptorData with health response schema" class="Tests\Unit\Functions\System\HealthFunctionTest" classname="Tests.Unit.Functions.System.HealthFunctionTest" assertions="6" time="0.003665"/>
        <testcase name="`HealthFunction` → `Happy Paths` → `getResult()` → schema defines status enum with health states" file="tests/Unit/Functions/System/HealthFunctionTest.php::`HealthFunction` → `Happy Paths` → `getResult()` → schema defines status enum with health states" class="Tests\Unit\Functions\System\HealthFunctionTest" classname="Tests.Unit.Functions.System.HealthFunctionTest" assertions="4" time="0.003583"/>
        <testcase name="`HealthFunction` → `Happy Paths` → `getResult()` → schema requires status and timestamp fields" file="tests/Unit/Functions/System/HealthFunctionTest.php::`HealthFunction` → `Happy Paths` → `getResult()` → schema requires status and timestamp fields" class="Tests\Unit\Functions\System\HealthFunctionTest" classname="Tests.Unit.Functions.System.HealthFunctionTest" assertions="3" time="0.003594"/>
        <testcase name="`HealthFunction` → `Happy Paths` → `__invoke()` → returns healthy status with no checkers" file="tests/Unit/Functions/System/HealthFunctionTest.php::`HealthFunction` → `Happy Paths` → `__invoke()` → returns healthy status with no checkers" class="Tests\Unit\Functions\System\HealthFunctionTest" classname="Tests.Unit.Functions.System.HealthFunctionTest" assertions="0" time="0.004267">
          <error type="Cline\Forrst\Exceptions\UnauthorizedException">`HealthFunction` → `Happy Paths` → `__invoke()` → returns healthy status with no checkersCline\Forrst\Exceptions\UnauthorizedException: Unauthorized
at src/Exceptions/AbstractRequestException.php:244
at src/Exceptions/UnauthorizedException.php:62
at src/Extensions/Diagnostics/Functions/HealthFunction.php:112
at tests/Unit/Functions/System/HealthFunctionTest.php:164</error>
        </testcase>
        <testcase name="`HealthFunction` → `Happy Paths` → `__invoke()` → returns timestamp in ISO 8601 format" file="tests/Unit/Functions/System/HealthFunctionTest.php::`HealthFunction` → `Happy Paths` → `__invoke()` → returns timestamp in ISO 8601 format" class="Tests\Unit\Functions\System\HealthFunctionTest" classname="Tests.Unit.Functions.System.HealthFunctionTest" assertions="0" time="0.004173">
          <error type="Cline\Forrst\Exceptions\UnauthorizedException">`HealthFunction` → `Happy Paths` → `__invoke()` → returns timestamp in ISO 8601 formatCline\Forrst\Exceptions\UnauthorizedException: Unauthorized
at src/Exceptions/AbstractRequestException.php:244
at src/Exceptions/UnauthorizedException.php:62
at src/Extensions/Diagnostics/Functions/HealthFunction.php:112
at tests/Unit/Functions/System/HealthFunctionTest.php:180</error>
        </testcase>
        <testcase name="`HealthFunction` → `Happy Paths` → `__invoke()` → aggregates health from multiple checkers" file="tests/Unit/Functions/System/HealthFunctionTest.php::`HealthFunction` → `Happy Paths` → `__invoke()` → aggregates health from multiple checkers" class="Tests\Unit\Functions\System\HealthFunctionTest" classname="Tests.Unit.Functions.System.HealthFunctionTest" assertions="0" time="0.004423">
          <error type="Cline\Forrst\Exceptions\UnauthorizedException">`HealthFunction` → `Happy Paths` → `__invoke()` → aggregates health from multiple checkersCline\Forrst\Exceptions\UnauthorizedException: Unauthorized
at src/Exceptions/AbstractRequestException.php:244
at src/Exceptions/UnauthorizedException.php:62
at src/Extensions/Diagnostics/Functions/HealthFunction.php:112
at tests/Unit/Functions/System/HealthFunctionTest.php:212</error>
        </testcase>
        <testcase name="`HealthFunction` → `Happy Paths` → `__invoke()` → reports degraded status when one component is degraded" file="tests/Unit/Functions/System/HealthFunctionTest.php::`HealthFunction` → `Happy Paths` → `__invoke()` → reports degraded status when one component is degraded" class="Tests\Unit\Functions\System\HealthFunctionTest" classname="Tests.Unit.Functions.System.HealthFunctionTest" assertions="0" time="0.009009">
          <error type="Cline\Forrst\Exceptions\UnauthorizedException">`HealthFunction` → `Happy Paths` → `__invoke()` → reports degraded status when one component is degradedCline\Forrst\Exceptions\UnauthorizedException: Unauthorized
at src/Exceptions/AbstractRequestException.php:244
at src/Exceptions/UnauthorizedException.php:62
at src/Extensions/Diagnostics/Functions/HealthFunction.php:112
at tests/Unit/Functions/System/HealthFunctionTest.php:238</error>
        </testcase>
        <testcase name="`HealthFunction` → `Happy Paths` → `__invoke()` → reports unhealthy status when one component is unhealthy" file="tests/Unit/Functions/System/HealthFunctionTest.php::`HealthFunction` → `Happy Paths` → `__invoke()` → reports unhealthy status when one component is unhealthy" class="Tests\Unit\Functions\System\HealthFunctionTest" classname="Tests.Unit.Functions.System.HealthFunctionTest" assertions="0" time="0.004635">
          <error type="Cline\Forrst\Exceptions\UnauthorizedException">`HealthFunction` → `Happy Paths` → `__invoke()` → reports unhealthy status when one component is unhealthyCline\Forrst\Exceptions\UnauthorizedException: Unauthorized
at src/Exceptions/AbstractRequestException.php:244
at src/Exceptions/UnauthorizedException.php:62
at src/Extensions/Diagnostics/Functions/HealthFunction.php:112
at tests/Unit/Functions/System/HealthFunctionTest.php:261</error>
        </testcase>
        <testcase name="`HealthFunction` → `Happy Paths` → `__invoke()` → filters by specific component when requested" file="tests/Unit/Functions/System/HealthFunctionTest.php::`HealthFunction` → `Happy Paths` → `__invoke()` → filters by specific component when requested" class="Tests\Unit\Functions\System\HealthFunctionTest" classname="Tests.Unit.Functions.System.HealthFunctionTest" assertions="0" time="0.004269">
          <error type="Cline\Forrst\Exceptions\UnauthorizedException">`HealthFunction` → `Happy Paths` → `__invoke()` → filters by specific component when requestedCline\Forrst\Exceptions\UnauthorizedException: Unauthorized
at src/Exceptions/AbstractRequestException.php:244
at src/Exceptions/UnauthorizedException.php:62
at src/Extensions/Diagnostics/Functions/HealthFunction.php:112
at tests/Unit/Functions/System/HealthFunctionTest.php:286</error>
        </testcase>
        <testcase name="`HealthFunction` → `Happy Paths` → `__invoke()` → returns self health when component is self" file="tests/Unit/Functions/System/HealthFunctionTest.php::`HealthFunction` → `Happy Paths` → `__invoke()` → returns self health when component is self" class="Tests\Unit\Functions\System\HealthFunctionTest" classname="Tests.Unit.Functions.System.HealthFunctionTest" assertions="0" time="0.004155">
          <error type="Cline\Forrst\Exceptions\UnauthorizedException">`HealthFunction` → `Happy Paths` → `__invoke()` → returns self health when component is selfCline\Forrst\Exceptions\UnauthorizedException: Unauthorized
at src/Exceptions/AbstractRequestException.php:244
at src/Exceptions/UnauthorizedException.php:62
at src/Extensions/Diagnostics/Functions/HealthFunction.php:112
at tests/Unit/Functions/System/HealthFunctionTest.php:304</error>
        </testcase>
        <testcase name="`HealthFunction` → `Happy Paths` → `__invoke()` → includes full details when include_details is true" file="tests/Unit/Functions/System/HealthFunctionTest.php::`HealthFunction` → `Happy Paths` → `__invoke()` → includes full details when include_details is true" class="Tests\Unit\Functions\System\HealthFunctionTest" classname="Tests.Unit.Functions.System.HealthFunctionTest" assertions="0" time="0.004086">
          <error type="Cline\Forrst\Exceptions\UnauthorizedException">`HealthFunction` → `Happy Paths` → `__invoke()` → includes full details when include_details is trueCline\Forrst\Exceptions\UnauthorizedException: Unauthorized
at src/Exceptions/AbstractRequestException.php:244
at src/Exceptions/UnauthorizedException.php:62
at src/Extensions/Diagnostics/Functions/HealthFunction.php:112
at tests/Unit/Functions/System/HealthFunctionTest.php:331</error>
        </testcase>
        <testcase name="`HealthFunction` → `Happy Paths` → `__invoke()` → includes only status when include_details is false" file="tests/Unit/Functions/System/HealthFunctionTest.php::`HealthFunction` → `Happy Paths` → `__invoke()` → includes only status when include_details is false" class="Tests\Unit\Functions\System\HealthFunctionTest" classname="Tests.Unit.Functions.System.HealthFunctionTest" assertions="3" time="0.003866"/>
        <testcase name="`HealthFunction` → `Edge Cases` → `worst status determination` → unhealthy takes precedence over degraded" file="tests/Unit/Functions/System/HealthFunctionTest.php::`HealthFunction` → `Edge Cases` → `worst status determination` → unhealthy takes precedence over degraded" class="Tests\Unit\Functions\System\HealthFunctionTest" classname="Tests.Unit.Functions.System.HealthFunctionTest" assertions="0" time="0.004204">
          <error type="Cline\Forrst\Exceptions\UnauthorizedException">`HealthFunction` → `Edge Cases` → `worst status determination` → unhealthy takes precedence over degradedCline\Forrst\Exceptions\UnauthorizedException: Unauthorized
at src/Exceptions/AbstractRequestException.php:244
at src/Exceptions/UnauthorizedException.php:62
at src/Extensions/Diagnostics/Functions/HealthFunction.php:112
at tests/Unit/Functions/System/HealthFunctionTest.php:387</error>
        </testcase>
        <testcase name="`HealthFunction` → `Edge Cases` → `worst status determination` → degraded takes precedence over healthy" file="tests/Unit/Functions/System/HealthFunctionTest.php::`HealthFunction` → `Edge Cases` → `worst status determination` → degraded takes precedence over healthy" class="Tests\Unit\Functions\System\HealthFunctionTest" classname="Tests.Unit.Functions.System.HealthFunctionTest" assertions="0" time="0.004103">
          <error type="Cline\Forrst\Exceptions\UnauthorizedException">`HealthFunction` → `Edge Cases` → `worst status determination` → degraded takes precedence over healthyCline\Forrst\Exceptions\UnauthorizedException: Unauthorized
at src/Exceptions/AbstractRequestException.php:244
at src/Exceptions/UnauthorizedException.php:62
at src/Extensions/Diagnostics/Functions/HealthFunction.php:112
at tests/Unit/Functions/System/HealthFunctionTest.php:410</error>
        </testcase>
        <testcase name="`HealthFunction` → `Edge Cases` → `worst status determination` → multiple unhealthy components still report unhealthy" file="tests/Unit/Functions/System/HealthFunctionTest.php::`HealthFunction` → `Edge Cases` → `worst status determination` → multiple unhealthy components still report unhealthy" class="Tests\Unit\Functions\System\HealthFunctionTest" classname="Tests.Unit.Functions.System.HealthFunctionTest" assertions="0" time="0.004012">
          <error type="Cline\Forrst\Exceptions\UnauthorizedException">`HealthFunction` → `Edge Cases` → `worst status determination` → multiple unhealthy components still report unhealthyCline\Forrst\Exceptions\UnauthorizedException: Unauthorized
at src/Exceptions/AbstractRequestException.php:244
at src/Exceptions/UnauthorizedException.php:62
at src/Extensions/Diagnostics/Functions/HealthFunction.php:112
at tests/Unit/Functions/System/HealthFunctionTest.php:433</error>
        </testcase>
        <testcase name="`HealthFunction` → `Edge Cases` → `component filtering` → returns healthy with no components when filtering non-existent component" file="tests/Unit/Functions/System/HealthFunctionTest.php::`HealthFunction` → `Edge Cases` → `component filtering` → returns healthy with no components when filtering non-existent component" class="Tests\Unit\Functions\System\HealthFunctionTest" classname="Tests.Unit.Functions.System.HealthFunctionTest" assertions="0" time="0.004098">
          <error type="Cline\Forrst\Exceptions\InvalidFieldValueException">`HealthFunction` → `Edge Cases` → `component filtering` → returns healthy with no components when filtering non-existent componentCline\Forrst\Exceptions\InvalidFieldValueException: component is invalid: Valid components: database
at src/Exceptions/InvalidFieldValueException.php:22
at src/Extensions/Diagnostics/Functions/HealthFunction.php:239
at src/Extensions/Diagnostics/Functions/HealthFunction.php:107
at tests/Unit/Functions/System/HealthFunctionTest.php:455</error>
        </testcase>
        <testcase name="`HealthFunction` → `Sad Paths` → handles checker throwing exception gracefully" file="tests/Unit/Functions/System/HealthFunctionTest.php::`HealthFunction` → `Sad Paths` → handles checker throwing exception gracefully" class="Tests\Unit\Functions\System\HealthFunctionTest" classname="Tests.Unit.Functions.System.HealthFunctionTest" assertions="1" time="0.004271">
          <failure type="PHPUnit\Framework\ExpectationFailedException">`HealthFunction` → `Sad Paths` → handles checker throwing exception gracefullyFailed asserting that an instance of class Cline\Forrst\Exceptions\UnauthorizedException is an instance of class RuntimeException.
at tests/Unit/Functions/System/HealthFunctionTest.php:479</failure>
        </testcase>
      </testsuite>
      <testsuite name="Tests\Unit\Functions\System\LockForceReleaseFunctionTest" file="tests/Unit/Functions/System/LockForceReleaseFunctionTest.php" tests="15" assertions="40" errors="0" failures="2" skipped="0" time="0.068644">
        <testcase name="`LockForceReleaseFunction` → `Happy Paths` → `__invoke()` → force releases lock successfully with valid key" file="tests/Unit/Functions/System/LockForceReleaseFunctionTest.php::`LockForceReleaseFunction` → `Happy Paths` → `__invoke()` → force releases lock successfully with valid key" class="Tests\Unit\Functions\System\LockForceReleaseFunctionTest" classname="Tests.Unit.Functions.System.LockForceReleaseFunctionTest" assertions="8" time="0.009112"/>
        <testcase name="`LockForceReleaseFunction` → `Happy Paths` → `__invoke()` → returns correct structure with released true, key value, and forced true" file="tests/Unit/Functions/System/LockForceReleaseFunctionTest.php::`LockForceReleaseFunction` → `Happy Paths` → `__invoke()` → returns correct structure with released true, key value, and forced true" class="Tests\Unit\Functions\System\LockForceReleaseFunctionTest" classname="Tests.Unit.Functions.System.LockForceReleaseFunctionTest" assertions="6" time="0.004025"/>
        <testcase name="`LockForceReleaseFunction` → `Happy Paths` → `getName()` → returns standard Forrst lock force release function name" file="tests/Unit/Functions/System/LockForceReleaseFunctionTest.php::`LockForceReleaseFunction` → `Happy Paths` → `getName()` → returns standard Forrst lock force release function name" class="Tests\Unit\Functions\System\LockForceReleaseFunctionTest" classname="Tests.Unit.Functions.System.LockForceReleaseFunctionTest" assertions="1" time="0.004138"/>
        <testcase name="`LockForceReleaseFunction` → `Happy Paths` → `getSummary()` → returns description of lock force release function" file="tests/Unit/Functions/System/LockForceReleaseFunctionTest.php::`LockForceReleaseFunction` → `Happy Paths` → `getSummary()` → returns description of lock force release function" class="Tests\Unit\Functions\System\LockForceReleaseFunctionTest" classname="Tests.Unit.Functions.System.LockForceReleaseFunctionTest" assertions="1" time="0.004540">
          <failure type="PHPUnit\Framework\ExpectationFailedException">`LockForceReleaseFunction` → `Happy Paths` → `getSummary()` → returns description of lock force release functionFailed asserting that two strings are identical.
at tests/Unit/Functions/System/LockForceReleaseFunctionTest.php:121</failure>
        </testcase>
        <testcase name="`LockForceReleaseFunction` → `Happy Paths` → `getArguments()` → returns key argument configuration" file="tests/Unit/Functions/System/LockForceReleaseFunctionTest.php::`LockForceReleaseFunction` → `Happy Paths` → `getArguments()` → returns key argument configuration" class="Tests\Unit\Functions\System\LockForceReleaseFunctionTest" classname="Tests.Unit.Functions.System.LockForceReleaseFunctionTest" assertions="2" time="0.003958"/>
        <testcase name="`LockForceReleaseFunction` → `Happy Paths` → `getArguments()` → key argument is required with string type" file="tests/Unit/Functions/System/LockForceReleaseFunctionTest.php::`LockForceReleaseFunction` → `Happy Paths` → `getArguments()` → key argument is required with string type" class="Tests\Unit\Functions\System\LockForceReleaseFunctionTest" classname="Tests.Unit.Functions.System.LockForceReleaseFunctionTest" assertions="4" time="0.003792"/>
        <testcase name="`LockForceReleaseFunction` → `Happy Paths` → `getResult()` → returns ResultDescriptorData with force release response schema" file="tests/Unit/Functions/System/LockForceReleaseFunctionTest.php::`LockForceReleaseFunction` → `Happy Paths` → `getResult()` → returns ResultDescriptorData with force release response schema" class="Tests\Unit\Functions\System\LockForceReleaseFunctionTest" classname="Tests.Unit.Functions.System.LockForceReleaseFunctionTest" assertions="1" time="0.003958"/>
        <testcase name="`LockForceReleaseFunction` → `Happy Paths` → `getResult()` → schema defines object type with released, key, and forced properties" file="tests/Unit/Functions/System/LockForceReleaseFunctionTest.php::`LockForceReleaseFunction` → `Happy Paths` → `getResult()` → schema defines object type with released, key, and forced properties" class="Tests\Unit\Functions\System\LockForceReleaseFunctionTest" classname="Tests.Unit.Functions.System.LockForceReleaseFunctionTest" assertions="7" time="0.003721"/>
        <testcase name="`LockForceReleaseFunction` → `Happy Paths` → `getResult()` → schema requires released, key, and forced fields" file="tests/Unit/Functions/System/LockForceReleaseFunctionTest.php::`LockForceReleaseFunction` → `Happy Paths` → `getResult()` → schema requires released, key, and forced fields" class="Tests\Unit\Functions\System\LockForceReleaseFunctionTest" classname="Tests.Unit.Functions.System.LockForceReleaseFunctionTest" assertions="3" time="0.003815"/>
        <testcase name="`LockForceReleaseFunction` → `Happy Paths` → `getErrors()` → returns array of ErrorDefinitionData with one error type" file="tests/Unit/Functions/System/LockForceReleaseFunctionTest.php::`LockForceReleaseFunction` → `Happy Paths` → `getErrors()` → returns array of ErrorDefinitionData with one error type" class="Tests\Unit\Functions\System\LockForceReleaseFunctionTest" classname="Tests.Unit.Functions.System.LockForceReleaseFunctionTest" assertions="2" time="0.003991">
          <failure type="PHPUnit\Framework\ExpectationFailedException">`LockForceReleaseFunction` → `Happy Paths` → `getErrors()` → returns array of ErrorDefinitionData with one error typeFailed asserting that actual size 2 matches expected size 1.
at tests/Unit/Functions/System/LockForceReleaseFunctionTest.php:215</failure>
        </testcase>
        <testcase name="`LockForceReleaseFunction` → `Happy Paths` → `getErrors()` → defines LockNotFound error" file="tests/Unit/Functions/System/LockForceReleaseFunctionTest.php::`LockForceReleaseFunction` → `Happy Paths` → `getErrors()` → defines LockNotFound error" class="Tests\Unit\Functions\System\LockForceReleaseFunctionTest" classname="Tests.Unit.Functions.System.LockForceReleaseFunctionTest" assertions="1" time="0.003662"/>
        <testcase name="`LockForceReleaseFunction` → `Sad Paths` → `__invoke() with missing key` → throws InvalidArgumentException when key argument is missing" file="tests/Unit/Functions/System/LockForceReleaseFunctionTest.php::`LockForceReleaseFunction` → `Sad Paths` → `__invoke() with missing key` → throws InvalidArgumentException when key argument is missing" class="Tests\Unit\Functions\System\LockForceReleaseFunctionTest" classname="Tests.Unit.Functions.System.LockForceReleaseFunctionTest" assertions="1" time="0.008259"/>
        <testcase name="`LockForceReleaseFunction` → `Sad Paths` → `__invoke() with missing key` → throws InvalidArgumentException when key is empty string" file="tests/Unit/Functions/System/LockForceReleaseFunctionTest.php::`LockForceReleaseFunction` → `Sad Paths` → `__invoke() with missing key` → throws InvalidArgumentException when key is empty string" class="Tests\Unit\Functions\System\LockForceReleaseFunctionTest" classname="Tests.Unit.Functions.System.LockForceReleaseFunctionTest" assertions="1" time="0.004031"/>
        <testcase name="`LockForceReleaseFunction` → `Sad Paths` → `__invoke() with missing key` → throws InvalidArgumentException when key is non-string type" file="tests/Unit/Functions/System/LockForceReleaseFunctionTest.php::`LockForceReleaseFunction` → `Sad Paths` → `__invoke() with missing key` → throws InvalidArgumentException when key is non-string type" class="Tests\Unit\Functions\System\LockForceReleaseFunctionTest" classname="Tests.Unit.Functions.System.LockForceReleaseFunctionTest" assertions="1" time="0.003804"/>
        <testcase name="`LockForceReleaseFunction` → `Sad Paths` → `__invoke() with non-existent lock` → throws LockNotFoundException when lock does not exist" file="tests/Unit/Functions/System/LockForceReleaseFunctionTest.php::`LockForceReleaseFunction` → `Sad Paths` → `__invoke() with non-existent lock` → throws LockNotFoundException when lock does not exist" class="Tests\Unit\Functions\System\LockForceReleaseFunctionTest" classname="Tests.Unit.Functions.System.LockForceReleaseFunctionTest" assertions="1" time="0.003838"/>
      </testsuite>
      <testsuite name="Tests\Unit\Functions\System\LockReleaseFunctionTest" file="tests/Unit/Functions/System/LockReleaseFunctionTest.php" tests="19" assertions="43" errors="0" failures="0" skipped="0" time="0.076870">
        <testcase name="`LockReleaseFunction` → `Happy Paths` → `__invoke()` → releases lock successfully with valid key and owner" file="tests/Unit/Functions/System/LockReleaseFunctionTest.php::`LockReleaseFunction` → `Happy Paths` → `__invoke()` → releases lock successfully with valid key and owner" class="Tests\Unit\Functions\System\LockReleaseFunctionTest" classname="Tests.Unit.Functions.System.LockReleaseFunctionTest" assertions="6" time="0.007195"/>
        <testcase name="`LockReleaseFunction` → `Happy Paths` → `__invoke()` → returns correct structure with released true and key value" file="tests/Unit/Functions/System/LockReleaseFunctionTest.php::`LockReleaseFunction` → `Happy Paths` → `__invoke()` → returns correct structure with released true and key value" class="Tests\Unit\Functions\System\LockReleaseFunctionTest" classname="Tests.Unit.Functions.System.LockReleaseFunctionTest" assertions="5" time="0.003674"/>
        <testcase name="`LockReleaseFunction` → `Happy Paths` → `getName()` → returns standard Forrst lock release function name" file="tests/Unit/Functions/System/LockReleaseFunctionTest.php::`LockReleaseFunction` → `Happy Paths` → `getName()` → returns standard Forrst lock release function name" class="Tests\Unit\Functions\System\LockReleaseFunctionTest" classname="Tests.Unit.Functions.System.LockReleaseFunctionTest" assertions="1" time="0.003536"/>
        <testcase name="`LockReleaseFunction` → `Happy Paths` → `getSummary()` → returns description of lock release function" file="tests/Unit/Functions/System/LockReleaseFunctionTest.php::`LockReleaseFunction` → `Happy Paths` → `getSummary()` → returns description of lock release function" class="Tests\Unit\Functions\System\LockReleaseFunctionTest" classname="Tests.Unit.Functions.System.LockReleaseFunctionTest" assertions="1" time="0.003672"/>
        <testcase name="`LockReleaseFunction` → `Happy Paths` → `getArguments()` → returns key and owner argument configurations" file="tests/Unit/Functions/System/LockReleaseFunctionTest.php::`LockReleaseFunction` → `Happy Paths` → `getArguments()` → returns key and owner argument configurations" class="Tests\Unit\Functions\System\LockReleaseFunctionTest" classname="Tests.Unit.Functions.System.LockReleaseFunctionTest" assertions="2" time="0.003844"/>
        <testcase name="`LockReleaseFunction` → `Happy Paths` → `getArguments()` → key argument is required with string type" file="tests/Unit/Functions/System/LockReleaseFunctionTest.php::`LockReleaseFunction` → `Happy Paths` → `getArguments()` → key argument is required with string type" class="Tests\Unit\Functions\System\LockReleaseFunctionTest" classname="Tests.Unit.Functions.System.LockReleaseFunctionTest" assertions="4" time="0.004092"/>
        <testcase name="`LockReleaseFunction` → `Happy Paths` → `getArguments()` → owner argument is required with string type" file="tests/Unit/Functions/System/LockReleaseFunctionTest.php::`LockReleaseFunction` → `Happy Paths` → `getArguments()` → owner argument is required with string type" class="Tests\Unit\Functions\System\LockReleaseFunctionTest" classname="Tests.Unit.Functions.System.LockReleaseFunctionTest" assertions="4" time="0.003807"/>
        <testcase name="`LockReleaseFunction` → `Happy Paths` → `getResult()` → returns ResultDescriptorData with release response schema" file="tests/Unit/Functions/System/LockReleaseFunctionTest.php::`LockReleaseFunction` → `Happy Paths` → `getResult()` → returns ResultDescriptorData with release response schema" class="Tests\Unit\Functions\System\LockReleaseFunctionTest" classname="Tests.Unit.Functions.System.LockReleaseFunctionTest" assertions="1" time="0.003831"/>
        <testcase name="`LockReleaseFunction` → `Happy Paths` → `getResult()` → schema defines object type with released and key properties" file="tests/Unit/Functions/System/LockReleaseFunctionTest.php::`LockReleaseFunction` → `Happy Paths` → `getResult()` → schema defines object type with released and key properties" class="Tests\Unit\Functions\System\LockReleaseFunctionTest" classname="Tests.Unit.Functions.System.LockReleaseFunctionTest" assertions="5" time="0.004389"/>
        <testcase name="`LockReleaseFunction` → `Happy Paths` → `getResult()` → schema requires released and key fields" file="tests/Unit/Functions/System/LockReleaseFunctionTest.php::`LockReleaseFunction` → `Happy Paths` → `getResult()` → schema requires released and key fields" class="Tests\Unit\Functions\System\LockReleaseFunctionTest" classname="Tests.Unit.Functions.System.LockReleaseFunctionTest" assertions="2" time="0.004268"/>
        <testcase name="`LockReleaseFunction` → `Happy Paths` → `getErrors()` → returns array of ErrorDefinitionData with two error types" file="tests/Unit/Functions/System/LockReleaseFunctionTest.php::`LockReleaseFunction` → `Happy Paths` → `getErrors()` → returns array of ErrorDefinitionData with two error types" class="Tests\Unit\Functions\System\LockReleaseFunctionTest" classname="Tests.Unit.Functions.System.LockReleaseFunctionTest" assertions="4" time="0.003734"/>
        <testcase name="`LockReleaseFunction` → `Happy Paths` → `getErrors()` → defines LockNotFound error" file="tests/Unit/Functions/System/LockReleaseFunctionTest.php::`LockReleaseFunction` → `Happy Paths` → `getErrors()` → defines LockNotFound error" class="Tests\Unit\Functions\System\LockReleaseFunctionTest" classname="Tests.Unit.Functions.System.LockReleaseFunctionTest" assertions="1" time="0.003837"/>
        <testcase name="`LockReleaseFunction` → `Happy Paths` → `getErrors()` → defines LockOwnershipMismatch error" file="tests/Unit/Functions/System/LockReleaseFunctionTest.php::`LockReleaseFunction` → `Happy Paths` → `getErrors()` → defines LockOwnershipMismatch error" class="Tests\Unit\Functions\System\LockReleaseFunctionTest" classname="Tests.Unit.Functions.System.LockReleaseFunctionTest" assertions="1" time="0.003992"/>
        <testcase name="`LockReleaseFunction` → `Sad Paths` → `__invoke() with missing key` → throws LockKeyRequiredException when key argument is missing" file="tests/Unit/Functions/System/LockReleaseFunctionTest.php::`LockReleaseFunction` → `Sad Paths` → `__invoke() with missing key` → throws LockKeyRequiredException when key argument is missing" class="Tests\Unit\Functions\System\LockReleaseFunctionTest" classname="Tests.Unit.Functions.System.LockReleaseFunctionTest" assertions="1" time="0.003836"/>
        <testcase name="`LockReleaseFunction` → `Sad Paths` → `__invoke() with missing key` → throws LockKeyRequiredException when key is empty string" file="tests/Unit/Functions/System/LockReleaseFunctionTest.php::`LockReleaseFunction` → `Sad Paths` → `__invoke() with missing key` → throws LockKeyRequiredException when key is empty string" class="Tests\Unit\Functions\System\LockReleaseFunctionTest" classname="Tests.Unit.Functions.System.LockReleaseFunctionTest" assertions="1" time="0.003754"/>
        <testcase name="`LockReleaseFunction` → `Sad Paths` → `__invoke() with missing owner` → throws LockOwnerRequiredException when owner argument is missing" file="tests/Unit/Functions/System/LockReleaseFunctionTest.php::`LockReleaseFunction` → `Sad Paths` → `__invoke() with missing owner` → throws LockOwnerRequiredException when owner argument is missing" class="Tests\Unit\Functions\System\LockReleaseFunctionTest" classname="Tests.Unit.Functions.System.LockReleaseFunctionTest" assertions="1" time="0.003755"/>
        <testcase name="`LockReleaseFunction` → `Sad Paths` → `__invoke() with missing owner` → throws LockOwnerRequiredException when owner is empty string" file="tests/Unit/Functions/System/LockReleaseFunctionTest.php::`LockReleaseFunction` → `Sad Paths` → `__invoke() with missing owner` → throws LockOwnerRequiredException when owner is empty string" class="Tests\Unit\Functions\System\LockReleaseFunctionTest" classname="Tests.Unit.Functions.System.LockReleaseFunctionTest" assertions="1" time="0.003693"/>
        <testcase name="`LockReleaseFunction` → `Sad Paths` → `__invoke() with non-existent lock` → throws LockNotFoundException when lock does not exist" file="tests/Unit/Functions/System/LockReleaseFunctionTest.php::`LockReleaseFunction` → `Sad Paths` → `__invoke() with non-existent lock` → throws LockNotFoundException when lock does not exist" class="Tests\Unit\Functions\System\LockReleaseFunctionTest" classname="Tests.Unit.Functions.System.LockReleaseFunctionTest" assertions="1" time="0.003907"/>
        <testcase name="`LockReleaseFunction` → `Sad Paths` → `__invoke() with wrong owner` → throws LockOwnershipMismatchException when owner does not match" file="tests/Unit/Functions/System/LockReleaseFunctionTest.php::`LockReleaseFunction` → `Sad Paths` → `__invoke() with wrong owner` → throws LockOwnershipMismatchException when owner does not match" class="Tests\Unit\Functions\System\LockReleaseFunctionTest" classname="Tests.Unit.Functions.System.LockReleaseFunctionTest" assertions="1" time="0.004051"/>
      </testsuite>
      <testsuite name="Tests\Unit\Functions\System\LockStatusFunctionTest" file="tests/Unit/Functions/System/LockStatusFunctionTest.php" tests="15" assertions="36" errors="0" failures="1" skipped="0" time="0.064125">
        <testcase name="`LockStatusFunction` → `Happy Paths` → `__invoke()` → returns locked status with metadata when lock exists" file="tests/Unit/Functions/System/LockStatusFunctionTest.php::`LockStatusFunction` → `Happy Paths` → `__invoke()` → returns locked status with metadata when lock exists" class="Tests\Unit\Functions\System\LockStatusFunctionTest" classname="Tests.Unit.Functions.System.LockStatusFunctionTest" assertions="6" time="0.011949"/>
        <testcase name="`LockStatusFunction` → `Happy Paths` → `__invoke()` → returns unlocked status when lock does not exist" file="tests/Unit/Functions/System/LockStatusFunctionTest.php::`LockStatusFunction` → `Happy Paths` → `__invoke()` → returns unlocked status when lock does not exist" class="Tests\Unit\Functions\System\LockStatusFunctionTest" classname="Tests.Unit.Functions.System.LockStatusFunctionTest" assertions="3" time="0.003842"/>
        <testcase name="`LockStatusFunction` → `Happy Paths` → `getName()` → returns standard Forrst lock status function name" file="tests/Unit/Functions/System/LockStatusFunctionTest.php::`LockStatusFunction` → `Happy Paths` → `getName()` → returns standard Forrst lock status function name" class="Tests\Unit\Functions\System\LockStatusFunctionTest" classname="Tests.Unit.Functions.System.LockStatusFunctionTest" assertions="1" time="0.003873"/>
        <testcase name="`LockStatusFunction` → `Happy Paths` → `getSummary()` → returns description of lock status function" file="tests/Unit/Functions/System/LockStatusFunctionTest.php::`LockStatusFunction` → `Happy Paths` → `getSummary()` → returns description of lock status function" class="Tests\Unit\Functions\System\LockStatusFunctionTest" classname="Tests.Unit.Functions.System.LockStatusFunctionTest" assertions="1" time="0.003783"/>
        <testcase name="`LockStatusFunction` → `Happy Paths` → `getArguments()` → returns key argument configuration" file="tests/Unit/Functions/System/LockStatusFunctionTest.php::`LockStatusFunction` → `Happy Paths` → `getArguments()` → returns key argument configuration" class="Tests\Unit\Functions\System\LockStatusFunctionTest" classname="Tests.Unit.Functions.System.LockStatusFunctionTest" assertions="2" time="0.003779"/>
        <testcase name="`LockStatusFunction` → `Happy Paths` → `getArguments()` → key argument is required with string type" file="tests/Unit/Functions/System/LockStatusFunctionTest.php::`LockStatusFunction` → `Happy Paths` → `getArguments()` → key argument is required with string type" class="Tests\Unit\Functions\System\LockStatusFunctionTest" classname="Tests.Unit.Functions.System.LockStatusFunctionTest" assertions="4" time="0.003688"/>
        <testcase name="`LockStatusFunction` → `Happy Paths` → `getResult()` → returns ResultDescriptorData with status response schema" file="tests/Unit/Functions/System/LockStatusFunctionTest.php::`LockStatusFunction` → `Happy Paths` → `getResult()` → returns ResultDescriptorData with status response schema" class="Tests\Unit\Functions\System\LockStatusFunctionTest" classname="Tests.Unit.Functions.System.LockStatusFunctionTest" assertions="1" time="0.003567"/>
        <testcase name="`LockStatusFunction` → `Happy Paths` → `getResult()` → schema defines object type with key and locked properties" file="tests/Unit/Functions/System/LockStatusFunctionTest.php::`LockStatusFunction` → `Happy Paths` → `getResult()` → schema defines object type with key and locked properties" class="Tests\Unit\Functions\System\LockStatusFunctionTest" classname="Tests.Unit.Functions.System.LockStatusFunctionTest" assertions="5" time="0.003570"/>
        <testcase name="`LockStatusFunction` → `Happy Paths` → `getResult()` → schema includes optional properties for locked status" file="tests/Unit/Functions/System/LockStatusFunctionTest.php::`LockStatusFunction` → `Happy Paths` → `getResult()` → schema includes optional properties for locked status" class="Tests\Unit\Functions\System\LockStatusFunctionTest" classname="Tests.Unit.Functions.System.LockStatusFunctionTest" assertions="4" time="0.003598"/>
        <testcase name="`LockStatusFunction` → `Happy Paths` → `getResult()` → schema requires only key and locked fields" file="tests/Unit/Functions/System/LockStatusFunctionTest.php::`LockStatusFunction` → `Happy Paths` → `getResult()` → schema requires only key and locked fields" class="Tests\Unit\Functions\System\LockStatusFunctionTest" classname="Tests.Unit.Functions.System.LockStatusFunctionTest" assertions="3" time="0.003688"/>
        <testcase name="`LockStatusFunction` → `Happy Paths` → `getErrors()` → returns empty array as status check does not fail" file="tests/Unit/Functions/System/LockStatusFunctionTest.php::`LockStatusFunction` → `Happy Paths` → `getErrors()` → returns empty array as status check does not fail" class="Tests\Unit\Functions\System\LockStatusFunctionTest" classname="Tests.Unit.Functions.System.LockStatusFunctionTest" assertions="2" time="0.004039">
          <failure type="PHPUnit\Framework\ExpectationFailedException">`LockStatusFunction` → `Happy Paths` → `getErrors()` → returns empty array as status check does not failFailed asserting that an array is empty.
at tests/Unit/Functions/System/LockStatusFunctionTest.php:218</failure>
        </testcase>
        <testcase name="`LockStatusFunction` → `Sad Paths` → `__invoke() with missing key` → throws InvalidArgumentException when key argument is missing" file="tests/Unit/Functions/System/LockStatusFunctionTest.php::`LockStatusFunction` → `Sad Paths` → `__invoke() with missing key` → throws InvalidArgumentException when key argument is missing" class="Tests\Unit\Functions\System\LockStatusFunctionTest" classname="Tests.Unit.Functions.System.LockStatusFunctionTest" assertions="1" time="0.003640"/>
        <testcase name="`LockStatusFunction` → `Sad Paths` → `__invoke() with missing key` → throws InvalidArgumentException when key is empty string" file="tests/Unit/Functions/System/LockStatusFunctionTest.php::`LockStatusFunction` → `Sad Paths` → `__invoke() with missing key` → throws InvalidArgumentException when key is empty string" class="Tests\Unit\Functions\System\LockStatusFunctionTest" classname="Tests.Unit.Functions.System.LockStatusFunctionTest" assertions="1" time="0.003601"/>
        <testcase name="`LockStatusFunction` → `Sad Paths` → `__invoke() with missing key` → throws InvalidArgumentException when key is non-string type" file="tests/Unit/Functions/System/LockStatusFunctionTest.php::`LockStatusFunction` → `Sad Paths` → `__invoke() with missing key` → throws InvalidArgumentException when key is non-string type" class="Tests\Unit\Functions\System\LockStatusFunctionTest" classname="Tests.Unit.Functions.System.LockStatusFunctionTest" assertions="1" time="0.003635"/>
        <testcase name="`LockStatusFunction` → `Edge Cases` → `__invoke() with expired lock` → returns unlocked status for expired lock" file="tests/Unit/Functions/System/LockStatusFunctionTest.php::`LockStatusFunction` → `Edge Cases` → `__invoke() with expired lock` → returns unlocked status for expired lock" class="Tests\Unit\Functions\System\LockStatusFunctionTest" classname="Tests.Unit.Functions.System.LockStatusFunctionTest" assertions="1" time="0.003873"/>
      </testsuite>
      <testsuite name="Tests\Unit\Functions\System\PingFunctionTest" file="tests/Unit/Functions/System/PingFunctionTest.php" tests="16" assertions="39" errors="0" failures="0" skipped="0" time="1.073905">
        <testcase name="`PingFunction` → `Happy Paths` → `getName()` → returns standard Forrst ping function name" file="tests/Unit/Functions/System/PingFunctionTest.php::`PingFunction` → `Happy Paths` → `getName()` → returns standard Forrst ping function name" class="Tests\Unit\Functions\System\PingFunctionTest" classname="Tests.Unit.Functions.System.PingFunctionTest" assertions="1" time="0.006793"/>
        <testcase name="`PingFunction` → `Happy Paths` → `getVersion()` → returns default version" file="tests/Unit/Functions/System/PingFunctionTest.php::`PingFunction` → `Happy Paths` → `getVersion()` → returns default version" class="Tests\Unit\Functions\System\PingFunctionTest" classname="Tests.Unit.Functions.System.PingFunctionTest" assertions="1" time="0.003634"/>
        <testcase name="`PingFunction` → `Happy Paths` → `getSummary()` → returns description of ping function" file="tests/Unit/Functions/System/PingFunctionTest.php::`PingFunction` → `Happy Paths` → `getSummary()` → returns description of ping function" class="Tests\Unit\Functions\System\PingFunctionTest" classname="Tests.Unit.Functions.System.PingFunctionTest" assertions="1" time="0.003521"/>
        <testcase name="`PingFunction` → `Happy Paths` → `getArguments()` → returns empty array since ping requires no arguments" file="tests/Unit/Functions/System/PingFunctionTest.php::`PingFunction` → `Happy Paths` → `getArguments()` → returns empty array since ping requires no arguments" class="Tests\Unit\Functions\System\PingFunctionTest" classname="Tests.Unit.Functions.System.PingFunctionTest" assertions="2" time="0.003669"/>
        <testcase name="`PingFunction` → `Happy Paths` → `getResult()` → returns ResultDescriptorData with ping response schema" file="tests/Unit/Functions/System/PingFunctionTest.php::`PingFunction` → `Happy Paths` → `getResult()` → returns ResultDescriptorData with ping response schema" class="Tests\Unit\Functions\System\PingFunctionTest" classname="Tests.Unit.Functions.System.PingFunctionTest" assertions="6" time="0.003662"/>
        <testcase name="`PingFunction` → `Happy Paths` → `getResult()` → schema defines status enum with health states" file="tests/Unit/Functions/System/PingFunctionTest.php::`PingFunction` → `Happy Paths` → `getResult()` → schema defines status enum with health states" class="Tests\Unit\Functions\System\PingFunctionTest" classname="Tests.Unit.Functions.System.PingFunctionTest" assertions="4" time="0.003834"/>
        <testcase name="`PingFunction` → `Happy Paths` → `getResult()` → schema defines timestamp as ISO 8601 date-time" file="tests/Unit/Functions/System/PingFunctionTest.php::`PingFunction` → `Happy Paths` → `getResult()` → schema defines timestamp as ISO 8601 date-time" class="Tests\Unit\Functions\System\PingFunctionTest" classname="Tests.Unit.Functions.System.PingFunctionTest" assertions="2" time="0.003899"/>
        <testcase name="`PingFunction` → `Happy Paths` → `getResult()` → schema requires status and timestamp fields" file="tests/Unit/Functions/System/PingFunctionTest.php::`PingFunction` → `Happy Paths` → `getResult()` → schema requires status and timestamp fields" class="Tests\Unit\Functions\System\PingFunctionTest" classname="Tests.Unit.Functions.System.PingFunctionTest" assertions="3" time="0.003720"/>
        <testcase name="`PingFunction` → `Happy Paths` → `getResult()` → schema defines optional details object" file="tests/Unit/Functions/System/PingFunctionTest.php::`PingFunction` → `Happy Paths` → `getResult()` → schema defines optional details object" class="Tests\Unit\Functions\System\PingFunctionTest" classname="Tests.Unit.Functions.System.PingFunctionTest" assertions="2" time="0.003862"/>
        <testcase name="`PingFunction` → `Happy Paths` → `__invoke()` → returns healthy status" file="tests/Unit/Functions/System/PingFunctionTest.php::`PingFunction` → `Happy Paths` → `__invoke()` → returns healthy status" class="Tests\Unit\Functions\System\PingFunctionTest" classname="Tests.Unit.Functions.System.PingFunctionTest" assertions="2" time="0.003942"/>
        <testcase name="`PingFunction` → `Happy Paths` → `__invoke()` → returns current timestamp in ISO 8601 format" file="tests/Unit/Functions/System/PingFunctionTest.php::`PingFunction` → `Happy Paths` → `__invoke()` → returns current timestamp in ISO 8601 format" class="Tests\Unit\Functions\System\PingFunctionTest" classname="Tests.Unit.Functions.System.PingFunctionTest" assertions="2" time="0.008752"/>
        <testcase name="`PingFunction` → `Happy Paths` → `__invoke()` → returns only status and timestamp fields" file="tests/Unit/Functions/System/PingFunctionTest.php::`PingFunction` → `Happy Paths` → `__invoke()` → returns only status and timestamp fields" class="Tests\Unit\Functions\System\PingFunctionTest" classname="Tests.Unit.Functions.System.PingFunctionTest" assertions="3" time="0.004188"/>
        <testcase name="`PingFunction` → `Happy Paths` → `__invoke()` → timestamp is valid ISO 8601 string" file="tests/Unit/Functions/System/PingFunctionTest.php::`PingFunction` → `Happy Paths` → `__invoke()` → timestamp is valid ISO 8601 string" class="Tests\Unit\Functions\System\PingFunctionTest" classname="Tests.Unit.Functions.System.PingFunctionTest" assertions="1" time="0.004021"/>
        <testcase name="`PingFunction` → `Edge Cases` → `__invoke() consistency` → returns consistent structure on multiple invocations" file="tests/Unit/Functions/System/PingFunctionTest.php::`PingFunction` → `Edge Cases` → `__invoke() consistency` → returns consistent structure on multiple invocations" class="Tests\Unit\Functions\System\PingFunctionTest" classname="Tests.Unit.Functions.System.PingFunctionTest" assertions="6" time="0.003927"/>
        <testcase name="`PingFunction` → `Edge Cases` → `__invoke() consistency` → timestamps are different on sequential calls" file="tests/Unit/Functions/System/PingFunctionTest.php::`PingFunction` → `Edge Cases` → `__invoke() consistency` → timestamps are different on sequential calls" class="Tests\Unit\Functions\System\PingFunctionTest" classname="Tests.Unit.Functions.System.PingFunctionTest" assertions="1" time="1.007384"/>
        <testcase name="`PingFunction` → `Sad Paths` → function always succeeds with valid response" file="tests/Unit/Functions/System/PingFunctionTest.php::`PingFunction` → `Sad Paths` → function always succeeds with valid response" class="Tests\Unit\Functions\System\PingFunctionTest" classname="Tests.Unit.Functions.System.PingFunctionTest" assertions="2" time="0.005096"/>
      </testsuite>
      <testsuite name="Tests\Unit\FunctionsTest" file="tests/Unit/FunctionsTest.php" tests="27" assertions="138" errors="0" failures="3" skipped="0" time="0.153104">
        <testcase name="`Functions` → `Happy Paths` → sends Forrst request with method only using default ID" file="tests/Unit/FunctionsTest.php::`Functions` → `Happy Paths` → sends Forrst request with method only using default ID" class="Tests\Unit\FunctionsTest" classname="Tests.Unit.FunctionsTest" assertions="5" time="0.008785">
          <failure type="PHPUnit\Framework\ExpectationFailedException">`Functions` → `Happy Paths` → sends Forrst request with method only using default IDFailed asserting that two strings are equal.
at tests/Unit/FunctionsTest.php:56</failure>
        </testcase>
        <testcase name="`Functions` → `Happy Paths` → sends Forrst request with method and parameters" file="tests/Unit/FunctionsTest.php::`Functions` → `Happy Paths` → sends Forrst request with method and parameters" class="Tests\Unit\FunctionsTest" classname="Tests.Unit.FunctionsTest" assertions="5" time="0.005248">
          <failure type="PHPUnit\Framework\ExpectationFailedException">`Functions` → `Happy Paths` → sends Forrst request with method and parametersFailed asserting that two strings are equal.
at tests/Unit/FunctionsTest.php:82</failure>
        </testcase>
        <testcase name="`Functions` → `Happy Paths` → sends Forrst request with custom ID" file="tests/Unit/FunctionsTest.php::`Functions` → `Happy Paths` → sends Forrst request with custom ID" class="Tests\Unit\FunctionsTest" classname="Tests.Unit.FunctionsTest" assertions="9" time="0.004535"/>
        <testcase name="`Functions` → `Happy Paths` → sends request to correct RPC route" file="tests/Unit/FunctionsTest.php::`Functions` → `Happy Paths` → sends request to correct RPC route" class="Tests\Unit\FunctionsTest" classname="Tests.Unit.FunctionsTest" assertions="1" time="0.004598"/>
        <testcase name="`Functions` → `Happy Paths` → passes complex nested parameters correctly" file="tests/Unit/FunctionsTest.php::`Functions` → `Happy Paths` → passes complex nested parameters correctly" class="Tests\Unit\FunctionsTest" classname="Tests.Unit.FunctionsTest" assertions="4" time="0.004613"/>
        <testcase name="`Functions` → `Happy Paths` → includes all required Forrst protocol fields" file="tests/Unit/FunctionsTest.php::`Functions` → `Happy Paths` → includes all required Forrst protocol fields" class="Tests\Unit\FunctionsTest" classname="Tests.Unit.FunctionsTest" assertions="4" time="0.004568"/>
        <testcase name="`Functions` → `Happy Paths` → returns TestResponse instance for fluent Laravel assertions" file="tests/Unit/FunctionsTest.php::`Functions` → `Happy Paths` → returns TestResponse instance for fluent Laravel assertions" class="Tests\Unit\FunctionsTest" classname="Tests.Unit.FunctionsTest" assertions="4" time="0.004377"/>
        <testcase name="`Functions` → `Happy Paths` → integrates with Laravel HTTP testing helpers" file="tests/Unit/FunctionsTest.php::`Functions` → `Happy Paths` → integrates with Laravel HTTP testing helpers" class="Tests\Unit\FunctionsTest" classname="Tests.Unit.FunctionsTest" assertions="3" time="0.012410"/>
        <testcase name="`Functions` → `Happy Paths` → uses Pest Laravel postJson helper internally" file="tests/Unit/FunctionsTest.php::`Functions` → `Happy Paths` → uses Pest Laravel postJson helper internally" class="Tests\Unit\FunctionsTest" classname="Tests.Unit.FunctionsTest" assertions="2" time="0.005353"/>
        <testcase name="`Functions` → `Sad Paths` → filters out null params parameter" file="tests/Unit/FunctionsTest.php::`Functions` → `Sad Paths` → filters out null params parameter" class="Tests\Unit\FunctionsTest" classname="Tests.Unit.FunctionsTest" assertions="6" time="0.004733"/>
        <testcase name="`Functions` → `Sad Paths` → sends request to valid route endpoint" file="tests/Unit/FunctionsTest.php::`Functions` → `Sad Paths` → sends request to valid route endpoint" class="Tests\Unit\FunctionsTest" classname="Tests.Unit.FunctionsTest" assertions="3" time="0.015467"/>
        <testcase name="`Functions` → `Sad Paths` → handles missing Pest Laravel helper gracefully" file="tests/Unit/FunctionsTest.php::`Functions` → `Sad Paths` → handles missing Pest Laravel helper gracefully" class="Tests\Unit\FunctionsTest" classname="Tests.Unit.FunctionsTest" assertions="2" time="0.004361"/>
        <testcase name="`Functions` → `Edge Cases` → validates function definition guard clause logic" file="tests/Unit/FunctionsTest.php::`Functions` → `Edge Cases` → validates function definition guard clause logic" class="Tests\Unit\FunctionsTest" classname="Tests.Unit.FunctionsTest" assertions="8" time="0.004801"/>
        <testcase name="`Functions` → `Edge Cases` → handles scenario when Pest Laravel is not available" file="tests/Unit/FunctionsTest.php::`Functions` → `Edge Cases` → handles scenario when Pest Laravel is not available" class="Tests\Unit\FunctionsTest" classname="Tests.Unit.FunctionsTest" assertions="2" time="0.003995"/>
        <testcase name="`Functions` → `Edge Cases` → handles empty params array correctly" file="tests/Unit/FunctionsTest.php::`Functions` → `Edge Cases` → handles empty params array correctly" class="Tests\Unit\FunctionsTest" classname="Tests.Unit.FunctionsTest" assertions="6" time="0.004681"/>
        <testcase name="`Functions` → `Edge Cases` → handles method names with special characters" file="tests/Unit/FunctionsTest.php::`Functions` → `Edge Cases` → handles method names with special characters" class="Tests\Unit\FunctionsTest" classname="Tests.Unit.FunctionsTest" assertions="12" time="0.005746"/>
        <testcase name="`Functions` → `Edge Cases` → handles empty string as custom ID" file="tests/Unit/FunctionsTest.php::`Functions` → `Edge Cases` → handles empty string as custom ID" class="Tests\Unit\FunctionsTest" classname="Tests.Unit.FunctionsTest" assertions="5" time="0.004833"/>
        <testcase name="`Functions` → `Edge Cases` → handles unicode characters in parameters" file="tests/Unit/FunctionsTest.php::`Functions` → `Edge Cases` → handles unicode characters in parameters" class="Tests\Unit\FunctionsTest" classname="Tests.Unit.FunctionsTest" assertions="3" time="0.004563"/>
        <testcase name="`Functions` → `Edge Cases` → handles numeric string as custom ID" file="tests/Unit/FunctionsTest.php::`Functions` → `Edge Cases` → handles numeric string as custom ID" class="Tests\Unit\FunctionsTest" classname="Tests.Unit.FunctionsTest" assertions="4" time="0.004500"/>
        <testcase name="`Functions` → `Edge Cases` → handles deeply nested parameter structures" file="tests/Unit/FunctionsTest.php::`Functions` → `Edge Cases` → handles deeply nested parameter structures" class="Tests\Unit\FunctionsTest" classname="Tests.Unit.FunctionsTest" assertions="3" time="0.004566"/>
        <testcase name="`Functions` → `Edge Cases` → handles parameters with boolean and numeric values" file="tests/Unit/FunctionsTest.php::`Functions` → `Edge Cases` → handles parameters with boolean and numeric values" class="Tests\Unit\FunctionsTest" classname="Tests.Unit.FunctionsTest" assertions="6" time="0.004719"/>
        <testcase name="`Functions` → `Edge Cases` → handles ULID format default ID" file="tests/Unit/FunctionsTest.php::`Functions` → `Edge Cases` → handles ULID format default ID" class="Tests\Unit\FunctionsTest" classname="Tests.Unit.FunctionsTest" assertions="2" time="0.004810">
          <failure type="PHPUnit\Framework\ExpectationFailedException">`Functions` → `Edge Cases` → handles ULID format default IDFailed asserting that two strings are equal.
at tests/Unit/FunctionsTest.php:535</failure>
        </testcase>
        <testcase name="`Functions` → `Edge Cases` → works with different testing environments" file="tests/Unit/FunctionsTest.php::`Functions` → `Edge Cases` → works with different testing environments" class="Tests\Unit\FunctionsTest" classname="Tests.Unit.FunctionsTest" assertions="1" time="0.004731"/>
        <testcase name="`Functions` → `Edge Cases` → handles concurrent test execution with route registration" file="tests/Unit/FunctionsTest.php::`Functions` → `Edge Cases` → handles concurrent test execution with route registration" class="Tests\Unit\FunctionsTest" classname="Tests.Unit.FunctionsTest" assertions="4" time="0.005358"/>
        <testcase name="`Functions` → `Edge Cases` → maintains Forrst protocol compliance with array_filter behavior" file="tests/Unit/FunctionsTest.php::`Functions` → `Edge Cases` → maintains Forrst protocol compliance with array_filter behavior" class="Tests\Unit\FunctionsTest" classname="Tests.Unit.FunctionsTest" assertions="6" time="0.005557"/>
        <testcase name="`Functions` → `Edge Cases` → integrates with Laravel application context" file="tests/Unit/FunctionsTest.php::`Functions` → `Edge Cases` → integrates with Laravel application context" class="Tests\Unit\FunctionsTest" classname="Tests.Unit.FunctionsTest" assertions="4" time="0.004571"/>
        <testcase name="`Functions` → `Edge Cases` → supports Forrst method naming conventions" file="tests/Unit/FunctionsTest.php::`Functions` → `Edge Cases` → supports Forrst method naming conventions" class="Tests\Unit\FunctionsTest" classname="Tests.Unit.FunctionsTest" assertions="24" time="0.006628"/>
      </testsuite>
      <testsuite name="Tests\Unit\Http\Middleware\ForceJsonTest" file="tests/Unit/Http/Middleware/ForceJsonTest.php" tests="27" assertions="85" errors="0" failures="0" skipped="0" time="0.112267">
        <testcase name="`ForceJson Middleware` → `Happy Paths` → sets Content-Type and Accept headers for /rpc route" file="tests/Unit/Http/Middleware/ForceJsonTest.php::`ForceJson Middleware` → `Happy Paths` → sets Content-Type and Accept headers for /rpc route" class="Tests\Unit\Http\Middleware\ForceJsonTest" classname="Tests.Unit.Http.Middleware.ForceJsonTest" assertions="3" time="0.012331"/>
        <testcase name="`ForceJson Middleware` → `Happy Paths` → sets Content-Type and Accept headers for /rpc/* routes" file="tests/Unit/Http/Middleware/ForceJsonTest.php::`ForceJson Middleware` → `Happy Paths` → sets Content-Type and Accept headers for /rpc/* routes" class="Tests\Unit\Http\Middleware\ForceJsonTest" classname="Tests.Unit.Http.Middleware.ForceJsonTest" assertions="8" time="0.003742"/>
        <testcase name="`ForceJson Middleware` → `Happy Paths` → passes request to next middleware after setting headers" file="tests/Unit/Http/Middleware/ForceJsonTest.php::`ForceJson Middleware` → `Happy Paths` → passes request to next middleware after setting headers" class="Tests\Unit\Http\Middleware\ForceJsonTest" classname="Tests.Unit.Http.Middleware.ForceJsonTest" assertions="3" time="0.003738"/>
        <testcase name="`ForceJson Middleware` → `Happy Paths` → overwrites existing Content-Type header for /rpc routes" file="tests/Unit/Http/Middleware/ForceJsonTest.php::`ForceJson Middleware` → `Happy Paths` → overwrites existing Content-Type header for /rpc routes" class="Tests\Unit\Http\Middleware\ForceJsonTest" classname="Tests.Unit.Http.Middleware.ForceJsonTest" assertions="2" time="0.003642"/>
        <testcase name="`ForceJson Middleware` → `Happy Paths` → handles POST requests to /rpc endpoint" file="tests/Unit/Http/Middleware/ForceJsonTest.php::`ForceJson Middleware` → `Happy Paths` → handles POST requests to /rpc endpoint" class="Tests\Unit\Http\Middleware\ForceJsonTest" classname="Tests.Unit.Http.Middleware.ForceJsonTest" assertions="2" time="0.003587"/>
        <testcase name="`ForceJson Middleware` → `Happy Paths` → handles GET requests to /rpc endpoint" file="tests/Unit/Http/Middleware/ForceJsonTest.php::`ForceJson Middleware` → `Happy Paths` → handles GET requests to /rpc endpoint" class="Tests\Unit\Http\Middleware\ForceJsonTest" classname="Tests.Unit.Http.Middleware.ForceJsonTest" assertions="2" time="0.003674"/>
        <testcase name="`ForceJson Middleware` → `Sad Paths` → does not modify headers for non-rpc routes" file="tests/Unit/Http/Middleware/ForceJsonTest.php::`ForceJson Middleware` → `Sad Paths` → does not modify headers for non-rpc routes" class="Tests\Unit\Http\Middleware\ForceJsonTest" classname="Tests.Unit.Http.Middleware.ForceJsonTest" assertions="10" time="0.003662"/>
        <testcase name="`ForceJson Middleware` → `Sad Paths` → does not set headers when route starts with /rpc but not exact match" file="tests/Unit/Http/Middleware/ForceJsonTest.php::`ForceJson Middleware` → `Sad Paths` → does not set headers when route starts with /rpc but not exact match" class="Tests\Unit\Http\Middleware\ForceJsonTest" classname="Tests.Unit.Http.Middleware.ForceJsonTest" assertions="2" time="0.003807"/>
        <testcase name="`ForceJson Middleware` → `Sad Paths` → passes through requests without modifying headers for non-rpc routes" file="tests/Unit/Http/Middleware/ForceJsonTest.php::`ForceJson Middleware` → `Sad Paths` → passes through requests without modifying headers for non-rpc routes" class="Tests\Unit\Http\Middleware\ForceJsonTest" classname="Tests.Unit.Http.Middleware.ForceJsonTest" assertions="2" time="0.003832"/>
        <testcase name="`ForceJson Middleware` → `Edge Cases` → handles /rpc route with trailing slash" file="tests/Unit/Http/Middleware/ForceJsonTest.php::`ForceJson Middleware` → `Edge Cases` → handles /rpc route with trailing slash" class="Tests\Unit\Http\Middleware\ForceJsonTest" classname="Tests.Unit.Http.Middleware.ForceJsonTest" assertions="2" time="0.003636"/>
        <testcase name="`ForceJson Middleware` → `Edge Cases` → handles deeply nested /rpc paths" file="tests/Unit/Http/Middleware/ForceJsonTest.php::`ForceJson Middleware` → `Edge Cases` → handles deeply nested /rpc paths" class="Tests\Unit\Http\Middleware\ForceJsonTest" classname="Tests.Unit.Http.Middleware.ForceJsonTest" assertions="2" time="0.003665"/>
        <testcase name="`ForceJson Middleware` → `Edge Cases` → preserves request method and body data" file="tests/Unit/Http/Middleware/ForceJsonTest.php::`ForceJson Middleware` → `Edge Cases` → preserves request method and body data" class="Tests\Unit\Http\Middleware\ForceJsonTest" classname="Tests.Unit.Http.Middleware.ForceJsonTest" assertions="2" time="0.003780"/>
        <testcase name="`ForceJson Middleware` → `Edge Cases` → handles PUT requests to /rpc routes" file="tests/Unit/Http/Middleware/ForceJsonTest.php::`ForceJson Middleware` → `Edge Cases` → handles PUT requests to /rpc routes" class="Tests\Unit\Http\Middleware\ForceJsonTest" classname="Tests.Unit.Http.Middleware.ForceJsonTest" assertions="2" time="0.003846"/>
        <testcase name="`ForceJson Middleware` → `Edge Cases` → handles DELETE requests to /rpc routes" file="tests/Unit/Http/Middleware/ForceJsonTest.php::`ForceJson Middleware` → `Edge Cases` → handles DELETE requests to /rpc routes" class="Tests\Unit\Http\Middleware\ForceJsonTest" classname="Tests.Unit.Http.Middleware.ForceJsonTest" assertions="2" time="0.003700"/>
        <testcase name="`ForceJson Middleware` → `Edge Cases` → handles PATCH requests to /rpc routes" file="tests/Unit/Http/Middleware/ForceJsonTest.php::`ForceJson Middleware` → `Edge Cases` → handles PATCH requests to /rpc routes" class="Tests\Unit\Http\Middleware\ForceJsonTest" classname="Tests.Unit.Http.Middleware.ForceJsonTest" assertions="2" time="0.003723"/>
        <testcase name="`ForceJson Middleware` → `Edge Cases` → handles OPTIONS requests to /rpc routes" file="tests/Unit/Http/Middleware/ForceJsonTest.php::`ForceJson Middleware` → `Edge Cases` → handles OPTIONS requests to /rpc routes" class="Tests\Unit\Http\Middleware\ForceJsonTest" classname="Tests.Unit.Http.Middleware.ForceJsonTest" assertions="2" time="0.003670"/>
        <testcase name="`ForceJson Middleware` → `Edge Cases` → handles /rpc route with query parameters" file="tests/Unit/Http/Middleware/ForceJsonTest.php::`ForceJson Middleware` → `Edge Cases` → handles /rpc route with query parameters" class="Tests\Unit\Http\Middleware\ForceJsonTest" classname="Tests.Unit.Http.Middleware.ForceJsonTest" assertions="4" time="0.003842"/>
        <testcase name="`ForceJson Middleware` → `Edge Cases` → handles /rpc/* route with query parameters" file="tests/Unit/Http/Middleware/ForceJsonTest.php::`ForceJson Middleware` → `Edge Cases` → handles /rpc/* route with query parameters" class="Tests\Unit\Http\Middleware\ForceJsonTest" classname="Tests.Unit.Http.Middleware.ForceJsonTest" assertions="3" time="0.003896"/>
        <testcase name="`ForceJson Middleware` → `Edge Cases` → sets headers when Content-Type is already application/json" file="tests/Unit/Http/Middleware/ForceJsonTest.php::`ForceJson Middleware` → `Edge Cases` → sets headers when Content-Type is already application/json" class="Tests\Unit\Http\Middleware\ForceJsonTest" classname="Tests.Unit.Http.Middleware.ForceJsonTest" assertions="2" time="0.003686"/>
        <testcase name="`ForceJson Middleware` → `Edge Cases` → handles /rpc with special characters in subpath" file="tests/Unit/Http/Middleware/ForceJsonTest.php::`ForceJson Middleware` → `Edge Cases` → handles /rpc with special characters in subpath" class="Tests\Unit\Http\Middleware\ForceJsonTest" classname="Tests.Unit.Http.Middleware.ForceJsonTest" assertions="8" time="0.003919"/>
        <testcase name="`ForceJson Middleware` → `Edge Cases` → handles request with multiple Accept header values" file="tests/Unit/Http/Middleware/ForceJsonTest.php::`ForceJson Middleware` → `Edge Cases` → handles request with multiple Accept header values" class="Tests\Unit\Http\Middleware\ForceJsonTest" classname="Tests.Unit.Http.Middleware.ForceJsonTest" assertions="1" time="0.004120"/>
        <testcase name="`ForceJson Middleware` → `Edge Cases` → handles request with charset in Content-Type" file="tests/Unit/Http/Middleware/ForceJsonTest.php::`ForceJson Middleware` → `Edge Cases` → handles request with charset in Content-Type" class="Tests\Unit\Http\Middleware\ForceJsonTest" classname="Tests.Unit.Http.Middleware.ForceJsonTest" assertions="1" time="0.004069"/>
        <testcase name="`ForceJson Middleware` → `Edge Cases` → preserves other headers while setting Content-Type and Accept" file="tests/Unit/Http/Middleware/ForceJsonTest.php::`ForceJson Middleware` → `Edge Cases` → preserves other headers while setting Content-Type and Accept" class="Tests\Unit\Http\Middleware\ForceJsonTest" classname="Tests.Unit.Http.Middleware.ForceJsonTest" assertions="5" time="0.004090"/>
        <testcase name="`ForceJson Middleware` → `Edge Cases` → handles case-sensitive route matching" file="tests/Unit/Http/Middleware/ForceJsonTest.php::`ForceJson Middleware` → `Edge Cases` → handles case-sensitive route matching" class="Tests\Unit\Http\Middleware\ForceJsonTest" classname="Tests.Unit.Http.Middleware.ForceJsonTest" assertions="4" time="0.004122"/>
        <testcase name="`ForceJson Middleware` → `Edge Cases` → handles request with no initial headers set" file="tests/Unit/Http/Middleware/ForceJsonTest.php::`ForceJson Middleware` → `Edge Cases` → handles request with no initial headers set" class="Tests\Unit\Http\Middleware\ForceJsonTest" classname="Tests.Unit.Http.Middleware.ForceJsonTest" assertions="2" time="0.003959"/>
        <testcase name="`ForceJson Middleware` → `Regressions` → middleware does not break request pipeline" file="tests/Unit/Http/Middleware/ForceJsonTest.php::`ForceJson Middleware` → `Regressions` → middleware does not break request pipeline" class="Tests\Unit\Http\Middleware\ForceJsonTest" classname="Tests.Unit.Http.Middleware.ForceJsonTest" assertions="2" time="0.003874"/>
        <testcase name="`ForceJson Middleware` → `Regressions` → maintains request integrity through middleware" file="tests/Unit/Http/Middleware/ForceJsonTest.php::`ForceJson Middleware` → `Regressions` → maintains request integrity through middleware" class="Tests\Unit\Http\Middleware\ForceJsonTest" classname="Tests.Unit.Http.Middleware.ForceJsonTest" assertions="5" time="0.004655"/>
      </testsuite>
      <testsuite name="Tests\Unit\Http\Middleware\RenderThrowableTest" file="tests/Unit/Http/Middleware/RenderThrowableTest.php" tests="21" assertions="91" errors="0" failures="0" skipped="0" time="0.087163">
        <testcase name="`RenderThrowable Middleware` → `Happy Paths` → passes request through when no exception is thrown" file="tests/Unit/Http/Middleware/RenderThrowableTest.php::`RenderThrowable Middleware` → `Happy Paths` → passes request through when no exception is thrown" class="Tests\Unit\Http\Middleware\RenderThrowableTest" classname="Tests.Unit.Http.Middleware.RenderThrowableTest" assertions="2" time="0.008623"/>
        <testcase name="`RenderThrowable Middleware` → `Happy Paths` → renders InvalidRequestException as Forrst error" file="tests/Unit/Http/Middleware/RenderThrowableTest.php::`RenderThrowable Middleware` → `Happy Paths` → renders InvalidRequestException as Forrst error" class="Tests\Unit\Http\Middleware\RenderThrowableTest" classname="Tests.Unit.Http.Middleware.RenderThrowableTest" assertions="9" time="0.004129"/>
        <testcase name="`RenderThrowable Middleware` → `Happy Paths` → renders FunctionNotFoundException as Forrst error" file="tests/Unit/Http/Middleware/RenderThrowableTest.php::`RenderThrowable Middleware` → `Happy Paths` → renders FunctionNotFoundException as Forrst error" class="Tests\Unit\Http\Middleware\RenderThrowableTest" classname="Tests.Unit.Http.Middleware.RenderThrowableTest" assertions="9" time="0.003950"/>
        <testcase name="`RenderThrowable Middleware` → `Happy Paths` → renders InternalErrorException as Forrst error" file="tests/Unit/Http/Middleware/RenderThrowableTest.php::`RenderThrowable Middleware` → `Happy Paths` → renders InternalErrorException as Forrst error" class="Tests\Unit\Http\Middleware\RenderThrowableTest" classname="Tests.Unit.Http.Middleware.RenderThrowableTest" assertions="9" time="0.003981"/>
        <testcase name="`RenderThrowable Middleware` → `Happy Paths` → includes request id in error response when present" file="tests/Unit/Http/Middleware/RenderThrowableTest.php::`RenderThrowable Middleware` → `Happy Paths` → includes request id in error response when present" class="Tests\Unit\Http\Middleware\RenderThrowableTest" classname="Tests.Unit.Http.Middleware.RenderThrowableTest" assertions="1" time="0.003870"/>
        <testcase name="`RenderThrowable Middleware` → `Happy Paths` → handles numeric request id" file="tests/Unit/Http/Middleware/RenderThrowableTest.php::`RenderThrowable Middleware` → `Happy Paths` → handles numeric request id" class="Tests\Unit\Http\Middleware\RenderThrowableTest" classname="Tests.Unit.Http.Middleware.RenderThrowableTest" assertions="2" time="0.004027"/>
        <testcase name="`RenderThrowable Middleware` → `Happy Paths` → handles string request id" file="tests/Unit/Http/Middleware/RenderThrowableTest.php::`RenderThrowable Middleware` → `Happy Paths` → handles string request id" class="Tests\Unit\Http\Middleware\RenderThrowableTest" classname="Tests.Unit.Http.Middleware.RenderThrowableTest" assertions="1" time="0.003810"/>
        <testcase name="`RenderThrowable Middleware` → `Sad Paths` → re-throws exception when request does not want JSON" file="tests/Unit/Http/Middleware/RenderThrowableTest.php::`RenderThrowable Middleware` → `Sad Paths` → re-throws exception when request does not want JSON" class="Tests\Unit\Http\Middleware\RenderThrowableTest" classname="Tests.Unit.Http.Middleware.RenderThrowableTest" assertions="2" time="0.003713"/>
        <testcase name="`RenderThrowable Middleware` → `Edge Cases` → handles exception with null request id" file="tests/Unit/Http/Middleware/RenderThrowableTest.php::`RenderThrowable Middleware` → `Edge Cases` → handles exception with null request id" class="Tests\Unit\Http\Middleware\RenderThrowableTest" classname="Tests.Unit.Http.Middleware.RenderThrowableTest" assertions="5" time="0.003848"/>
        <testcase name="`RenderThrowable Middleware` → `Edge Cases` → handles generic PHP exception" file="tests/Unit/Http/Middleware/RenderThrowableTest.php::`RenderThrowable Middleware` → `Edge Cases` → handles generic PHP exception" class="Tests\Unit\Http\Middleware\RenderThrowableTest" classname="Tests.Unit.Http.Middleware.RenderThrowableTest" assertions="6" time="0.003920"/>
        <testcase name="`RenderThrowable Middleware` → `Edge Cases` → handles TypeError exception" file="tests/Unit/Http/Middleware/RenderThrowableTest.php::`RenderThrowable Middleware` → `Edge Cases` → handles TypeError exception" class="Tests\Unit\Http\Middleware\RenderThrowableTest" classname="Tests.Unit.Http.Middleware.RenderThrowableTest" assertions="5" time="0.003981"/>
        <testcase name="`RenderThrowable Middleware` → `Edge Cases` → preserves response headers from mapped exception" file="tests/Unit/Http/Middleware/RenderThrowableTest.php::`RenderThrowable Middleware` → `Edge Cases` → preserves response headers from mapped exception" class="Tests\Unit\Http\Middleware\RenderThrowableTest" classname="Tests.Unit.Http.Middleware.RenderThrowableTest" assertions="2" time="0.003859"/>
        <testcase name="`RenderThrowable Middleware` → `Edge Cases` → handles request with application/json Accept header" file="tests/Unit/Http/Middleware/RenderThrowableTest.php::`RenderThrowable Middleware` → `Edge Cases` → handles request with application/json Accept header" class="Tests\Unit\Http\Middleware\RenderThrowableTest" classname="Tests.Unit.Http.Middleware.RenderThrowableTest" assertions="3" time="0.003884"/>
        <testcase name="`RenderThrowable Middleware` → `Edge Cases` → handles exception thrown during response building" file="tests/Unit/Http/Middleware/RenderThrowableTest.php::`RenderThrowable Middleware` → `Edge Cases` → handles exception thrown during response building" class="Tests\Unit\Http\Middleware\RenderThrowableTest" classname="Tests.Unit.Http.Middleware.RenderThrowableTest" assertions="2" time="0.003776"/>
        <testcase name="`RenderThrowable Middleware` → `Edge Cases` → does not filter protocol field from response" file="tests/Unit/Http/Middleware/RenderThrowableTest.php::`RenderThrowable Middleware` → `Edge Cases` → does not filter protocol field from response" class="Tests\Unit\Http\Middleware\RenderThrowableTest" classname="Tests.Unit.Http.Middleware.RenderThrowableTest" assertions="2" time="0.003955"/>
        <testcase name="`RenderThrowable Middleware` → `Edge Cases` → handles POST request with JSON body" file="tests/Unit/Http/Middleware/RenderThrowableTest.php::`RenderThrowable Middleware` → `Edge Cases` → handles POST request with JSON body" class="Tests\Unit\Http\Middleware\RenderThrowableTest" classname="Tests.Unit.Http.Middleware.RenderThrowableTest" assertions="3" time="0.004006"/>
        <testcase name="`RenderThrowable Middleware` → `Edge Cases` → handles zero as request id" file="tests/Unit/Http/Middleware/RenderThrowableTest.php::`RenderThrowable Middleware` → `Edge Cases` → handles zero as request id" class="Tests\Unit\Http\Middleware\RenderThrowableTest" classname="Tests.Unit.Http.Middleware.RenderThrowableTest" assertions="3" time="0.003997"/>
        <testcase name="`RenderThrowable Middleware` → `Edge Cases` → handles empty string as request id" file="tests/Unit/Http/Middleware/RenderThrowableTest.php::`RenderThrowable Middleware` → `Edge Cases` → handles empty string as request id" class="Tests\Unit\Http\Middleware\RenderThrowableTest" classname="Tests.Unit.Http.Middleware.RenderThrowableTest" assertions="3" time="0.003998"/>
        <testcase name="`RenderThrowable Middleware` → `Regressions` → does not break request pipeline on success" file="tests/Unit/Http/Middleware/RenderThrowableTest.php::`RenderThrowable Middleware` → `Regressions` → does not break request pipeline on success" class="Tests\Unit\Http\Middleware\RenderThrowableTest" classname="Tests.Unit.Http.Middleware.RenderThrowableTest" assertions="2" time="0.003804"/>
        <testcase name="`RenderThrowable Middleware` → `Regressions` → maintains request object integrity" file="tests/Unit/Http/Middleware/RenderThrowableTest.php::`RenderThrowable Middleware` → `Regressions` → maintains request object integrity" class="Tests\Unit\Http\Middleware\RenderThrowableTest" classname="Tests.Unit.Http.Middleware.RenderThrowableTest" assertions="5" time="0.004000"/>
        <testcase name="`RenderThrowable Middleware` → `Regressions` → consistent error format across different exception types" file="tests/Unit/Http/Middleware/RenderThrowableTest.php::`RenderThrowable Middleware` → `Regressions` → consistent error format across different exception types" class="Tests\Unit\Http\Middleware\RenderThrowableTest" classname="Tests.Unit.Http.Middleware.RenderThrowableTest" assertions="15" time="0.004035"/>
      </testsuite>
      <testsuite name="Tests\Unit\Jobs\CallFunctionTest" file="tests/Unit/Jobs/CallFunctionTest.php" tests="37" assertions="77" errors="0" failures="6" skipped="0" time="0.173335">
        <testcase name="`CallFunction` → `Happy Paths` → executes method successfully and returns wrapped response" file="tests/Unit/Jobs/CallFunctionTest.php::`CallFunction` → `Happy Paths` → executes method successfully and returns wrapped response" class="Tests\Unit\Jobs\CallFunctionTest" classname="Tests.Unit.Jobs.CallFunctionTest" assertions="5" time="0.012189"/>
        <testcase name="`CallFunction` → `Happy Paths` → executes method with no parameters and returns result" file="tests/Unit/Jobs/CallFunctionTest.php::`CallFunction` → `Happy Paths` → executes method with no parameters and returns result" class="Tests\Unit\Jobs\CallFunctionTest" classname="Tests.Unit.Jobs.CallFunctionTest" assertions="2" time="0.004088"/>
        <testcase name="`CallFunction` → `Happy Paths` → returns unwrapped response when method implements UnwrappedResponseInterface" file="tests/Unit/Jobs/CallFunctionTest.php::`CallFunction` → `Happy Paths` → returns unwrapped response when method implements UnwrappedResponseInterface" class="Tests\Unit\Jobs\CallFunctionTest" classname="Tests.Unit.Jobs.CallFunctionTest" assertions="3" time="0.004032"/>
        <testcase name="`CallFunction` → `Happy Paths` → resolves method parameters from request data" file="tests/Unit/Jobs/CallFunctionTest.php::`CallFunction` → `Happy Paths` → resolves method parameters from request data" class="Tests\Unit\Jobs\CallFunctionTest" classname="Tests.Unit.Jobs.CallFunctionTest" assertions="2" time="0.004072"/>
        <testcase name="`CallFunction` → `Happy Paths` → handles method with requestObject parameter correctly" file="tests/Unit/Jobs/CallFunctionTest.php::`CallFunction` → `Happy Paths` → handles method with requestObject parameter correctly" class="Tests\Unit\Jobs\CallFunctionTest" classname="Tests.Unit.Jobs.CallFunctionTest" assertions="1" time="0.004327"/>
        <testcase name="`CallFunction` → `Happy Paths` → resolves snake_case parameters to camelCase method parameters" file="tests/Unit/Jobs/CallFunctionTest.php::`CallFunction` → `Happy Paths` → resolves snake_case parameters to camelCase method parameters" class="Tests\Unit\Jobs\CallFunctionTest" classname="Tests.Unit.Jobs.CallFunctionTest" assertions="1" time="0.004010"/>
        <testcase name="`CallFunction` → `Happy Paths` → handles array data parameter when method expects array type" file="tests/Unit/Jobs/CallFunctionTest.php::`CallFunction` → `Happy Paths` → handles array data parameter when method expects array type" class="Tests\Unit\Jobs\CallFunctionTest" classname="Tests.Unit.Jobs.CallFunctionTest" assertions="1" time="0.003828"/>
        <testcase name="`CallFunction` → `Happy Paths` → resolves Data object parameter with validateAndCreate" file="tests/Unit/Jobs/CallFunctionTest.php::`CallFunction` → `Happy Paths` → resolves Data object parameter with validateAndCreate" class="Tests\Unit\Jobs\CallFunctionTest" classname="Tests.Unit.Jobs.CallFunctionTest" assertions="2" time="0.006544"/>
        <testcase name="`CallFunction` → `Happy Paths` → resolves Data object when parameter name is &quot;data&quot;" file="tests/Unit/Jobs/CallFunctionTest.php::`CallFunction` → `Happy Paths` → resolves Data object when parameter name is &quot;data&quot;" class="Tests\Unit\Jobs\CallFunctionTest" classname="Tests.Unit.Jobs.CallFunctionTest" assertions="2" time="0.005085"/>
        <testcase name="`CallFunction` → `Happy Paths` → resolves multiple Data object parameters" file="tests/Unit/Jobs/CallFunctionTest.php::`CallFunction` → `Happy Paths` → resolves multiple Data object parameters" class="Tests\Unit\Jobs\CallFunctionTest" classname="Tests.Unit.Jobs.CallFunctionTest" assertions="2" time="0.004305"/>
        <testcase name="`CallFunction` → `Happy Paths` → handles mixed Data objects and primitive parameters" file="tests/Unit/Jobs/CallFunctionTest.php::`CallFunction` → `Happy Paths` → handles mixed Data objects and primitive parameters" class="Tests\Unit\Jobs\CallFunctionTest" classname="Tests.Unit.Jobs.CallFunctionTest" assertions="2" time="0.003880"/>
        <testcase name="`CallFunction` → `Sad Paths` → catches exception and returns error response" file="tests/Unit/Jobs/CallFunctionTest.php::`CallFunction` → `Sad Paths` → catches exception and returns error response" class="Tests\Unit\Jobs\CallFunctionTest" classname="Tests.Unit.Jobs.CallFunctionTest" assertions="5" time="0.003833"/>
        <testcase name="`CallFunction` → `Sad Paths` → handles ValidationException during Data object validation" file="tests/Unit/Jobs/CallFunctionTest.php::`CallFunction` → `Sad Paths` → handles ValidationException during Data object validation" class="Tests\Unit\Jobs\CallFunctionTest" classname="Tests.Unit.Jobs.CallFunctionTest" assertions="2" time="0.004049"/>
        <testcase name="`CallFunction` → `Sad Paths` → returns error response for method that throws exception" file="tests/Unit/Jobs/CallFunctionTest.php::`CallFunction` → `Sad Paths` → returns error response for method that throws exception" class="Tests\Unit\Jobs\CallFunctionTest" classname="Tests.Unit.Jobs.CallFunctionTest" assertions="3" time="0.003814"/>
        <testcase name="`CallFunction` → `Sad Paths` → handles InvalidDataException during parameter resolution" file="tests/Unit/Jobs/CallFunctionTest.php::`CallFunction` → `Sad Paths` → handles InvalidDataException during parameter resolution" class="Tests\Unit\Jobs\CallFunctionTest" classname="Tests.Unit.Jobs.CallFunctionTest" assertions="2" time="0.003981"/>
        <testcase name="`CallFunction` → `Sad Paths` → throws InvalidDataException when Data object validation fails" file="tests/Unit/Jobs/CallFunctionTest.php::`CallFunction` → `Sad Paths` → throws InvalidDataException when Data object validation fails" class="Tests\Unit\Jobs\CallFunctionTest" classname="Tests.Unit.Jobs.CallFunctionTest" assertions="3" time="0.004890">
          <failure type="PHPUnit\Framework\ExpectationFailedException">`CallFunction` → `Sad Paths` → throws InvalidDataException when Data object validation failsFailed asserting that two strings are identical.
at tests/Unit/Jobs/CallFunctionTest.php:591</failure>
        </testcase>
        <testcase name="`CallFunction` → `Sad Paths` → handles validation error for Data parameter named &quot;data&quot;" file="tests/Unit/Jobs/CallFunctionTest.php::`CallFunction` → `Sad Paths` → handles validation error for Data parameter named &quot;data&quot;" class="Tests\Unit\Jobs\CallFunctionTest" classname="Tests.Unit.Jobs.CallFunctionTest" assertions="3" time="0.005022">
          <failure type="PHPUnit\Framework\ExpectationFailedException">`CallFunction` → `Sad Paths` → handles validation error for Data parameter named "data"Failed asserting that two strings are identical.
at tests/Unit/Jobs/CallFunctionTest.php:625</failure>
        </testcase>
        <testcase name="`CallFunction` → `Sad Paths` → handles validation failure for multiple Data parameters" file="tests/Unit/Jobs/CallFunctionTest.php::`CallFunction` → `Sad Paths` → handles validation failure for multiple Data parameters" class="Tests\Unit\Jobs\CallFunctionTest" classname="Tests.Unit.Jobs.CallFunctionTest" assertions="3" time="0.004876">
          <failure type="PHPUnit\Framework\ExpectationFailedException">`CallFunction` → `Sad Paths` → handles validation failure for multiple Data parametersFailed asserting that two strings are identical.
at tests/Unit/Jobs/CallFunctionTest.php:667</failure>
        </testcase>
        <testcase name="`CallFunction` → `Edge Cases` → handles empty params array" file="tests/Unit/Jobs/CallFunctionTest.php::`CallFunction` → `Edge Cases` → handles empty params array" class="Tests\Unit\Jobs\CallFunctionTest" classname="Tests.Unit.Jobs.CallFunctionTest" assertions="2" time="0.004174"/>
        <testcase name="`CallFunction` → `Edge Cases` → handles null parameter values" file="tests/Unit/Jobs/CallFunctionTest.php::`CallFunction` → `Edge Cases` → handles null parameter values" class="Tests\Unit\Jobs\CallFunctionTest" classname="Tests.Unit.Jobs.CallFunctionTest" assertions="1" time="0.004174"/>
        <testcase name="`CallFunction` → `Edge Cases` → filters out null values from resolved parameters" file="tests/Unit/Jobs/CallFunctionTest.php::`CallFunction` → `Edge Cases` → filters out null values from resolved parameters" class="Tests\Unit\Jobs\CallFunctionTest" classname="Tests.Unit.Jobs.CallFunctionTest" assertions="1" time="0.004038"/>
        <testcase name="`CallFunction` → `Edge Cases` → handles method with multiple parameter types" file="tests/Unit/Jobs/CallFunctionTest.php::`CallFunction` → `Edge Cases` → handles method with multiple parameter types" class="Tests\Unit\Jobs\CallFunctionTest" classname="Tests.Unit.Jobs.CallFunctionTest" assertions="1" time="0.004124"/>
        <testcase name="`CallFunction` → `Edge Cases` → handles request with event parameter" file="tests/Unit/Jobs/CallFunctionTest.php::`CallFunction` → `Edge Cases` → handles request with event parameter" class="Tests\Unit\Jobs\CallFunctionTest" classname="Tests.Unit.Jobs.CallFunctionTest" assertions="3" time="0.004104"/>
        <testcase name="`CallFunction` → `Edge Cases` → handles nested parameter paths with dot notation" file="tests/Unit/Jobs/CallFunctionTest.php::`CallFunction` → `Edge Cases` → handles nested parameter paths with dot notation" class="Tests\Unit\Jobs\CallFunctionTest" classname="Tests.Unit.Jobs.CallFunctionTest" assertions="1" time="0.004026"/>
        <testcase name="`CallFunction` → `Edge Cases` → handles exception in method that implements UnwrappedResponseInterface" file="tests/Unit/Jobs/CallFunctionTest.php::`CallFunction` → `Edge Cases` → handles exception in method that implements UnwrappedResponseInterface" class="Tests\Unit\Jobs\CallFunctionTest" classname="Tests.Unit.Jobs.CallFunctionTest" assertions="2" time="0.004063"/>
        <testcase name="`CallFunction` → `Edge Cases` → preserves protocol from request in response" file="tests/Unit/Jobs/CallFunctionTest.php::`CallFunction` → `Edge Cases` → preserves protocol from request in response" class="Tests\Unit\Jobs\CallFunctionTest" classname="Tests.Unit.Jobs.CallFunctionTest" assertions="1" time="0.004276"/>
        <testcase name="`CallFunction` → `Edge Cases` → handles method with no type hints on parameters" file="tests/Unit/Jobs/CallFunctionTest.php::`CallFunction` → `Edge Cases` → handles method with no type hints on parameters" class="Tests\Unit\Jobs\CallFunctionTest" classname="Tests.Unit.Jobs.CallFunctionTest" assertions="1" time="0.004296"/>
        <testcase name="`CallFunction` → `Edge Cases` → resolves parameters when reflection returns no named type" file="tests/Unit/Jobs/CallFunctionTest.php::`CallFunction` → `Edge Cases` → resolves parameters when reflection returns no named type" class="Tests\Unit\Jobs\CallFunctionTest" classname="Tests.Unit.Jobs.CallFunctionTest" assertions="1" time="0.009085"/>
        <testcase name="`CallFunction` → `Edge Cases` → handles optional parameters that are not provided" file="tests/Unit/Jobs/CallFunctionTest.php::`CallFunction` → `Edge Cases` → handles optional parameters that are not provided" class="Tests\Unit\Jobs\CallFunctionTest" classname="Tests.Unit.Jobs.CallFunctionTest" assertions="1" time="0.004873"/>
        <testcase name="`CallFunction` → `Edge Cases` → filters falsy values from resolved parameters" file="tests/Unit/Jobs/CallFunctionTest.php::`CallFunction` → `Edge Cases` → filters falsy values from resolved parameters" class="Tests\Unit\Jobs\CallFunctionTest" classname="Tests.Unit.Jobs.CallFunctionTest" assertions="1" time="0.004607">
          <failure type="PHPUnit\Framework\ExpectationFailedException">`CallFunction` → `Edge Cases` → filters falsy values from resolved parametersFailed asserting that two arrays are identical.
at tests/Unit/Jobs/CallFunctionTest.php:1044</failure>
        </testcase>
        <testcase name="`CallFunction` → `Edge Cases` → handles Data object parameter with empty object" file="tests/Unit/Jobs/CallFunctionTest.php::`CallFunction` → `Edge Cases` → handles Data object parameter with empty object" class="Tests\Unit\Jobs\CallFunctionTest" classname="Tests.Unit.Jobs.CallFunctionTest" assertions="3" time="0.004798">
          <failure type="PHPUnit\Framework\ExpectationFailedException">`CallFunction` → `Edge Cases` → handles Data object parameter with empty objectFailed asserting that two strings are identical.
at tests/Unit/Jobs/CallFunctionTest.php:1084</failure>
        </testcase>
        <testcase name="`CallFunction` → `Edge Cases` → handles Data object with partial valid data" file="tests/Unit/Jobs/CallFunctionTest.php::`CallFunction` → `Edge Cases` → handles Data object with partial valid data" class="Tests\Unit\Jobs\CallFunctionTest" classname="Tests.Unit.Jobs.CallFunctionTest" assertions="2" time="0.004707"/>
        <testcase name="`CallFunction` → `Edge Cases` → handles Data object parameter with snake_case to camelCase conversion" file="tests/Unit/Jobs/CallFunctionTest.php::`CallFunction` → `Edge Cases` → handles Data object parameter with snake_case to camelCase conversion" class="Tests\Unit\Jobs\CallFunctionTest" classname="Tests.Unit.Jobs.CallFunctionTest" assertions="2" time="0.004556"/>
        <testcase name="`CallFunction` → `Regressions` → ensures ExceptionMapper is used for all caught exceptions" file="tests/Unit/Jobs/CallFunctionTest.php::`CallFunction` → `Regressions` → ensures ExceptionMapper is used for all caught exceptions" class="Tests\Unit\Jobs\CallFunctionTest" classname="Tests.Unit.Jobs.CallFunctionTest" assertions="4" time="0.004116"/>
        <testcase name="`CallFunction` → `Regressions` → ensures requestObject parameter is always filtered from parameter resolution" file="tests/Unit/Jobs/CallFunctionTest.php::`CallFunction` → `Regressions` → ensures requestObject parameter is always filtered from parameter resolution" class="Tests\Unit\Jobs\CallFunctionTest" classname="Tests.Unit.Jobs.CallFunctionTest" assertions="1" time="0.003966"/>
        <testcase name="`CallFunction` → `Regressions` → ensures error responses always include protocol" file="tests/Unit/Jobs/CallFunctionTest.php::`CallFunction` → `Regressions` → ensures error responses always include protocol" class="Tests\Unit\Jobs\CallFunctionTest" classname="Tests.Unit.Jobs.CallFunctionTest" assertions="2" time="0.003833"/>
        <testcase name="`CallFunction` → `Regressions` → ensures ValidationException is wrapped in InvalidDataException for Data objects" file="tests/Unit/Jobs/CallFunctionTest.php::`CallFunction` → `Regressions` → ensures ValidationException is wrapped in InvalidDataException for Data objects" class="Tests\Unit\Jobs\CallFunctionTest" classname="Tests.Unit.Jobs.CallFunctionTest" assertions="3" time="0.004694">
          <failure type="PHPUnit\Framework\ExpectationFailedException">`CallFunction` → `Regressions` → ensures ValidationException is wrapped in InvalidDataException for Data objectsFailed asserting that two strings are identical.
at tests/Unit/Jobs/CallFunctionTest.php:1302</failure>
        </testcase>
      </testsuite>
      <testsuite name="Tests\Unit\JsonSchema\RuleTransformerTest" file="tests/Unit/JsonSchema/RuleTransformerTest.php" tests="119" assertions="243" errors="0" failures="0" skipped="0" time="0.543731">
        <testcase name="`RuleTransformer` → `transform` → `Happy Paths` → transforms accepted rule to enum schema" file="tests/Unit/JsonSchema/RuleTransformerTest.php::`RuleTransformer` → `transform` → `Happy Paths` → transforms accepted rule to enum schema" class="Tests\Unit\JsonSchema\RuleTransformerTest" classname="Tests.Unit.JsonSchema.RuleTransformerTest" assertions="7" time="0.010255"/>
        <testcase name="`RuleTransformer` → `transform` → `Happy Paths` → transforms accepted_if rule to conditional schema" file="tests/Unit/JsonSchema/RuleTransformerTest.php::`RuleTransformer` → `transform` → `Happy Paths` → transforms accepted_if rule to conditional schema" class="Tests\Unit\JsonSchema\RuleTransformerTest" classname="Tests.Unit.JsonSchema.RuleTransformerTest" assertions="4" time="0.003933"/>
        <testcase name="`RuleTransformer` → `transform` → `Happy Paths` → transforms active_url rule to uri format" file="tests/Unit/JsonSchema/RuleTransformerTest.php::`RuleTransformer` → `transform` → `Happy Paths` → transforms active_url rule to uri format" class="Tests\Unit\JsonSchema\RuleTransformerTest" classname="Tests.Unit.JsonSchema.RuleTransformerTest" assertions="2" time="0.003634"/>
        <testcase name="`RuleTransformer` → `transform` → `Happy Paths` → transforms after date rule with exclusiveMinimum" file="tests/Unit/JsonSchema/RuleTransformerTest.php::`RuleTransformer` → `transform` → `Happy Paths` → transforms after date rule with exclusiveMinimum" class="Tests\Unit\JsonSchema\RuleTransformerTest" classname="Tests.Unit.JsonSchema.RuleTransformerTest" assertions="3" time="0.003648"/>
        <testcase name="`RuleTransformer` → `transform` → `Happy Paths` → transforms after_or_equal date rule with minimum" file="tests/Unit/JsonSchema/RuleTransformerTest.php::`RuleTransformer` → `transform` → `Happy Paths` → transforms after_or_equal date rule with minimum" class="Tests\Unit\JsonSchema\RuleTransformerTest" classname="Tests.Unit.JsonSchema.RuleTransformerTest" assertions="3" time="0.003683"/>
        <testcase name="`RuleTransformer` → `transform` → `Happy Paths` → transforms alpha rule to letter pattern" file="tests/Unit/JsonSchema/RuleTransformerTest.php::`RuleTransformer` → `transform` → `Happy Paths` → transforms alpha rule to letter pattern" class="Tests\Unit\JsonSchema\RuleTransformerTest" classname="Tests.Unit.JsonSchema.RuleTransformerTest" assertions="1" time="0.003550"/>
        <testcase name="`RuleTransformer` → `transform` → `Happy Paths` → transforms alpha_dash rule to alphanumeric with dashes pattern" file="tests/Unit/JsonSchema/RuleTransformerTest.php::`RuleTransformer` → `transform` → `Happy Paths` → transforms alpha_dash rule to alphanumeric with dashes pattern" class="Tests\Unit\JsonSchema\RuleTransformerTest" classname="Tests.Unit.JsonSchema.RuleTransformerTest" assertions="1" time="0.003494"/>
        <testcase name="`RuleTransformer` → `transform` → `Happy Paths` → transforms alpha_num rule to alphanumeric pattern" file="tests/Unit/JsonSchema/RuleTransformerTest.php::`RuleTransformer` → `transform` → `Happy Paths` → transforms alpha_num rule to alphanumeric pattern" class="Tests\Unit\JsonSchema\RuleTransformerTest" classname="Tests.Unit.JsonSchema.RuleTransformerTest" assertions="1" time="0.003805"/>
        <testcase name="`RuleTransformer` → `transform` → `Happy Paths` → transforms array rule to array type" file="tests/Unit/JsonSchema/RuleTransformerTest.php::`RuleTransformer` → `transform` → `Happy Paths` → transforms array rule to array type" class="Tests\Unit\JsonSchema\RuleTransformerTest" classname="Tests.Unit.JsonSchema.RuleTransformerTest" assertions="1" time="0.003706"/>
        <testcase name="`RuleTransformer` → `transform` → `Happy Paths` → transforms ascii rule to ascii pattern" file="tests/Unit/JsonSchema/RuleTransformerTest.php::`RuleTransformer` → `transform` → `Happy Paths` → transforms ascii rule to ascii pattern" class="Tests\Unit\JsonSchema\RuleTransformerTest" classname="Tests.Unit.JsonSchema.RuleTransformerTest" assertions="1" time="0.003678"/>
        <testcase name="`RuleTransformer` → `transform` → `Happy Paths` → transforms before date rule with exclusiveMaximum" file="tests/Unit/JsonSchema/RuleTransformerTest.php::`RuleTransformer` → `transform` → `Happy Paths` → transforms before date rule with exclusiveMaximum" class="Tests\Unit\JsonSchema\RuleTransformerTest" classname="Tests.Unit.JsonSchema.RuleTransformerTest" assertions="3" time="0.003687"/>
        <testcase name="`RuleTransformer` → `transform` → `Happy Paths` → transforms before_or_equal date rule with maximum" file="tests/Unit/JsonSchema/RuleTransformerTest.php::`RuleTransformer` → `transform` → `Happy Paths` → transforms before_or_equal date rule with maximum" class="Tests\Unit\JsonSchema\RuleTransformerTest" classname="Tests.Unit.JsonSchema.RuleTransformerTest" assertions="3" time="0.008589"/>
        <testcase name="`RuleTransformer` → `transform` → `Happy Paths` → transforms between rule to minimum and maximum" file="tests/Unit/JsonSchema/RuleTransformerTest.php::`RuleTransformer` → `transform` → `Happy Paths` → transforms between rule to minimum and maximum" class="Tests\Unit\JsonSchema\RuleTransformerTest" classname="Tests.Unit.JsonSchema.RuleTransformerTest" assertions="2" time="0.004120"/>
        <testcase name="`RuleTransformer` → `transform` → `Happy Paths` → transforms boolean rule to boolean type" file="tests/Unit/JsonSchema/RuleTransformerTest.php::`RuleTransformer` → `transform` → `Happy Paths` → transforms boolean rule to boolean type" class="Tests\Unit\JsonSchema\RuleTransformerTest" classname="Tests.Unit.JsonSchema.RuleTransformerTest" assertions="1" time="0.003753"/>
        <testcase name="`RuleTransformer` → `transform` → `Happy Paths` → transforms confirmed rule with data reference" file="tests/Unit/JsonSchema/RuleTransformerTest.php::`RuleTransformer` → `transform` → `Happy Paths` → transforms confirmed rule with data reference" class="Tests\Unit\JsonSchema\RuleTransformerTest" classname="Tests.Unit.JsonSchema.RuleTransformerTest" assertions="3" time="0.004003"/>
        <testcase name="`RuleTransformer` → `transform` → `Happy Paths` → transforms date rule to date format" file="tests/Unit/JsonSchema/RuleTransformerTest.php::`RuleTransformer` → `transform` → `Happy Paths` → transforms date rule to date format" class="Tests\Unit\JsonSchema\RuleTransformerTest" classname="Tests.Unit.JsonSchema.RuleTransformerTest" assertions="2" time="0.004139"/>
        <testcase name="`RuleTransformer` → `transform` → `Happy Paths` → transforms date_equals rule to enum with single date" file="tests/Unit/JsonSchema/RuleTransformerTest.php::`RuleTransformer` → `transform` → `Happy Paths` → transforms date_equals rule to enum with single date" class="Tests\Unit\JsonSchema\RuleTransformerTest" classname="Tests.Unit.JsonSchema.RuleTransformerTest" assertions="3" time="0.003683"/>
        <testcase name="`RuleTransformer` → `transform` → `Happy Paths` → transforms date_format rule with custom format" file="tests/Unit/JsonSchema/RuleTransformerTest.php::`RuleTransformer` → `transform` → `Happy Paths` → transforms date_format rule with custom format" class="Tests\Unit\JsonSchema\RuleTransformerTest" classname="Tests.Unit.JsonSchema.RuleTransformerTest" assertions="2" time="0.003724"/>
        <testcase name="`RuleTransformer` → `transform` → `Happy Paths` → transforms decimal rule with not multipleOf constraint" file="tests/Unit/JsonSchema/RuleTransformerTest.php::`RuleTransformer` → `transform` → `Happy Paths` → transforms decimal rule with not multipleOf constraint" class="Tests\Unit\JsonSchema\RuleTransformerTest" classname="Tests.Unit.JsonSchema.RuleTransformerTest" assertions="3" time="0.003724"/>
        <testcase name="`RuleTransformer` → `transform` → `Happy Paths` → transforms declined rule to false enum values" file="tests/Unit/JsonSchema/RuleTransformerTest.php::`RuleTransformer` → `transform` → `Happy Paths` → transforms declined rule to false enum values" class="Tests\Unit\JsonSchema\RuleTransformerTest" classname="Tests.Unit.JsonSchema.RuleTransformerTest" assertions="6" time="0.004198"/>
        <testcase name="`RuleTransformer` → `transform` → `Happy Paths` → transforms declined_if rule to conditional not schema" file="tests/Unit/JsonSchema/RuleTransformerTest.php::`RuleTransformer` → `transform` → `Happy Paths` → transforms declined_if rule to conditional not schema" class="Tests\Unit\JsonSchema\RuleTransformerTest" classname="Tests.Unit.JsonSchema.RuleTransformerTest" assertions="2" time="0.003891"/>
        <testcase name="`RuleTransformer` → `transform` → `Happy Paths` → transforms different rule with reference to other field" file="tests/Unit/JsonSchema/RuleTransformerTest.php::`RuleTransformer` → `transform` → `Happy Paths` → transforms different rule with reference to other field" class="Tests\Unit\JsonSchema\RuleTransformerTest" classname="Tests.Unit.JsonSchema.RuleTransformerTest" assertions="2" time="0.003701"/>
        <testcase name="`RuleTransformer` → `transform` → `Happy Paths` → transforms digits rule to exact digit pattern" file="tests/Unit/JsonSchema/RuleTransformerTest.php::`RuleTransformer` → `transform` → `Happy Paths` → transforms digits rule to exact digit pattern" class="Tests\Unit\JsonSchema\RuleTransformerTest" classname="Tests.Unit.JsonSchema.RuleTransformerTest" assertions="2" time="0.003687"/>
        <testcase name="`RuleTransformer` → `transform` → `Happy Paths` → transforms digits_between rule to digit range pattern" file="tests/Unit/JsonSchema/RuleTransformerTest.php::`RuleTransformer` → `transform` → `Happy Paths` → transforms digits_between rule to digit range pattern" class="Tests\Unit\JsonSchema\RuleTransformerTest" classname="Tests.Unit.JsonSchema.RuleTransformerTest" assertions="2" time="0.003873"/>
        <testcase name="`RuleTransformer` → `transform` → `Happy Paths` → transforms doesnt_start_with rule to negative lookahead pattern" file="tests/Unit/JsonSchema/RuleTransformerTest.php::`RuleTransformer` → `transform` → `Happy Paths` → transforms doesnt_start_with rule to negative lookahead pattern" class="Tests\Unit\JsonSchema\RuleTransformerTest" classname="Tests.Unit.JsonSchema.RuleTransformerTest" assertions="2" time="0.003951"/>
        <testcase name="`RuleTransformer` → `transform` → `Happy Paths` → transforms doesnt_end_with rule to negative lookahead pattern" file="tests/Unit/JsonSchema/RuleTransformerTest.php::`RuleTransformer` → `transform` → `Happy Paths` → transforms doesnt_end_with rule to negative lookahead pattern" class="Tests\Unit\JsonSchema\RuleTransformerTest" classname="Tests.Unit.JsonSchema.RuleTransformerTest" assertions="2" time="0.003870"/>
        <testcase name="`RuleTransformer` → `transform` → `Happy Paths` → transforms email rule to email format" file="tests/Unit/JsonSchema/RuleTransformerTest.php::`RuleTransformer` → `transform` → `Happy Paths` → transforms email rule to email format" class="Tests\Unit\JsonSchema\RuleTransformerTest" classname="Tests.Unit.JsonSchema.RuleTransformerTest" assertions="2" time="0.003743"/>
        <testcase name="`RuleTransformer` → `transform` → `Happy Paths` → transforms ends_with rule to suffix pattern" file="tests/Unit/JsonSchema/RuleTransformerTest.php::`RuleTransformer` → `transform` → `Happy Paths` → transforms ends_with rule to suffix pattern" class="Tests\Unit\JsonSchema\RuleTransformerTest" classname="Tests.Unit.JsonSchema.RuleTransformerTest" assertions="2" time="0.003788"/>
        <testcase name="`RuleTransformer` → `transform` → `Happy Paths` → transforms enum rule to enum values" file="tests/Unit/JsonSchema/RuleTransformerTest.php::`RuleTransformer` → `transform` → `Happy Paths` → transforms enum rule to enum values" class="Tests\Unit\JsonSchema\RuleTransformerTest" classname="Tests.Unit.JsonSchema.RuleTransformerTest" assertions="3" time="0.004392"/>
        <testcase name="`RuleTransformer` → `transform` → `Happy Paths` → transforms exclude rule with not object type" file="tests/Unit/JsonSchema/RuleTransformerTest.php::`RuleTransformer` → `transform` → `Happy Paths` → transforms exclude rule with not object type" class="Tests\Unit\JsonSchema\RuleTransformerTest" classname="Tests.Unit.JsonSchema.RuleTransformerTest" assertions="1" time="0.004333"/>
        <testcase name="`RuleTransformer` → `transform` → `Happy Paths` → transforms exclude_if rule with conditional not required" file="tests/Unit/JsonSchema/RuleTransformerTest.php::`RuleTransformer` → `transform` → `Happy Paths` → transforms exclude_if rule with conditional not required" class="Tests\Unit\JsonSchema\RuleTransformerTest" classname="Tests.Unit.JsonSchema.RuleTransformerTest" assertions="3" time="0.004079"/>
        <testcase name="`RuleTransformer` → `transform` → `Happy Paths` → transforms exclude_unless rule with conditional not required" file="tests/Unit/JsonSchema/RuleTransformerTest.php::`RuleTransformer` → `transform` → `Happy Paths` → transforms exclude_unless rule with conditional not required" class="Tests\Unit\JsonSchema\RuleTransformerTest" classname="Tests.Unit.JsonSchema.RuleTransformerTest" assertions="3" time="0.004126"/>
        <testcase name="`RuleTransformer` → `transform` → `Happy Paths` → transforms exclude_with rule with anyOf fields" file="tests/Unit/JsonSchema/RuleTransformerTest.php::`RuleTransformer` → `transform` → `Happy Paths` → transforms exclude_with rule with anyOf fields" class="Tests\Unit\JsonSchema\RuleTransformerTest" classname="Tests.Unit.JsonSchema.RuleTransformerTest" assertions="3" time="0.004235"/>
        <testcase name="`RuleTransformer` → `transform` → `Happy Paths` → transforms exclude_without rule with allOf fields" file="tests/Unit/JsonSchema/RuleTransformerTest.php::`RuleTransformer` → `transform` → `Happy Paths` → transforms exclude_without rule with allOf fields" class="Tests\Unit\JsonSchema\RuleTransformerTest" classname="Tests.Unit.JsonSchema.RuleTransformerTest" assertions="3" time="0.003950"/>
        <testcase name="`RuleTransformer` → `transform` → `Happy Paths` → transforms filled rule with required property" file="tests/Unit/JsonSchema/RuleTransformerTest.php::`RuleTransformer` → `transform` → `Happy Paths` → transforms filled rule with required property" class="Tests\Unit\JsonSchema\RuleTransformerTest" classname="Tests.Unit.JsonSchema.RuleTransformerTest" assertions="1" time="0.003846"/>
        <testcase name="`RuleTransformer` → `transform` → `Happy Paths` → transforms gt rule to exclusiveMinimum" file="tests/Unit/JsonSchema/RuleTransformerTest.php::`RuleTransformer` → `transform` → `Happy Paths` → transforms gt rule to exclusiveMinimum" class="Tests\Unit\JsonSchema\RuleTransformerTest" classname="Tests.Unit.JsonSchema.RuleTransformerTest" assertions="1" time="0.003886"/>
        <testcase name="`RuleTransformer` → `transform` → `Happy Paths` → transforms gte rule to minimum" file="tests/Unit/JsonSchema/RuleTransformerTest.php::`RuleTransformer` → `transform` → `Happy Paths` → transforms gte rule to minimum" class="Tests\Unit\JsonSchema\RuleTransformerTest" classname="Tests.Unit.JsonSchema.RuleTransformerTest" assertions="1" time="0.004092"/>
        <testcase name="`RuleTransformer` → `transform` → `Happy Paths` → transforms hex_color rule to hex pattern" file="tests/Unit/JsonSchema/RuleTransformerTest.php::`RuleTransformer` → `transform` → `Happy Paths` → transforms hex_color rule to hex pattern" class="Tests\Unit\JsonSchema\RuleTransformerTest" classname="Tests.Unit.JsonSchema.RuleTransformerTest" assertions="2" time="0.004049"/>
        <testcase name="`RuleTransformer` → `transform` → `Happy Paths` → transforms in rule to enum values" file="tests/Unit/JsonSchema/RuleTransformerTest.php::`RuleTransformer` → `transform` → `Happy Paths` → transforms in rule to enum values" class="Tests\Unit\JsonSchema\RuleTransformerTest" classname="Tests.Unit.JsonSchema.RuleTransformerTest" assertions="4" time="0.004090"/>
        <testcase name="`RuleTransformer` → `transform` → `Happy Paths` → transforms integer rule to integer type" file="tests/Unit/JsonSchema/RuleTransformerTest.php::`RuleTransformer` → `transform` → `Happy Paths` → transforms integer rule to integer type" class="Tests\Unit\JsonSchema\RuleTransformerTest" classname="Tests.Unit.JsonSchema.RuleTransformerTest" assertions="1" time="0.008237"/>
        <testcase name="`RuleTransformer` → `transform` → `Happy Paths` → transforms ip rule to anyOf ipv4 and ipv6" file="tests/Unit/JsonSchema/RuleTransformerTest.php::`RuleTransformer` → `transform` → `Happy Paths` → transforms ip rule to anyOf ipv4 and ipv6" class="Tests\Unit\JsonSchema\RuleTransformerTest" classname="Tests.Unit.JsonSchema.RuleTransformerTest" assertions="4" time="0.004239"/>
        <testcase name="`RuleTransformer` → `transform` → `Happy Paths` → transforms ipv4 rule to ipv4 format" file="tests/Unit/JsonSchema/RuleTransformerTest.php::`RuleTransformer` → `transform` → `Happy Paths` → transforms ipv4 rule to ipv4 format" class="Tests\Unit\JsonSchema\RuleTransformerTest" classname="Tests.Unit.JsonSchema.RuleTransformerTest" assertions="2" time="0.004416"/>
        <testcase name="`RuleTransformer` → `transform` → `Happy Paths` → transforms ipv6 rule to ipv6 format" file="tests/Unit/JsonSchema/RuleTransformerTest.php::`RuleTransformer` → `transform` → `Happy Paths` → transforms ipv6 rule to ipv6 format" class="Tests\Unit\JsonSchema\RuleTransformerTest" classname="Tests.Unit.JsonSchema.RuleTransformerTest" assertions="2" time="0.004093"/>
        <testcase name="`RuleTransformer` → `transform` → `Happy Paths` → transforms lt rule to exclusiveMaximum" file="tests/Unit/JsonSchema/RuleTransformerTest.php::`RuleTransformer` → `transform` → `Happy Paths` → transforms lt rule to exclusiveMaximum" class="Tests\Unit\JsonSchema\RuleTransformerTest" classname="Tests.Unit.JsonSchema.RuleTransformerTest" assertions="1" time="0.004146"/>
        <testcase name="`RuleTransformer` → `transform` → `Happy Paths` → transforms lte rule to maximum" file="tests/Unit/JsonSchema/RuleTransformerTest.php::`RuleTransformer` → `transform` → `Happy Paths` → transforms lte rule to maximum" class="Tests\Unit\JsonSchema\RuleTransformerTest" classname="Tests.Unit.JsonSchema.RuleTransformerTest" assertions="1" time="0.004094"/>
        <testcase name="`RuleTransformer` → `transform` → `Happy Paths` → transforms lowercase rule to lowercase pattern" file="tests/Unit/JsonSchema/RuleTransformerTest.php::`RuleTransformer` → `transform` → `Happy Paths` → transforms lowercase rule to lowercase pattern" class="Tests\Unit\JsonSchema\RuleTransformerTest" classname="Tests.Unit.JsonSchema.RuleTransformerTest" assertions="2" time="0.004150"/>
        <testcase name="`RuleTransformer` → `transform` → `Happy Paths` → transforms mac_address rule to mac pattern" file="tests/Unit/JsonSchema/RuleTransformerTest.php::`RuleTransformer` → `transform` → `Happy Paths` → transforms mac_address rule to mac pattern" class="Tests\Unit\JsonSchema\RuleTransformerTest" classname="Tests.Unit.JsonSchema.RuleTransformerTest" assertions="2" time="0.004185"/>
        <testcase name="`RuleTransformer` → `transform` → `Happy Paths` → transforms max rule to maxLength" file="tests/Unit/JsonSchema/RuleTransformerTest.php::`RuleTransformer` → `transform` → `Happy Paths` → transforms max rule to maxLength" class="Tests\Unit\JsonSchema\RuleTransformerTest" classname="Tests.Unit.JsonSchema.RuleTransformerTest" assertions="1" time="0.004004"/>
        <testcase name="`RuleTransformer` → `transform` → `Happy Paths` → transforms digits_max rule to max digit pattern" file="tests/Unit/JsonSchema/RuleTransformerTest.php::`RuleTransformer` → `transform` → `Happy Paths` → transforms digits_max rule to max digit pattern" class="Tests\Unit\JsonSchema\RuleTransformerTest" classname="Tests.Unit.JsonSchema.RuleTransformerTest" assertions="2" time="0.004115"/>
        <testcase name="`RuleTransformer` → `transform` → `Happy Paths` → transforms mimetypes rule to contentMediaType" file="tests/Unit/JsonSchema/RuleTransformerTest.php::`RuleTransformer` → `transform` → `Happy Paths` → transforms mimetypes rule to contentMediaType" class="Tests\Unit\JsonSchema\RuleTransformerTest" classname="Tests.Unit.JsonSchema.RuleTransformerTest" assertions="2" time="0.004137"/>
        <testcase name="`RuleTransformer` → `transform` → `Happy Paths` → transforms min rule to minLength" file="tests/Unit/JsonSchema/RuleTransformerTest.php::`RuleTransformer` → `transform` → `Happy Paths` → transforms min rule to minLength" class="Tests\Unit\JsonSchema\RuleTransformerTest" classname="Tests.Unit.JsonSchema.RuleTransformerTest" assertions="1" time="0.004362"/>
        <testcase name="`RuleTransformer` → `transform` → `Happy Paths` → transforms digits_min rule to min digit pattern" file="tests/Unit/JsonSchema/RuleTransformerTest.php::`RuleTransformer` → `transform` → `Happy Paths` → transforms digits_min rule to min digit pattern" class="Tests\Unit\JsonSchema\RuleTransformerTest" classname="Tests.Unit.JsonSchema.RuleTransformerTest" assertions="2" time="0.004442"/>
        <testcase name="`RuleTransformer` → `transform` → `Happy Paths` → transforms missing rule with not null type" file="tests/Unit/JsonSchema/RuleTransformerTest.php::`RuleTransformer` → `transform` → `Happy Paths` → transforms missing rule with not null type" class="Tests\Unit\JsonSchema\RuleTransformerTest" classname="Tests.Unit.JsonSchema.RuleTransformerTest" assertions="1" time="0.004199"/>
        <testcase name="`RuleTransformer` → `transform` → `Happy Paths` → transforms missing_if rule with conditional not" file="tests/Unit/JsonSchema/RuleTransformerTest.php::`RuleTransformer` → `transform` → `Happy Paths` → transforms missing_if rule with conditional not" class="Tests\Unit\JsonSchema\RuleTransformerTest" classname="Tests.Unit.JsonSchema.RuleTransformerTest" assertions="2" time="0.004409"/>
        <testcase name="`RuleTransformer` → `transform` → `Happy Paths` → transforms missing_unless rule with conditional not" file="tests/Unit/JsonSchema/RuleTransformerTest.php::`RuleTransformer` → `transform` → `Happy Paths` → transforms missing_unless rule with conditional not" class="Tests\Unit\JsonSchema\RuleTransformerTest" classname="Tests.Unit.JsonSchema.RuleTransformerTest" assertions="1" time="0.004250"/>
        <testcase name="`RuleTransformer` → `transform` → `Happy Paths` → transforms missing_with rule with multiple fields" file="tests/Unit/JsonSchema/RuleTransformerTest.php::`RuleTransformer` → `transform` → `Happy Paths` → transforms missing_with rule with multiple fields" class="Tests\Unit\JsonSchema\RuleTransformerTest" classname="Tests.Unit.JsonSchema.RuleTransformerTest" assertions="3" time="0.004183"/>
        <testcase name="`RuleTransformer` → `transform` → `Happy Paths` → transforms missing_with_all rule with all required fields" file="tests/Unit/JsonSchema/RuleTransformerTest.php::`RuleTransformer` → `transform` → `Happy Paths` → transforms missing_with_all rule with all required fields" class="Tests\Unit\JsonSchema\RuleTransformerTest" classname="Tests.Unit.JsonSchema.RuleTransformerTest" assertions="3" time="0.004100"/>
        <testcase name="`RuleTransformer` → `transform` → `Happy Paths` → transforms multiple_of rule to multipleOf constraint" file="tests/Unit/JsonSchema/RuleTransformerTest.php::`RuleTransformer` → `transform` → `Happy Paths` → transforms multiple_of rule to multipleOf constraint" class="Tests\Unit\JsonSchema\RuleTransformerTest" classname="Tests.Unit.JsonSchema.RuleTransformerTest" assertions="2" time="0.004156"/>
        <testcase name="`RuleTransformer` → `transform` → `Happy Paths` → transforms not_in rule to not enum" file="tests/Unit/JsonSchema/RuleTransformerTest.php::`RuleTransformer` → `transform` → `Happy Paths` → transforms not_in rule to not enum" class="Tests\Unit\JsonSchema\RuleTransformerTest" classname="Tests.Unit.JsonSchema.RuleTransformerTest" assertions="2" time="0.004246"/>
        <testcase name="`RuleTransformer` → `transform` → `Happy Paths` → transforms not_regex rule to not pattern" file="tests/Unit/JsonSchema/RuleTransformerTest.php::`RuleTransformer` → `transform` → `Happy Paths` → transforms not_regex rule to not pattern" class="Tests\Unit\JsonSchema\RuleTransformerTest" classname="Tests.Unit.JsonSchema.RuleTransformerTest" assertions="1" time="0.004185"/>
        <testcase name="`RuleTransformer` → `transform` → `Happy Paths` → transforms nullable rule to string or null type" file="tests/Unit/JsonSchema/RuleTransformerTest.php::`RuleTransformer` → `transform` → `Happy Paths` → transforms nullable rule to string or null type" class="Tests\Unit\JsonSchema\RuleTransformerTest" classname="Tests.Unit.JsonSchema.RuleTransformerTest" assertions="3" time="0.004136"/>
        <testcase name="`RuleTransformer` → `transform` → `Happy Paths` → transforms numeric rule to number type" file="tests/Unit/JsonSchema/RuleTransformerTest.php::`RuleTransformer` → `transform` → `Happy Paths` → transforms numeric rule to number type" class="Tests\Unit\JsonSchema\RuleTransformerTest" classname="Tests.Unit.JsonSchema.RuleTransformerTest" assertions="1" time="0.004283"/>
        <testcase name="`RuleTransformer` → `transform` → `Happy Paths` → transforms present rule to required field" file="tests/Unit/JsonSchema/RuleTransformerTest.php::`RuleTransformer` → `transform` → `Happy Paths` → transforms present rule to required field" class="Tests\Unit\JsonSchema\RuleTransformerTest" classname="Tests.Unit.JsonSchema.RuleTransformerTest" assertions="1" time="0.004226"/>
        <testcase name="`RuleTransformer` → `transform` → `Happy Paths` → transforms present_if rule with conditional required" file="tests/Unit/JsonSchema/RuleTransformerTest.php::`RuleTransformer` → `transform` → `Happy Paths` → transforms present_if rule with conditional required" class="Tests\Unit\JsonSchema\RuleTransformerTest" classname="Tests.Unit.JsonSchema.RuleTransformerTest" assertions="3" time="0.004692"/>
        <testcase name="`RuleTransformer` → `transform` → `Happy Paths` → transforms present_unless rule with conditional required" file="tests/Unit/JsonSchema/RuleTransformerTest.php::`RuleTransformer` → `transform` → `Happy Paths` → transforms present_unless rule with conditional required" class="Tests\Unit\JsonSchema\RuleTransformerTest" classname="Tests.Unit.JsonSchema.RuleTransformerTest" assertions="3" time="0.004405"/>
        <testcase name="`RuleTransformer` → `transform` → `Happy Paths` → transforms present_with rule with multiple conditional fields" file="tests/Unit/JsonSchema/RuleTransformerTest.php::`RuleTransformer` → `transform` → `Happy Paths` → transforms present_with rule with multiple conditional fields" class="Tests\Unit\JsonSchema\RuleTransformerTest" classname="Tests.Unit.JsonSchema.RuleTransformerTest" assertions="4" time="0.004938"/>
        <testcase name="`RuleTransformer` → `transform` → `Happy Paths` → transforms present_with_all rule with all conditional fields" file="tests/Unit/JsonSchema/RuleTransformerTest.php::`RuleTransformer` → `transform` → `Happy Paths` → transforms present_with_all rule with all conditional fields" class="Tests\Unit\JsonSchema\RuleTransformerTest" classname="Tests.Unit.JsonSchema.RuleTransformerTest" assertions="5" time="0.005297"/>
        <testcase name="`RuleTransformer` → `transform` → `Happy Paths` → transforms prohibited rule to not required" file="tests/Unit/JsonSchema/RuleTransformerTest.php::`RuleTransformer` → `transform` → `Happy Paths` → transforms prohibited rule to not required" class="Tests\Unit\JsonSchema\RuleTransformerTest" classname="Tests.Unit.JsonSchema.RuleTransformerTest" assertions="1" time="0.008549"/>
        <testcase name="`RuleTransformer` → `transform` → `Happy Paths` → transforms prohibited_if rule with conditional prohibition" file="tests/Unit/JsonSchema/RuleTransformerTest.php::`RuleTransformer` → `transform` → `Happy Paths` → transforms prohibited_if rule with conditional prohibition" class="Tests\Unit\JsonSchema\RuleTransformerTest" classname="Tests.Unit.JsonSchema.RuleTransformerTest" assertions="3" time="0.004790"/>
        <testcase name="`RuleTransformer` → `transform` → `Happy Paths` → transforms prohibited_unless rule with conditional prohibition" file="tests/Unit/JsonSchema/RuleTransformerTest.php::`RuleTransformer` → `transform` → `Happy Paths` → transforms prohibited_unless rule with conditional prohibition" class="Tests\Unit\JsonSchema\RuleTransformerTest" classname="Tests.Unit.JsonSchema.RuleTransformerTest" assertions="3" time="0.005114"/>
        <testcase name="`RuleTransformer` → `transform` → `Happy Paths` → transforms prohibits rule with multiple prohibited fields" file="tests/Unit/JsonSchema/RuleTransformerTest.php::`RuleTransformer` → `transform` → `Happy Paths` → transforms prohibits rule with multiple prohibited fields" class="Tests\Unit\JsonSchema\RuleTransformerTest" classname="Tests.Unit.JsonSchema.RuleTransformerTest" assertions="3" time="0.004581"/>
        <testcase name="`RuleTransformer` → `transform` → `Happy Paths` → transforms regex rule to pattern" file="tests/Unit/JsonSchema/RuleTransformerTest.php::`RuleTransformer` → `transform` → `Happy Paths` → transforms regex rule to pattern" class="Tests\Unit\JsonSchema\RuleTransformerTest" classname="Tests.Unit.JsonSchema.RuleTransformerTest" assertions="1" time="0.004533"/>
        <testcase name="`RuleTransformer` → `transform` → `Happy Paths` → transforms required rule to required field" file="tests/Unit/JsonSchema/RuleTransformerTest.php::`RuleTransformer` → `transform` → `Happy Paths` → transforms required rule to required field" class="Tests\Unit\JsonSchema\RuleTransformerTest" classname="Tests.Unit.JsonSchema.RuleTransformerTest" assertions="1" time="0.004828"/>
        <testcase name="`RuleTransformer` → `transform` → `Happy Paths` → transforms required_if rule with conditional required" file="tests/Unit/JsonSchema/RuleTransformerTest.php::`RuleTransformer` → `transform` → `Happy Paths` → transforms required_if rule with conditional required" class="Tests\Unit\JsonSchema\RuleTransformerTest" classname="Tests.Unit.JsonSchema.RuleTransformerTest" assertions="2" time="0.004841"/>
        <testcase name="`RuleTransformer` → `transform` → `Happy Paths` → transforms required_if_accepted rule with accepted enum values" file="tests/Unit/JsonSchema/RuleTransformerTest.php::`RuleTransformer` → `transform` → `Happy Paths` → transforms required_if_accepted rule with accepted enum values" class="Tests\Unit\JsonSchema\RuleTransformerTest" classname="Tests.Unit.JsonSchema.RuleTransformerTest" assertions="3" time="0.004439"/>
        <testcase name="`RuleTransformer` → `transform` → `Happy Paths` → transforms required_unless rule with conditional required" file="tests/Unit/JsonSchema/RuleTransformerTest.php::`RuleTransformer` → `transform` → `Happy Paths` → transforms required_unless rule with conditional required" class="Tests\Unit\JsonSchema\RuleTransformerTest" classname="Tests.Unit.JsonSchema.RuleTransformerTest" assertions="2" time="0.004452"/>
        <testcase name="`RuleTransformer` → `transform` → `Happy Paths` → transforms required_with rule to dependencies" file="tests/Unit/JsonSchema/RuleTransformerTest.php::`RuleTransformer` → `transform` → `Happy Paths` → transforms required_with rule to dependencies" class="Tests\Unit\JsonSchema\RuleTransformerTest" classname="Tests.Unit.JsonSchema.RuleTransformerTest" assertions="2" time="0.004444"/>
        <testcase name="`RuleTransformer` → `transform` → `Happy Paths` → transforms required_with_all rule to dependencies with allOf" file="tests/Unit/JsonSchema/RuleTransformerTest.php::`RuleTransformer` → `transform` → `Happy Paths` → transforms required_with_all rule to dependencies with allOf" class="Tests\Unit\JsonSchema\RuleTransformerTest" classname="Tests.Unit.JsonSchema.RuleTransformerTest" assertions="3" time="0.004505"/>
        <testcase name="`RuleTransformer` → `transform` → `Happy Paths` → transforms required_without rule to dependencies with not" file="tests/Unit/JsonSchema/RuleTransformerTest.php::`RuleTransformer` → `transform` → `Happy Paths` → transforms required_without rule to dependencies with not" class="Tests\Unit\JsonSchema\RuleTransformerTest" classname="Tests.Unit.JsonSchema.RuleTransformerTest" assertions="2" time="0.004432"/>
        <testcase name="`RuleTransformer` → `transform` → `Happy Paths` → transforms required_without_all rule to dependencies with not allOf" file="tests/Unit/JsonSchema/RuleTransformerTest.php::`RuleTransformer` → `transform` → `Happy Paths` → transforms required_without_all rule to dependencies with not allOf" class="Tests\Unit\JsonSchema\RuleTransformerTest" classname="Tests.Unit.JsonSchema.RuleTransformerTest" assertions="3" time="0.004457"/>
        <testcase name="`RuleTransformer` → `transform` → `Happy Paths` → transforms size rule to const value" file="tests/Unit/JsonSchema/RuleTransformerTest.php::`RuleTransformer` → `transform` → `Happy Paths` → transforms size rule to const value" class="Tests\Unit\JsonSchema\RuleTransformerTest" classname="Tests.Unit.JsonSchema.RuleTransformerTest" assertions="1" time="0.004447"/>
        <testcase name="`RuleTransformer` → `transform` → `Happy Paths` → transforms starts_with rule to prefix pattern" file="tests/Unit/JsonSchema/RuleTransformerTest.php::`RuleTransformer` → `transform` → `Happy Paths` → transforms starts_with rule to prefix pattern" class="Tests\Unit\JsonSchema\RuleTransformerTest" classname="Tests.Unit.JsonSchema.RuleTransformerTest" assertions="2" time="0.004525"/>
        <testcase name="`RuleTransformer` → `transform` → `Happy Paths` → transforms string rule to string type" file="tests/Unit/JsonSchema/RuleTransformerTest.php::`RuleTransformer` → `transform` → `Happy Paths` → transforms string rule to string type" class="Tests\Unit\JsonSchema\RuleTransformerTest" classname="Tests.Unit.JsonSchema.RuleTransformerTest" assertions="1" time="0.004487"/>
        <testcase name="`RuleTransformer` → `transform` → `Happy Paths` → transforms timezone rule to timezone enum" file="tests/Unit/JsonSchema/RuleTransformerTest.php::`RuleTransformer` → `transform` → `Happy Paths` → transforms timezone rule to timezone enum" class="Tests\Unit\JsonSchema\RuleTransformerTest" classname="Tests.Unit.JsonSchema.RuleTransformerTest" assertions="3" time="0.004977"/>
        <testcase name="`RuleTransformer` → `transform` → `Happy Paths` → transforms uppercase rule to uppercase pattern" file="tests/Unit/JsonSchema/RuleTransformerTest.php::`RuleTransformer` → `transform` → `Happy Paths` → transforms uppercase rule to uppercase pattern" class="Tests\Unit\JsonSchema\RuleTransformerTest" classname="Tests.Unit.JsonSchema.RuleTransformerTest" assertions="2" time="0.004751"/>
        <testcase name="`RuleTransformer` → `transform` → `Happy Paths` → transforms url rule to uri format" file="tests/Unit/JsonSchema/RuleTransformerTest.php::`RuleTransformer` → `transform` → `Happy Paths` → transforms url rule to uri format" class="Tests\Unit\JsonSchema\RuleTransformerTest" classname="Tests.Unit.JsonSchema.RuleTransformerTest" assertions="2" time="0.004680"/>
        <testcase name="`RuleTransformer` → `transform` → `Happy Paths` → transforms ulid rule to ulid pattern" file="tests/Unit/JsonSchema/RuleTransformerTest.php::`RuleTransformer` → `transform` → `Happy Paths` → transforms ulid rule to ulid pattern" class="Tests\Unit\JsonSchema\RuleTransformerTest" classname="Tests.Unit.JsonSchema.RuleTransformerTest" assertions="2" time="0.004712"/>
        <testcase name="`RuleTransformer` → `transform` → `Happy Paths` → transforms uuid rule to uuid format" file="tests/Unit/JsonSchema/RuleTransformerTest.php::`RuleTransformer` → `transform` → `Happy Paths` → transforms uuid rule to uuid format" class="Tests\Unit\JsonSchema\RuleTransformerTest" classname="Tests.Unit.JsonSchema.RuleTransformerTest" assertions="2" time="0.004848"/>
        <testcase name="`RuleTransformer` → `transform` → `Sad Paths` → throws exception for bail rule" file="tests/Unit/JsonSchema/RuleTransformerTest.php::`RuleTransformer` → `transform` → `Sad Paths` → throws exception for bail rule" class="Tests\Unit\JsonSchema\RuleTransformerTest" classname="Tests.Unit.JsonSchema.RuleTransformerTest" assertions="1" time="0.004467"/>
        <testcase name="`RuleTransformer` → `transform` → `Sad Paths` → throws exception for current_password rule" file="tests/Unit/JsonSchema/RuleTransformerTest.php::`RuleTransformer` → `transform` → `Sad Paths` → throws exception for current_password rule" class="Tests\Unit\JsonSchema\RuleTransformerTest" classname="Tests.Unit.JsonSchema.RuleTransformerTest" assertions="1" time="0.004443"/>
        <testcase name="`RuleTransformer` → `transform` → `Sad Paths` → throws exception for dimensions rule" file="tests/Unit/JsonSchema/RuleTransformerTest.php::`RuleTransformer` → `transform` → `Sad Paths` → throws exception for dimensions rule" class="Tests\Unit\JsonSchema\RuleTransformerTest" classname="Tests.Unit.JsonSchema.RuleTransformerTest" assertions="1" time="0.004570"/>
        <testcase name="`RuleTransformer` → `transform` → `Sad Paths` → throws exception for distinct rule" file="tests/Unit/JsonSchema/RuleTransformerTest.php::`RuleTransformer` → `transform` → `Sad Paths` → throws exception for distinct rule" class="Tests\Unit\JsonSchema\RuleTransformerTest" classname="Tests.Unit.JsonSchema.RuleTransformerTest" assertions="1" time="0.004712"/>
        <testcase name="`RuleTransformer` → `transform` → `Sad Paths` → throws exception for exists database rule" file="tests/Unit/JsonSchema/RuleTransformerTest.php::`RuleTransformer` → `transform` → `Sad Paths` → throws exception for exists database rule" class="Tests\Unit\JsonSchema\RuleTransformerTest" classname="Tests.Unit.JsonSchema.RuleTransformerTest" assertions="1" time="0.004498"/>
        <testcase name="`RuleTransformer` → `transform` → `Sad Paths` → throws exception for extensions rule" file="tests/Unit/JsonSchema/RuleTransformerTest.php::`RuleTransformer` → `transform` → `Sad Paths` → throws exception for extensions rule" class="Tests\Unit\JsonSchema\RuleTransformerTest" classname="Tests.Unit.JsonSchema.RuleTransformerTest" assertions="1" time="0.004554"/>
        <testcase name="`RuleTransformer` → `transform` → `Sad Paths` → throws exception for file rule" file="tests/Unit/JsonSchema/RuleTransformerTest.php::`RuleTransformer` → `transform` → `Sad Paths` → throws exception for file rule" class="Tests\Unit\JsonSchema\RuleTransformerTest" classname="Tests.Unit.JsonSchema.RuleTransformerTest" assertions="1" time="0.004846"/>
        <testcase name="`RuleTransformer` → `transform` → `Sad Paths` → throws exception for image rule" file="tests/Unit/JsonSchema/RuleTransformerTest.php::`RuleTransformer` → `transform` → `Sad Paths` → throws exception for image rule" class="Tests\Unit\JsonSchema\RuleTransformerTest" classname="Tests.Unit.JsonSchema.RuleTransformerTest" assertions="1" time="0.009616"/>
        <testcase name="`RuleTransformer` → `transform` → `Sad Paths` → throws exception for in_array rule" file="tests/Unit/JsonSchema/RuleTransformerTest.php::`RuleTransformer` → `transform` → `Sad Paths` → throws exception for in_array rule" class="Tests\Unit\JsonSchema\RuleTransformerTest" classname="Tests.Unit.JsonSchema.RuleTransformerTest" assertions="1" time="0.005408"/>
        <testcase name="`RuleTransformer` → `transform` → `Sad Paths` → throws exception for json rule" file="tests/Unit/JsonSchema/RuleTransformerTest.php::`RuleTransformer` → `transform` → `Sad Paths` → throws exception for json rule" class="Tests\Unit\JsonSchema\RuleTransformerTest" classname="Tests.Unit.JsonSchema.RuleTransformerTest" assertions="1" time="0.004825"/>
        <testcase name="`RuleTransformer` → `transform` → `Sad Paths` → throws exception for mimes rule" file="tests/Unit/JsonSchema/RuleTransformerTest.php::`RuleTransformer` → `transform` → `Sad Paths` → throws exception for mimes rule" class="Tests\Unit\JsonSchema\RuleTransformerTest" classname="Tests.Unit.JsonSchema.RuleTransformerTest" assertions="1" time="0.004876"/>
        <testcase name="`RuleTransformer` → `transform` → `Sad Paths` → throws exception for password rule" file="tests/Unit/JsonSchema/RuleTransformerTest.php::`RuleTransformer` → `transform` → `Sad Paths` → throws exception for password rule" class="Tests\Unit\JsonSchema\RuleTransformerTest" classname="Tests.Unit.JsonSchema.RuleTransformerTest" assertions="1" time="0.004747"/>
        <testcase name="`RuleTransformer` → `transform` → `Sad Paths` → throws exception for same rule" file="tests/Unit/JsonSchema/RuleTransformerTest.php::`RuleTransformer` → `transform` → `Sad Paths` → throws exception for same rule" class="Tests\Unit\JsonSchema\RuleTransformerTest" classname="Tests.Unit.JsonSchema.RuleTransformerTest" assertions="1" time="0.005092"/>
        <testcase name="`RuleTransformer` → `transform` → `Sad Paths` → throws exception for sometimes rule" file="tests/Unit/JsonSchema/RuleTransformerTest.php::`RuleTransformer` → `transform` → `Sad Paths` → throws exception for sometimes rule" class="Tests\Unit\JsonSchema\RuleTransformerTest" classname="Tests.Unit.JsonSchema.RuleTransformerTest" assertions="1" time="0.005163"/>
        <testcase name="`RuleTransformer` → `transform` → `Sad Paths` → throws exception for unique database rule" file="tests/Unit/JsonSchema/RuleTransformerTest.php::`RuleTransformer` → `transform` → `Sad Paths` → throws exception for unique database rule" class="Tests\Unit\JsonSchema\RuleTransformerTest" classname="Tests.Unit.JsonSchema.RuleTransformerTest" assertions="1" time="0.004968"/>
        <testcase name="`RuleTransformer` → `transform` → `Edge Cases` → handles empty rules array" file="tests/Unit/JsonSchema/RuleTransformerTest.php::`RuleTransformer` → `transform` → `Edge Cases` → handles empty rules array" class="Tests\Unit\JsonSchema\RuleTransformerTest" classname="Tests.Unit.JsonSchema.RuleTransformerTest" assertions="2" time="0.004747"/>
        <testcase name="`RuleTransformer` → `transform` → `Edge Cases` → handles rule object with toString method" file="tests/Unit/JsonSchema/RuleTransformerTest.php::`RuleTransformer` → `transform` → `Edge Cases` → handles rule object with toString method" class="Tests\Unit\JsonSchema\RuleTransformerTest" classname="Tests.Unit.JsonSchema.RuleTransformerTest" assertions="1" time="0.004807"/>
        <testcase name="`RuleTransformer` → `transform` → `Edge Cases` → handles multiple rules combining to build complex schema" file="tests/Unit/JsonSchema/RuleTransformerTest.php::`RuleTransformer` → `transform` → `Edge Cases` → handles multiple rules combining to build complex schema" class="Tests\Unit\JsonSchema\RuleTransformerTest" classname="Tests.Unit.JsonSchema.RuleTransformerTest" assertions="4" time="0.004862"/>
        <testcase name="`RuleTransformer` → `transform` → `Edge Cases` → handles required_array_keys rule without transformation" file="tests/Unit/JsonSchema/RuleTransformerTest.php::`RuleTransformer` → `transform` → `Edge Cases` → handles required_array_keys rule without transformation" class="Tests\Unit\JsonSchema\RuleTransformerTest" classname="Tests.Unit.JsonSchema.RuleTransformerTest" assertions="1" time="0.004897"/>
        <testcase name="`RuleTransformer` → `transform` → `Edge Cases` → handles unicode characters in rule parameters" file="tests/Unit/JsonSchema/RuleTransformerTest.php::`RuleTransformer` → `transform` → `Edge Cases` → handles unicode characters in rule parameters" class="Tests\Unit\JsonSchema\RuleTransformerTest" classname="Tests.Unit.JsonSchema.RuleTransformerTest" assertions="4" time="0.004997"/>
        <testcase name="`RuleTransformer` → `transform` → `Edge Cases` → handles special characters in pattern rules" file="tests/Unit/JsonSchema/RuleTransformerTest.php::`RuleTransformer` → `transform` → `Edge Cases` → handles special characters in pattern rules" class="Tests\Unit\JsonSchema\RuleTransformerTest" classname="Tests.Unit.JsonSchema.RuleTransformerTest" assertions="1" time="0.005437"/>
        <testcase name="`RuleTransformer` → `transform` → `Edge Cases` → handles numeric values in rule parameters" file="tests/Unit/JsonSchema/RuleTransformerTest.php::`RuleTransformer` → `transform` → `Edge Cases` → handles numeric values in rule parameters" class="Tests\Unit\JsonSchema\RuleTransformerTest" classname="Tests.Unit.JsonSchema.RuleTransformerTest" assertions="2" time="0.004829"/>
        <testcase name="`RuleTransformer` → `transform` → `Edge Cases` → handles float values in gt and gte rules" file="tests/Unit/JsonSchema/RuleTransformerTest.php::`RuleTransformer` → `transform` → `Edge Cases` → handles float values in gt and gte rules" class="Tests\Unit\JsonSchema\RuleTransformerTest" classname="Tests.Unit.JsonSchema.RuleTransformerTest" assertions="2" time="0.004740"/>
        <testcase name="`RuleTransformer` → `transform` → `Edge Cases` → accumulates allOf conditions from multiple conditional rules" file="tests/Unit/JsonSchema/RuleTransformerTest.php::`RuleTransformer` → `transform` → `Edge Cases` → accumulates allOf conditions from multiple conditional rules" class="Tests\Unit\JsonSchema\RuleTransformerTest" classname="Tests.Unit.JsonSchema.RuleTransformerTest" assertions="2" time="0.004883"/>
        <testcase name="`RuleTransformer` → `transform` → `Edge Cases` → handles overlapping type and format rules" file="tests/Unit/JsonSchema/RuleTransformerTest.php::`RuleTransformer` → `transform` → `Edge Cases` → handles overlapping type and format rules" class="Tests\Unit\JsonSchema\RuleTransformerTest" classname="Tests.Unit.JsonSchema.RuleTransformerTest" assertions="3" time="0.004956"/>
        <testcase name="`RuleTransformer` → `transform` → `Edge Cases` → handles long list of prohibited fields in prohibits rule" file="tests/Unit/JsonSchema/RuleTransformerTest.php::`RuleTransformer` → `transform` → `Edge Cases` → handles long list of prohibited fields in prohibits rule" class="Tests\Unit\JsonSchema\RuleTransformerTest" classname="Tests.Unit.JsonSchema.RuleTransformerTest" assertions="2" time="0.004854"/>
        <testcase name="`RuleTransformer` → `transform` → `Edge Cases` → handles empty string parameters in rules" file="tests/Unit/JsonSchema/RuleTransformerTest.php::`RuleTransformer` → `transform` → `Edge Cases` → handles empty string parameters in rules" class="Tests\Unit\JsonSchema\RuleTransformerTest" classname="Tests.Unit.JsonSchema.RuleTransformerTest" assertions="1" time="0.004989"/>
        <testcase name="`RuleTransformer` → `transform` → `Edge Cases` → preserves existing schema properties when adding new rules" file="tests/Unit/JsonSchema/RuleTransformerTest.php::`RuleTransformer` → `transform` → `Edge Cases` → preserves existing schema properties when adding new rules" class="Tests\Unit\JsonSchema\RuleTransformerTest" classname="Tests.Unit.JsonSchema.RuleTransformerTest" assertions="3" time="0.005111"/>
        <testcase name="`RuleTransformer` → `transform` → `Regressions` → prevents timezone enum from being empty" file="tests/Unit/JsonSchema/RuleTransformerTest.php::`RuleTransformer` → `transform` → `Regressions` → prevents timezone enum from being empty" class="Tests\Unit\JsonSchema\RuleTransformerTest" classname="Tests.Unit.JsonSchema.RuleTransformerTest" assertions="2" time="0.004897"/>
        <testcase name="`RuleTransformer` → `transform` → `Regressions` → ensures toString conversion is called before rule processing" file="tests/Unit/JsonSchema/RuleTransformerTest.php::`RuleTransformer` → `transform` → `Regressions` → ensures toString conversion is called before rule processing" class="Tests\Unit\JsonSchema\RuleTransformerTest" classname="Tests.Unit.JsonSchema.RuleTransformerTest" assertions="1" time="0.004783"/>
        <testcase name="`RuleTransformer` → `transform` → `Regressions` → handles nested properties correctly without overwriting" file="tests/Unit/JsonSchema/RuleTransformerTest.php::`RuleTransformer` → `transform` → `Regressions` → handles nested properties correctly without overwriting" class="Tests\Unit\JsonSchema\RuleTransformerTest" classname="Tests.Unit.JsonSchema.RuleTransformerTest" assertions="2" time="0.004852"/>
      </testsuite>
      <testsuite name="Tests\Unit\JsonSchema\RulesTransformerTest" file="tests/Unit/JsonSchema/RulesTransformerTest.php" tests="48" assertions="108" errors="0" failures="0" skipped="0" time="0.225587">
        <testcase name="`RulesTransformer` → `transform` → `Happy Paths` → transforms simple required string field rules to JSON Schema" file="tests/Unit/JsonSchema/RulesTransformerTest.php::`RulesTransformer` → `transform` → `Happy Paths` → transforms simple required string field rules to JSON Schema" class="Tests\Unit\JsonSchema\RulesTransformerTest" classname="Tests.Unit.JsonSchema.RulesTransformerTest" assertions="5" time="0.030978"/>
        <testcase name="`RulesTransformer` → `transform` → `Happy Paths` → transforms multiple fields with different types" file="tests/Unit/JsonSchema/RulesTransformerTest.php::`RulesTransformer` → `transform` → `Happy Paths` → transforms multiple fields with different types" class="Tests\Unit\JsonSchema\RulesTransformerTest" classname="Tests.Unit.JsonSchema.RulesTransformerTest" assertions="8" time="0.003958"/>
        <testcase name="`RulesTransformer` → `transform` → `Happy Paths` → transforms rules provided as array format" file="tests/Unit/JsonSchema/RulesTransformerTest.php::`RulesTransformer` → `transform` → `Happy Paths` → transforms rules provided as array format" class="Tests\Unit\JsonSchema\RulesTransformerTest" classname="Tests.Unit.JsonSchema.RulesTransformerTest" assertions="5" time="0.004237"/>
        <testcase name="`RulesTransformer` → `transform` → `Happy Paths` → merges additional properties into schema" file="tests/Unit/JsonSchema/RulesTransformerTest.php::`RulesTransformer` → `transform` → `Happy Paths` → merges additional properties into schema" class="Tests\Unit\JsonSchema\RulesTransformerTest" classname="Tests.Unit.JsonSchema.RulesTransformerTest" assertions="3" time="0.004222"/>
        <testcase name="`RulesTransformer` → `transform` → `Happy Paths` → transforms non-required fields correctly" file="tests/Unit/JsonSchema/RulesTransformerTest.php::`RulesTransformer` → `transform` → `Happy Paths` → transforms non-required fields correctly" class="Tests\Unit\JsonSchema\RulesTransformerTest" classname="Tests.Unit.JsonSchema.RulesTransformerTest" assertions="6" time="0.003883"/>
        <testcase name="`RulesTransformer` → `transform` → `Happy Paths` → transforms nested object rules" file="tests/Unit/JsonSchema/RulesTransformerTest.php::`RulesTransformer` → `transform` → `Happy Paths` → transforms nested object rules" class="Tests\Unit\JsonSchema\RulesTransformerTest" classname="Tests.Unit.JsonSchema.RulesTransformerTest" assertions="4" time="0.003748"/>
        <testcase name="`RulesTransformer` → `transform` → `Happy Paths` → handles min and max constraints" file="tests/Unit/JsonSchema/RulesTransformerTest.php::`RulesTransformer` → `transform` → `Happy Paths` → handles min and max constraints" class="Tests\Unit\JsonSchema\RulesTransformerTest" classname="Tests.Unit.JsonSchema.RulesTransformerTest" assertions="2" time="0.003604"/>
        <testcase name="`RulesTransformer` → `transform` → `Happy Paths` → handles between constraints" file="tests/Unit/JsonSchema/RulesTransformerTest.php::`RulesTransformer` → `transform` → `Happy Paths` → handles between constraints" class="Tests\Unit\JsonSchema\RulesTransformerTest" classname="Tests.Unit.JsonSchema.RulesTransformerTest" assertions="2" time="0.003833"/>
        <testcase name="`RulesTransformer` → `transform` → `Happy Paths` → handles in enum constraints" file="tests/Unit/JsonSchema/RulesTransformerTest.php::`RulesTransformer` → `transform` → `Happy Paths` → handles in enum constraints" class="Tests\Unit\JsonSchema\RulesTransformerTest" classname="Tests.Unit.JsonSchema.RulesTransformerTest" assertions="4" time="0.003737"/>
        <testcase name="`RulesTransformer` → `transform` → `Happy Paths` → handles regex pattern rules" file="tests/Unit/JsonSchema/RulesTransformerTest.php::`RulesTransformer` → `transform` → `Happy Paths` → handles regex pattern rules" class="Tests\Unit\JsonSchema\RulesTransformerTest" classname="Tests.Unit.JsonSchema.RulesTransformerTest" assertions="1" time="0.003625"/>
        <testcase name="`RulesTransformer` → `transform` → `Happy Paths` → handles alpha rules" file="tests/Unit/JsonSchema/RulesTransformerTest.php::`RulesTransformer` → `transform` → `Happy Paths` → handles alpha rules" class="Tests\Unit\JsonSchema\RulesTransformerTest" classname="Tests.Unit.JsonSchema.RulesTransformerTest" assertions="2" time="0.003745"/>
        <testcase name="`RulesTransformer` → `transform` → `Happy Paths` → handles alpha_num rules" file="tests/Unit/JsonSchema/RulesTransformerTest.php::`RulesTransformer` → `transform` → `Happy Paths` → handles alpha_num rules" class="Tests\Unit\JsonSchema\RulesTransformerTest" classname="Tests.Unit.JsonSchema.RulesTransformerTest" assertions="2" time="0.003668"/>
        <testcase name="`RulesTransformer` → `transform` → `Happy Paths` → handles email format" file="tests/Unit/JsonSchema/RulesTransformerTest.php::`RulesTransformer` → `transform` → `Happy Paths` → handles email format" class="Tests\Unit\JsonSchema\RulesTransformerTest" classname="Tests.Unit.JsonSchema.RulesTransformerTest" assertions="1" time="0.003955"/>
        <testcase name="`RulesTransformer` → `transform` → `Happy Paths` → handles url format" file="tests/Unit/JsonSchema/RulesTransformerTest.php::`RulesTransformer` → `transform` → `Happy Paths` → handles url format" class="Tests\Unit\JsonSchema\RulesTransformerTest" classname="Tests.Unit.JsonSchema.RulesTransformerTest" assertions="1" time="0.003708"/>
        <testcase name="`RulesTransformer` → `transform` → `Happy Paths` → handles uuid format" file="tests/Unit/JsonSchema/RulesTransformerTest.php::`RulesTransformer` → `transform` → `Happy Paths` → handles uuid format" class="Tests\Unit\JsonSchema\RulesTransformerTest" classname="Tests.Unit.JsonSchema.RulesTransformerTest" assertions="1" time="0.008730"/>
        <testcase name="`RulesTransformer` → `transform` → `Happy Paths` → handles date format" file="tests/Unit/JsonSchema/RulesTransformerTest.php::`RulesTransformer` → `transform` → `Happy Paths` → handles date format" class="Tests\Unit\JsonSchema\RulesTransformerTest" classname="Tests.Unit.JsonSchema.RulesTransformerTest" assertions="1" time="0.004455"/>
        <testcase name="`RulesTransformer` → `transform` → `Happy Paths` → handles numeric type" file="tests/Unit/JsonSchema/RulesTransformerTest.php::`RulesTransformer` → `transform` → `Happy Paths` → handles numeric type" class="Tests\Unit\JsonSchema\RulesTransformerTest" classname="Tests.Unit.JsonSchema.RulesTransformerTest" assertions="1" time="0.003940"/>
        <testcase name="`RulesTransformer` → `transform` → `Happy Paths` → handles array type" file="tests/Unit/JsonSchema/RulesTransformerTest.php::`RulesTransformer` → `transform` → `Happy Paths` → handles array type" class="Tests\Unit\JsonSchema\RulesTransformerTest" classname="Tests.Unit.JsonSchema.RulesTransformerTest" assertions="1" time="0.003802"/>
        <testcase name="`RulesTransformer` → `transform` → `Happy Paths` → handles accepted rule" file="tests/Unit/JsonSchema/RulesTransformerTest.php::`RulesTransformer` → `transform` → `Happy Paths` → handles accepted rule" class="Tests\Unit\JsonSchema\RulesTransformerTest" classname="Tests.Unit.JsonSchema.RulesTransformerTest" assertions="3" time="0.003690"/>
        <testcase name="`RulesTransformer` → `transform` → `Happy Paths` → handles declined rule" file="tests/Unit/JsonSchema/RulesTransformerTest.php::`RulesTransformer` → `transform` → `Happy Paths` → handles declined rule" class="Tests\Unit\JsonSchema\RulesTransformerTest" classname="Tests.Unit.JsonSchema.RulesTransformerTest" assertions="3" time="0.003923"/>
        <testcase name="`RulesTransformer` → `transform` → `Sad Paths` → throws exception for bail rule" file="tests/Unit/JsonSchema/RulesTransformerTest.php::`RulesTransformer` → `transform` → `Sad Paths` → throws exception for bail rule" class="Tests\Unit\JsonSchema\RulesTransformerTest" classname="Tests.Unit.JsonSchema.RulesTransformerTest" assertions="1" time="0.003852"/>
        <testcase name="`RulesTransformer` → `transform` → `Sad Paths` → throws exception for current_password rule" file="tests/Unit/JsonSchema/RulesTransformerTest.php::`RulesTransformer` → `transform` → `Sad Paths` → throws exception for current_password rule" class="Tests\Unit\JsonSchema\RulesTransformerTest" classname="Tests.Unit.JsonSchema.RulesTransformerTest" assertions="1" time="0.003732"/>
        <testcase name="`RulesTransformer` → `transform` → `Sad Paths` → throws exception for dimensions rule" file="tests/Unit/JsonSchema/RulesTransformerTest.php::`RulesTransformer` → `transform` → `Sad Paths` → throws exception for dimensions rule" class="Tests\Unit\JsonSchema\RulesTransformerTest" classname="Tests.Unit.JsonSchema.RulesTransformerTest" assertions="1" time="0.003748"/>
        <testcase name="`RulesTransformer` → `transform` → `Sad Paths` → throws exception for distinct rule" file="tests/Unit/JsonSchema/RulesTransformerTest.php::`RulesTransformer` → `transform` → `Sad Paths` → throws exception for distinct rule" class="Tests\Unit\JsonSchema\RulesTransformerTest" classname="Tests.Unit.JsonSchema.RulesTransformerTest" assertions="1" time="0.003698"/>
        <testcase name="`RulesTransformer` → `transform` → `Sad Paths` → throws exception for exists database rule" file="tests/Unit/JsonSchema/RulesTransformerTest.php::`RulesTransformer` → `transform` → `Sad Paths` → throws exception for exists database rule" class="Tests\Unit\JsonSchema\RulesTransformerTest" classname="Tests.Unit.JsonSchema.RulesTransformerTest" assertions="1" time="0.003847"/>
        <testcase name="`RulesTransformer` → `transform` → `Sad Paths` → throws exception for file rule" file="tests/Unit/JsonSchema/RulesTransformerTest.php::`RulesTransformer` → `transform` → `Sad Paths` → throws exception for file rule" class="Tests\Unit\JsonSchema\RulesTransformerTest" classname="Tests.Unit.JsonSchema.RulesTransformerTest" assertions="1" time="0.003848"/>
        <testcase name="`RulesTransformer` → `transform` → `Sad Paths` → throws exception for image rule" file="tests/Unit/JsonSchema/RulesTransformerTest.php::`RulesTransformer` → `transform` → `Sad Paths` → throws exception for image rule" class="Tests\Unit\JsonSchema\RulesTransformerTest" classname="Tests.Unit.JsonSchema.RulesTransformerTest" assertions="1" time="0.004188"/>
        <testcase name="`RulesTransformer` → `transform` → `Sad Paths` → throws exception for json rule" file="tests/Unit/JsonSchema/RulesTransformerTest.php::`RulesTransformer` → `transform` → `Sad Paths` → throws exception for json rule" class="Tests\Unit\JsonSchema\RulesTransformerTest" classname="Tests.Unit.JsonSchema.RulesTransformerTest" assertions="1" time="0.003871"/>
        <testcase name="`RulesTransformer` → `transform` → `Sad Paths` → throws exception for password rule" file="tests/Unit/JsonSchema/RulesTransformerTest.php::`RulesTransformer` → `transform` → `Sad Paths` → throws exception for password rule" class="Tests\Unit\JsonSchema\RulesTransformerTest" classname="Tests.Unit.JsonSchema.RulesTransformerTest" assertions="1" time="0.003937"/>
        <testcase name="`RulesTransformer` → `transform` → `Sad Paths` → throws exception for same rule" file="tests/Unit/JsonSchema/RulesTransformerTest.php::`RulesTransformer` → `transform` → `Sad Paths` → throws exception for same rule" class="Tests\Unit\JsonSchema\RulesTransformerTest" classname="Tests.Unit.JsonSchema.RulesTransformerTest" assertions="1" time="0.004071"/>
        <testcase name="`RulesTransformer` → `transform` → `Sad Paths` → throws exception for sometimes rule" file="tests/Unit/JsonSchema/RulesTransformerTest.php::`RulesTransformer` → `transform` → `Sad Paths` → throws exception for sometimes rule" class="Tests\Unit\JsonSchema\RulesTransformerTest" classname="Tests.Unit.JsonSchema.RulesTransformerTest" assertions="1" time="0.003871"/>
        <testcase name="`RulesTransformer` → `transform` → `Sad Paths` → throws exception for unique database rule" file="tests/Unit/JsonSchema/RulesTransformerTest.php::`RulesTransformer` → `transform` → `Sad Paths` → throws exception for unique database rule" class="Tests\Unit\JsonSchema\RulesTransformerTest" classname="Tests.Unit.JsonSchema.RulesTransformerTest" assertions="1" time="0.003986"/>
        <testcase name="`RulesTransformer` → `transform` → `Edge Cases` → handles empty rules array" file="tests/Unit/JsonSchema/RulesTransformerTest.php::`RulesTransformer` → `transform` → `Edge Cases` → handles empty rules array" class="Tests\Unit\JsonSchema\RulesTransformerTest" classname="Tests.Unit.JsonSchema.RulesTransformerTest" assertions="3" time="0.003817"/>
        <testcase name="`RulesTransformer` → `transform` → `Edge Cases` → handles empty properties array" file="tests/Unit/JsonSchema/RulesTransformerTest.php::`RulesTransformer` → `transform` → `Edge Cases` → handles empty properties array" class="Tests\Unit\JsonSchema\RulesTransformerTest" classname="Tests.Unit.JsonSchema.RulesTransformerTest" assertions="1" time="0.003824"/>
        <testcase name="`RulesTransformer` → `transform` → `Edge Cases` → handles field with empty string rules" file="tests/Unit/JsonSchema/RulesTransformerTest.php::`RulesTransformer` → `transform` → `Edge Cases` → handles field with empty string rules" class="Tests\Unit\JsonSchema\RulesTransformerTest" classname="Tests.Unit.JsonSchema.RulesTransformerTest" assertions="2" time="0.003950"/>
        <testcase name="`RulesTransformer` → `transform` → `Edge Cases` → handles unicode field names" file="tests/Unit/JsonSchema/RulesTransformerTest.php::`RulesTransformer` → `transform` → `Edge Cases` → handles unicode field names" class="Tests\Unit\JsonSchema\RulesTransformerTest" classname="Tests.Unit.JsonSchema.RulesTransformerTest" assertions="2" time="0.004024"/>
        <testcase name="`RulesTransformer` → `transform` → `Edge Cases` → handles very long validation rules chain" file="tests/Unit/JsonSchema/RulesTransformerTest.php::`RulesTransformer` → `transform` → `Edge Cases` → handles very long validation rules chain" class="Tests\Unit\JsonSchema\RulesTransformerTest" classname="Tests.Unit.JsonSchema.RulesTransformerTest" assertions="4" time="0.004158"/>
        <testcase name="`RulesTransformer` → `transform` → `Edge Cases` → handles field names with dots" file="tests/Unit/JsonSchema/RulesTransformerTest.php::`RulesTransformer` → `transform` → `Edge Cases` → handles field names with dots" class="Tests\Unit\JsonSchema\RulesTransformerTest" classname="Tests.Unit.JsonSchema.RulesTransformerTest" assertions="2" time="0.004087"/>
        <testcase name="`RulesTransformer` → `transform` → `Edge Cases` → handles mixed required and optional fields" file="tests/Unit/JsonSchema/RulesTransformerTest.php::`RulesTransformer` → `transform` → `Edge Cases` → handles mixed required and optional fields" class="Tests\Unit\JsonSchema\RulesTransformerTest" classname="Tests.Unit.JsonSchema.RulesTransformerTest" assertions="3" time="0.004037"/>
        <testcase name="`RulesTransformer` → `transform` → `Edge Cases` → handles not_in constraint" file="tests/Unit/JsonSchema/RulesTransformerTest.php::`RulesTransformer` → `transform` → `Edge Cases` → handles not_in constraint" class="Tests\Unit\JsonSchema\RulesTransformerTest" classname="Tests.Unit.JsonSchema.RulesTransformerTest" assertions="5" time="0.003996"/>
        <testcase name="`RulesTransformer` → `transform` → `Edge Cases` → handles lowercase constraint" file="tests/Unit/JsonSchema/RulesTransformerTest.php::`RulesTransformer` → `transform` → `Edge Cases` → handles lowercase constraint" class="Tests\Unit\JsonSchema\RulesTransformerTest" classname="Tests.Unit.JsonSchema.RulesTransformerTest" assertions="1" time="0.004034"/>
        <testcase name="`RulesTransformer` → `transform` → `Edge Cases` → handles uppercase constraint" file="tests/Unit/JsonSchema/RulesTransformerTest.php::`RulesTransformer` → `transform` → `Edge Cases` → handles uppercase constraint" class="Tests\Unit\JsonSchema\RulesTransformerTest" classname="Tests.Unit.JsonSchema.RulesTransformerTest" assertions="1" time="0.004000"/>
        <testcase name="`RulesTransformer` → `transformDataObject` → `Happy Paths` → transforms simple Data class to JSON Schema" file="tests/Unit/JsonSchema/RulesTransformerTest.php::`RulesTransformer` → `transformDataObject` → `Happy Paths` → transforms simple Data class to JSON Schema" class="Tests\Unit\JsonSchema\RulesTransformerTest" classname="Tests.Unit.JsonSchema.RulesTransformerTest" assertions="4" time="0.004031"/>
        <testcase name="`RulesTransformer` → `transformDataObject` → `Happy Paths` → transforms complex Data class with multiple fields" file="tests/Unit/JsonSchema/RulesTransformerTest.php::`RulesTransformer` → `transformDataObject` → `Happy Paths` → transforms complex Data class with multiple fields" class="Tests\Unit\JsonSchema\RulesTransformerTest" classname="Tests.Unit.JsonSchema.RulesTransformerTest" assertions="5" time="0.008542"/>
        <testcase name="`RulesTransformer` → `transformDataObject` → `Happy Paths` → transforms Data class with additional properties" file="tests/Unit/JsonSchema/RulesTransformerTest.php::`RulesTransformer` → `transformDataObject` → `Happy Paths` → transforms Data class with additional properties" class="Tests\Unit\JsonSchema\RulesTransformerTest" classname="Tests.Unit.JsonSchema.RulesTransformerTest" assertions="2" time="0.004337"/>
        <testcase name="`RulesTransformer` → `transformDataObject` → `Happy Paths` → transforms nested Data class" file="tests/Unit/JsonSchema/RulesTransformerTest.php::`RulesTransformer` → `transformDataObject` → `Happy Paths` → transforms nested Data class" class="Tests\Unit\JsonSchema\RulesTransformerTest" classname="Tests.Unit.JsonSchema.RulesTransformerTest" assertions="3" time="0.004299"/>
        <testcase name="`RulesTransformer` → `transformDataObject` → `Sad Paths` → handles non-existent class gracefully" file="tests/Unit/JsonSchema/RulesTransformerTest.php::`RulesTransformer` → `transformDataObject` → `Sad Paths` → handles non-existent class gracefully" class="Tests\Unit\JsonSchema\RulesTransformerTest" classname="Tests.Unit.JsonSchema.RulesTransformerTest" assertions="1" time="0.004125"/>
        <testcase name="`RulesTransformer` → `transformDataObject` → `Sad Paths` → handles non-Data class" file="tests/Unit/JsonSchema/RulesTransformerTest.php::`RulesTransformer` → `transformDataObject` → `Sad Paths` → handles non-Data class" class="Tests\Unit\JsonSchema\RulesTransformerTest" classname="Tests.Unit.JsonSchema.RulesTransformerTest" assertions="1" time="0.004236"/>
      </testsuite>
      <testsuite name="Tests\Unit\Models\OperationTest" file="tests/Unit/Models/OperationTest.php" tests="20" assertions="54" errors="3" failures="0" skipped="0" time="0.100642">
        <testcase name="`Operation Model` → `Happy Paths` → converts model to OperationData with all fields" file="tests/Unit/Models/OperationTest.php::`Operation Model` → `Happy Paths` → converts model to OperationData with all fields" class="Tests\Unit\Models\OperationTest" classname="Tests.Unit.Models.OperationTest" assertions="13" time="0.013163"/>
        <testcase name="`Operation Model` → `Happy Paths` → converts model to OperationData with null errors" file="tests/Unit/Models/OperationTest.php::`Operation Model` → `Happy Paths` → converts model to OperationData with null errors" class="Tests\Unit\Models\OperationTest" classname="Tests.Unit.Models.OperationTest" assertions="1" time="0.004209"/>
        <testcase name="`Operation Model` → `Happy Paths` → creates model from OperationData with all fields" file="tests/Unit/Models/OperationTest.php::`Operation Model` → `Happy Paths` → creates model from OperationData with all fields" class="Tests\Unit\Models\OperationTest" classname="Tests.Unit.Models.OperationTest" assertions="12" time="0.004819"/>
        <testcase name="`Operation Model` → `Happy Paths` → creates model from OperationData with null errors" file="tests/Unit/Models/OperationTest.php::`Operation Model` → `Happy Paths` → creates model from OperationData with null errors" class="Tests\Unit\Models\OperationTest" classname="Tests.Unit.Models.OperationTest" assertions="1" time="0.004232"/>
        <testcase name="`Operation Model` → `Happy Paths` → uses string primary key" file="tests/Unit/Models/OperationTest.php::`Operation Model` → `Happy Paths` → uses string primary key" class="Tests\Unit\Models\OperationTest" classname="Tests.Unit.Models.OperationTest" assertions="2" time="0.004290"/>
        <testcase name="`Operation Model` → `Happy Paths` → scopes filter by status" file="tests/Unit/Models/OperationTest.php::`Operation Model` → `Happy Paths` → scopes filter by status" class="Tests\Unit\Models\OperationTest" classname="Tests.Unit.Models.OperationTest" assertions="2" time="0.004737"/>
        <testcase name="`Operation Model` → `Happy Paths` → scopes filter by function" file="tests/Unit/Models/OperationTest.php::`Operation Model` → `Happy Paths` → scopes filter by function" class="Tests\Unit\Models\OperationTest" classname="Tests.Unit.Models.OperationTest" assertions="2" time="0.004630"/>
        <testcase name="`Operation Model` → `Happy Paths` → scopes filter by caller" file="tests/Unit/Models/OperationTest.php::`Operation Model` → `Happy Paths` → scopes filter by caller" class="Tests\Unit\Models\OperationTest" classname="Tests.Unit.Models.OperationTest" assertions="2" time="0.004303"/>
        <testcase name="`Operation Model` → `Happy Paths` → scopes find expired operations" file="tests/Unit/Models/OperationTest.php::`Operation Model` → `Happy Paths` → scopes find expired operations" class="Tests\Unit\Models\OperationTest" classname="Tests.Unit.Models.OperationTest" assertions="2" time="0.004233"/>
        <testcase name="`Operation Model` → `Happy Paths` → combines multiple scopes" file="tests/Unit/Models/OperationTest.php::`Operation Model` → `Happy Paths` → combines multiple scopes" class="Tests\Unit\Models\OperationTest" classname="Tests.Unit.Models.OperationTest" assertions="2" time="0.004517"/>
        <testcase name="`Operation Model` → `Edge Cases` → handles empty result array" file="tests/Unit/Models/OperationTest.php::`Operation Model` → `Edge Cases` → handles empty result array" class="Tests\Unit\Models\OperationTest" classname="Tests.Unit.Models.OperationTest" assertions="1" time="0.004382"/>
        <testcase name="`Operation Model` → `Edge Cases` → handles zero progress" file="tests/Unit/Models/OperationTest.php::`Operation Model` → `Edge Cases` → handles zero progress" class="Tests\Unit\Models\OperationTest" classname="Tests.Unit.Models.OperationTest" assertions="0" time="0.004320">
          <error type="Cline\Forrst\Exceptions\MissingRequiredFieldException">`Operation Model` → `Edge Cases` → handles zero progressCline\Forrst\Exceptions\MissingRequiredFieldException: startedAt is required
at src/Exceptions/MissingRequiredFieldException.php:22
at src/Data/OperationData.php:146
at src/Models/Operation.php:159
at tests/Unit/Models/OperationTest.php:314</error>
        </testcase>
        <testcase name="`Operation Model` → `Edge Cases` → handles complete progress" file="tests/Unit/Models/OperationTest.php::`Operation Model` → `Edge Cases` → handles complete progress" class="Tests\Unit\Models\OperationTest" classname="Tests.Unit.Models.OperationTest" assertions="0" time="0.004118">
          <error type="Cline\Forrst\Exceptions\MissingRequiredFieldException">`Operation Model` → `Edge Cases` → handles complete progressCline\Forrst\Exceptions\MissingRequiredFieldException: startedAt is required
at src/Exceptions/MissingRequiredFieldException.php:22
at src/Data/OperationData.php:146
at src/Models/Operation.php:159
at tests/Unit/Models/OperationTest.php:330</error>
        </testcase>
        <testcase name="`Operation Model` → `Edge Cases` → handles multiple errors in array" file="tests/Unit/Models/OperationTest.php::`Operation Model` → `Edge Cases` → handles multiple errors in array" class="Tests\Unit\Models\OperationTest" classname="Tests.Unit.Models.OperationTest" assertions="0" time="0.004516">
          <error type="Cline\Forrst\Exceptions\InvalidFieldValueException">`Operation Model` → `Edge Cases` → handles multiple errors in arrayCline\Forrst\Exceptions\InvalidFieldValueException: id is invalid: Operation ID must be a valid UUID, ULID, or prefixed format (op_/op- followed by alphanumeric), got: op-multi-error
at src/Exceptions/InvalidFieldValueException.php:22
at src/Data/OperationData.php:118
at src/Models/Operation.php:159
at tests/Unit/Models/OperationTest.php:350</error>
        </testcase>
        <testcase name="`Operation Model` → `Edge Cases` → casts arrays correctly" file="tests/Unit/Models/OperationTest.php::`Operation Model` → `Edge Cases` → casts arrays correctly" class="Tests\Unit\Models\OperationTest" classname="Tests.Unit.Models.OperationTest" assertions="4" time="0.008143"/>
        <testcase name="`Operation Model` → `Edge Cases` → casts datetime fields to immutable" file="tests/Unit/Models/OperationTest.php::`Operation Model` → `Edge Cases` → casts datetime fields to immutable" class="Tests\Unit\Models\OperationTest" classname="Tests.Unit.Models.OperationTest" assertions="4" time="0.005135"/>
        <testcase name="`Operation Model` → `Edge Cases` → scopes handle no matching records" file="tests/Unit/Models/OperationTest.php::`Operation Model` → `Edge Cases` → scopes handle no matching records" class="Tests\Unit\Models\OperationTest" classname="Tests.Unit.Models.OperationTest" assertions="3" time="0.004393"/>
        <testcase name="`Operation Model` → `Sad Paths` → requires id field" file="tests/Unit/Models/OperationTest.php::`Operation Model` → `Sad Paths` → requires id field" class="Tests\Unit\Models\OperationTest" classname="Tests.Unit.Models.OperationTest" assertions="1" time="0.004452"/>
        <testcase name="`Operation Model` → `Sad Paths` → requires function field" file="tests/Unit/Models/OperationTest.php::`Operation Model` → `Sad Paths` → requires function field" class="Tests\Unit\Models\OperationTest" classname="Tests.Unit.Models.OperationTest" assertions="1" time="0.004149"/>
        <testcase name="`Operation Model` → `Sad Paths` → allows creating operation without explicit status" file="tests/Unit/Models/OperationTest.php::`Operation Model` → `Sad Paths` → allows creating operation without explicit status" class="Tests\Unit\Models\OperationTest" classname="Tests.Unit.Models.OperationTest" assertions="1" time="0.003901"/>
      </testsuite>
      <testsuite name="Tests\Unit\Normalizers\ModelNormalizerTest" file="tests/Unit/Normalizers/ModelNormalizerTest.php" tests="9" assertions="30" errors="0" failures="0" skipped="0" time="0.046093">
        <testcase name="`ModelNormalizer` → `Happy Paths` → transforms a model to a document data structure" file="tests/Unit/Normalizers/ModelNormalizerTest.php::`ModelNormalizer` → `Happy Paths` → transforms a model to a document data structure" class="Tests\Unit\Normalizers\ModelNormalizerTest" classname="Tests.Unit.Normalizers.ModelNormalizerTest" assertions="2" time="0.009138"/>
        <testcase name="`ModelNormalizer` → `Happy Paths` → transforms a model with one-to-one relationship" file="tests/Unit/Normalizers/ModelNormalizerTest.php::`ModelNormalizer` → `Happy Paths` → transforms a model with one-to-one relationship" class="Tests\Unit\Normalizers\ModelNormalizerTest" classname="Tests.Unit.Normalizers.ModelNormalizerTest" assertions="2" time="0.005094"/>
        <testcase name="`ModelNormalizer` → `Happy Paths` → transforms a model without relationships" file="tests/Unit/Normalizers/ModelNormalizerTest.php::`ModelNormalizer` → `Happy Paths` → transforms a model without relationships" class="Tests\Unit\Normalizers\ModelNormalizerTest" classname="Tests.Unit.Normalizers.ModelNormalizerTest" assertions="2" time="0.004199"/>
        <testcase name="`ModelNormalizer` → `Happy Paths` → transforms a model with multiple items in one-to-many relationship" file="tests/Unit/Normalizers/ModelNormalizerTest.php::`ModelNormalizer` → `Happy Paths` → transforms a model with multiple items in one-to-many relationship" class="Tests\Unit\Normalizers\ModelNormalizerTest" classname="Tests.Unit.Normalizers.ModelNormalizerTest" assertions="5" time="0.005614"/>
        <testcase name="`ModelNormalizer` → `Happy Paths` → transforms a model with nested relationships" file="tests/Unit/Normalizers/ModelNormalizerTest.php::`ModelNormalizer` → `Happy Paths` → transforms a model with nested relationships" class="Tests\Unit\Normalizers\ModelNormalizerTest" classname="Tests.Unit.Normalizers.ModelNormalizerTest" assertions="6" time="0.004908"/>
        <testcase name="`ModelNormalizer` → `Happy Paths` → transforms a model with mixed cardinality relationships" file="tests/Unit/Normalizers/ModelNormalizerTest.php::`ModelNormalizer` → `Happy Paths` → transforms a model with mixed cardinality relationships" class="Tests\Unit\Normalizers\ModelNormalizerTest" classname="Tests.Unit.Normalizers.ModelNormalizerTest" assertions="5" time="0.004521"/>
        <testcase name="`ModelNormalizer` → `Edge Cases` → handles model with null relationship" file="tests/Unit/Normalizers/ModelNormalizerTest.php::`ModelNormalizer` → `Edge Cases` → handles model with null relationship" class="Tests\Unit\Normalizers\ModelNormalizerTest" classname="Tests.Unit.Normalizers.ModelNormalizerTest" assertions="3" time="0.004251"/>
        <testcase name="`ModelNormalizer` → `Edge Cases` → handles empty relationship collection" file="tests/Unit/Normalizers/ModelNormalizerTest.php::`ModelNormalizer` → `Edge Cases` → handles empty relationship collection" class="Tests\Unit\Normalizers\ModelNormalizerTest" classname="Tests.Unit.Normalizers.ModelNormalizerTest" assertions="3" time="0.004205"/>
        <testcase name="`ModelNormalizer` → `Edge Cases` → handles model with only empty relationships loaded" file="tests/Unit/Normalizers/ModelNormalizerTest.php::`ModelNormalizer` → `Edge Cases` → handles model with only empty relationships loaded" class="Tests\Unit\Normalizers\ModelNormalizerTest" classname="Tests.Unit.Normalizers.ModelNormalizerTest" assertions="2" time="0.004162"/>
      </testsuite>
      <testsuite name="Tests\Unit\Normalizers\NormalizationResultTest" file="tests/Unit/Normalizers/NormalizationResultTest.php" tests="21" assertions="56" errors="1" failures="0" skipped="0" time="0.085077">
        <testcase name="`NormalizationResult` → `Happy Paths` → creates normalization result with resource and included array" file="tests/Unit/Normalizers/NormalizationResultTest.php::`NormalizationResult` → `Happy Paths` → creates normalization result with resource and included array" class="Tests\Unit\Normalizers\NormalizationResultTest" classname="Tests.Unit.Normalizers.NormalizationResultTest" assertions="4" time="0.005540"/>
        <testcase name="`NormalizationResult` → `Happy Paths` → creates normalization result with resource and empty included array" file="tests/Unit/Normalizers/NormalizationResultTest.php::`NormalizationResult` → `Happy Paths` → creates normalization result with resource and empty included array" class="Tests\Unit\Normalizers\NormalizationResultTest" classname="Tests.Unit.Normalizers.NormalizationResultTest" assertions="3" time="0.003862"/>
        <testcase name="`NormalizationResult` → `Happy Paths` → creates normalization result with resource and no included array provided" file="tests/Unit/Normalizers/NormalizationResultTest.php::`NormalizationResult` → `Happy Paths` → creates normalization result with resource and no included array provided" class="Tests\Unit\Normalizers\NormalizationResultTest" classname="Tests.Unit.Normalizers.NormalizationResultTest" assertions="3" time="0.003584"/>
        <testcase name="`NormalizationResult` → `Happy Paths` → merges included resources from multiple normalization results" file="tests/Unit/Normalizers/NormalizationResultTest.php::`NormalizationResult` → `Happy Paths` → merges included resources from multiple normalization results" class="Tests\Unit\Normalizers\NormalizationResultTest" classname="Tests.Unit.Normalizers.NormalizationResultTest" assertions="5" time="0.003559"/>
        <testcase name="`NormalizationResult` → `Happy Paths` → returns included resources as indexed array without keys" file="tests/Unit/Normalizers/NormalizationResultTest.php::`NormalizationResult` → `Happy Paths` → returns included resources as indexed array without keys" class="Tests\Unit\Normalizers\NormalizationResultTest" classname="Tests.Unit.Normalizers.NormalizationResultTest" assertions="3" time="0.003511"/>
        <testcase name="`NormalizationResult` → `Happy Paths` → merges multiple results maintaining all unique resources" file="tests/Unit/Normalizers/NormalizationResultTest.php::`NormalizationResult` → `Happy Paths` → merges multiple results maintaining all unique resources" class="Tests\Unit\Normalizers\NormalizationResultTest" classname="Tests.Unit.Normalizers.NormalizationResultTest" assertions="6" time="0.003629"/>
        <testcase name="`NormalizationResult` → `Sad Paths` → merges empty array of results returning empty array" file="tests/Unit/Normalizers/NormalizationResultTest.php::`NormalizationResult` → `Sad Paths` → merges empty array of results returning empty array" class="Tests\Unit\Normalizers\NormalizationResultTest" classname="Tests.Unit.Normalizers.NormalizationResultTest" assertions="2" time="0.004212"/>
        <testcase name="`NormalizationResult` → `Sad Paths` → returns empty indexed array when no included resources exist" file="tests/Unit/Normalizers/NormalizationResultTest.php::`NormalizationResult` → `Sad Paths` → returns empty indexed array when no included resources exist" class="Tests\Unit\Normalizers\NormalizationResultTest" classname="Tests.Unit.Normalizers.NormalizationResultTest" assertions="2" time="0.007972"/>
        <testcase name="`NormalizationResult` → `Sad Paths` → merges results when all have empty included arrays" file="tests/Unit/Normalizers/NormalizationResultTest.php::`NormalizationResult` → `Sad Paths` → merges results when all have empty included arrays" class="Tests\Unit\Normalizers\NormalizationResultTest" classname="Tests.Unit.Normalizers.NormalizationResultTest" assertions="1" time="0.003848"/>
        <testcase name="`NormalizationResult` → `Edge Cases` → overwrites earlier resource with same key when merging multiple results" file="tests/Unit/Normalizers/NormalizationResultTest.php::`NormalizationResult` → `Edge Cases` → overwrites earlier resource with same key when merging multiple results" class="Tests\Unit\Normalizers\NormalizationResultTest" classname="Tests.Unit.Normalizers.NormalizationResultTest" assertions="3" time="0.003645"/>
        <testcase name="`NormalizationResult` → `Edge Cases` → handles merging single result with included resources" file="tests/Unit/Normalizers/NormalizationResultTest.php::`NormalizationResult` → `Edge Cases` → handles merging single result with included resources" class="Tests\Unit\Normalizers\NormalizationResultTest" classname="Tests.Unit.Normalizers.NormalizationResultTest" assertions="3" time="0.003886"/>
        <testcase name="`NormalizationResult` → `Edge Cases` → preserves array order when converting included to indexed array" file="tests/Unit/Normalizers/NormalizationResultTest.php::`NormalizationResult` → `Edge Cases` → preserves array order when converting included to indexed array" class="Tests\Unit\Normalizers\NormalizationResultTest" classname="Tests.Unit.Normalizers.NormalizationResultTest" assertions="4" time="0.003696"/>
        <testcase name="`NormalizationResult` → `Edge Cases` → handles merging results with mix of empty and populated included arrays" file="tests/Unit/Normalizers/NormalizationResultTest.php::`NormalizationResult` → `Edge Cases` → handles merging results with mix of empty and populated included arrays" class="Tests\Unit\Normalizers\NormalizationResultTest" classname="Tests.Unit.Normalizers.NormalizationResultTest" assertions="3" time="0.003640"/>
        <testcase name="`NormalizationResult` → `Edge Cases` → handles resource with null relationships field" file="tests/Unit/Normalizers/NormalizationResultTest.php::`NormalizationResult` → `Edge Cases` → handles resource with null relationships field" class="Tests\Unit\Normalizers\NormalizationResultTest" classname="Tests.Unit.Normalizers.NormalizationResultTest" assertions="2" time="0.003667"/>
        <testcase name="`NormalizationResult` → `Edge Cases` → handles resource with null meta field" file="tests/Unit/Normalizers/NormalizationResultTest.php::`NormalizationResult` → `Edge Cases` → handles resource with null meta field" class="Tests\Unit\Normalizers\NormalizationResultTest" classname="Tests.Unit.Normalizers.NormalizationResultTest" assertions="1" time="0.003584"/>
        <testcase name="`NormalizationResult` → `Edge Cases` → handles included resources with complex nested attributes" file="tests/Unit/Normalizers/NormalizationResultTest.php::`NormalizationResult` → `Edge Cases` → handles included resources with complex nested attributes" class="Tests\Unit\Normalizers\NormalizationResultTest" classname="Tests.Unit.Normalizers.NormalizationResultTest" assertions="4" time="0.003808"/>
        <testcase name="`NormalizationResult` → `Edge Cases` → handles merging large number of results efficiently" file="tests/Unit/Normalizers/NormalizationResultTest.php::`NormalizationResult` → `Edge Cases` → handles merging large number of results efficiently" class="Tests\Unit\Normalizers\NormalizationResultTest" classname="Tests.Unit.Normalizers.NormalizationResultTest" assertions="1" time="0.003972"/>
        <testcase name="`NormalizationResult` → `Edge Cases` → handles unicode characters in resource type and id" file="tests/Unit/Normalizers/NormalizationResultTest.php::`NormalizationResult` → `Edge Cases` → handles unicode characters in resource type and id" class="Tests\Unit\Normalizers\NormalizationResultTest" classname="Tests.Unit.Normalizers.NormalizationResultTest" assertions="0" time="0.003989">
          <error type="Cline\Forrst\Exceptions\InvalidFieldValueException">`NormalizationResult` → `Edge Cases` → handles unicode characters in resource type and idCline\Forrst\Exceptions\InvalidFieldValueException: type is invalid: must be lowercase and contain only letters, numbers, hyphens, or underscores
at src/Exceptions/InvalidFieldValueException.php:22
at src/Data/ResourceObjectData.php:72
at tests/Unit/Normalizers/NormalizationResultTest.php:351</error>
        </testcase>
        <testcase name="`NormalizationResult` → `Regressions` → ensures deduplication keys are preserved during merge to maintain JSON:API compliance" file="tests/Unit/Normalizers/NormalizationResultTest.php::`NormalizationResult` → `Regressions` → ensures deduplication keys are preserved during merge to maintain JSON:API compliance" class="Tests\Unit\Normalizers\NormalizationResultTest" classname="Tests.Unit.Normalizers.NormalizationResultTest" assertions="2" time="0.003768"/>
        <testcase name="`NormalizationResult` → `Regressions` → ensures readonly properties prevent modification after construction" file="tests/Unit/Normalizers/NormalizationResultTest.php::`NormalizationResult` → `Regressions` → ensures readonly properties prevent modification after construction" class="Tests\Unit\Normalizers\NormalizationResultTest" classname="Tests.Unit.Normalizers.NormalizationResultTest" assertions="2" time="0.003648"/>
        <testcase name="`NormalizationResult` → `Regressions` → ensures getIncludedArray returns new array instance not reference" file="tests/Unit/Normalizers/NormalizationResultTest.php::`NormalizationResult` → `Regressions` → ensures getIncludedArray returns new array instance not reference" class="Tests\Unit\Normalizers\NormalizationResultTest" classname="Tests.Unit.Normalizers.NormalizationResultTest" assertions="2" time="0.004057"/>
      </testsuite>
      <testsuite name="Tests\Unit\Normalizers\ResourceNormalizerTest" file="tests/Unit/Normalizers/ResourceNormalizerTest.php" tests="15" assertions="47" errors="0" failures="0" skipped="0" time="0.073096">
        <testcase name="`ResourceNormalizer` → `Happy Paths` → normalizes resource with all fields" file="tests/Unit/Normalizers/ResourceNormalizerTest.php::`ResourceNormalizer` → `Happy Paths` → normalizes resource with all fields" class="Tests\Unit\Normalizers\ResourceNormalizerTest" classname="Tests.Unit.Normalizers.ResourceNormalizerTest" assertions="4" time="0.007929"/>
        <testcase name="`ResourceNormalizer` → `Happy Paths` → normalizes collection of resources" file="tests/Unit/Normalizers/ResourceNormalizerTest.php::`ResourceNormalizer` → `Happy Paths` → normalizes collection of resources" class="Tests\Unit\Normalizers\ResourceNormalizerTest" classname="Tests.Unit.Normalizers.ResourceNormalizerTest" assertions="2" time="0.004216"/>
        <testcase name="`ResourceNormalizer` → `Happy Paths` → normalizes resource with one-to-many relationships" file="tests/Unit/Normalizers/ResourceNormalizerTest.php::`ResourceNormalizer` → `Happy Paths` → normalizes resource with one-to-many relationships" class="Tests\Unit\Normalizers\ResourceNormalizerTest" classname="Tests.Unit.Normalizers.ResourceNormalizerTest" assertions="4" time="0.004554"/>
        <testcase name="`ResourceNormalizer` → `Happy Paths` → normalizes resource with one-to-one relationship" file="tests/Unit/Normalizers/ResourceNormalizerTest.php::`ResourceNormalizer` → `Happy Paths` → normalizes resource with one-to-one relationship" class="Tests\Unit\Normalizers\ResourceNormalizerTest" classname="Tests.Unit.Normalizers.ResourceNormalizerTest" assertions="3" time="0.004441"/>
        <testcase name="`ResourceNormalizer` → `Happy Paths` → normalizes resource without relationships" file="tests/Unit/Normalizers/ResourceNormalizerTest.php::`ResourceNormalizer` → `Happy Paths` → normalizes resource without relationships" class="Tests\Unit\Normalizers\ResourceNormalizerTest" classname="Tests.Unit.Normalizers.ResourceNormalizerTest" assertions="2" time="0.003991"/>
        <testcase name="`ResourceNormalizer` → `Sad Paths` → handles resource with null relationship gracefully" file="tests/Unit/Normalizers/ResourceNormalizerTest.php::`ResourceNormalizer` → `Sad Paths` → handles resource with null relationship gracefully" class="Tests\Unit\Normalizers\ResourceNormalizerTest" classname="Tests.Unit.Normalizers.ResourceNormalizerTest" assertions="2" time="0.004017"/>
        <testcase name="`ResourceNormalizer` → `Sad Paths` → normalizes resource when relationship data is empty array" file="tests/Unit/Normalizers/ResourceNormalizerTest.php::`ResourceNormalizer` → `Sad Paths` → normalizes resource when relationship data is empty array" class="Tests\Unit\Normalizers\ResourceNormalizerTest" classname="Tests.Unit.Normalizers.ResourceNormalizerTest" assertions="2" time="0.004191"/>
        <testcase name="`ResourceNormalizer` → `Edge Cases` → handles empty one-to-many relationships" file="tests/Unit/Normalizers/ResourceNormalizerTest.php::`ResourceNormalizer` → `Edge Cases` → handles empty one-to-many relationships" class="Tests\Unit\Normalizers\ResourceNormalizerTest" classname="Tests.Unit.Normalizers.ResourceNormalizerTest" assertions="2" time="0.004154"/>
        <testcase name="`ResourceNormalizer` → `Edge Cases` → handles multiple relationship types simultaneously" file="tests/Unit/Normalizers/ResourceNormalizerTest.php::`ResourceNormalizer` → `Edge Cases` → handles multiple relationship types simultaneously" class="Tests\Unit\Normalizers\ResourceNormalizerTest" classname="Tests.Unit.Normalizers.ResourceNormalizerTest" assertions="4" time="0.004536"/>
        <testcase name="`ResourceNormalizer` → `Edge Cases` → properly wraps singular relationship in array for iteration" file="tests/Unit/Normalizers/ResourceNormalizerTest.php::`ResourceNormalizer` → `Edge Cases` → properly wraps singular relationship in array for iteration" class="Tests\Unit\Normalizers\ResourceNormalizerTest" classname="Tests.Unit.Normalizers.ResourceNormalizerTest" assertions="3" time="0.008727"/>
        <testcase name="`ResourceNormalizer` → `Edge Cases` → detects relationship cardinality by pluralization" file="tests/Unit/Normalizers/ResourceNormalizerTest.php::`ResourceNormalizer` → `Edge Cases` → detects relationship cardinality by pluralization" class="Tests\Unit\Normalizers\ResourceNormalizerTest" classname="Tests.Unit.Normalizers.ResourceNormalizerTest" assertions="2" time="0.004610"/>
        <testcase name="`ResourceNormalizer` → `Edge Cases` → handles singular relationship name correctly with arr wrap" file="tests/Unit/Normalizers/ResourceNormalizerTest.php::`ResourceNormalizer` → `Edge Cases` → handles singular relationship name correctly with arr wrap" class="Tests\Unit\Normalizers\ResourceNormalizerTest" classname="Tests.Unit.Normalizers.ResourceNormalizerTest" assertions="3" time="0.004409"/>
        <testcase name="`ResourceNormalizer` → `Edge Cases` → differentiates between singular and plural relationship names" file="tests/Unit/Normalizers/ResourceNormalizerTest.php::`ResourceNormalizer` → `Edge Cases` → differentiates between singular and plural relationship names" class="Tests\Unit\Normalizers\ResourceNormalizerTest" classname="Tests.Unit.Normalizers.ResourceNormalizerTest" assertions="5" time="0.004413"/>
        <testcase name="`ResourceNormalizer` → `Edge Cases` → processes relationships with multiple iterations through foreach loop" file="tests/Unit/Normalizers/ResourceNormalizerTest.php::`ResourceNormalizer` → `Edge Cases` → processes relationships with multiple iterations through foreach loop" class="Tests\Unit\Normalizers\ResourceNormalizerTest" classname="Tests.Unit.Normalizers.ResourceNormalizerTest" assertions="6" time="0.004636"/>
        <testcase name="`ResourceNormalizer` → `Edge Cases` → correctly assigns one-to-one relationship without array wrapping in output" file="tests/Unit/Normalizers/ResourceNormalizerTest.php::`ResourceNormalizer` → `Edge Cases` → correctly assigns one-to-one relationship without array wrapping in output" class="Tests\Unit\Normalizers\ResourceNormalizerTest" classname="Tests.Unit.Normalizers.ResourceNormalizerTest" assertions="3" time="0.004272"/>
      </testsuite>
      <testsuite name="Tests\Unit\Protocols\ForrstProtocolTest" file="tests/Unit/Protocols/ForrstProtocolTest.php" tests="20" assertions="25" errors="0" failures="0" skipped="0" time="0.076246">
        <testcase name="`ForrstProtocol` → `Happy Paths` → encodes array to JSON string" file="tests/Unit/Protocols/ForrstProtocolTest.php::`ForrstProtocol` → `Happy Paths` → encodes array to JSON string" class="Tests\Unit\Protocols\ForrstProtocolTest" classname="Tests.Unit.Protocols.ForrstProtocolTest" assertions="2" time="0.006480"/>
        <testcase name="`ForrstProtocol` → `Happy Paths` → encodes response to JSON string" file="tests/Unit/Protocols/ForrstProtocolTest.php::`ForrstProtocol` → `Happy Paths` → encodes response to JSON string" class="Tests\Unit\Protocols\ForrstProtocolTest" classname="Tests.Unit.Protocols.ForrstProtocolTest" assertions="2" time="0.003764"/>
        <testcase name="`ForrstProtocol` → `Happy Paths` → decodes JSON string to array" file="tests/Unit/Protocols/ForrstProtocolTest.php::`ForrstProtocol` → `Happy Paths` → decodes JSON string to array" class="Tests\Unit\Protocols\ForrstProtocolTest" classname="Tests.Unit.Protocols.ForrstProtocolTest" assertions="2" time="0.003588"/>
        <testcase name="`ForrstProtocol` → `Happy Paths` → returns correct content type" file="tests/Unit/Protocols/ForrstProtocolTest.php::`ForrstProtocol` → `Happy Paths` → returns correct content type" class="Tests\Unit\Protocols\ForrstProtocolTest" classname="Tests.Unit.Protocols.ForrstProtocolTest" assertions="1" time="0.003564"/>
        <testcase name="`ForrstProtocol` → `Happy Paths` → handles empty array" file="tests/Unit/Protocols/ForrstProtocolTest.php::`ForrstProtocol` → `Happy Paths` → handles empty array" class="Tests\Unit\Protocols\ForrstProtocolTest" classname="Tests.Unit.Protocols.ForrstProtocolTest" assertions="2" time="0.003740"/>
        <testcase name="`ForrstProtocol` → `Happy Paths` → handles nested arrays" file="tests/Unit/Protocols/ForrstProtocolTest.php::`ForrstProtocol` → `Happy Paths` → handles nested arrays" class="Tests\Unit\Protocols\ForrstProtocolTest" classname="Tests.Unit.Protocols.ForrstProtocolTest" assertions="1" time="0.003577"/>
        <testcase name="`ForrstProtocol` → `Happy Paths` → handles null values" file="tests/Unit/Protocols/ForrstProtocolTest.php::`ForrstProtocol` → `Happy Paths` → handles null values" class="Tests\Unit\Protocols\ForrstProtocolTest" classname="Tests.Unit.Protocols.ForrstProtocolTest" assertions="1" time="0.003700"/>
        <testcase name="`ForrstProtocol` → `Happy Paths` → handles boolean values" file="tests/Unit/Protocols/ForrstProtocolTest.php::`ForrstProtocol` → `Happy Paths` → handles boolean values" class="Tests\Unit\Protocols\ForrstProtocolTest" classname="Tests.Unit.Protocols.ForrstProtocolTest" assertions="1" time="0.003521"/>
        <testcase name="`ForrstProtocol` → `Happy Paths` → handles numeric values" file="tests/Unit/Protocols/ForrstProtocolTest.php::`ForrstProtocol` → `Happy Paths` → handles numeric values" class="Tests\Unit\Protocols\ForrstProtocolTest" classname="Tests.Unit.Protocols.ForrstProtocolTest" assertions="1" time="0.003502"/>
        <testcase name="`ForrstProtocol` → `Happy Paths` → preserves unicode characters" file="tests/Unit/Protocols/ForrstProtocolTest.php::`ForrstProtocol` → `Happy Paths` → preserves unicode characters" class="Tests\Unit\Protocols\ForrstProtocolTest" classname="Tests.Unit.Protocols.ForrstProtocolTest" assertions="1" time="0.003611"/>
        <testcase name="`ForrstProtocol` → `Sad Paths` → throws exception on invalid JSON during decode" file="tests/Unit/Protocols/ForrstProtocolTest.php::`ForrstProtocol` → `Sad Paths` → throws exception on invalid JSON during decode" class="Tests\Unit\Protocols\ForrstProtocolTest" classname="Tests.Unit.Protocols.ForrstProtocolTest" assertions="1" time="0.003773"/>
        <testcase name="`ForrstProtocol` → `Sad Paths` → throws exception on malformed JSON string" file="tests/Unit/Protocols/ForrstProtocolTest.php::`ForrstProtocol` → `Sad Paths` → throws exception on malformed JSON string" class="Tests\Unit\Protocols\ForrstProtocolTest" classname="Tests.Unit.Protocols.ForrstProtocolTest" assertions="1" time="0.003669"/>
        <testcase name="`ForrstProtocol` → `Edge Cases` → handles deeply nested structures" file="tests/Unit/Protocols/ForrstProtocolTest.php::`ForrstProtocol` → `Edge Cases` → handles deeply nested structures" class="Tests\Unit\Protocols\ForrstProtocolTest" classname="Tests.Unit.Protocols.ForrstProtocolTest" assertions="1" time="0.003680"/>
        <testcase name="`ForrstProtocol` → `Edge Cases` → handles array with numeric keys" file="tests/Unit/Protocols/ForrstProtocolTest.php::`ForrstProtocol` → `Edge Cases` → handles array with numeric keys" class="Tests\Unit\Protocols\ForrstProtocolTest" classname="Tests.Unit.Protocols.ForrstProtocolTest" assertions="1" time="0.003595"/>
        <testcase name="`ForrstProtocol` → `Edge Cases` → handles mixed arrays" file="tests/Unit/Protocols/ForrstProtocolTest.php::`ForrstProtocol` → `Edge Cases` → handles mixed arrays" class="Tests\Unit\Protocols\ForrstProtocolTest" classname="Tests.Unit.Protocols.ForrstProtocolTest" assertions="1" time="0.003580"/>
        <testcase name="`ForrstProtocol` → `Edge Cases` → handles empty string in decode" file="tests/Unit/Protocols/ForrstProtocolTest.php::`ForrstProtocol` → `Edge Cases` → handles empty string in decode" class="Tests\Unit\Protocols\ForrstProtocolTest" classname="Tests.Unit.Protocols.ForrstProtocolTest" assertions="1" time="0.003883"/>
        <testcase name="`ForrstProtocol` → `Edge Cases` → encodes preserves order of keys" file="tests/Unit/Protocols/ForrstProtocolTest.php::`ForrstProtocol` → `Edge Cases` → encodes preserves order of keys" class="Tests\Unit\Protocols\ForrstProtocolTest" classname="Tests.Unit.Protocols.ForrstProtocolTest" assertions="1" time="0.003784"/>
        <testcase name="`ForrstProtocol` → `Edge Cases` → handles special characters in strings" file="tests/Unit/Protocols/ForrstProtocolTest.php::`ForrstProtocol` → `Edge Cases` → handles special characters in strings" class="Tests\Unit\Protocols\ForrstProtocolTest" classname="Tests.Unit.Protocols.ForrstProtocolTest" assertions="1" time="0.003626"/>
        <testcase name="`ForrstProtocol` → `Edge Cases` → decodes response JSON string to array" file="tests/Unit/Protocols/ForrstProtocolTest.php::`ForrstProtocol` → `Edge Cases` → decodes response JSON string to array" class="Tests\Unit\Protocols\ForrstProtocolTest" classname="Tests.Unit.Protocols.ForrstProtocolTest" assertions="2" time="0.003683"/>
        <testcase name="`ForrstProtocol` → `Protocol Version` → returns correct Forrst protocol version constant" file="tests/Unit/Protocols/ForrstProtocolTest.php::`ForrstProtocol` → `Protocol Version` → returns correct Forrst protocol version constant" class="Tests\Unit\Protocols\ForrstProtocolTest" classname="Tests.Unit.Protocols.ForrstProtocolTest" assertions="1" time="0.003926"/>
      </testsuite>
      <testsuite name="Tests\Unit\QueryBuilders\QueryBuilderTest" file="tests/Unit/QueryBuilders/QueryBuilderTest.php" tests="36" assertions="55" errors="0" failures="0" skipped="0" time="0.151238">
        <testcase name="`QueryBuilder` → `Happy Paths` → applies fields to the query" file="tests/Unit/QueryBuilders/QueryBuilderTest.php::`QueryBuilder` → `Happy Paths` → applies fields to the query" class="Tests\Unit\QueryBuilders\QueryBuilderTest" classname="Tests.Unit.QueryBuilders.QueryBuilderTest" assertions="1" time="0.007370"/>
        <testcase name="`QueryBuilder` → `Happy Paths` → applies filters to the query" file="tests/Unit/QueryBuilders/QueryBuilderTest.php::`QueryBuilder` → `Happy Paths` → applies filters to the query" class="Tests\Unit\QueryBuilders\QueryBuilderTest" classname="Tests.Unit.QueryBuilders.QueryBuilderTest" assertions="1" time="0.003715"/>
        <testcase name="`QueryBuilder` → `Happy Paths` → applies relationships to the query" file="tests/Unit/QueryBuilders/QueryBuilderTest.php::`QueryBuilder` → `Happy Paths` → applies relationships to the query" class="Tests\Unit\QueryBuilders\QueryBuilderTest" classname="Tests.Unit.QueryBuilders.QueryBuilderTest" assertions="1" time="0.004024"/>
        <testcase name="`QueryBuilder` → `Happy Paths` → applies sorts to the query" file="tests/Unit/QueryBuilders/QueryBuilderTest.php::`QueryBuilder` → `Happy Paths` → applies sorts to the query" class="Tests\Unit\QueryBuilders\QueryBuilderTest" classname="Tests.Unit.QueryBuilders.QueryBuilderTest" assertions="1" time="0.004136"/>
        <testcase name="`QueryBuilder` → `Sad Paths` → throws an exception for invalid fields" file="tests/Unit/QueryBuilders/QueryBuilderTest.php::`QueryBuilder` → `Sad Paths` → throws an exception for invalid fields" class="Tests\Unit\QueryBuilders\QueryBuilderTest" classname="Tests.Unit.QueryBuilders.QueryBuilderTest" assertions="1" time="0.004057"/>
        <testcase name="`QueryBuilder` → `Sad Paths` → throws an exception for invalid filters" file="tests/Unit/QueryBuilders/QueryBuilderTest.php::`QueryBuilder` → `Sad Paths` → throws an exception for invalid filters" class="Tests\Unit\QueryBuilders\QueryBuilderTest" classname="Tests.Unit.QueryBuilders.QueryBuilderTest" assertions="1" time="0.003778"/>
        <testcase name="`QueryBuilder` → `Sad Paths` → throws an exception for invalid relationships" file="tests/Unit/QueryBuilders/QueryBuilderTest.php::`QueryBuilder` → `Sad Paths` → throws an exception for invalid relationships" class="Tests\Unit\QueryBuilders\QueryBuilderTest" classname="Tests.Unit.QueryBuilders.QueryBuilderTest" assertions="1" time="0.004069"/>
        <testcase name="`QueryBuilder` → `Sad Paths` → throws an exception for invalid sorts" file="tests/Unit/QueryBuilders/QueryBuilderTest.php::`QueryBuilder` → `Sad Paths` → throws an exception for invalid sorts" class="Tests\Unit\QueryBuilders\QueryBuilderTest" classname="Tests.Unit.QueryBuilders.QueryBuilderTest" assertions="1" time="0.003944"/>
        <testcase name="`QueryBuilder` → `Sad Paths` → throws error for invalid filter operator" file="tests/Unit/QueryBuilders/QueryBuilderTest.php::`QueryBuilder` → `Sad Paths` → throws error for invalid filter operator" class="Tests\Unit\QueryBuilders\QueryBuilderTest" classname="Tests.Unit.QueryBuilders.QueryBuilderTest" assertions="1" time="0.003799"/>
        <testsuite name="`QueryBuilder` → `Edge Cases` → applies all filter operators successf" tests="14" assertions="28" errors="0" failures="0" skipped="0" time="0.054512">
          <testcase name="`QueryBuilder` → `Edge Cases` → applies all filter operators successfully with data set &quot;dataset &quot;equals&quot;&quot;" file="tests/Unit/QueryBuilders/QueryBuilderTest.php::`QueryBuilder` → `Edge Cases` → applies all filter operators successfully with data set &quot;dataset &quot;equals&quot;&quot;" class="Tests\Unit\QueryBuilders\QueryBuilderTest" classname="Tests.Unit.QueryBuilders.QueryBuilderTest" assertions="2" time="0.003809"/>
          <testcase name="`QueryBuilder` → `Edge Cases` → applies all filter operators successfully with data set &quot;dataset &quot;not_equals&quot;&quot;" file="tests/Unit/QueryBuilders/QueryBuilderTest.php::`QueryBuilder` → `Edge Cases` → applies all filter operators successfully with data set &quot;dataset &quot;not_equals&quot;&quot;" class="Tests\Unit\QueryBuilders\QueryBuilderTest" classname="Tests.Unit.QueryBuilders.QueryBuilderTest" assertions="2" time="0.003748"/>
          <testcase name="`QueryBuilder` → `Edge Cases` → applies all filter operators successfully with data set &quot;dataset &quot;greater_than&quot;&quot;" file="tests/Unit/QueryBuilders/QueryBuilderTest.php::`QueryBuilder` → `Edge Cases` → applies all filter operators successfully with data set &quot;dataset &quot;greater_than&quot;&quot;" class="Tests\Unit\QueryBuilders\QueryBuilderTest" classname="Tests.Unit.QueryBuilders.QueryBuilderTest" assertions="2" time="0.003953"/>
          <testcase name="`QueryBuilder` → `Edge Cases` → applies all filter operators successfully with data set &quot;dataset &quot;greater_than_or_equal_to&quot;&quot;" file="tests/Unit/QueryBuilders/QueryBuilderTest.php::`QueryBuilder` → `Edge Cases` → applies all filter operators successfully with data set &quot;dataset &quot;greater_than_or_equal_to&quot;&quot;" class="Tests\Unit\QueryBuilders\QueryBuilderTest" classname="Tests.Unit.QueryBuilders.QueryBuilderTest" assertions="2" time="0.003814"/>
          <testcase name="`QueryBuilder` → `Edge Cases` → applies all filter operators successfully with data set &quot;dataset &quot;less_than&quot;&quot;" file="tests/Unit/QueryBuilders/QueryBuilderTest.php::`QueryBuilder` → `Edge Cases` → applies all filter operators successfully with data set &quot;dataset &quot;less_than&quot;&quot;" class="Tests\Unit\QueryBuilders\QueryBuilderTest" classname="Tests.Unit.QueryBuilders.QueryBuilderTest" assertions="2" time="0.003723"/>
          <testcase name="`QueryBuilder` → `Edge Cases` → applies all filter operators successfully with data set &quot;dataset &quot;less_than_or_equal_to&quot;&quot;" file="tests/Unit/QueryBuilders/QueryBuilderTest.php::`QueryBuilder` → `Edge Cases` → applies all filter operators successfully with data set &quot;dataset &quot;less_than_or_equal_to&quot;&quot;" class="Tests\Unit\QueryBuilders\QueryBuilderTest" classname="Tests.Unit.QueryBuilders.QueryBuilderTest" assertions="2" time="0.003773"/>
          <testcase name="`QueryBuilder` → `Edge Cases` → applies all filter operators successfully with data set &quot;dataset &quot;like&quot;&quot;" file="tests/Unit/QueryBuilders/QueryBuilderTest.php::`QueryBuilder` → `Edge Cases` → applies all filter operators successfully with data set &quot;dataset &quot;like&quot;&quot;" class="Tests\Unit\QueryBuilders\QueryBuilderTest" classname="Tests.Unit.QueryBuilders.QueryBuilderTest" assertions="2" time="0.004011"/>
          <testcase name="`QueryBuilder` → `Edge Cases` → applies all filter operators successfully with data set &quot;dataset &quot;not_like&quot;&quot;" file="tests/Unit/QueryBuilders/QueryBuilderTest.php::`QueryBuilder` → `Edge Cases` → applies all filter operators successfully with data set &quot;dataset &quot;not_like&quot;&quot;" class="Tests\Unit\QueryBuilders\QueryBuilderTest" classname="Tests.Unit.QueryBuilders.QueryBuilderTest" assertions="2" time="0.003946"/>
          <testcase name="`QueryBuilder` → `Edge Cases` → applies all filter operators successfully with data set &quot;dataset &quot;in&quot;&quot;" file="tests/Unit/QueryBuilders/QueryBuilderTest.php::`QueryBuilder` → `Edge Cases` → applies all filter operators successfully with data set &quot;dataset &quot;in&quot;&quot;" class="Tests\Unit\QueryBuilders\QueryBuilderTest" classname="Tests.Unit.QueryBuilders.QueryBuilderTest" assertions="2" time="0.003772"/>
          <testcase name="`QueryBuilder` → `Edge Cases` → applies all filter operators successfully with data set &quot;dataset &quot;not_in&quot;&quot;" file="tests/Unit/QueryBuilders/QueryBuilderTest.php::`QueryBuilder` → `Edge Cases` → applies all filter operators successfully with data set &quot;dataset &quot;not_in&quot;&quot;" class="Tests\Unit\QueryBuilders\QueryBuilderTest" classname="Tests.Unit.QueryBuilders.QueryBuilderTest" assertions="2" time="0.003749"/>
          <testcase name="`QueryBuilder` → `Edge Cases` → applies all filter operators successfully with data set &quot;dataset &quot;between&quot;&quot;" file="tests/Unit/QueryBuilders/QueryBuilderTest.php::`QueryBuilder` → `Edge Cases` → applies all filter operators successfully with data set &quot;dataset &quot;between&quot;&quot;" class="Tests\Unit\QueryBuilders\QueryBuilderTest" classname="Tests.Unit.QueryBuilders.QueryBuilderTest" assertions="2" time="0.003732"/>
          <testcase name="`QueryBuilder` → `Edge Cases` → applies all filter operators successfully with data set &quot;dataset &quot;not_between&quot;&quot;" file="tests/Unit/QueryBuilders/QueryBuilderTest.php::`QueryBuilder` → `Edge Cases` → applies all filter operators successfully with data set &quot;dataset &quot;not_between&quot;&quot;" class="Tests\Unit\QueryBuilders\QueryBuilderTest" classname="Tests.Unit.QueryBuilders.QueryBuilderTest" assertions="2" time="0.004531"/>
          <testcase name="`QueryBuilder` → `Edge Cases` → applies all filter operators successfully with data set &quot;dataset &quot;is_null&quot;&quot;" file="tests/Unit/QueryBuilders/QueryBuilderTest.php::`QueryBuilder` → `Edge Cases` → applies all filter operators successfully with data set &quot;dataset &quot;is_null&quot;&quot;" class="Tests\Unit\QueryBuilders\QueryBuilderTest" classname="Tests.Unit.QueryBuilders.QueryBuilderTest" assertions="2" time="0.004068"/>
          <testcase name="`QueryBuilder` → `Edge Cases` → applies all filter operators successfully with data set &quot;dataset &quot;is_not_null&quot;&quot;" file="tests/Unit/QueryBuilders/QueryBuilderTest.php::`QueryBuilder` → `Edge Cases` → applies all filter operators successfully with data set &quot;dataset &quot;is_not_null&quot;&quot;" class="Tests\Unit\QueryBuilders\QueryBuilderTest" classname="Tests.Unit.QueryBuilders.QueryBuilderTest" assertions="2" time="0.003883"/>
        </testsuite>
        <testcase name="`QueryBuilder` → `Edge Cases` → applies filter with OR boolean operator" file="tests/Unit/QueryBuilders/QueryBuilderTest.php::`QueryBuilder` → `Edge Cases` → applies filter with OR boolean operator" class="Tests\Unit\QueryBuilders\QueryBuilderTest" classname="Tests.Unit.QueryBuilders.QueryBuilderTest" assertions="2" time="0.008622"/>
        <testcase name="`QueryBuilder` → `Edge Cases` → handles non-self relationships" file="tests/Unit/QueryBuilders/QueryBuilderTest.php::`QueryBuilder` → `Edge Cases` → handles non-self relationships" class="Tests\Unit\QueryBuilders\QueryBuilderTest" classname="Tests.Unit.QueryBuilders.QueryBuilderTest" assertions="2" time="0.004241"/>
        <testcase name="`QueryBuilder` → `Edge Cases` → applies filters to nested relationships with whereHas" file="tests/Unit/QueryBuilders/QueryBuilderTest.php::`QueryBuilder` → `Edge Cases` → applies filters to nested relationships with whereHas" class="Tests\Unit\QueryBuilders\QueryBuilderTest" classname="Tests.Unit.QueryBuilders.QueryBuilderTest" assertions="1" time="0.004030"/>
        <testcase name="`QueryBuilder` → `Edge Cases` → applies multiple filters to same nested relationship" file="tests/Unit/QueryBuilders/QueryBuilderTest.php::`QueryBuilder` → `Edge Cases` → applies multiple filters to same nested relationship" class="Tests\Unit\QueryBuilders\QueryBuilderTest" classname="Tests.Unit.QueryBuilders.QueryBuilderTest" assertions="1" time="0.003958"/>
        <testcase name="`QueryBuilder` → `Edge Cases` → handles relationship fields without explicit relationship loading" file="tests/Unit/QueryBuilders/QueryBuilderTest.php::`QueryBuilder` → `Edge Cases` → handles relationship fields without explicit relationship loading" class="Tests\Unit\QueryBuilders\QueryBuilderTest" classname="Tests.Unit.QueryBuilders.QueryBuilderTest" assertions="1" time="0.003891"/>
        <testcase name="`QueryBuilder` → `Edge Cases` → handles relationship sorts without explicit relationship loading" file="tests/Unit/QueryBuilders/QueryBuilderTest.php::`QueryBuilder` → `Edge Cases` → handles relationship sorts without explicit relationship loading" class="Tests\Unit\QueryBuilders\QueryBuilderTest" classname="Tests.Unit.QueryBuilders.QueryBuilderTest" assertions="1" time="0.004657"/>
        <testcase name="`QueryBuilder` → `Edge Cases` → handles nested relationships with existing withs" file="tests/Unit/QueryBuilders/QueryBuilderTest.php::`QueryBuilder` → `Edge Cases` → handles nested relationships with existing withs" class="Tests\Unit\QueryBuilders\QueryBuilderTest" classname="Tests.Unit.QueryBuilders.QueryBuilderTest" assertions="2" time="0.004103"/>
        <testcase name="`QueryBuilder` → `Edge Cases` → handles filters with missing optional parameters" file="tests/Unit/QueryBuilders/QueryBuilderTest.php::`QueryBuilder` → `Edge Cases` → handles filters with missing optional parameters" class="Tests\Unit\QueryBuilders\QueryBuilderTest" classname="Tests.Unit.QueryBuilders.QueryBuilderTest" assertions="1" time="0.004104"/>
        <testcase name="`QueryBuilder` → `Edge Cases` → handles empty filter value arrays for in operator" file="tests/Unit/QueryBuilders/QueryBuilderTest.php::`QueryBuilder` → `Edge Cases` → handles empty filter value arrays for in operator" class="Tests\Unit\QueryBuilders\QueryBuilderTest" classname="Tests.Unit.QueryBuilders.QueryBuilderTest" assertions="1" time="0.004037"/>
        <testcase name="`QueryBuilder` → `Edge Cases` → forwards method calls to underlying builder" file="tests/Unit/QueryBuilders/QueryBuilderTest.php::`QueryBuilder` → `Edge Cases` → forwards method calls to underlying builder" class="Tests\Unit\QueryBuilders\QueryBuilderTest" classname="Tests.Unit.QueryBuilders.QueryBuilderTest" assertions="2" time="0.004212"/>
        <testcase name="`QueryBuilder` → `Edge Cases` → handles fields when relationship already created the key (line 308)" file="tests/Unit/QueryBuilders/QueryBuilderTest.php::`QueryBuilder` → `Edge Cases` → handles fields when relationship already created the key (line 308)" class="Tests\Unit\QueryBuilders\QueryBuilderTest" classname="Tests.Unit.QueryBuilders.QueryBuilderTest" assertions="1" time="0.004085"/>
        <testcase name="`QueryBuilder` → `Edge Cases` → handles sorts when relationship already created the key (line 339)" file="tests/Unit/QueryBuilders/QueryBuilderTest.php::`QueryBuilder` → `Edge Cases` → handles sorts when relationship already created the key (line 339)" class="Tests\Unit\QueryBuilders\QueryBuilderTest" classname="Tests.Unit.QueryBuilders.QueryBuilderTest" assertions="1" time="0.003977"/>
        <testcase name="`QueryBuilder` → `Edge Cases` → handles nested relationship when parent relationship exists (line 296)" file="tests/Unit/QueryBuilders/QueryBuilderTest.php::`QueryBuilder` → `Edge Cases` → handles nested relationship when parent relationship exists (line 296)" class="Tests\Unit\QueryBuilders\QueryBuilderTest" classname="Tests.Unit.QueryBuilders.QueryBuilderTest" assertions="2" time="0.003918"/>
      </testsuite>
      <testsuite name="Tests\Unit\Repositories\DatabaseOperationRepositoryTest" file="tests/Unit/Repositories/DatabaseOperationRepositoryTest.php" tests="30" assertions="33" errors="14" failures="0" skipped="0" time="1.144242">
        <testcase name="`DatabaseOperationRepository` → `Happy Paths` → finds existing operation by id" file="tests/Unit/Repositories/DatabaseOperationRepositoryTest.php::`DatabaseOperationRepository` → `Happy Paths` → finds existing operation by id" class="Tests\Unit\Repositories\DatabaseOperationRepositoryTest" classname="Tests.Unit.Repositories.DatabaseOperationRepositoryTest" assertions="0" time="0.010374">
          <error type="Cline\Forrst\Exceptions\InvalidFieldValueException">`DatabaseOperationRepository` → `Happy Paths` → finds existing operation by idCline\Forrst\Exceptions\InvalidFieldValueException: id is invalid: Operation ID must be a valid UUID, ULID, or prefixed format (op_/op- followed by alphanumeric), got: op-find-1
at src/Exceptions/InvalidFieldValueException.php:22
at src/Data/OperationData.php:118
at src/Models/Operation.php:159
at src/Repositories/DatabaseOperationRepository.php:80
at tests/Unit/Repositories/DatabaseOperationRepositoryTest.php:34</error>
        </testcase>
        <testcase name="`DatabaseOperationRepository` → `Happy Paths` → saves new operation with default retention" file="tests/Unit/Repositories/DatabaseOperationRepositoryTest.php::`DatabaseOperationRepository` → `Happy Paths` → saves new operation with default retention" class="Tests\Unit\Repositories\DatabaseOperationRepositoryTest" classname="Tests.Unit.Repositories.DatabaseOperationRepositoryTest" assertions="0" time="0.004273">
          <error type="Cline\Forrst\Exceptions\InvalidFieldValueException">`DatabaseOperationRepository` → `Happy Paths` → saves new operation with default retentionCline\Forrst\Exceptions\InvalidFieldValueException: id is invalid: Operation ID must be a valid UUID, ULID, or prefixed format (op_/op- followed by alphanumeric), got: op-new-1
at src/Exceptions/InvalidFieldValueException.php:22
at src/Data/OperationData.php:118
at tests/Unit/Repositories/DatabaseOperationRepositoryTest.php:46</error>
        </testcase>
        <testcase name="`DatabaseOperationRepository` → `Happy Paths` → saves new operation with custom retention" file="tests/Unit/Repositories/DatabaseOperationRepositoryTest.php::`DatabaseOperationRepository` → `Happy Paths` → saves new operation with custom retention" class="Tests\Unit\Repositories\DatabaseOperationRepositoryTest" classname="Tests.Unit.Repositories.DatabaseOperationRepositoryTest" assertions="0" time="0.003874">
          <error type="Cline\Forrst\Exceptions\InvalidFieldValueException">`DatabaseOperationRepository` → `Happy Paths` → saves new operation with custom retentionCline\Forrst\Exceptions\InvalidFieldValueException: id is invalid: Operation ID must be a valid UUID, ULID, or prefixed format (op_/op- followed by alphanumeric), got: op-new-2
at src/Exceptions/InvalidFieldValueException.php:22
at src/Data/OperationData.php:118
at tests/Unit/Repositories/DatabaseOperationRepositoryTest.php:71</error>
        </testcase>
        <testcase name="`DatabaseOperationRepository` → `Happy Paths` → updates existing operation status and progress" file="tests/Unit/Repositories/DatabaseOperationRepositoryTest.php::`DatabaseOperationRepository` → `Happy Paths` → updates existing operation status and progress" class="Tests\Unit\Repositories\DatabaseOperationRepositoryTest" classname="Tests.Unit.Repositories.DatabaseOperationRepositoryTest" assertions="0" time="0.004210">
          <error type="Cline\Forrst\Exceptions\InvalidFieldValueException">`DatabaseOperationRepository` → `Happy Paths` → updates existing operation status and progressCline\Forrst\Exceptions\InvalidFieldValueException: id is invalid: Operation ID must be a valid UUID, ULID, or prefixed format (op_/op- followed by alphanumeric), got: op-update-1
at src/Exceptions/InvalidFieldValueException.php:22
at src/Data/OperationData.php:118
at tests/Unit/Repositories/DatabaseOperationRepositoryTest.php:98</error>
        </testcase>
        <testcase name="`DatabaseOperationRepository` → `Happy Paths` → updates existing operation with result" file="tests/Unit/Repositories/DatabaseOperationRepositoryTest.php::`DatabaseOperationRepository` → `Happy Paths` → updates existing operation with result" class="Tests\Unit\Repositories\DatabaseOperationRepositoryTest" classname="Tests.Unit.Repositories.DatabaseOperationRepositoryTest" assertions="0" time="0.004099">
          <error type="Cline\Forrst\Exceptions\InvalidFieldValueException">`DatabaseOperationRepository` → `Happy Paths` → updates existing operation with resultCline\Forrst\Exceptions\InvalidFieldValueException: id is invalid: Operation ID must be a valid UUID, ULID, or prefixed format (op_/op- followed by alphanumeric), got: op-update-2
at src/Exceptions/InvalidFieldValueException.php:22
at src/Data/OperationData.php:118
at tests/Unit/Repositories/DatabaseOperationRepositoryTest.php:124</error>
        </testcase>
        <testcase name="`DatabaseOperationRepository` → `Happy Paths` → updates existing operation with errors" file="tests/Unit/Repositories/DatabaseOperationRepositoryTest.php::`DatabaseOperationRepository` → `Happy Paths` → updates existing operation with errors" class="Tests\Unit\Repositories\DatabaseOperationRepositoryTest" classname="Tests.Unit.Repositories.DatabaseOperationRepositoryTest" assertions="0" time="0.003995">
          <error type="Cline\Forrst\Exceptions\InvalidFieldValueException">`DatabaseOperationRepository` → `Happy Paths` → updates existing operation with errorsCline\Forrst\Exceptions\InvalidFieldValueException: id is invalid: Operation ID must be a valid UUID, ULID, or prefixed format (op_/op- followed by alphanumeric), got: op-update-3
at src/Exceptions/InvalidFieldValueException.php:22
at src/Data/OperationData.php:118
at tests/Unit/Repositories/DatabaseOperationRepositoryTest.php:152</error>
        </testcase>
        <testcase name="`DatabaseOperationRepository` → `Happy Paths` → updates existing operation with metadata" file="tests/Unit/Repositories/DatabaseOperationRepositoryTest.php::`DatabaseOperationRepository` → `Happy Paths` → updates existing operation with metadata" class="Tests\Unit\Repositories\DatabaseOperationRepositoryTest" classname="Tests.Unit.Repositories.DatabaseOperationRepositoryTest" assertions="0" time="0.003924">
          <error type="Cline\Forrst\Exceptions\InvalidFieldValueException">`DatabaseOperationRepository` → `Happy Paths` → updates existing operation with metadataCline\Forrst\Exceptions\InvalidFieldValueException: id is invalid: Operation ID must be a valid UUID, ULID, or prefixed format (op_/op- followed by alphanumeric), got: op-update-4
at src/Exceptions/InvalidFieldValueException.php:22
at src/Data/OperationData.php:118
at tests/Unit/Repositories/DatabaseOperationRepositoryTest.php:185</error>
        </testcase>
        <testcase name="`DatabaseOperationRepository` → `Happy Paths` → deletes operation by id" file="tests/Unit/Repositories/DatabaseOperationRepositoryTest.php::`DatabaseOperationRepository` → `Happy Paths` → deletes operation by id" class="Tests\Unit\Repositories\DatabaseOperationRepositoryTest" classname="Tests.Unit.Repositories.DatabaseOperationRepositoryTest" assertions="1" time="0.004067"/>
        <testcase name="`DatabaseOperationRepository` → `Happy Paths` → lists all operations with default limit" file="tests/Unit/Repositories/DatabaseOperationRepositoryTest.php::`DatabaseOperationRepository` → `Happy Paths` → lists all operations with default limit" class="Tests\Unit\Repositories\DatabaseOperationRepositoryTest" classname="Tests.Unit.Repositories.DatabaseOperationRepositoryTest" assertions="0" time="0.004691">
          <error type="Cline\Forrst\Exceptions\InvalidFieldValueException">`DatabaseOperationRepository` → `Happy Paths` → lists all operations with default limitCline\Forrst\Exceptions\InvalidFieldValueException: id is invalid: Operation ID must be a valid UUID, ULID, or prefixed format (op_/op- followed by alphanumeric), got: op-list-1
at src/Exceptions/InvalidFieldValueException.php:22
at src/Data/OperationData.php:118
at src/Models/Operation.php:159
at src/Repositories/DatabaseOperationRepository.php:224
at vendor/laravel/framework/src/Illuminate/Collections/Arr.php:788
at vendor/laravel/framework/src/Illuminate/Collections/Collection.php:814
at vendor/laravel/framework/src/Illuminate/Database/Eloquent/Collection.php:418
at src/Repositories/DatabaseOperationRepository.php:224
at tests/Unit/Repositories/DatabaseOperationRepositoryTest.php:229</error>
        </testcase>
        <testcase name="`DatabaseOperationRepository` → `Happy Paths` → lists operations with status filter" file="tests/Unit/Repositories/DatabaseOperationRepositoryTest.php::`DatabaseOperationRepository` → `Happy Paths` → lists operations with status filter" class="Tests\Unit\Repositories\DatabaseOperationRepositoryTest" classname="Tests.Unit.Repositories.DatabaseOperationRepositoryTest" assertions="3" time="0.008344"/>
        <testcase name="`DatabaseOperationRepository` → `Happy Paths` → lists operations with function filter" file="tests/Unit/Repositories/DatabaseOperationRepositoryTest.php::`DatabaseOperationRepository` → `Happy Paths` → lists operations with function filter" class="Tests\Unit\Repositories\DatabaseOperationRepositoryTest" classname="Tests.Unit.Repositories.DatabaseOperationRepositoryTest" assertions="0" time="0.004698">
          <error type="Cline\Forrst\Exceptions\MissingRequiredFieldException">`DatabaseOperationRepository` → `Happy Paths` → lists operations with function filterCline\Forrst\Exceptions\MissingRequiredFieldException: completedAt is required
at src/Exceptions/MissingRequiredFieldException.php:22
at src/Data/OperationData.php:134
at src/Models/Operation.php:159
at src/Repositories/DatabaseOperationRepository.php:224
at vendor/laravel/framework/src/Illuminate/Collections/Arr.php:788
at vendor/laravel/framework/src/Illuminate/Collections/Collection.php:814
at vendor/laravel/framework/src/Illuminate/Database/Eloquent/Collection.php:418
at src/Repositories/DatabaseOperationRepository.php:224
at tests/Unit/Repositories/DatabaseOperationRepositoryTest.php:261</error>
        </testcase>
        <testcase name="`DatabaseOperationRepository` → `Happy Paths` → lists operations with both status and function filters" file="tests/Unit/Repositories/DatabaseOperationRepositoryTest.php::`DatabaseOperationRepository` → `Happy Paths` → lists operations with both status and function filters" class="Tests\Unit\Repositories\DatabaseOperationRepositoryTest" classname="Tests.Unit.Repositories.DatabaseOperationRepositoryTest" assertions="2" time="0.004156"/>
        <testcase name="`DatabaseOperationRepository` → `Happy Paths` → lists operations with custom limit" file="tests/Unit/Repositories/DatabaseOperationRepositoryTest.php::`DatabaseOperationRepository` → `Happy Paths` → lists operations with custom limit" class="Tests\Unit\Repositories\DatabaseOperationRepositoryTest" classname="Tests.Unit.Repositories.DatabaseOperationRepositoryTest" assertions="0" time="0.004585">
          <error type="Cline\Forrst\Exceptions\InvalidFieldValueException">`DatabaseOperationRepository` → `Happy Paths` → lists operations with custom limitCline\Forrst\Exceptions\InvalidFieldValueException: id is invalid: Operation ID must be a valid UUID, ULID, or prefixed format (op_/op- followed by alphanumeric), got: op-limit-1
at src/Exceptions/InvalidFieldValueException.php:22
at src/Data/OperationData.php:118
at src/Models/Operation.php:159
at src/Repositories/DatabaseOperationRepository.php:224
at vendor/laravel/framework/src/Illuminate/Collections/Arr.php:788
at vendor/laravel/framework/src/Illuminate/Collections/Collection.php:814
at vendor/laravel/framework/src/Illuminate/Database/Eloquent/Collection.php:418
at src/Repositories/DatabaseOperationRepository.php:224
at tests/Unit/Repositories/DatabaseOperationRepositoryTest.php:297</error>
        </testcase>
        <testcase name="`DatabaseOperationRepository` → `Happy Paths` → lists operations with pagination cursor" file="tests/Unit/Repositories/DatabaseOperationRepositoryTest.php::`DatabaseOperationRepository` → `Happy Paths` → lists operations with pagination cursor" class="Tests\Unit\Repositories\DatabaseOperationRepositoryTest" classname="Tests.Unit.Repositories.DatabaseOperationRepositoryTest" assertions="0" time="0.004532">
          <error type="Cline\Forrst\Exceptions\InvalidFieldValueException">`DatabaseOperationRepository` → `Happy Paths` → lists operations with pagination cursorCline\Forrst\Exceptions\InvalidFieldValueException: id is invalid: Operation ID must be a valid UUID, ULID, or prefixed format (op_/op- followed by alphanumeric), got: op-page-10
at src/Exceptions/InvalidFieldValueException.php:22
at src/Data/OperationData.php:118
at src/Models/Operation.php:159
at src/Repositories/DatabaseOperationRepository.php:224
at vendor/laravel/framework/src/Illuminate/Collections/Arr.php:788
at vendor/laravel/framework/src/Illuminate/Collections/Collection.php:814
at vendor/laravel/framework/src/Illuminate/Database/Eloquent/Collection.php:418
at src/Repositories/DatabaseOperationRepository.php:224
at tests/Unit/Repositories/DatabaseOperationRepositoryTest.php:319</error>
        </testcase>
        <testcase name="`DatabaseOperationRepository` → `Happy Paths` → lists operations ordered by created_at desc" file="tests/Unit/Repositories/DatabaseOperationRepositoryTest.php::`DatabaseOperationRepository` → `Happy Paths` → lists operations ordered by created_at desc" class="Tests\Unit\Repositories\DatabaseOperationRepositoryTest" classname="Tests.Unit.Repositories.DatabaseOperationRepositoryTest" assertions="2" time="1.009235"/>
        <testcase name="`DatabaseOperationRepository` → `Happy Paths` → lists operations for specific caller" file="tests/Unit/Repositories/DatabaseOperationRepositoryTest.php::`DatabaseOperationRepository` → `Happy Paths` → lists operations for specific caller" class="Tests\Unit\Repositories\DatabaseOperationRepositoryTest" classname="Tests.Unit.Repositories.DatabaseOperationRepositoryTest" assertions="3" time="0.005098"/>
        <testcase name="`DatabaseOperationRepository` → `Happy Paths` → lists operations for caller with status filter" file="tests/Unit/Repositories/DatabaseOperationRepositoryTest.php::`DatabaseOperationRepository` → `Happy Paths` → lists operations for caller with status filter" class="Tests\Unit\Repositories\DatabaseOperationRepositoryTest" classname="Tests.Unit.Repositories.DatabaseOperationRepositoryTest" assertions="1" time="0.004306"/>
        <testcase name="`DatabaseOperationRepository` → `Happy Paths` → lists operations for caller with pagination" file="tests/Unit/Repositories/DatabaseOperationRepositoryTest.php::`DatabaseOperationRepository` → `Happy Paths` → lists operations for caller with pagination" class="Tests\Unit\Repositories\DatabaseOperationRepositoryTest" classname="Tests.Unit.Repositories.DatabaseOperationRepositoryTest" assertions="0" time="0.004747">
          <error type="Cline\Forrst\Exceptions\InvalidFieldValueException">`DatabaseOperationRepository` → `Happy Paths` → lists operations for caller with paginationCline\Forrst\Exceptions\InvalidFieldValueException: id is invalid: Operation ID must be a valid UUID, ULID, or prefixed format (op_/op- followed by alphanumeric), got: op-caller-1
at src/Exceptions/InvalidFieldValueException.php:22
at src/Data/OperationData.php:118
at src/Models/Operation.php:159
at src/Repositories/DatabaseOperationRepository.php:287
at vendor/laravel/framework/src/Illuminate/Collections/Arr.php:788
at vendor/laravel/framework/src/Illuminate/Collections/Collection.php:814
at vendor/laravel/framework/src/Illuminate/Database/Eloquent/Collection.php:418
at src/Repositories/DatabaseOperationRepository.php:287
at tests/Unit/Repositories/DatabaseOperationRepositoryTest.php:396</error>
        </testcase>
        <testcase name="`DatabaseOperationRepository` → `Happy Paths` → cleans up expired operations" file="tests/Unit/Repositories/DatabaseOperationRepositoryTest.php::`DatabaseOperationRepository` → `Happy Paths` → cleans up expired operations" class="Tests\Unit\Repositories\DatabaseOperationRepositoryTest" classname="Tests.Unit.Repositories.DatabaseOperationRepositoryTest" assertions="4" time="0.004551"/>
        <testcase name="`DatabaseOperationRepository` → `Edge Cases` → returns null for non-existent operation" file="tests/Unit/Repositories/DatabaseOperationRepositoryTest.php::`DatabaseOperationRepository` → `Edge Cases` → returns null for non-existent operation" class="Tests\Unit\Repositories\DatabaseOperationRepositoryTest" classname="Tests.Unit.Repositories.DatabaseOperationRepositoryTest" assertions="1" time="0.004192"/>
        <testcase name="`DatabaseOperationRepository` → `Edge Cases` → deleting non-existent operation does not throw error" file="tests/Unit/Repositories/DatabaseOperationRepositoryTest.php::`DatabaseOperationRepository` → `Edge Cases` → deleting non-existent operation does not throw error" class="Tests\Unit\Repositories\DatabaseOperationRepositoryTest" classname="Tests.Unit.Repositories.DatabaseOperationRepositoryTest" assertions="1" time="0.003994"/>
        <testcase name="`DatabaseOperationRepository` → `Edge Cases` → lists empty result when no operations match filters" file="tests/Unit/Repositories/DatabaseOperationRepositoryTest.php::`DatabaseOperationRepository` → `Edge Cases` → lists empty result when no operations match filters" class="Tests\Unit\Repositories\DatabaseOperationRepositoryTest" classname="Tests.Unit.Repositories.DatabaseOperationRepositoryTest" assertions="2" time="0.004017"/>
        <testcase name="`DatabaseOperationRepository` → `Edge Cases` → lists empty result for caller with no operations" file="tests/Unit/Repositories/DatabaseOperationRepositoryTest.php::`DatabaseOperationRepository` → `Edge Cases` → lists empty result for caller with no operations" class="Tests\Unit\Repositories\DatabaseOperationRepositoryTest" classname="Tests.Unit.Repositories.DatabaseOperationRepositoryTest" assertions="2" time="0.004076"/>
        <testcase name="`DatabaseOperationRepository` → `Edge Cases` → cleanup returns zero when no expired operations exist" file="tests/Unit/Repositories/DatabaseOperationRepositoryTest.php::`DatabaseOperationRepository` → `Edge Cases` → cleanup returns zero when no expired operations exist" class="Tests\Unit\Repositories\DatabaseOperationRepositoryTest" classname="Tests.Unit.Repositories.DatabaseOperationRepositoryTest" assertions="1" time="0.004032"/>
        <testcase name="`DatabaseOperationRepository` → `Edge Cases` → handles operations without expires_at during cleanup" file="tests/Unit/Repositories/DatabaseOperationRepositoryTest.php::`DatabaseOperationRepository` → `Edge Cases` → handles operations without expires_at during cleanup" class="Tests\Unit\Repositories\DatabaseOperationRepositoryTest" classname="Tests.Unit.Repositories.DatabaseOperationRepositoryTest" assertions="2" time="0.004418"/>
        <testcase name="`DatabaseOperationRepository` → `Edge Cases` → handles invalid cursor gracefully" file="tests/Unit/Repositories/DatabaseOperationRepositoryTest.php::`DatabaseOperationRepository` → `Edge Cases` → handles invalid cursor gracefully" class="Tests\Unit\Repositories\DatabaseOperationRepositoryTest" classname="Tests.Unit.Repositories.DatabaseOperationRepositoryTest" assertions="1" time="0.004173"/>
        <testcase name="`DatabaseOperationRepository` → `Edge Cases` → saves operation with all optional fields" file="tests/Unit/Repositories/DatabaseOperationRepositoryTest.php::`DatabaseOperationRepository` → `Edge Cases` → saves operation with all optional fields" class="Tests\Unit\Repositories\DatabaseOperationRepositoryTest" classname="Tests.Unit.Repositories.DatabaseOperationRepositoryTest" assertions="6" time="0.004257"/>
        <testcase name="`DatabaseOperationRepository` → `Edge Cases` → preserves expires_at when updating existing operation" file="tests/Unit/Repositories/DatabaseOperationRepositoryTest.php::`DatabaseOperationRepository` → `Edge Cases` → preserves expires_at when updating existing operation" class="Tests\Unit\Repositories\DatabaseOperationRepositoryTest" classname="Tests.Unit.Repositories.DatabaseOperationRepositoryTest" assertions="0" time="0.004340">
          <error type="Cline\Forrst\Exceptions\MissingRequiredFieldException">`DatabaseOperationRepository` → `Edge Cases` → preserves expires_at when updating existing operationCline\Forrst\Exceptions\MissingRequiredFieldException: startedAt is required
at src/Exceptions/MissingRequiredFieldException.php:22
at src/Data/OperationData.php:146
at tests/Unit/Repositories/DatabaseOperationRepositoryTest.php:576</error>
        </testcase>
        <testcase name="`DatabaseOperationRepository` → `Edge Cases` → returns correct next_cursor at exact limit boundary" file="tests/Unit/Repositories/DatabaseOperationRepositoryTest.php::`DatabaseOperationRepository` → `Edge Cases` → returns correct next_cursor at exact limit boundary" class="Tests\Unit\Repositories\DatabaseOperationRepositoryTest" classname="Tests.Unit.Repositories.DatabaseOperationRepositoryTest" assertions="0" time="0.004608">
          <error type="Cline\Forrst\Exceptions\InvalidFieldValueException">`DatabaseOperationRepository` → `Edge Cases` → returns correct next_cursor at exact limit boundaryCline\Forrst\Exceptions\InvalidFieldValueException: id is invalid: Operation ID must be a valid UUID, ULID, or prefixed format (op_/op- followed by alphanumeric), got: op-exact-1
at src/Exceptions/InvalidFieldValueException.php:22
at src/Data/OperationData.php:118
at src/Models/Operation.php:159
at src/Repositories/DatabaseOperationRepository.php:224
at vendor/laravel/framework/src/Illuminate/Collections/Arr.php:788
at vendor/laravel/framework/src/Illuminate/Collections/Collection.php:814
at vendor/laravel/framework/src/Illuminate/Database/Eloquent/Collection.php:418
at src/Repositories/DatabaseOperationRepository.php:224
at tests/Unit/Repositories/DatabaseOperationRepositoryTest.php:604</error>
        </testcase>
        <testcase name="`DatabaseOperationRepository` → `Sad Paths` → list with invalid limit uses provided limit" file="tests/Unit/Repositories/DatabaseOperationRepositoryTest.php::`DatabaseOperationRepository` → `Sad Paths` → list with invalid limit uses provided limit" class="Tests\Unit\Repositories\DatabaseOperationRepositoryTest" classname="Tests.Unit.Repositories.DatabaseOperationRepositoryTest" assertions="1" time="0.004377"/>
      </testsuite>
      <testsuite name="Tests\Unit\Repositories\FunctionRepositoryTest" file="tests/Unit/Repositories/FunctionRepositoryTest.php" tests="18" assertions="23" errors="0" failures="0" skipped="0" time="0.078788">
        <testcase name="`FunctionRepository` → `Happy Paths` → registers and retrieves a function by name" file="tests/Unit/Repositories/FunctionRepositoryTest.php::`FunctionRepository` → `Happy Paths` → registers and retrieves a function by name" class="Tests\Unit\Repositories\FunctionRepositoryTest" classname="Tests.Unit.Repositories.FunctionRepositoryTest" assertions="1" time="0.008980"/>
        <testcase name="`FunctionRepository` → `Happy Paths` → registers a function using a class string" file="tests/Unit/Repositories/FunctionRepositoryTest.php::`FunctionRepository` → `Happy Paths` → registers a function using a class string" class="Tests\Unit\Repositories\FunctionRepositoryTest" classname="Tests.Unit.Repositories.FunctionRepositoryTest" assertions="1" time="0.003707"/>
        <testcase name="`FunctionRepository` → `Happy Paths` → retrieves all registered functions indexed by name@version" file="tests/Unit/Repositories/FunctionRepositoryTest.php::`FunctionRepository` → `Happy Paths` → retrieves all registered functions indexed by name@version" class="Tests\Unit\Repositories\FunctionRepositoryTest" classname="Tests.Unit.Repositories.FunctionRepositoryTest" assertions="3" time="0.003585"/>
        <testcase name="`FunctionRepository` → `Happy Paths` → retrieves all versions for a function" file="tests/Unit/Repositories/FunctionRepositoryTest.php::`FunctionRepository` → `Happy Paths` → retrieves all versions for a function" class="Tests\Unit\Repositories\FunctionRepositoryTest" classname="Tests.Unit.Repositories.FunctionRepositoryTest" assertions="1" time="0.008542"/>
        <testcase name="`FunctionRepository` → `Version Resolution` → resolves exact version" file="tests/Unit/Repositories/FunctionRepositoryTest.php::`FunctionRepository` → `Version Resolution` → resolves exact version" class="Tests\Unit\Repositories\FunctionRepositoryTest" classname="Tests.Unit.Repositories.FunctionRepositoryTest" assertions="1" time="0.004099"/>
        <testcase name="`FunctionRepository` → `Version Resolution` → resolves latest stable when version is null" file="tests/Unit/Repositories/FunctionRepositoryTest.php::`FunctionRepository` → `Version Resolution` → resolves latest stable when version is null" class="Tests\Unit\Repositories\FunctionRepositoryTest" classname="Tests.Unit.Repositories.FunctionRepositoryTest" assertions="2" time="0.003771"/>
        <testcase name="`FunctionRepository` → `Version Resolution` → resolves by stability alias" file="tests/Unit/Repositories/FunctionRepositoryTest.php::`FunctionRepository` → `Version Resolution` → resolves by stability alias" class="Tests\Unit\Repositories\FunctionRepositoryTest" classname="Tests.Unit.Repositories.FunctionRepositoryTest" assertions="1" time="0.003802"/>
        <testcase name="`FunctionRepository` → `Sad Paths` → throws exception when function is not found" file="tests/Unit/Repositories/FunctionRepositoryTest.php::`FunctionRepository` → `Sad Paths` → throws exception when function is not found" class="Tests\Unit\Repositories\FunctionRepositoryTest" classname="Tests.Unit.Repositories.FunctionRepositoryTest" assertions="1" time="0.003811"/>
        <testcase name="`FunctionRepository` → `Sad Paths` → throws exception when exact version is not found" file="tests/Unit/Repositories/FunctionRepositoryTest.php::`FunctionRepository` → `Sad Paths` → throws exception when exact version is not found" class="Tests\Unit\Repositories\FunctionRepositoryTest" classname="Tests.Unit.Repositories.FunctionRepositoryTest" assertions="1" time="0.003861"/>
        <testcase name="`FunctionRepository` → `Sad Paths` → throws exception when stability has no matching versions" file="tests/Unit/Repositories/FunctionRepositoryTest.php::`FunctionRepository` → `Sad Paths` → throws exception when stability has no matching versions" class="Tests\Unit\Repositories\FunctionRepositoryTest" classname="Tests.Unit.Repositories.FunctionRepositoryTest" assertions="1" time="0.003614"/>
        <testcase name="`FunctionRepository` → `Sad Paths` → throws exception when registering duplicate name@version" file="tests/Unit/Repositories/FunctionRepositoryTest.php::`FunctionRepository` → `Sad Paths` → throws exception when registering duplicate name@version" class="Tests\Unit\Repositories\FunctionRepositoryTest" classname="Tests.Unit.Repositories.FunctionRepositoryTest" assertions="1" time="0.003581"/>
        <testcase name="`FunctionRepository` → `Sad Paths` → throws exception when user function uses reserved namespace" file="tests/Unit/Repositories/FunctionRepositoryTest.php::`FunctionRepository` → `Sad Paths` → throws exception when user function uses reserved namespace" class="Tests\Unit\Repositories\FunctionRepositoryTest" classname="Tests.Unit.Repositories.FunctionRepositoryTest" assertions="2" time="0.004247"/>
        <testcase name="`FunctionRepository` → `Reserved Namespace Enforcement` → allows system functions to use forrst namespace" file="tests/Unit/Repositories/FunctionRepositoryTest.php::`FunctionRepository` → `Reserved Namespace Enforcement` → allows system functions to use forrst namespace" class="Tests\Unit\Repositories\FunctionRepositoryTest" classname="Tests.Unit.Repositories.FunctionRepositoryTest" assertions="1" time="0.004251"/>
        <testcase name="`FunctionRepository` → `Reserved Namespace Enforcement` → blocks user functions from using forrst namespace" file="tests/Unit/Repositories/FunctionRepositoryTest.php::`FunctionRepository` → `Reserved Namespace Enforcement` → blocks user functions from using forrst namespace" class="Tests\Unit\Repositories\FunctionRepositoryTest" classname="Tests.Unit.Repositories.FunctionRepositoryTest" assertions="1" time="0.003994"/>
        <testcase name="`FunctionRepository` → `Reserved Namespace Enforcement` → exception message contains function name and reserved namespace" file="tests/Unit/Repositories/FunctionRepositoryTest.php::`FunctionRepository` → `Reserved Namespace Enforcement` → exception message contains function name and reserved namespace" class="Tests\Unit\Repositories\FunctionRepositoryTest" classname="Tests.Unit.Repositories.FunctionRepositoryTest" assertions="2" time="0.003734"/>
        <testcase name="`FunctionRepository` → `Reserved Namespace Enforcement` → allows functions with non-reserved namespaces" file="tests/Unit/Repositories/FunctionRepositoryTest.php::`FunctionRepository` → `Reserved Namespace Enforcement` → allows functions with non-reserved namespaces" class="Tests\Unit\Repositories\FunctionRepositoryTest" classname="Tests.Unit.Repositories.FunctionRepositoryTest" assertions="1" time="0.003655"/>
        <testcase name="`FunctionRepository` → `Backwards Compatibility` → get() without version resolves to latest stable" file="tests/Unit/Repositories/FunctionRepositoryTest.php::`FunctionRepository` → `Backwards Compatibility` → get() without version resolves to latest stable" class="Tests\Unit\Repositories\FunctionRepositoryTest" classname="Tests.Unit.Repositories.FunctionRepositoryTest" assertions="1" time="0.003717"/>
        <testcase name="`FunctionRepository` → `Backwards Compatibility` → get() with exact version returns exact match" file="tests/Unit/Repositories/FunctionRepositoryTest.php::`FunctionRepository` → `Backwards Compatibility` → get() with exact version returns exact match" class="Tests\Unit\Repositories\FunctionRepositoryTest" classname="Tests.Unit.Repositories.FunctionRepositoryTest" assertions="1" time="0.003835"/>
      </testsuite>
      <testsuite name="Tests\Unit\Repositories\ResourceRepositoryTest" file="Resource Repository (Tests\Unit\Repositories\ResourceRepository)" tests="7" assertions="15" errors="0" failures="0" skipped="0" time="0.017380">
        <testcase name="Registers and retrieves a resource successfully" file="Resource Repository (Tests\Unit\Repositories\ResourceRepository)::Registers and retrieves a resource successfully" class="Tests\Unit\Repositories\ResourceRepositoryTest" classname="Tests.Unit.Repositories.ResourceRepositoryTest" assertions="2" time="0.005387"/>
        <testcase name="Retrieves all registered resources" file="Resource Repository (Tests\Unit\Repositories\ResourceRepository)::Retrieves all registered resources" class="Tests\Unit\Repositories\ResourceRepositoryTest" classname="Tests.Unit.Repositories.ResourceRepositoryTest" assertions="4" time="0.001909"/>
        <testcase name="Throws exception when resource is not found for model" file="Resource Repository (Tests\Unit\Repositories\ResourceRepository)::Throws exception when resource is not found for model" class="Tests\Unit\Repositories\ResourceRepositoryTest" classname="Tests.Unit.Repositories.ResourceRepositoryTest" assertions="2" time="0.001990"/>
        <testcase name="Throws exception when registered class does not implement ResourceInterface" file="Resource Repository (Tests\Unit\Repositories\ResourceRepository)::Throws exception when registered class does not implement ResourceInterface" class="Tests\Unit\Repositories\ResourceRepositoryTest" classname="Tests.Unit.Repositories.ResourceRepositoryTest" assertions="2" time="0.001969"/>
        <testcase name="Forget removes a specific resource from registry" file="Resource Repository (Tests\Unit\Repositories\ResourceRepository)::Forget removes a specific resource from registry" class="Tests\Unit\Repositories\ResourceRepositoryTest" classname="Tests.Unit.Repositories.ResourceRepositoryTest" assertions="2" time="0.002260"/>
        <testcase name="Register overwrites existing resource mapping" file="Resource Repository (Tests\Unit\Repositories\ResourceRepository)::Register overwrites existing resource mapping" class="Tests\Unit\Repositories\ResourceRepositoryTest" classname="Tests.Unit.Repositories.ResourceRepositoryTest" assertions="1" time="0.001986"/>
        <testcase name="All returns empty array when no resources registered" file="Resource Repository (Tests\Unit\Repositories\ResourceRepository)::All returns empty array when no resources registered" class="Tests\Unit\Repositories\ResourceRepositoryTest" classname="Tests.Unit.Repositories.ResourceRepositoryTest" assertions="2" time="0.001877"/>
      </testsuite>
      <testsuite name="Tests\Unit\Repositories\ServerRepositoryTest" file="tests/Unit/Repositories/ServerRepositoryTest.php" tests="4" assertions="6" errors="0" failures="0" skipped="0" time="0.015706">
        <testcase name="`ServerRepository` → `Happy Paths` → registers and retrieves a server by route name" file="tests/Unit/Repositories/ServerRepositoryTest.php::`ServerRepository` → `Happy Paths` → registers and retrieves a server by route name" class="Tests\Unit\Repositories\ServerRepositoryTest" classname="Tests.Unit.Repositories.ServerRepositoryTest" assertions="1" time="0.004796"/>
        <testcase name="`ServerRepository` → `Happy Paths` → registers and retrieves a server by route path" file="tests/Unit/Repositories/ServerRepositoryTest.php::`ServerRepository` → `Happy Paths` → registers and retrieves a server by route path" class="Tests\Unit\Repositories\ServerRepositoryTest" classname="Tests.Unit.Repositories.ServerRepositoryTest" assertions="1" time="0.003677"/>
        <testcase name="`ServerRepository` → `Happy Paths` → retrieves all registered servers" file="tests/Unit/Repositories/ServerRepositoryTest.php::`ServerRepository` → `Happy Paths` → retrieves all registered servers" class="Tests\Unit\Repositories\ServerRepositoryTest" classname="Tests.Unit.Repositories.ServerRepositoryTest" assertions="3" time="0.003691"/>
        <testcase name="`ServerRepository` → `Sad Paths` → throws an exception when a server is not found for a version" file="tests/Unit/Repositories/ServerRepositoryTest.php::`ServerRepository` → `Sad Paths` → throws an exception when a server is not found for a version" class="Tests\Unit\Repositories\ServerRepositoryTest" classname="Tests.Unit.Repositories.ServerRepositoryTest" assertions="1" time="0.003542"/>
      </testsuite>
      <testsuite name="Tests\Unit\Repositories\VersionResolutionTest" file="tests/Unit/Repositories/VersionResolutionTest.php" tests="18" assertions="40" errors="0" failures="0" skipped="0" time="0.074433">
        <testcase name="`Version Resolution` → `Exact Version Matching` → resolves exact stable version" file="tests/Unit/Repositories/VersionResolutionTest.php::`Version Resolution` → `Exact Version Matching` → resolves exact stable version" class="Tests\Unit\Repositories\VersionResolutionTest" classname="Tests.Unit.Repositories.VersionResolutionTest" assertions="2" time="0.004414"/>
        <testcase name="`Version Resolution` → `Exact Version Matching` → resolves exact stable version 2.0.0" file="tests/Unit/Repositories/VersionResolutionTest.php::`Version Resolution` → `Exact Version Matching` → resolves exact stable version 2.0.0" class="Tests\Unit\Repositories\VersionResolutionTest" classname="Tests.Unit.Repositories.VersionResolutionTest" assertions="2" time="0.008332"/>
        <testcase name="`Version Resolution` → `Exact Version Matching` → resolves exact beta version" file="tests/Unit/Repositories/VersionResolutionTest.php::`Version Resolution` → `Exact Version Matching` → resolves exact beta version" class="Tests\Unit\Repositories\VersionResolutionTest" classname="Tests.Unit.Repositories.VersionResolutionTest" assertions="2" time="0.004428"/>
        <testcase name="`Version Resolution` → `Exact Version Matching` → resolves exact alpha version" file="tests/Unit/Repositories/VersionResolutionTest.php::`Version Resolution` → `Exact Version Matching` → resolves exact alpha version" class="Tests\Unit\Repositories\VersionResolutionTest" classname="Tests.Unit.Repositories.VersionResolutionTest" assertions="2" time="0.003954"/>
        <testcase name="`Version Resolution` → `Exact Version Matching` → throws VersionNotFoundException for non-existent version" file="tests/Unit/Repositories/VersionResolutionTest.php::`Version Resolution` → `Exact Version Matching` → throws VersionNotFoundException for non-existent version" class="Tests\Unit\Repositories\VersionResolutionTest" classname="Tests.Unit.Repositories.VersionResolutionTest" assertions="1" time="0.003830"/>
        <testcase name="`Version Resolution` → `Stability Alias Resolution` → resolves &quot;stable&quot; to latest stable version (2.0.0)" file="tests/Unit/Repositories/VersionResolutionTest.php::`Version Resolution` → `Stability Alias Resolution` → resolves &quot;stable&quot; to latest stable version (2.0.0)" class="Tests\Unit\Repositories\VersionResolutionTest" classname="Tests.Unit.Repositories.VersionResolutionTest" assertions="2" time="0.004226"/>
        <testcase name="`Version Resolution` → `Stability Alias Resolution` → resolves &quot;beta&quot; to latest beta version (3.0.0-beta.2)" file="tests/Unit/Repositories/VersionResolutionTest.php::`Version Resolution` → `Stability Alias Resolution` → resolves &quot;beta&quot; to latest beta version (3.0.0-beta.2)" class="Tests\Unit\Repositories\VersionResolutionTest" classname="Tests.Unit.Repositories.VersionResolutionTest" assertions="2" time="0.003798"/>
        <testcase name="`Version Resolution` → `Stability Alias Resolution` → resolves &quot;alpha&quot; to latest alpha version (3.0.0-alpha.1)" file="tests/Unit/Repositories/VersionResolutionTest.php::`Version Resolution` → `Stability Alias Resolution` → resolves &quot;alpha&quot; to latest alpha version (3.0.0-alpha.1)" class="Tests\Unit\Repositories\VersionResolutionTest" classname="Tests.Unit.Repositories.VersionResolutionTest" assertions="2" time="0.003909"/>
        <testcase name="`Version Resolution` → `Stability Alias Resolution` → throws VersionNotFoundException for stability with no matching versions" file="tests/Unit/Repositories/VersionResolutionTest.php::`Version Resolution` → `Stability Alias Resolution` → throws VersionNotFoundException for stability with no matching versions" class="Tests\Unit\Repositories\VersionResolutionTest" classname="Tests.Unit.Repositories.VersionResolutionTest" assertions="1" time="0.003580"/>
        <testcase name="`Version Resolution` → `Default Resolution (null version)` → resolves to latest stable when version is null" file="tests/Unit/Repositories/VersionResolutionTest.php::`Version Resolution` → `Default Resolution (null version)` → resolves to latest stable when version is null" class="Tests\Unit\Repositories\VersionResolutionTest" classname="Tests.Unit.Repositories.VersionResolutionTest" assertions="2" time="0.003796"/>
        <testcase name="`Version Resolution` → `Default Resolution (null version)` → resolves to latest stable ignoring prerelease versions" file="tests/Unit/Repositories/VersionResolutionTest.php::`Version Resolution` → `Default Resolution (null version)` → resolves to latest stable ignoring prerelease versions" class="Tests\Unit\Repositories\VersionResolutionTest" classname="Tests.Unit.Repositories.VersionResolutionTest" assertions="1" time="0.003931"/>
        <testcase name="`Version Resolution` → `Version Index` → returns all versions for a function" file="tests/Unit/Repositories/VersionResolutionTest.php::`Version Resolution` → `Version Index` → returns all versions for a function" class="Tests\Unit\Repositories\VersionResolutionTest" classname="Tests.Unit.Repositories.VersionResolutionTest" assertions="6" time="0.003765"/>
        <testcase name="`Version Resolution` → `Version Index` → returns empty array for non-existent function" file="tests/Unit/Repositories/VersionResolutionTest.php::`Version Resolution` → `Version Index` → returns empty array for non-existent function" class="Tests\Unit\Repositories\VersionResolutionTest" classname="Tests.Unit.Repositories.VersionResolutionTest" assertions="1" time="0.003695"/>
        <testcase name="`Version Resolution` → `Error Details` → VersionNotFoundException includes available versions" file="tests/Unit/Repositories/VersionResolutionTest.php::`Version Resolution` → `Error Details` → VersionNotFoundException includes available versions" class="Tests\Unit\Repositories\VersionResolutionTest" classname="Tests.Unit.Repositories.VersionResolutionTest" assertions="5" time="0.003703"/>
        <testcase name="`Version Resolution` → `Error Details` → FunctionNotFoundException includes function name" file="tests/Unit/Repositories/VersionResolutionTest.php::`Version Resolution` → `Error Details` → FunctionNotFoundException includes function name" class="Tests\Unit\Repositories\VersionResolutionTest" classname="Tests.Unit.Repositories.VersionResolutionTest" assertions="1" time="0.003713"/>
        <testcase name="`Version Resolution` → `Edge Cases` → handles function with only prerelease versions" file="tests/Unit/Repositories/VersionResolutionTest.php::`Version Resolution` → `Edge Cases` → handles function with only prerelease versions" class="Tests\Unit\Repositories\VersionResolutionTest" classname="Tests.Unit.Repositories.VersionResolutionTest" assertions="2" time="0.003912"/>
        <testcase name="`Version Resolution` → `Edge Cases` → handles function with only one version" file="tests/Unit/Repositories/VersionResolutionTest.php::`Version Resolution` → `Edge Cases` → handles function with only one version" class="Tests\Unit\Repositories\VersionResolutionTest" classname="Tests.Unit.Repositories.VersionResolutionTest" assertions="1" time="0.003753"/>
        <testcase name="`Version Resolution` → `Edge Cases` → all() returns functions indexed by name@version" file="tests/Unit/Repositories/VersionResolutionTest.php::`Version Resolution` → `Edge Cases` → all() returns functions indexed by name@version" class="Tests\Unit\Repositories\VersionResolutionTest" classname="Tests.Unit.Repositories.VersionResolutionTest" assertions="5" time="0.003695"/>
      </testsuite>
      <testsuite name="Tests\Unit\Requests\RequestHandlerFinalTest" file="tests/Unit/Requests/RequestHandlerFinalTest.php" tests="15" assertions="44" errors="0" failures="0" skipped="0" time="0.068351">
        <testcase name="`RequestHandler Complete Coverage` → `Happy Paths` → can call a function from a Forrst format array" file="tests/Unit/Requests/RequestHandlerFinalTest.php::`RequestHandler Complete Coverage` → `Happy Paths` → can call a function from a Forrst format array" class="Tests\Unit\Requests\RequestHandlerFinalTest" classname="Tests.Unit.Requests.RequestHandlerFinalTest" assertions="5" time="0.007138"/>
        <testcase name="`RequestHandler Complete Coverage` → `Happy Paths` → can call a function from a Forrst format string" file="tests/Unit/Requests/RequestHandlerFinalTest.php::`RequestHandler Complete Coverage` → `Happy Paths` → can call a function from a Forrst format string" class="Tests\Unit\Requests\RequestHandlerFinalTest" classname="Tests.Unit.Requests.RequestHandlerFinalTest" assertions="5" time="0.003958"/>
        <testcase name="`RequestHandler Complete Coverage` → `Happy Paths` → rejects legacy JSON-RPC format (no longer supported)" file="tests/Unit/Requests/RequestHandlerFinalTest.php::`RequestHandler Complete Coverage` → `Happy Paths` → rejects legacy JSON-RPC format (no longer supported)" class="Tests\Unit\Requests\RequestHandlerFinalTest" classname="Tests.Unit.Requests.RequestHandlerFinalTest" assertions="2" time="0.004134"/>
        <testcase name="`RequestHandler Complete Coverage` → `Happy Paths` → can call a function without arguments" file="tests/Unit/Requests/RequestHandlerFinalTest.php::`RequestHandler Complete Coverage` → `Happy Paths` → can call a function without arguments" class="Tests\Unit\Requests\RequestHandlerFinalTest" classname="Tests.Unit.Requests.RequestHandlerFinalTest" assertions="4" time="0.004484"/>
        <testcase name="`RequestHandler Complete Coverage` → `Method Exception Handling` → handles authentication exception from method" file="tests/Unit/Requests/RequestHandlerFinalTest.php::`RequestHandler Complete Coverage` → `Method Exception Handling` → handles authentication exception from method" class="Tests\Unit\Requests\RequestHandlerFinalTest" classname="Tests.Unit.Requests.RequestHandlerFinalTest" assertions="5" time="0.004139"/>
        <testcase name="`RequestHandler Complete Coverage` → `Method Exception Handling` → handles authorization exception from method" file="tests/Unit/Requests/RequestHandlerFinalTest.php::`RequestHandler Complete Coverage` → `Method Exception Handling` → handles authorization exception from method" class="Tests\Unit\Requests\RequestHandlerFinalTest" classname="Tests.Unit.Requests.RequestHandlerFinalTest" assertions="5" time="0.004238"/>
        <testcase name="`RequestHandler Complete Coverage` → `Method Exception Handling` → handles function not found error" file="tests/Unit/Requests/RequestHandlerFinalTest.php::`RequestHandler Complete Coverage` → `Method Exception Handling` → handles function not found error" class="Tests\Unit\Requests\RequestHandlerFinalTest" classname="Tests.Unit.Requests.RequestHandlerFinalTest" assertions="2" time="0.004065"/>
        <testcase name="`RequestHandler Complete Coverage` → `Batch Requests` → batch requests return error (not supported in Forrst)" file="tests/Unit/Requests/RequestHandlerFinalTest.php::`RequestHandler Complete Coverage` → `Batch Requests` → batch requests return error (not supported in Forrst)" class="Tests\Unit\Requests\RequestHandlerFinalTest" classname="Tests.Unit.Requests.RequestHandlerFinalTest" assertions="2" time="0.008419"/>
        <testcase name="`RequestHandler Complete Coverage` → `Request ID Requirement` → requests without id field return error (id is required in Forrst)" file="tests/Unit/Requests/RequestHandlerFinalTest.php::`RequestHandler Complete Coverage` → `Request ID Requirement` → requests without id field return error (id is required in Forrst)" class="Tests\Unit\Requests\RequestHandlerFinalTest" classname="Tests.Unit.Requests.RequestHandlerFinalTest" assertions="2" time="0.004201"/>
        <testcase name="`RequestHandler Complete Coverage` → `Request ID Requirement` → legacy JSON-RPC format without id returns error" file="tests/Unit/Requests/RequestHandlerFinalTest.php::`RequestHandler Complete Coverage` → `Request ID Requirement` → legacy JSON-RPC format without id returns error" class="Tests\Unit\Requests\RequestHandlerFinalTest" classname="Tests.Unit.Requests.RequestHandlerFinalTest" assertions="2" time="0.004125"/>
        <testcase name="`RequestHandler Complete Coverage` → `Parse Errors` → handles invalid JSON string" file="tests/Unit/Requests/RequestHandlerFinalTest.php::`RequestHandler Complete Coverage` → `Parse Errors` → handles invalid JSON string" class="Tests\Unit\Requests\RequestHandlerFinalTest" classname="Tests.Unit.Requests.RequestHandlerFinalTest" assertions="2" time="0.003899"/>
        <testcase name="`RequestHandler Complete Coverage` → `Parse Errors` → handles empty array" file="tests/Unit/Requests/RequestHandlerFinalTest.php::`RequestHandler Complete Coverage` → `Parse Errors` → handles empty array" class="Tests\Unit\Requests\RequestHandlerFinalTest" classname="Tests.Unit.Requests.RequestHandlerFinalTest" assertions="2" time="0.003843"/>
        <testcase name="`RequestHandler Complete Coverage` → `Validation Errors` → handles missing protocol field" file="tests/Unit/Requests/RequestHandlerFinalTest.php::`RequestHandler Complete Coverage` → `Validation Errors` → handles missing protocol field" class="Tests\Unit\Requests\RequestHandlerFinalTest" classname="Tests.Unit.Requests.RequestHandlerFinalTest" assertions="2" time="0.003857"/>
        <testcase name="`RequestHandler Complete Coverage` → `Validation Errors` → handles missing call field" file="tests/Unit/Requests/RequestHandlerFinalTest.php::`RequestHandler Complete Coverage` → `Validation Errors` → handles missing call field" class="Tests\Unit\Requests\RequestHandlerFinalTest" classname="Tests.Unit.Requests.RequestHandlerFinalTest" assertions="2" time="0.003877"/>
        <testcase name="`RequestHandler Complete Coverage` → `Validation Errors` → handles missing function in call" file="tests/Unit/Requests/RequestHandlerFinalTest.php::`RequestHandler Complete Coverage` → `Validation Errors` → handles missing function in call" class="Tests\Unit\Requests\RequestHandlerFinalTest" classname="Tests.Unit.Requests.RequestHandlerFinalTest" assertions="2" time="0.003975"/>
      </testsuite>
      <testsuite name="Tests\Unit\Resources\AbstractDataResourceTest" file="tests/Unit/Resources/AbstractDataResourceTest.php" tests="35" assertions="46" errors="0" failures="0" skipped="0" time="0.142485">
        <testcase name="`AbstractDataResource` → `Happy Paths` → `__construct()` → creates resource with UserData object" file="tests/Unit/Resources/AbstractDataResourceTest.php::`AbstractDataResource` → `Happy Paths` → `__construct()` → creates resource with UserData object" class="Tests\Unit\Resources\AbstractDataResourceTest" classname="Tests.Unit.Resources.AbstractDataResourceTest" assertions="1" time="0.006575"/>
        <testcase name="`AbstractDataResource` → `Happy Paths` → `__construct()` → creates resource with PostsData object" file="tests/Unit/Resources/AbstractDataResourceTest.php::`AbstractDataResource` → `Happy Paths` → `__construct()` → creates resource with PostsData object" class="Tests\Unit\Resources\AbstractDataResourceTest" classname="Tests.Unit.Resources.AbstractDataResourceTest" assertions="1" time="0.003547"/>
        <testcase name="`AbstractDataResource` → `Happy Paths` → `__construct()` → creates resource with CustomEntityData object" file="tests/Unit/Resources/AbstractDataResourceTest.php::`AbstractDataResource` → `Happy Paths` → `__construct()` → creates resource with CustomEntityData object" class="Tests\Unit\Resources\AbstractDataResourceTest" classname="Tests.Unit.Resources.AbstractDataResourceTest" assertions="1" time="0.003606"/>
        <testcase name="`AbstractDataResource` → `Happy Paths` → `__construct()` → creates resource with Data object without id property" file="tests/Unit/Resources/AbstractDataResourceTest.php::`AbstractDataResource` → `Happy Paths` → `__construct()` → creates resource with Data object without id property" class="Tests\Unit\Resources\AbstractDataResourceTest" classname="Tests.Unit.Resources.AbstractDataResourceTest" assertions="1" time="0.003664"/>
        <testcase name="`AbstractDataResource` → `Happy Paths` → `__construct()` → creates resource with minimal Data object" file="tests/Unit/Resources/AbstractDataResourceTest.php::`AbstractDataResource` → `Happy Paths` → `__construct()` → creates resource with minimal Data object" class="Tests\Unit\Resources\AbstractDataResourceTest" classname="Tests.Unit.Resources.AbstractDataResourceTest" assertions="1" time="0.003686"/>
        <testcase name="`AbstractDataResource` → `Happy Paths` → `getType()` → derives type from UserData class name" file="tests/Unit/Resources/AbstractDataResourceTest.php::`AbstractDataResource` → `Happy Paths` → `getType()` → derives type from UserData class name" class="Tests\Unit\Resources\AbstractDataResourceTest" classname="Tests.Unit.Resources.AbstractDataResourceTest" assertions="1" time="0.003680"/>
        <testcase name="`AbstractDataResource` → `Happy Paths` → `getType()` → derives singular type from plural PostsData class name" file="tests/Unit/Resources/AbstractDataResourceTest.php::`AbstractDataResource` → `Happy Paths` → `getType()` → derives singular type from plural PostsData class name" class="Tests\Unit\Resources\AbstractDataResourceTest" classname="Tests.Unit.Resources.AbstractDataResourceTest" assertions="1" time="0.003543"/>
        <testcase name="`AbstractDataResource` → `Happy Paths` → `getType()` → derives type from compound CustomEntityData class name" file="tests/Unit/Resources/AbstractDataResourceTest.php::`AbstractDataResource` → `Happy Paths` → `getType()` → derives type from compound CustomEntityData class name" class="Tests\Unit\Resources\AbstractDataResourceTest" classname="Tests.Unit.Resources.AbstractDataResourceTest" assertions="1" time="0.003562"/>
        <testcase name="`AbstractDataResource` → `Happy Paths` → `getType()` → removes Data suffix correctly" file="tests/Unit/Resources/AbstractDataResourceTest.php::`AbstractDataResource` → `Happy Paths` → `getType()` → removes Data suffix correctly" class="Tests\Unit\Resources\AbstractDataResourceTest" classname="Tests.Unit.Resources.AbstractDataResourceTest" assertions="1" time="0.003805"/>
        <testcase name="`AbstractDataResource` → `Happy Paths` → `getId()` → returns integer id as string from UserData" file="tests/Unit/Resources/AbstractDataResourceTest.php::`AbstractDataResource` → `Happy Paths` → `getId()` → returns integer id as string from UserData" class="Tests\Unit\Resources\AbstractDataResourceTest" classname="Tests.Unit.Resources.AbstractDataResourceTest" assertions="2" time="0.003980"/>
        <testcase name="`AbstractDataResource` → `Happy Paths` → `getId()` → returns string id from CustomEntityData" file="tests/Unit/Resources/AbstractDataResourceTest.php::`AbstractDataResource` → `Happy Paths` → `getId()` → returns string id from CustomEntityData" class="Tests\Unit\Resources\AbstractDataResourceTest" classname="Tests.Unit.Resources.AbstractDataResourceTest" assertions="1" time="0.003783"/>
        <testcase name="`AbstractDataResource` → `Happy Paths` → `getId()` → returns id from PostsData" file="tests/Unit/Resources/AbstractDataResourceTest.php::`AbstractDataResource` → `Happy Paths` → `getId()` → returns id from PostsData" class="Tests\Unit\Resources\AbstractDataResourceTest" classname="Tests.Unit.Resources.AbstractDataResourceTest" assertions="1" time="0.003677"/>
        <testcase name="`AbstractDataResource` → `Happy Paths` → `getId()` → returns zero as string for Data with id zero" file="tests/Unit/Resources/AbstractDataResourceTest.php::`AbstractDataResource` → `Happy Paths` → `getId()` → returns zero as string for Data with id zero" class="Tests\Unit\Resources\AbstractDataResourceTest" classname="Tests.Unit.Resources.AbstractDataResourceTest" assertions="1" time="0.003781"/>
        <testcase name="`AbstractDataResource` → `Happy Paths` → `getAttributes()` → returns all UserData properties as array" file="tests/Unit/Resources/AbstractDataResourceTest.php::`AbstractDataResource` → `Happy Paths` → `getAttributes()` → returns all UserData properties as array" class="Tests\Unit\Resources\AbstractDataResourceTest" classname="Tests.Unit.Resources.AbstractDataResourceTest" assertions="1" time="0.003871"/>
        <testcase name="`AbstractDataResource` → `Happy Paths` → `getAttributes()` → returns all PostsData properties as array" file="tests/Unit/Resources/AbstractDataResourceTest.php::`AbstractDataResource` → `Happy Paths` → `getAttributes()` → returns all PostsData properties as array" class="Tests\Unit\Resources\AbstractDataResourceTest" classname="Tests.Unit.Resources.AbstractDataResourceTest" assertions="1" time="0.003861"/>
        <testcase name="`AbstractDataResource` → `Happy Paths` → `getAttributes()` → returns CustomEntityData with array metadata" file="tests/Unit/Resources/AbstractDataResourceTest.php::`AbstractDataResource` → `Happy Paths` → `getAttributes()` → returns CustomEntityData with array metadata" class="Tests\Unit\Resources\AbstractDataResourceTest" classname="Tests.Unit.Resources.AbstractDataResourceTest" assertions="1" time="0.003832"/>
        <testcase name="`AbstractDataResource` → `Happy Paths` → `getAttributes()` → returns minimal attributes for simple Data object" file="tests/Unit/Resources/AbstractDataResourceTest.php::`AbstractDataResource` → `Happy Paths` → `getAttributes()` → returns minimal attributes for simple Data object" class="Tests\Unit\Resources\AbstractDataResourceTest" classname="Tests.Unit.Resources.AbstractDataResourceTest" assertions="1" time="0.003763"/>
        <testcase name="`AbstractDataResource` → `Happy Paths` → `getAttributes()` → returns correct array structure" file="tests/Unit/Resources/AbstractDataResourceTest.php::`AbstractDataResource` → `Happy Paths` → `getAttributes()` → returns correct array structure" class="Tests\Unit\Resources\AbstractDataResourceTest" classname="Tests.Unit.Resources.AbstractDataResourceTest" assertions="4" time="0.008177"/>
        <testcase name="`AbstractDataResource` → `Happy Paths` → `getRelations()` → returns empty array for UserDataResource" file="tests/Unit/Resources/AbstractDataResourceTest.php::`AbstractDataResource` → `Happy Paths` → `getRelations()` → returns empty array for UserDataResource" class="Tests\Unit\Resources\AbstractDataResourceTest" classname="Tests.Unit.Resources.AbstractDataResourceTest" assertions="1" time="0.003996"/>
        <testcase name="`AbstractDataResource` → `Happy Paths` → `getRelations()` → returns empty array for PostsDataResource" file="tests/Unit/Resources/AbstractDataResourceTest.php::`AbstractDataResource` → `Happy Paths` → `getRelations()` → returns empty array for PostsDataResource" class="Tests\Unit\Resources\AbstractDataResourceTest" classname="Tests.Unit.Resources.AbstractDataResourceTest" assertions="1" time="0.003871"/>
        <testcase name="`AbstractDataResource` → `Happy Paths` → `getRelations()` → returns empty array for CustomEntityDataResource" file="tests/Unit/Resources/AbstractDataResourceTest.php::`AbstractDataResource` → `Happy Paths` → `getRelations()` → returns empty array for CustomEntityDataResource" class="Tests\Unit\Resources\AbstractDataResourceTest" classname="Tests.Unit.Resources.AbstractDataResourceTest" assertions="1" time="0.003837"/>
        <testcase name="`AbstractDataResource` → `Happy Paths` → `getRelations()` → returns array type" file="tests/Unit/Resources/AbstractDataResourceTest.php::`AbstractDataResource` → `Happy Paths` → `getRelations()` → returns array type" class="Tests\Unit\Resources\AbstractDataResourceTest" classname="Tests.Unit.Resources.AbstractDataResourceTest" assertions="1" time="0.003703"/>
        <testcase name="`AbstractDataResource` → `Happy Paths` → `toArray()` → returns complete resource structure" file="tests/Unit/Resources/AbstractDataResourceTest.php::`AbstractDataResource` → `Happy Paths` → `toArray()` → returns complete resource structure" class="Tests\Unit\Resources\AbstractDataResourceTest" classname="Tests.Unit.Resources.AbstractDataResourceTest" assertions="1" time="0.003696"/>
        <testcase name="`AbstractDataResource` → `Happy Paths` → `toArray()` → includes all required keys" file="tests/Unit/Resources/AbstractDataResourceTest.php::`AbstractDataResource` → `Happy Paths` → `toArray()` → includes all required keys" class="Tests\Unit\Resources\AbstractDataResourceTest" classname="Tests.Unit.Resources.AbstractDataResourceTest" assertions="3" time="0.003761"/>
        <testcase name="`AbstractDataResource` → `Edge Cases` → `getType()` → handles Data class where Data is at beginning of name" file="tests/Unit/Resources/AbstractDataResourceTest.php::`AbstractDataResource` → `Edge Cases` → `getType()` → handles Data class where Data is at beginning of name" class="Tests\Unit\Resources\AbstractDataResourceTest" classname="Tests.Unit.Resources.AbstractDataResourceTest" assertions="1" time="0.003848"/>
        <testcase name="`AbstractDataResource` → `Edge Cases` → `getId()` → returns empty string when Data object has no id property" file="tests/Unit/Resources/AbstractDataResourceTest.php::`AbstractDataResource` → `Edge Cases` → `getId()` → returns empty string when Data object has no id property" class="Tests\Unit\Resources\AbstractDataResourceTest" classname="Tests.Unit.Resources.AbstractDataResourceTest" assertions="1" time="0.003915"/>
        <testcase name="`AbstractDataResource` → `Edge Cases` → `getId()` → handles large integer id values" file="tests/Unit/Resources/AbstractDataResourceTest.php::`AbstractDataResource` → `Edge Cases` → `getId()` → handles large integer id values" class="Tests\Unit\Resources\AbstractDataResourceTest" classname="Tests.Unit.Resources.AbstractDataResourceTest" assertions="1" time="0.003910"/>
        <testcase name="`AbstractDataResource` → `Edge Cases` → `getId()` → handles negative integer id values" file="tests/Unit/Resources/AbstractDataResourceTest.php::`AbstractDataResource` → `Edge Cases` → `getId()` → handles negative integer id values" class="Tests\Unit\Resources\AbstractDataResourceTest" classname="Tests.Unit.Resources.AbstractDataResourceTest" assertions="1" time="0.004017"/>
        <testcase name="`AbstractDataResource` → `Edge Cases` → `getAttributes()` → handles Data with empty array metadata" file="tests/Unit/Resources/AbstractDataResourceTest.php::`AbstractDataResource` → `Edge Cases` → `getAttributes()` → handles Data with empty array metadata" class="Tests\Unit\Resources\AbstractDataResourceTest" classname="Tests.Unit.Resources.AbstractDataResourceTest" assertions="1" time="0.004066"/>
        <testcase name="`AbstractDataResource` → `Edge Cases` → `getAttributes()` → handles Data with nested array structures" file="tests/Unit/Resources/AbstractDataResourceTest.php::`AbstractDataResource` → `Edge Cases` → `getAttributes()` → handles Data with nested array structures" class="Tests\Unit\Resources\AbstractDataResourceTest" classname="Tests.Unit.Resources.AbstractDataResourceTest" assertions="1" time="0.004012"/>
        <testcase name="`AbstractDataResource` → `Edge Cases` → `getAttributes()` → handles Data with special characters in string values" file="tests/Unit/Resources/AbstractDataResourceTest.php::`AbstractDataResource` → `Edge Cases` → `getAttributes()` → handles Data with special characters in string values" class="Tests\Unit\Resources\AbstractDataResourceTest" classname="Tests.Unit.Resources.AbstractDataResourceTest" assertions="2" time="0.004082"/>
        <testcase name="`AbstractDataResource` → `Edge Cases` → `getAttributes()` → handles Data with unicode characters" file="tests/Unit/Resources/AbstractDataResourceTest.php::`AbstractDataResource` → `Edge Cases` → `getAttributes()` → handles Data with unicode characters" class="Tests\Unit\Resources\AbstractDataResourceTest" classname="Tests.Unit.Resources.AbstractDataResourceTest" assertions="1" time="0.004033"/>
        <testcase name="`AbstractDataResource` → `Edge Cases` → `getAttributes()` → handles Data with empty string values" file="tests/Unit/Resources/AbstractDataResourceTest.php::`AbstractDataResource` → `Edge Cases` → `getAttributes()` → handles Data with empty string values" class="Tests\Unit\Resources\AbstractDataResourceTest" classname="Tests.Unit.Resources.AbstractDataResourceTest" assertions="2" time="0.003960"/>
        <testcase name="`AbstractDataResource` → `Edge Cases` → `toArray()` → handles resource with no id property" file="tests/Unit/Resources/AbstractDataResourceTest.php::`AbstractDataResource` → `Edge Cases` → `toArray()` → handles resource with no id property" class="Tests\Unit\Resources\AbstractDataResourceTest" classname="Tests.Unit.Resources.AbstractDataResourceTest" assertions="4" time="0.004787"/>
        <testcase name="`AbstractDataResource` → `Edge Cases` → `toArray()` → handles resource with minimal data" file="tests/Unit/Resources/AbstractDataResourceTest.php::`AbstractDataResource` → `Edge Cases` → `toArray()` → handles resource with minimal data" class="Tests\Unit\Resources\AbstractDataResourceTest" classname="Tests.Unit.Resources.AbstractDataResourceTest" assertions="1" time="0.004601"/>
      </testsuite>
      <testsuite name="Tests\Unit\Resources\AbstractModelResourceTest" file="Abstract Model Resource (Tests\Unit\Resources\AbstractModelResource)" tests="21" assertions="32" errors="0" failures="0" skipped="0" time="0.056801">
        <testcase name="Creates resource from model with proper ID and type" file="Abstract Model Resource (Tests\Unit\Resources\AbstractModelResource)::Creates resource from model with proper ID and type" class="Tests\Unit\Resources\AbstractModelResourceTest" classname="Tests.Unit.Resources.AbstractModelResourceTest" assertions="2" time="0.009643"/>
        <testcase name="Gets model class name from resource class" file="Abstract Model Resource (Tests\Unit\Resources\AbstractModelResource)::Gets model class name from resource class" class="Tests\Unit\Resources\AbstractModelResourceTest" classname="Tests.Unit.Resources.AbstractModelResourceTest" assertions="1" time="0.002171"/>
        <testcase name="Gets model class for resource without custom getModel override" file="Abstract Model Resource (Tests\Unit\Resources\AbstractModelResource)::Gets model class for resource without custom getModel override" class="Tests\Unit\Resources\AbstractModelResourceTest" classname="Tests.Unit.Resources.AbstractModelResourceTest" assertions="1" time="0.002227"/>
        <testcase name="Gets fields configuration from resource" file="Abstract Model Resource (Tests\Unit\Resources\AbstractModelResource)::Gets fields configuration from resource" class="Tests\Unit\Resources\AbstractModelResourceTest" classname="Tests.Unit.Resources.AbstractModelResourceTest" assertions="3" time="0.002063"/>
        <testcase name="Gets filters configuration from resource" file="Abstract Model Resource (Tests\Unit\Resources\AbstractModelResource)::Gets filters configuration from resource" class="Tests\Unit\Resources\AbstractModelResourceTest" classname="Tests.Unit.Resources.AbstractModelResourceTest" assertions="1" time="0.002023"/>
        <testcase name="Gets relationships configuration from resource" file="Abstract Model Resource (Tests\Unit\Resources\AbstractModelResource)::Gets relationships configuration from resource" class="Tests\Unit\Resources\AbstractModelResourceTest" classname="Tests.Unit.Resources.AbstractModelResourceTest" assertions="2" time="0.001981"/>
        <testcase name="Gets sorts configuration from resource" file="Abstract Model Resource (Tests\Unit\Resources\AbstractModelResource)::Gets sorts configuration from resource" class="Tests\Unit\Resources\AbstractModelResourceTest" classname="Tests.Unit.Resources.AbstractModelResourceTest" assertions="2" time="0.002005"/>
        <testcase name="Gets attributes without ID and relations" file="Abstract Model Resource (Tests\Unit\Resources\AbstractModelResource)::Gets attributes without ID and relations" class="Tests\Unit\Resources\AbstractModelResourceTest" classname="Tests.Unit.Resources.AbstractModelResourceTest" assertions="3" time="0.002250"/>
        <testcase name="Filters out relation from attributes when present" file="Abstract Model Resource (Tests\Unit\Resources\AbstractModelResource)::Filters out relation from attributes when present" class="Tests\Unit\Resources\AbstractModelResourceTest" classname="Tests.Unit.Resources.AbstractModelResourceTest" assertions="2" time="0.002061"/>
        <testcase name="Does not filter attributes when no matching relations" file="Abstract Model Resource (Tests\Unit\Resources\AbstractModelResource)::Does not filter attributes when no matching relations" class="Tests\Unit\Resources\AbstractModelResourceTest" classname="Tests.Unit.Resources.AbstractModelResourceTest" assertions="3" time="0.006789"/>
        <testcase name="Gets model table name" file="Abstract Model Resource (Tests\Unit\Resources\AbstractModelResource)::Gets model table name" class="Tests\Unit\Resources\AbstractModelResourceTest" classname="Tests.Unit.Resources.AbstractModelResourceTest" assertions="1" time="0.002327"/>
        <testcase name="Gets model type as singular table name" file="Abstract Model Resource (Tests\Unit\Resources\AbstractModelResource)::Gets model type as singular table name" class="Tests\Unit\Resources\AbstractModelResourceTest" classname="Tests.Unit.Resources.AbstractModelResourceTest" assertions="1" time="0.002121"/>
        <testcase name="Creates query builder with request parameters" file="Abstract Model Resource (Tests\Unit\Resources\AbstractModelResource)::Creates query builder with request parameters" class="Tests\Unit\Resources\AbstractModelResourceTest" classname="Tests.Unit.Resources.AbstractModelResourceTest" assertions="1" time="0.002246"/>
        <testcase name="Creates query builder with empty parameters" file="Abstract Model Resource (Tests\Unit\Resources\AbstractModelResource)::Creates query builder with empty parameters" class="Tests\Unit\Resources\AbstractModelResourceTest" classname="Tests.Unit.Resources.AbstractModelResourceTest" assertions="1" time="0.002123"/>
        <testcase name="Gets loaded relations from model" file="Abstract Model Resource (Tests\Unit\Resources\AbstractModelResource)::Gets loaded relations from model" class="Tests\Unit\Resources\AbstractModelResourceTest" classname="Tests.Unit.Resources.AbstractModelResourceTest" assertions="2" time="0.002008"/>
        <testcase name="Returns empty array when no relations loaded" file="Abstract Model Resource (Tests\Unit\Resources\AbstractModelResource)::Returns empty array when no relations loaded" class="Tests\Unit\Resources\AbstractModelResourceTest" classname="Tests.Unit.Resources.AbstractModelResourceTest" assertions="1" time="0.002021"/>
        <testsuite name="Handles resource class name edge cases" tests="5" assertions="5" errors="0" failures="0" skipped="0" time="0.010741">
          <testcase name="Handles resource class name edge cases with data set &quot;standard resource name&quot;" file="Abstract Model Resource (Tests\Unit\Resources\AbstractModelResource)::Handles resource class name edge cases with data set &quot;standard resource name&quot;" class="Tests\Unit\Resources\AbstractModelResourceTest" classname="Tests.Unit.Resources.AbstractModelResourceTest" assertions="1" time="0.002177"/>
          <testcase name="Handles resource class name edge cases with data set &quot;resource without suffix&quot;" file="Abstract Model Resource (Tests\Unit\Resources\AbstractModelResource)::Handles resource class name edge cases with data set &quot;resource without suffix&quot;" class="Tests\Unit\Resources\AbstractModelResourceTest" classname="Tests.Unit.Resources.AbstractModelResourceTest" assertions="1" time="0.002117"/>
          <testcase name="Handles resource class name edge cases with data set &quot;resource word alone&quot;" file="Abstract Model Resource (Tests\Unit\Resources\AbstractModelResource)::Handles resource class name edge cases with data set &quot;resource word alone&quot;" class="Tests\Unit\Resources\AbstractModelResourceTest" classname="Tests.Unit.Resources.AbstractModelResourceTest" assertions="1" time="0.002075"/>
          <testcase name="Handles resource class name edge cases with data set &quot;multiple resource words&quot;" file="Abstract Model Resource (Tests\Unit\Resources\AbstractModelResource)::Handles resource class name edge cases with data set &quot;multiple resource words&quot;" class="Tests\Unit\Resources\AbstractModelResourceTest" classname="Tests.Unit.Resources.AbstractModelResourceTest" assertions="1" time="0.002164"/>
          <testcase name="Handles resource class name edge cases with data set &quot;nested resource name&quot;" file="Abstract Model Resource (Tests\Unit\Resources\AbstractModelResource)::Handles resource class name edge cases with data set &quot;nested resource name&quot;" class="Tests\Unit\Resources\AbstractModelResourceTest" classname="Tests.Unit.Resources.AbstractModelResourceTest" assertions="1" time="0.002207"/>
        </testsuite>
      </testsuite>
      <testsuite name="Tests\Unit\Resources\AbstractResourceTest" file="tests/Unit/Resources/AbstractResourceTest.php" tests="33" assertions="110" errors="0" failures="0" skipped="0" time="0.137379">
        <testcase name="`AbstractResource` → `Happy Paths` → `getFields()` → returns empty array by default" file="tests/Unit/Resources/AbstractResourceTest.php::`AbstractResource` → `Happy Paths` → `getFields()` → returns empty array by default" class="Tests\Unit\Resources\AbstractResourceTest" classname="Tests.Unit.Resources.AbstractResourceTest" assertions="3" time="0.006282"/>
        <testcase name="`AbstractResource` → `Happy Paths` → `getFields()` → can be overridden to return custom fields" file="tests/Unit/Resources/AbstractResourceTest.php::`AbstractResource` → `Happy Paths` → `getFields()` → can be overridden to return custom fields" class="Tests\Unit\Resources\AbstractResourceTest" classname="Tests.Unit.Resources.AbstractResourceTest" assertions="3" time="0.003780"/>
        <testcase name="`AbstractResource` → `Happy Paths` → `getFields()` → is a static method that can be called without instantiation" file="tests/Unit/Resources/AbstractResourceTest.php::`AbstractResource` → `Happy Paths` → `getFields()` → is a static method that can be called without instantiation" class="Tests\Unit\Resources\AbstractResourceTest" classname="Tests.Unit.Resources.AbstractResourceTest" assertions="1" time="0.003611"/>
        <testcase name="`AbstractResource` → `Happy Paths` → `getFilters()` → returns empty array by default" file="tests/Unit/Resources/AbstractResourceTest.php::`AbstractResource` → `Happy Paths` → `getFilters()` → returns empty array by default" class="Tests\Unit\Resources\AbstractResourceTest" classname="Tests.Unit.Resources.AbstractResourceTest" assertions="3" time="0.003631"/>
        <testcase name="`AbstractResource` → `Happy Paths` → `getFilters()` → can be overridden to return custom filters" file="tests/Unit/Resources/AbstractResourceTest.php::`AbstractResource` → `Happy Paths` → `getFilters()` → can be overridden to return custom filters" class="Tests\Unit\Resources\AbstractResourceTest" classname="Tests.Unit.Resources.AbstractResourceTest" assertions="3" time="0.003765"/>
        <testcase name="`AbstractResource` → `Happy Paths` → `getFilters()` → is a static method that can be called without instantiation" file="tests/Unit/Resources/AbstractResourceTest.php::`AbstractResource` → `Happy Paths` → `getFilters()` → is a static method that can be called without instantiation" class="Tests\Unit\Resources\AbstractResourceTest" classname="Tests.Unit.Resources.AbstractResourceTest" assertions="1" time="0.003751"/>
        <testcase name="`AbstractResource` → `Happy Paths` → `getRelationships()` → returns empty array by default" file="tests/Unit/Resources/AbstractResourceTest.php::`AbstractResource` → `Happy Paths` → `getRelationships()` → returns empty array by default" class="Tests\Unit\Resources\AbstractResourceTest" classname="Tests.Unit.Resources.AbstractResourceTest" assertions="3" time="0.003811"/>
        <testcase name="`AbstractResource` → `Happy Paths` → `getRelationships()` → can be overridden to return custom relationships" file="tests/Unit/Resources/AbstractResourceTest.php::`AbstractResource` → `Happy Paths` → `getRelationships()` → can be overridden to return custom relationships" class="Tests\Unit\Resources\AbstractResourceTest" classname="Tests.Unit.Resources.AbstractResourceTest" assertions="5" time="0.003657"/>
        <testcase name="`AbstractResource` → `Happy Paths` → `getRelationships()` → is a static method that can be called without instantiation" file="tests/Unit/Resources/AbstractResourceTest.php::`AbstractResource` → `Happy Paths` → `getRelationships()` → is a static method that can be called without instantiation" class="Tests\Unit\Resources\AbstractResourceTest" classname="Tests.Unit.Resources.AbstractResourceTest" assertions="1" time="0.003932"/>
        <testcase name="`AbstractResource` → `Happy Paths` → `getSorts()` → returns empty array by default" file="tests/Unit/Resources/AbstractResourceTest.php::`AbstractResource` → `Happy Paths` → `getSorts()` → returns empty array by default" class="Tests\Unit\Resources\AbstractResourceTest" classname="Tests.Unit.Resources.AbstractResourceTest" assertions="3" time="0.003853"/>
        <testcase name="`AbstractResource` → `Happy Paths` → `getSorts()` → can be overridden to return custom sorts" file="tests/Unit/Resources/AbstractResourceTest.php::`AbstractResource` → `Happy Paths` → `getSorts()` → can be overridden to return custom sorts" class="Tests\Unit\Resources\AbstractResourceTest" classname="Tests.Unit.Resources.AbstractResourceTest" assertions="4" time="0.003712"/>
        <testcase name="`AbstractResource` → `Happy Paths` → `getSorts()` → is a static method that can be called without instantiation" file="tests/Unit/Resources/AbstractResourceTest.php::`AbstractResource` → `Happy Paths` → `getSorts()` → is a static method that can be called without instantiation" class="Tests\Unit\Resources\AbstractResourceTest" classname="Tests.Unit.Resources.AbstractResourceTest" assertions="1" time="0.003934"/>
        <testcase name="`AbstractResource` → `Happy Paths` → `toArray()` → returns standardized resource structure" file="tests/Unit/Resources/AbstractResourceTest.php::`AbstractResource` → `Happy Paths` → `toArray()` → returns standardized resource structure" class="Tests\Unit\Resources\AbstractResourceTest" classname="Tests.Unit.Resources.AbstractResourceTest" assertions="4" time="0.003667"/>
        <testcase name="`AbstractResource` → `Happy Paths` → `toArray()` → uses concrete implementation methods" file="tests/Unit/Resources/AbstractResourceTest.php::`AbstractResource` → `Happy Paths` → `toArray()` → uses concrete implementation methods" class="Tests\Unit\Resources\AbstractResourceTest" classname="Tests.Unit.Resources.AbstractResourceTest" assertions="1" time="0.003869"/>
        <testcase name="`AbstractResource` → `Edge Cases` → `Static method calls` → all default methods return consistent empty arrays" file="tests/Unit/Resources/AbstractResourceTest.php::`AbstractResource` → `Edge Cases` → `Static method calls` → all default methods return consistent empty arrays" class="Tests\Unit\Resources\AbstractResourceTest" classname="Tests.Unit.Resources.AbstractResourceTest" assertions="4" time="0.003958"/>
        <testcase name="`AbstractResource` → `Edge Cases` → `Static method calls` → methods can be called via reflection" file="tests/Unit/Resources/AbstractResourceTest.php::`AbstractResource` → `Edge Cases` → `Static method calls` → methods can be called via reflection" class="Tests\Unit\Resources\AbstractResourceTest" classname="Tests.Unit.Resources.AbstractResourceTest" assertions="4" time="0.003870"/>
        <testcase name="`AbstractResource` → `Edge Cases` → `Inheritance behavior` → subclasses inherit default implementations" file="tests/Unit/Resources/AbstractResourceTest.php::`AbstractResource` → `Edge Cases` → `Inheritance behavior` → subclasses inherit default implementations" class="Tests\Unit\Resources\AbstractResourceTest" classname="Tests.Unit.Resources.AbstractResourceTest" assertions="4" time="0.003782"/>
        <testcase name="`AbstractResource` → `Edge Cases` → `Inheritance behavior` → subclasses can selectively override methods" file="tests/Unit/Resources/AbstractResourceTest.php::`AbstractResource` → `Edge Cases` → `Inheritance behavior` → subclasses can selectively override methods" class="Tests\Unit\Resources\AbstractResourceTest" classname="Tests.Unit.Resources.AbstractResourceTest" assertions="4" time="0.003967"/>
        <testcase name="`AbstractResource` → `Edge Cases` → `Method return types` → all methods return arrays even when not overridden" file="tests/Unit/Resources/AbstractResourceTest.php::`AbstractResource` → `Edge Cases` → `Method return types` → all methods return arrays even when not overridden" class="Tests\Unit\Resources\AbstractResourceTest" classname="Tests.Unit.Resources.AbstractResourceTest" assertions="4" time="0.003935"/>
        <testcase name="`AbstractResource` → `Edge Cases` → `toArray() with various attribute scenarios` → handles resource with empty attributes array" file="tests/Unit/Resources/AbstractResourceTest.php::`AbstractResource` → `Edge Cases` → `toArray() with various attribute scenarios` → handles resource with empty attributes array" class="Tests\Unit\Resources\AbstractResourceTest" classname="Tests.Unit.Resources.AbstractResourceTest" assertions="8" time="0.004049"/>
        <testcase name="`AbstractResource` → `Edge Cases` → `toArray() with various attribute scenarios` → handles resource with numeric string id" file="tests/Unit/Resources/AbstractResourceTest.php::`AbstractResource` → `Edge Cases` → `toArray() with various attribute scenarios` → handles resource with numeric string id" class="Tests\Unit\Resources\AbstractResourceTest" classname="Tests.Unit.Resources.AbstractResourceTest" assertions="2" time="0.004168"/>
        <testcase name="`AbstractResource` → `Edge Cases` → `toArray() with various attribute scenarios` → handles resource with uuid id" file="tests/Unit/Resources/AbstractResourceTest.php::`AbstractResource` → `Edge Cases` → `toArray() with various attribute scenarios` → handles resource with uuid id" class="Tests\Unit\Resources\AbstractResourceTest" classname="Tests.Unit.Resources.AbstractResourceTest" assertions="2" time="0.009368"/>
        <testcase name="`AbstractResource` → `Edge Cases` → `toArray() with various attribute scenarios` → handles resource with complex nested attributes" file="tests/Unit/Resources/AbstractResourceTest.php::`AbstractResource` → `Edge Cases` → `toArray() with various attribute scenarios` → handles resource with complex nested attributes" class="Tests\Unit\Resources\AbstractResourceTest" classname="Tests.Unit.Resources.AbstractResourceTest" assertions="6" time="0.004496"/>
        <testcase name="`AbstractResource` → `Edge Cases` → `toArray() with various attribute scenarios` → handles resource with special characters in type" file="tests/Unit/Resources/AbstractResourceTest.php::`AbstractResource` → `Edge Cases` → `toArray() with various attribute scenarios` → handles resource with special characters in type" class="Tests\Unit\Resources\AbstractResourceTest" classname="Tests.Unit.Resources.AbstractResourceTest" assertions="2" time="0.004312"/>
        <testcase name="`AbstractResource` → `Edge Cases` → `Static method call variations` → calling methods multiple times returns consistent results" file="tests/Unit/Resources/AbstractResourceTest.php::`AbstractResource` → `Edge Cases` → `Static method call variations` → calling methods multiple times returns consistent results" class="Tests\Unit\Resources\AbstractResourceTest" classname="Tests.Unit.Resources.AbstractResourceTest" assertions="3" time="0.004019"/>
        <testcase name="`AbstractResource` → `Edge Cases` → `Static method call variations` → different classes maintain independent static method results" file="tests/Unit/Resources/AbstractResourceTest.php::`AbstractResource` → `Edge Cases` → `Static method call variations` → different classes maintain independent static method results" class="Tests\Unit\Resources\AbstractResourceTest" classname="Tests.Unit.Resources.AbstractResourceTest" assertions="3" time="0.003998"/>
        <testcase name="`AbstractResource` → `Edge Cases` → `Static method call variations` → mixed static method calls preserve correct values" file="tests/Unit/Resources/AbstractResourceTest.php::`AbstractResource` → `Edge Cases` → `Static method call variations` → mixed static method calls preserve correct values" class="Tests\Unit\Resources\AbstractResourceTest" classname="Tests.Unit.Resources.AbstractResourceTest" assertions="4" time="0.004005"/>
        <testcase name="`AbstractResource` → `Sad Paths` → `Abstract class instantiation` → cannot instantiate AbstractResource directly" file="tests/Unit/Resources/AbstractResourceTest.php::`AbstractResource` → `Sad Paths` → `Abstract class instantiation` → cannot instantiate AbstractResource directly" class="Tests\Unit\Resources\AbstractResourceTest" classname="Tests.Unit.Resources.AbstractResourceTest" assertions="1" time="0.004210"/>
        <testcase name="`AbstractResource` → `Regressions` → `Late static binding consistency` → static methods use late static binding correctly across inheritance" file="tests/Unit/Resources/AbstractResourceTest.php::`AbstractResource` → `Regressions` → `Late static binding consistency` → static methods use late static binding correctly across inheritance" class="Tests\Unit\Resources\AbstractResourceTest" classname="Tests.Unit.Resources.AbstractResourceTest" assertions="3" time="0.003981"/>
        <testcase name="`AbstractResource` → `Regressions` → `Late static binding consistency` → calling parent method from child returns child implementation" file="tests/Unit/Resources/AbstractResourceTest.php::`AbstractResource` → `Regressions` → `Late static binding consistency` → calling parent method from child returns child implementation" class="Tests\Unit\Resources\AbstractResourceTest" classname="Tests.Unit.Resources.AbstractResourceTest" assertions="4" time="0.004004"/>
        <testcase name="`AbstractResource` → `Regressions` → `Multiple concurrent resource instances` → different resource instances maintain separate state" file="tests/Unit/Resources/AbstractResourceTest.php::`AbstractResource` → `Regressions` → `Multiple concurrent resource instances` → different resource instances maintain separate state" class="Tests\Unit\Resources\AbstractResourceTest" classname="Tests.Unit.Resources.AbstractResourceTest" assertions="4" time="0.004028"/>
        <testcase name="`AbstractResource` → `Regressions` → `Multiple concurrent resource instances` → static methods remain consistent when instances exist" file="tests/Unit/Resources/AbstractResourceTest.php::`AbstractResource` → `Regressions` → `Multiple concurrent resource instances` → static methods remain consistent when instances exist" class="Tests\Unit\Resources\AbstractResourceTest" classname="Tests.Unit.Resources.AbstractResourceTest" assertions="2" time="0.003941"/>
        <testcase name="`AbstractResource` → `Regressions` → `Empty array returns consistency` → default implementations always return empty arrays not null" file="tests/Unit/Resources/AbstractResourceTest.php::`AbstractResource` → `Regressions` → `Empty array returns consistency` → default implementations always return empty arrays not null" class="Tests\Unit\Resources\AbstractResourceTest" classname="Tests.Unit.Resources.AbstractResourceTest" assertions="10" time="0.004035"/>
      </testsuite>
      <testsuite name="Tests\Unit\Rules\IdentifierTest" file="tests/Unit/Rules/IdentifierTest.php" tests="6" assertions="9" errors="0" failures="0" skipped="0" time="0.029001">
        <testcase name="`Identifier Rule` → `Happy Paths` → validates correctly with an integer" file="tests/Unit/Rules/IdentifierTest.php::`Identifier Rule` → `Happy Paths` → validates correctly with an integer" class="Tests\Unit\Rules\IdentifierTest" classname="Tests.Unit.Rules.IdentifierTest" assertions="1" time="0.010365"/>
        <testcase name="`Identifier Rule` → `Happy Paths` → validates correctly with a string" file="tests/Unit/Rules/IdentifierTest.php::`Identifier Rule` → `Happy Paths` → validates correctly with a string" class="Tests\Unit\Rules\IdentifierTest" classname="Tests.Unit.Rules.IdentifierTest" assertions="1" time="0.003675"/>
        <testcase name="`Identifier Rule` → `Happy Paths` → validates correctly with null" file="tests/Unit/Rules/IdentifierTest.php::`Identifier Rule` → `Happy Paths` → validates correctly with null" class="Tests\Unit\Rules\IdentifierTest" classname="Tests.Unit.Rules.IdentifierTest" assertions="1" time="0.003691"/>
        <testcase name="`Identifier Rule` → `Sad Paths` → fails validation for an array" file="tests/Unit/Rules/IdentifierTest.php::`Identifier Rule` → `Sad Paths` → fails validation for an array" class="Tests\Unit\Rules\IdentifierTest" classname="Tests.Unit.Rules.IdentifierTest" assertions="2" time="0.003684"/>
        <testcase name="`Identifier Rule` → `Sad Paths` → fails validation for an object" file="tests/Unit/Rules/IdentifierTest.php::`Identifier Rule` → `Sad Paths` → fails validation for an object" class="Tests\Unit\Rules\IdentifierTest" classname="Tests.Unit.Rules.IdentifierTest" assertions="2" time="0.003844"/>
        <testcase name="`Identifier Rule` → `Sad Paths` → fails validation for a boolean" file="tests/Unit/Rules/IdentifierTest.php::`Identifier Rule` → `Sad Paths` → fails validation for a boolean" class="Tests\Unit\Rules\IdentifierTest" classname="Tests.Unit.Rules.IdentifierTest" assertions="2" time="0.003742"/>
      </testsuite>
      <testsuite name="Tests\Unit\Rules\SemanticVersionTest" file="tests/Unit/Rules/SemanticVersionTest.php" tests="53" assertions="62" errors="0" failures="0" skipped="0" time="0.219793">
        <testcase name="`SemanticVersion` → `Happy Paths` → validates basic semantic version strings with correct format" file="tests/Unit/Rules/SemanticVersionTest.php::`SemanticVersion` → `Happy Paths` → validates basic semantic version strings with correct format" class="Tests\Unit\Rules\SemanticVersionTest" classname="Tests.Unit.Rules.SemanticVersionTest" assertions="1" time="0.004844"/>
        <testcase name="`SemanticVersion` → `Happy Paths` → validates semantic version with non-zero minor version" file="tests/Unit/Rules/SemanticVersionTest.php::`SemanticVersion` → `Happy Paths` → validates semantic version with non-zero minor version" class="Tests\Unit\Rules\SemanticVersionTest" classname="Tests.Unit.Rules.SemanticVersionTest" assertions="1" time="0.003692"/>
        <testcase name="`SemanticVersion` → `Happy Paths` → validates semantic version with zero major version" file="tests/Unit/Rules/SemanticVersionTest.php::`SemanticVersion` → `Happy Paths` → validates semantic version with zero major version" class="Tests\Unit\Rules\SemanticVersionTest" classname="Tests.Unit.Rules.SemanticVersionTest" assertions="1" time="0.008647"/>
        <testcase name="`SemanticVersion` → `Happy Paths` → validates semantic version with alpha prerelease identifier" file="tests/Unit/Rules/SemanticVersionTest.php::`SemanticVersion` → `Happy Paths` → validates semantic version with alpha prerelease identifier" class="Tests\Unit\Rules\SemanticVersionTest" classname="Tests.Unit.Rules.SemanticVersionTest" assertions="1" time="0.004427"/>
        <testcase name="`SemanticVersion` → `Happy Paths` → validates semantic version with numbered beta prerelease" file="tests/Unit/Rules/SemanticVersionTest.php::`SemanticVersion` → `Happy Paths` → validates semantic version with numbered beta prerelease" class="Tests\Unit\Rules\SemanticVersionTest" classname="Tests.Unit.Rules.SemanticVersionTest" assertions="1" time="0.004003"/>
        <testcase name="`SemanticVersion` → `Happy Paths` → validates semantic version with rc prerelease identifier" file="tests/Unit/Rules/SemanticVersionTest.php::`SemanticVersion` → `Happy Paths` → validates semantic version with rc prerelease identifier" class="Tests\Unit\Rules\SemanticVersionTest" classname="Tests.Unit.Rules.SemanticVersionTest" assertions="1" time="0.003860"/>
        <testcase name="`SemanticVersion` → `Happy Paths` → validates semantic version with build metadata" file="tests/Unit/Rules/SemanticVersionTest.php::`SemanticVersion` → `Happy Paths` → validates semantic version with build metadata" class="Tests\Unit\Rules\SemanticVersionTest" classname="Tests.Unit.Rules.SemanticVersionTest" assertions="1" time="0.003762"/>
        <testcase name="`SemanticVersion` → `Happy Paths` → validates semantic version with prerelease and build metadata" file="tests/Unit/Rules/SemanticVersionTest.php::`SemanticVersion` → `Happy Paths` → validates semantic version with prerelease and build metadata" class="Tests\Unit\Rules\SemanticVersionTest" classname="Tests.Unit.Rules.SemanticVersionTest" assertions="1" time="0.003937"/>
        <testcase name="`SemanticVersion` → `Happy Paths` → validates semantic version with complex prerelease identifiers" file="tests/Unit/Rules/SemanticVersionTest.php::`SemanticVersion` → `Happy Paths` → validates semantic version with complex prerelease identifiers" class="Tests\Unit\Rules\SemanticVersionTest" classname="Tests.Unit.Rules.SemanticVersionTest" assertions="1" time="0.003830"/>
        <testcase name="`SemanticVersion` → `Happy Paths` → validates semantic version with large version numbers" file="tests/Unit/Rules/SemanticVersionTest.php::`SemanticVersion` → `Happy Paths` → validates semantic version with large version numbers" class="Tests\Unit\Rules\SemanticVersionTest" classname="Tests.Unit.Rules.SemanticVersionTest" assertions="1" time="0.003806"/>
        <testcase name="`SemanticVersion` → `Happy Paths` → isValid returns true for valid semantic version string" file="tests/Unit/Rules/SemanticVersionTest.php::`SemanticVersion` → `Happy Paths` → isValid returns true for valid semantic version string" class="Tests\Unit\Rules\SemanticVersionTest" classname="Tests.Unit.Rules.SemanticVersionTest" assertions="1" time="0.003662"/>
        <testcase name="`SemanticVersion` → `Happy Paths` → parse extracts major minor patch components correctly" file="tests/Unit/Rules/SemanticVersionTest.php::`SemanticVersion` → `Happy Paths` → parse extracts major minor patch components correctly" class="Tests\Unit\Rules\SemanticVersionTest" classname="Tests.Unit.Rules.SemanticVersionTest" assertions="1" time="0.003589"/>
        <testcase name="`SemanticVersion` → `Happy Paths` → parse extracts prerelease identifier correctly" file="tests/Unit/Rules/SemanticVersionTest.php::`SemanticVersion` → `Happy Paths` → parse extracts prerelease identifier correctly" class="Tests\Unit\Rules\SemanticVersionTest" classname="Tests.Unit.Rules.SemanticVersionTest" assertions="2" time="0.004316"/>
        <testcase name="`SemanticVersion` → `Happy Paths` → parse extracts build metadata correctly" file="tests/Unit/Rules/SemanticVersionTest.php::`SemanticVersion` → `Happy Paths` → parse extracts build metadata correctly" class="Tests\Unit\Rules\SemanticVersionTest" classname="Tests.Unit.Rules.SemanticVersionTest" assertions="1" time="0.004450"/>
        <testcase name="`SemanticVersion` → `Happy Paths` → parse extracts both prerelease and build metadata" file="tests/Unit/Rules/SemanticVersionTest.php::`SemanticVersion` → `Happy Paths` → parse extracts both prerelease and build metadata" class="Tests\Unit\Rules\SemanticVersionTest" classname="Tests.Unit.Rules.SemanticVersionTest" assertions="2" time="0.004051"/>
        <testcase name="`SemanticVersion` → `Happy Paths` → stability returns stable for version without prerelease" file="tests/Unit/Rules/SemanticVersionTest.php::`SemanticVersion` → `Happy Paths` → stability returns stable for version without prerelease" class="Tests\Unit\Rules\SemanticVersionTest" classname="Tests.Unit.Rules.SemanticVersionTest" assertions="1" time="0.003665"/>
        <testcase name="`SemanticVersion` → `Happy Paths` → stability returns alpha for alpha prerelease version" file="tests/Unit/Rules/SemanticVersionTest.php::`SemanticVersion` → `Happy Paths` → stability returns alpha for alpha prerelease version" class="Tests\Unit\Rules\SemanticVersionTest" classname="Tests.Unit.Rules.SemanticVersionTest" assertions="1" time="0.003716"/>
        <testcase name="`SemanticVersion` → `Happy Paths` → stability returns beta for beta prerelease version" file="tests/Unit/Rules/SemanticVersionTest.php::`SemanticVersion` → `Happy Paths` → stability returns beta for beta prerelease version" class="Tests\Unit\Rules\SemanticVersionTest" classname="Tests.Unit.Rules.SemanticVersionTest" assertions="1" time="0.003823"/>
        <testcase name="`SemanticVersion` → `Happy Paths` → stability returns rc for release candidate version" file="tests/Unit/Rules/SemanticVersionTest.php::`SemanticVersion` → `Happy Paths` → stability returns rc for release candidate version" class="Tests\Unit\Rules\SemanticVersionTest" classname="Tests.Unit.Rules.SemanticVersionTest" assertions="1" time="0.003750"/>
        <testcase name="`SemanticVersion` → `Happy Paths` → normalize returns unchanged version for valid semver" file="tests/Unit/Rules/SemanticVersionTest.php::`SemanticVersion` → `Happy Paths` → normalize returns unchanged version for valid semver" class="Tests\Unit\Rules\SemanticVersionTest" classname="Tests.Unit.Rules.SemanticVersionTest" assertions="1" time="0.003613"/>
        <testcase name="`SemanticVersion` → `Happy Paths` → normalize converts single integer to semver format" file="tests/Unit/Rules/SemanticVersionTest.php::`SemanticVersion` → `Happy Paths` → normalize converts single integer to semver format" class="Tests\Unit\Rules\SemanticVersionTest" classname="Tests.Unit.Rules.SemanticVersionTest" assertions="1" time="0.003672"/>
        <testcase name="`SemanticVersion` → `Sad Paths` → fails validation for non-string value" file="tests/Unit/Rules/SemanticVersionTest.php::`SemanticVersion` → `Sad Paths` → fails validation for non-string value" class="Tests\Unit\Rules\SemanticVersionTest" classname="Tests.Unit.Rules.SemanticVersionTest" assertions="2" time="0.003851"/>
        <testcase name="`SemanticVersion` → `Sad Paths` → fails validation for array value" file="tests/Unit/Rules/SemanticVersionTest.php::`SemanticVersion` → `Sad Paths` → fails validation for array value" class="Tests\Unit\Rules\SemanticVersionTest" classname="Tests.Unit.Rules.SemanticVersionTest" assertions="2" time="0.004083"/>
        <testcase name="`SemanticVersion` → `Sad Paths` → fails validation for invalid version string format" file="tests/Unit/Rules/SemanticVersionTest.php::`SemanticVersion` → `Sad Paths` → fails validation for invalid version string format" class="Tests\Unit\Rules\SemanticVersionTest" classname="Tests.Unit.Rules.SemanticVersionTest" assertions="2" time="0.003814"/>
        <testcase name="`SemanticVersion` → `Sad Paths` → fails validation for version with only major and minor" file="tests/Unit/Rules/SemanticVersionTest.php::`SemanticVersion` → `Sad Paths` → fails validation for version with only major and minor" class="Tests\Unit\Rules\SemanticVersionTest" classname="Tests.Unit.Rules.SemanticVersionTest" assertions="1" time="0.003864"/>
        <testcase name="`SemanticVersion` → `Sad Paths` → fails validation for version with leading v prefix" file="tests/Unit/Rules/SemanticVersionTest.php::`SemanticVersion` → `Sad Paths` → fails validation for version with leading v prefix" class="Tests\Unit\Rules\SemanticVersionTest" classname="Tests.Unit.Rules.SemanticVersionTest" assertions="1" time="0.003847"/>
        <testcase name="`SemanticVersion` → `Sad Paths` → fails validation for version with leading zeros in major" file="tests/Unit/Rules/SemanticVersionTest.php::`SemanticVersion` → `Sad Paths` → fails validation for version with leading zeros in major" class="Tests\Unit\Rules\SemanticVersionTest" classname="Tests.Unit.Rules.SemanticVersionTest" assertions="1" time="0.003968"/>
        <testcase name="`SemanticVersion` → `Sad Paths` → fails validation for version with leading zeros in minor" file="tests/Unit/Rules/SemanticVersionTest.php::`SemanticVersion` → `Sad Paths` → fails validation for version with leading zeros in minor" class="Tests\Unit\Rules\SemanticVersionTest" classname="Tests.Unit.Rules.SemanticVersionTest" assertions="1" time="0.003987"/>
        <testcase name="`SemanticVersion` → `Sad Paths` → fails validation for version with leading zeros in patch" file="tests/Unit/Rules/SemanticVersionTest.php::`SemanticVersion` → `Sad Paths` → fails validation for version with leading zeros in patch" class="Tests\Unit\Rules\SemanticVersionTest" classname="Tests.Unit.Rules.SemanticVersionTest" assertions="1" time="0.003756"/>
        <testcase name="`SemanticVersion` → `Sad Paths` → fails validation for version with spaces" file="tests/Unit/Rules/SemanticVersionTest.php::`SemanticVersion` → `Sad Paths` → fails validation for version with spaces" class="Tests\Unit\Rules\SemanticVersionTest" classname="Tests.Unit.Rules.SemanticVersionTest" assertions="1" time="0.003753"/>
        <testcase name="`SemanticVersion` → `Sad Paths` → passes validation for empty string due to regex matching behavior" file="tests/Unit/Rules/SemanticVersionTest.php::`SemanticVersion` → `Sad Paths` → passes validation for empty string due to regex matching behavior" class="Tests\Unit\Rules\SemanticVersionTest" classname="Tests.Unit.Rules.SemanticVersionTest" assertions="1" time="0.008562"/>
        <testcase name="`SemanticVersion` → `Sad Paths` → isValid returns false for invalid version string" file="tests/Unit/Rules/SemanticVersionTest.php::`SemanticVersion` → `Sad Paths` → isValid returns false for invalid version string" class="Tests\Unit\Rules\SemanticVersionTest" classname="Tests.Unit.Rules.SemanticVersionTest" assertions="1" time="0.004132"/>
        <testcase name="`SemanticVersion` → `Sad Paths` → isValid returns false for version with leading zeros" file="tests/Unit/Rules/SemanticVersionTest.php::`SemanticVersion` → `Sad Paths` → isValid returns false for version with leading zeros" class="Tests\Unit\Rules\SemanticVersionTest" classname="Tests.Unit.Rules.SemanticVersionTest" assertions="1" time="0.003875"/>
        <testcase name="`SemanticVersion` → `Sad Paths` → parse returns null for invalid version string" file="tests/Unit/Rules/SemanticVersionTest.php::`SemanticVersion` → `Sad Paths` → parse returns null for invalid version string" class="Tests\Unit\Rules\SemanticVersionTest" classname="Tests.Unit.Rules.SemanticVersionTest" assertions="1" time="0.003799"/>
        <testcase name="`SemanticVersion` → `Sad Paths` → parse returns null for version with leading v" file="tests/Unit/Rules/SemanticVersionTest.php::`SemanticVersion` → `Sad Paths` → parse returns null for version with leading v" class="Tests\Unit\Rules\SemanticVersionTest" classname="Tests.Unit.Rules.SemanticVersionTest" assertions="1" time="0.003932"/>
        <testcase name="`SemanticVersion` → `Sad Paths` → stability returns stable for invalid version string" file="tests/Unit/Rules/SemanticVersionTest.php::`SemanticVersion` → `Sad Paths` → stability returns stable for invalid version string" class="Tests\Unit\Rules\SemanticVersionTest" classname="Tests.Unit.Rules.SemanticVersionTest" assertions="1" time="0.004061"/>
        <testcase name="`SemanticVersion` → `Sad Paths` → normalize returns invalid string unchanged when not integer" file="tests/Unit/Rules/SemanticVersionTest.php::`SemanticVersion` → `Sad Paths` → normalize returns invalid string unchanged when not integer" class="Tests\Unit\Rules\SemanticVersionTest" classname="Tests.Unit.Rules.SemanticVersionTest" assertions="1" time="0.003892"/>
        <testcase name="`SemanticVersion` → `Edge Cases` → validates version with zero for all components" file="tests/Unit/Rules/SemanticVersionTest.php::`SemanticVersion` → `Edge Cases` → validates version with zero for all components" class="Tests\Unit\Rules\SemanticVersionTest" classname="Tests.Unit.Rules.SemanticVersionTest" assertions="1" time="0.003908"/>
        <testcase name="`SemanticVersion` → `Edge Cases` → validates version with very long prerelease identifier" file="tests/Unit/Rules/SemanticVersionTest.php::`SemanticVersion` → `Edge Cases` → validates version with very long prerelease identifier" class="Tests\Unit\Rules\SemanticVersionTest" classname="Tests.Unit.Rules.SemanticVersionTest" assertions="1" time="0.003876"/>
        <testcase name="`SemanticVersion` → `Edge Cases` → validates version with hyphenated prerelease identifier" file="tests/Unit/Rules/SemanticVersionTest.php::`SemanticVersion` → `Edge Cases` → validates version with hyphenated prerelease identifier" class="Tests\Unit\Rules\SemanticVersionTest" classname="Tests.Unit.Rules.SemanticVersionTest" assertions="1" time="0.004203"/>
        <testcase name="`SemanticVersion` → `Edge Cases` → validates version with numeric-only build metadata" file="tests/Unit/Rules/SemanticVersionTest.php::`SemanticVersion` → `Edge Cases` → validates version with numeric-only build metadata" class="Tests\Unit\Rules\SemanticVersionTest" classname="Tests.Unit.Rules.SemanticVersionTest" assertions="1" time="0.003936"/>
        <testcase name="`SemanticVersion` → `Edge Cases` → validates version with alphanumeric build metadata" file="tests/Unit/Rules/SemanticVersionTest.php::`SemanticVersion` → `Edge Cases` → validates version with alphanumeric build metadata" class="Tests\Unit\Rules\SemanticVersionTest" classname="Tests.Unit.Rules.SemanticVersionTest" assertions="1" time="0.003849"/>
        <testcase name="`SemanticVersion` → `Edge Cases` → parse handles version with all components at maximum" file="tests/Unit/Rules/SemanticVersionTest.php::`SemanticVersion` → `Edge Cases` → parse handles version with all components at maximum" class="Tests\Unit\Rules\SemanticVersionTest" classname="Tests.Unit.Rules.SemanticVersionTest" assertions="5" time="0.003853"/>
        <testcase name="`SemanticVersion` → `Edge Cases` → stability returns alpha for unknown prerelease pattern" file="tests/Unit/Rules/SemanticVersionTest.php::`SemanticVersion` → `Edge Cases` → stability returns alpha for unknown prerelease pattern" class="Tests\Unit\Rules\SemanticVersionTest" classname="Tests.Unit.Rules.SemanticVersionTest" assertions="1" time="0.003991"/>
        <testcase name="`SemanticVersion` → `Edge Cases` → stability incorrectly returns alpha for version with only build metadata" file="tests/Unit/Rules/SemanticVersionTest.php::`SemanticVersion` → `Edge Cases` → stability incorrectly returns alpha for version with only build metadata" class="Tests\Unit\Rules\SemanticVersionTest" classname="Tests.Unit.Rules.SemanticVersionTest" assertions="1" time="0.004029"/>
        <testcase name="`SemanticVersion` → `Edge Cases` → normalize handles zero as integer version" file="tests/Unit/Rules/SemanticVersionTest.php::`SemanticVersion` → `Edge Cases` → normalize handles zero as integer version" class="Tests\Unit\Rules\SemanticVersionTest" classname="Tests.Unit.Rules.SemanticVersionTest" assertions="1" time="0.004024"/>
        <testcase name="`SemanticVersion` → `Edge Cases` → normalize handles multi-digit integer version" file="tests/Unit/Rules/SemanticVersionTest.php::`SemanticVersion` → `Edge Cases` → normalize handles multi-digit integer version" class="Tests\Unit\Rules\SemanticVersionTest" classname="Tests.Unit.Rules.SemanticVersionTest" assertions="1" time="0.003954"/>
        <testcase name="`SemanticVersion` → `Edge Cases` → isValid handles version with single character prerelease" file="tests/Unit/Rules/SemanticVersionTest.php::`SemanticVersion` → `Edge Cases` → isValid handles version with single character prerelease" class="Tests\Unit\Rules\SemanticVersionTest" classname="Tests.Unit.Rules.SemanticVersionTest" assertions="1" time="0.004451"/>
        <testcase name="`SemanticVersion` → `Edge Cases` → parse handles prerelease starting with number" file="tests/Unit/Rules/SemanticVersionTest.php::`SemanticVersion` → `Edge Cases` → parse handles prerelease starting with number" class="Tests\Unit\Rules\SemanticVersionTest" classname="Tests.Unit.Rules.SemanticVersionTest" assertions="1" time="0.004482"/>
        <testcase name="`SemanticVersion` → `Edge Cases` → validates version with prerelease containing only numbers" file="tests/Unit/Rules/SemanticVersionTest.php::`SemanticVersion` → `Edge Cases` → validates version with prerelease containing only numbers" class="Tests\Unit\Rules\SemanticVersionTest" classname="Tests.Unit.Rules.SemanticVersionTest" assertions="1" time="0.004195"/>
        <testcase name="`SemanticVersion` → `Edge Cases` → fails validation for negative version numbers" file="tests/Unit/Rules/SemanticVersionTest.php::`SemanticVersion` → `Edge Cases` → fails validation for negative version numbers" class="Tests\Unit\Rules\SemanticVersionTest" classname="Tests.Unit.Rules.SemanticVersionTest" assertions="1" time="0.004240"/>
        <testcase name="`SemanticVersion` → `Edge Cases` → fails validation for version with only dots" file="tests/Unit/Rules/SemanticVersionTest.php::`SemanticVersion` → `Edge Cases` → fails validation for version with only dots" class="Tests\Unit\Rules\SemanticVersionTest" classname="Tests.Unit.Rules.SemanticVersionTest" assertions="1" time="0.004234"/>
        <testcase name="`SemanticVersion` → `Edge Cases` → fails validation for version with four components" file="tests/Unit/Rules/SemanticVersionTest.php::`SemanticVersion` → `Edge Cases` → fails validation for version with four components" class="Tests\Unit\Rules\SemanticVersionTest" classname="Tests.Unit.Rules.SemanticVersionTest" assertions="1" time="0.004279"/>
      </testsuite>
      <testsuite name="Tests\Unit\Servers\ConfigurationServerTest" file="tests/Unit/Servers/ConfigurationServerTest.php" tests="13" assertions="0" errors="13" failures="0" skipped="0" time="0.065524">
        <testcase name="`ConfigurationServer` → creates server from configuration and accesses properties" file="tests/Unit/Servers/ConfigurationServerTest.php::`ConfigurationServer` → creates server from configuration and accesses properties" class="Tests\Unit\Servers\ConfigurationServerTest" classname="Tests.Unit.Servers.ConfigurationServerTest" assertions="0" time="0.017104">
          <error type="Cline\Forrst\Exceptions\InvalidFieldValueException">`ConfigurationServer` → creates server from configuration and accesses propertiesCline\Forrst\Exceptions\InvalidFieldValueException: route is invalid: Route "rpc" must start with "/"
at src/Exceptions/InvalidFieldValueException.php:22
at src/Data/Configuration/ServerData.php:168
at src/Data/Configuration/ServerData.php:77
at vendor/spatie/laravel-data/src/Resolvers/DataFromArrayResolver.php:97
at vendor/spatie/laravel-data/src/Resolvers/DataFromArrayResolver.php:33
at vendor/spatie/laravel-data/src/Resolvers/DataFromSomethingResolver.php:73
at vendor/spatie/laravel-data/src/Support/Creation/CreationContextFactory.php:207
at vendor/spatie/laravel-data/src/Concerns/BaseData.php:46
at tests/Unit/Servers/ConfigurationServerTest.php:21</error>
        </testcase>
        <testcase name="`ConfigurationServer` → returns configured methods when explicitly defined" file="tests/Unit/Servers/ConfigurationServerTest.php::`ConfigurationServer` → returns configured methods when explicitly defined" class="Tests\Unit\Servers\ConfigurationServerTest" classname="Tests.Unit.Servers.ConfigurationServerTest" assertions="0" time="0.004589">
          <error type="Cline\Forrst\Exceptions\InvalidFieldValueException">`ConfigurationServer` → returns configured methods when explicitly definedCline\Forrst\Exceptions\InvalidFieldValueException: route is invalid: Route "rpc" must start with "/"
at src/Exceptions/InvalidFieldValueException.php:22
at src/Data/Configuration/ServerData.php:168
at src/Data/Configuration/ServerData.php:77
at vendor/spatie/laravel-data/src/Resolvers/DataFromArrayResolver.php:97
at vendor/spatie/laravel-data/src/Resolvers/DataFromArrayResolver.php:33
at vendor/spatie/laravel-data/src/Resolvers/DataFromSomethingResolver.php:73
at vendor/spatie/laravel-data/src/Support/Creation/CreationContextFactory.php:207
at vendor/spatie/laravel-data/src/Concerns/BaseData.php:46
at tests/Unit/Servers/ConfigurationServerTest.php:47</error>
        </testcase>
        <testcase name="`ConfigurationServer` → returns empty array when methods directory does not exist" file="tests/Unit/Servers/ConfigurationServerTest.php::`ConfigurationServer` → returns empty array when methods directory does not exist" class="Tests\Unit\Servers\ConfigurationServerTest" classname="Tests.Unit.Servers.ConfigurationServerTest" assertions="0" time="0.004089">
          <error type="Cline\Forrst\Exceptions\InvalidFieldValueException">`ConfigurationServer` → returns empty array when methods directory does not existCline\Forrst\Exceptions\InvalidFieldValueException: route is invalid: Route "rpc" must start with "/"
at src/Exceptions/InvalidFieldValueException.php:22
at src/Data/Configuration/ServerData.php:168
at src/Data/Configuration/ServerData.php:77
at vendor/spatie/laravel-data/src/Resolvers/DataFromArrayResolver.php:97
at vendor/spatie/laravel-data/src/Resolvers/DataFromArrayResolver.php:33
at vendor/spatie/laravel-data/src/Resolvers/DataFromSomethingResolver.php:73
at vendor/spatie/laravel-data/src/Support/Creation/CreationContextFactory.php:207
at vendor/spatie/laravel-data/src/Concerns/BaseData.php:46
at tests/Unit/Servers/ConfigurationServerTest.php:65</error>
        </testcase>
        <testcase name="`ConfigurationServer` → auto-discovers method files from configured directory" file="tests/Unit/Servers/ConfigurationServerTest.php::`ConfigurationServer` → auto-discovers method files from configured directory" class="Tests\Unit\Servers\ConfigurationServerTest" classname="Tests.Unit.Servers.ConfigurationServerTest" assertions="0" time="0.003849">
          <error type="Cline\Forrst\Exceptions\InvalidFieldValueException">`ConfigurationServer` → auto-discovers method files from configured directoryCline\Forrst\Exceptions\InvalidFieldValueException: route is invalid: Route "rpc" must start with "/"
at src/Exceptions/InvalidFieldValueException.php:22
at src/Data/Configuration/ServerData.php:168
at src/Data/Configuration/ServerData.php:77
at vendor/spatie/laravel-data/src/Resolvers/DataFromArrayResolver.php:97
at vendor/spatie/laravel-data/src/Resolvers/DataFromArrayResolver.php:33
at vendor/spatie/laravel-data/src/Resolvers/DataFromSomethingResolver.php:73
at vendor/spatie/laravel-data/src/Support/Creation/CreationContextFactory.php:207
at vendor/spatie/laravel-data/src/Concerns/BaseData.php:46
at tests/Unit/Servers/ConfigurationServerTest.php:87</error>
        </testcase>
        <testcase name="`ConfigurationServer` → functions() can be called multiple times" file="tests/Unit/Servers/ConfigurationServerTest.php::`ConfigurationServer` → functions() can be called multiple times" class="Tests\Unit\Servers\ConfigurationServerTest" classname="Tests.Unit.Servers.ConfigurationServerTest" assertions="0" time="0.003996">
          <error type="Cline\Forrst\Exceptions\InvalidFieldValueException">`ConfigurationServer` → functions() can be called multiple timesCline\Forrst\Exceptions\InvalidFieldValueException: route is invalid: Route "rpc" must start with "/"
at src/Exceptions/InvalidFieldValueException.php:22
at src/Data/Configuration/ServerData.php:168
at src/Data/Configuration/ServerData.php:77
at vendor/spatie/laravel-data/src/Resolvers/DataFromArrayResolver.php:97
at vendor/spatie/laravel-data/src/Resolvers/DataFromArrayResolver.php:33
at vendor/spatie/laravel-data/src/Resolvers/DataFromSomethingResolver.php:73
at vendor/spatie/laravel-data/src/Support/Creation/CreationContextFactory.php:207
at vendor/spatie/laravel-data/src/Concerns/BaseData.php:46
at tests/Unit/Servers/ConfigurationServerTest.php:114</error>
        </testcase>
        <testcase name="`ConfigurationServer` → `Auto-discovery Pipeline Coverage` → executes full transformation pipeline with real method files" file="tests/Unit/Servers/ConfigurationServerTest.php::`ConfigurationServer` → `Auto-discovery Pipeline Coverage` → executes full transformation pipeline with real method files" class="Tests\Unit\Servers\ConfigurationServerTest" classname="Tests.Unit.Servers.ConfigurationServerTest" assertions="0" time="0.004329">
          <error type="Cline\Forrst\Exceptions\InvalidFieldValueException">`ConfigurationServer` → `Auto-discovery Pipeline Coverage` → executes full transformation pipeline with real method filesCline\Forrst\Exceptions\InvalidFieldValueException: route is invalid: Route "rpc" must start with "/"
at src/Exceptions/InvalidFieldValueException.php:22
at src/Data/Configuration/ServerData.php:168
at src/Data/Configuration/ServerData.php:77
at vendor/spatie/laravel-data/src/Resolvers/DataFromArrayResolver.php:97
at vendor/spatie/laravel-data/src/Resolvers/DataFromArrayResolver.php:33
at vendor/spatie/laravel-data/src/Resolvers/DataFromSomethingResolver.php:73
at vendor/spatie/laravel-data/src/Support/Creation/CreationContextFactory.php:207
at vendor/spatie/laravel-data/src/Concerns/BaseData.php:46
at tests/Unit/Servers/ConfigurationServerTest.php:146</error>
        </testcase>
        <testcase name="`ConfigurationServer` → `Auto-discovery Pipeline Coverage` → discovers methods from nested directory structures" file="tests/Unit/Servers/ConfigurationServerTest.php::`ConfigurationServer` → `Auto-discovery Pipeline Coverage` → discovers methods from nested directory structures" class="Tests\Unit\Servers\ConfigurationServerTest" classname="Tests.Unit.Servers.ConfigurationServerTest" assertions="0" time="0.004166">
          <error type="Cline\Forrst\Exceptions\InvalidFieldValueException">`ConfigurationServer` → `Auto-discovery Pipeline Coverage` → discovers methods from nested directory structuresCline\Forrst\Exceptions\InvalidFieldValueException: route is invalid: Route "rpc" must start with "/"
at src/Exceptions/InvalidFieldValueException.php:22
at src/Data/Configuration/ServerData.php:168
at src/Data/Configuration/ServerData.php:77
at vendor/spatie/laravel-data/src/Resolvers/DataFromArrayResolver.php:97
at vendor/spatie/laravel-data/src/Resolvers/DataFromArrayResolver.php:33
at vendor/spatie/laravel-data/src/Resolvers/DataFromSomethingResolver.php:73
at vendor/spatie/laravel-data/src/Support/Creation/CreationContextFactory.php:207
at vendor/spatie/laravel-data/src/Concerns/BaseData.php:46
at tests/Unit/Servers/ConfigurationServerTest.php:180</error>
        </testcase>
        <testcase name="`ConfigurationServer` → `Auto-discovery Pipeline Coverage` → applies ucfirst correctly during namespace transformation" file="tests/Unit/Servers/ConfigurationServerTest.php::`ConfigurationServer` → `Auto-discovery Pipeline Coverage` → applies ucfirst correctly during namespace transformation" class="Tests\Unit\Servers\ConfigurationServerTest" classname="Tests.Unit.Servers.ConfigurationServerTest" assertions="0" time="0.003882">
          <error type="Cline\Forrst\Exceptions\InvalidFieldValueException">`ConfigurationServer` → `Auto-discovery Pipeline Coverage` → applies ucfirst correctly during namespace transformationCline\Forrst\Exceptions\InvalidFieldValueException: route is invalid: Route "rpc" must start with "/"
at src/Exceptions/InvalidFieldValueException.php:22
at src/Data/Configuration/ServerData.php:168
at src/Data/Configuration/ServerData.php:77
at vendor/spatie/laravel-data/src/Resolvers/DataFromArrayResolver.php:97
at vendor/spatie/laravel-data/src/Resolvers/DataFromArrayResolver.php:33
at vendor/spatie/laravel-data/src/Resolvers/DataFromSomethingResolver.php:73
at vendor/spatie/laravel-data/src/Support/Creation/CreationContextFactory.php:207
at vendor/spatie/laravel-data/src/Concerns/BaseData.php:46
at tests/Unit/Servers/ConfigurationServerTest.php:213</error>
        </testcase>
        <testcase name="`ConfigurationServer` → `Auto-discovery Pipeline Coverage` → filters out Abstract and Test files during real discovery" file="tests/Unit/Servers/ConfigurationServerTest.php::`ConfigurationServer` → `Auto-discovery Pipeline Coverage` → filters out Abstract and Test files during real discovery" class="Tests\Unit\Servers\ConfigurationServerTest" classname="Tests.Unit.Servers.ConfigurationServerTest" assertions="0" time="0.003810">
          <error type="Cline\Forrst\Exceptions\InvalidFieldValueException">`ConfigurationServer` → `Auto-discovery Pipeline Coverage` → filters out Abstract and Test files during real discoveryCline\Forrst\Exceptions\InvalidFieldValueException: route is invalid: Route "rpc" must start with "/"
at src/Exceptions/InvalidFieldValueException.php:22
at src/Data/Configuration/ServerData.php:168
at src/Data/Configuration/ServerData.php:77
at vendor/spatie/laravel-data/src/Resolvers/DataFromArrayResolver.php:97
at vendor/spatie/laravel-data/src/Resolvers/DataFromArrayResolver.php:33
at vendor/spatie/laravel-data/src/Resolvers/DataFromSomethingResolver.php:73
at vendor/spatie/laravel-data/src/Support/Creation/CreationContextFactory.php:207
at vendor/spatie/laravel-data/src/Concerns/BaseData.php:46
at tests/Unit/Servers/ConfigurationServerTest.php:244</error>
        </testcase>
        <testcase name="`ConfigurationServer` → `Auto-discovery Pipeline Coverage` → validates methods implement FunctionInterface during discovery" file="tests/Unit/Servers/ConfigurationServerTest.php::`ConfigurationServer` → `Auto-discovery Pipeline Coverage` → validates methods implement FunctionInterface during discovery" class="Tests\Unit\Servers\ConfigurationServerTest" classname="Tests.Unit.Servers.ConfigurationServerTest" assertions="0" time="0.003874">
          <error type="Cline\Forrst\Exceptions\InvalidFieldValueException">`ConfigurationServer` → `Auto-discovery Pipeline Coverage` → validates methods implement FunctionInterface during discoveryCline\Forrst\Exceptions\InvalidFieldValueException: route is invalid: Route "rpc" must start with "/"
at src/Exceptions/InvalidFieldValueException.php:22
at src/Data/Configuration/ServerData.php:168
at src/Data/Configuration/ServerData.php:77
at vendor/spatie/laravel-data/src/Resolvers/DataFromArrayResolver.php:97
at vendor/spatie/laravel-data/src/Resolvers/DataFromArrayResolver.php:33
at vendor/spatie/laravel-data/src/Resolvers/DataFromSomethingResolver.php:73
at vendor/spatie/laravel-data/src/Support/Creation/CreationContextFactory.php:207
at vendor/spatie/laravel-data/src/Concerns/BaseData.php:46
at tests/Unit/Servers/ConfigurationServerTest.php:275</error>
        </testcase>
        <testcase name="`ConfigurationServer` → `Auto-discovery Pipeline Coverage` → returns discovered methods array correctly" file="tests/Unit/Servers/ConfigurationServerTest.php::`ConfigurationServer` → `Auto-discovery Pipeline Coverage` → returns discovered methods array correctly" class="Tests\Unit\Servers\ConfigurationServerTest" classname="Tests.Unit.Servers.ConfigurationServerTest" assertions="0" time="0.004123">
          <error type="Cline\Forrst\Exceptions\InvalidFieldValueException">`ConfigurationServer` → `Auto-discovery Pipeline Coverage` → returns discovered methods array correctlyCline\Forrst\Exceptions\InvalidFieldValueException: route is invalid: Route "rpc" must start with "/"
at src/Exceptions/InvalidFieldValueException.php:22
at src/Data/Configuration/ServerData.php:168
at src/Data/Configuration/ServerData.php:77
at vendor/spatie/laravel-data/src/Resolvers/DataFromArrayResolver.php:97
at vendor/spatie/laravel-data/src/Resolvers/DataFromArrayResolver.php:33
at vendor/spatie/laravel-data/src/Resolvers/DataFromSomethingResolver.php:73
at vendor/spatie/laravel-data/src/Support/Creation/CreationContextFactory.php:207
at vendor/spatie/laravel-data/src/Concerns/BaseData.php:46
at tests/Unit/Servers/ConfigurationServerTest.php:307</error>
        </testcase>
        <testcase name="`ConfigurationServer` → `Edge Cases and Error Handling` → filters out PHP files that do not contain valid classes" file="tests/Unit/Servers/ConfigurationServerTest.php::`ConfigurationServer` → `Edge Cases and Error Handling` → filters out PHP files that do not contain valid classes" class="Tests\Unit\Servers\ConfigurationServerTest" classname="Tests.Unit.Servers.ConfigurationServerTest" assertions="0" time="0.003872">
          <error type="Cline\Forrst\Exceptions\InvalidFieldValueException">`ConfigurationServer` → `Edge Cases and Error Handling` → filters out PHP files that do not contain valid classesCline\Forrst\Exceptions\InvalidFieldValueException: route is invalid: Route "rpc" must start with "/"
at src/Exceptions/InvalidFieldValueException.php:22
at src/Data/Configuration/ServerData.php:168
at src/Data/Configuration/ServerData.php:77
at vendor/spatie/laravel-data/src/Resolvers/DataFromArrayResolver.php:97
at vendor/spatie/laravel-data/src/Resolvers/DataFromArrayResolver.php:33
at vendor/spatie/laravel-data/src/Resolvers/DataFromSomethingResolver.php:73
at vendor/spatie/laravel-data/src/Support/Creation/CreationContextFactory.php:207
at vendor/spatie/laravel-data/src/Concerns/BaseData.php:46
at tests/Unit/Servers/ConfigurationServerTest.php:339</error>
        </testcase>
        <testcase name="`ConfigurationServer` → `Edge Cases and Error Handling` → filters out classes that do not implement FunctionInterface" file="tests/Unit/Servers/ConfigurationServerTest.php::`ConfigurationServer` → `Edge Cases and Error Handling` → filters out classes that do not implement FunctionInterface" class="Tests\Unit\Servers\ConfigurationServerTest" classname="Tests.Unit.Servers.ConfigurationServerTest" assertions="0" time="0.003842">
          <error type="Cline\Forrst\Exceptions\InvalidFieldValueException">`ConfigurationServer` → `Edge Cases and Error Handling` → filters out classes that do not implement FunctionInterfaceCline\Forrst\Exceptions\InvalidFieldValueException: route is invalid: Route "rpc" must start with "/"
at src/Exceptions/InvalidFieldValueException.php:22
at src/Data/Configuration/ServerData.php:168
at src/Data/Configuration/ServerData.php:77
at vendor/spatie/laravel-data/src/Resolvers/DataFromArrayResolver.php:97
at vendor/spatie/laravel-data/src/Resolvers/DataFromArrayResolver.php:33
at vendor/spatie/laravel-data/src/Resolvers/DataFromSomethingResolver.php:73
at vendor/spatie/laravel-data/src/Support/Creation/CreationContextFactory.php:207
at vendor/spatie/laravel-data/src/Concerns/BaseData.php:46
at tests/Unit/Servers/ConfigurationServerTest.php:365</error>
        </testcase>
      </testsuite>
      <testsuite name="Tests\Unit\Streaming\StreamChunkTest" file="tests/Unit/Streaming/StreamChunkTest.php" tests="19" assertions="33" errors="0" failures="0" skipped="0" time="0.077421">
        <testcase name="`StreamChunk` → `Happy Paths` → creates data chunk with payload" file="tests/Unit/Streaming/StreamChunkTest.php::`StreamChunk` → `Happy Paths` → creates data chunk with payload" class="Tests\Unit\Streaming\StreamChunkTest" classname="Tests.Unit.Streaming.StreamChunkTest" assertions="4" time="0.005983"/>
        <testcase name="`StreamChunk` → `Happy Paths` → creates progress chunk with percentage" file="tests/Unit/Streaming/StreamChunkTest.php::`StreamChunk` → `Happy Paths` → creates progress chunk with percentage" class="Tests\Unit\Streaming\StreamChunkTest" classname="Tests.Unit.Streaming.StreamChunkTest" assertions="3" time="0.003631"/>
        <testcase name="`StreamChunk` → `Happy Paths` → creates error chunk marked as final" file="tests/Unit/Streaming/StreamChunkTest.php::`StreamChunk` → `Happy Paths` → creates error chunk marked as final" class="Tests\Unit\Streaming\StreamChunkTest" classname="Tests.Unit.Streaming.StreamChunkTest" assertions="3" time="0.003515"/>
        <testcase name="`StreamChunk` → `Happy Paths` → creates done chunk marked as final" file="tests/Unit/Streaming/StreamChunkTest.php::`StreamChunk` → `Happy Paths` → creates done chunk marked as final" class="Tests\Unit\Streaming\StreamChunkTest" classname="Tests.Unit.Streaming.StreamChunkTest" assertions="3" time="0.003443"/>
        <testcase name="`StreamChunk` → `Happy Paths` → formats as SSE with event and data" file="tests/Unit/Streaming/StreamChunkTest.php::`StreamChunk` → `Happy Paths` → formats as SSE with event and data" class="Tests\Unit\Streaming\StreamChunkTest" classname="Tests.Unit.Streaming.StreamChunkTest" assertions="3" time="0.003457"/>
        <testcase name="`StreamChunk` → `Happy Paths` → formats as SSE with optional id" file="tests/Unit/Streaming/StreamChunkTest.php::`StreamChunk` → `Happy Paths` → formats as SSE with optional id" class="Tests\Unit\Streaming\StreamChunkTest" classname="Tests.Unit.Streaming.StreamChunkTest" assertions="3" time="0.003473"/>
        <testcase name="`StreamChunk` → `Happy Paths` → progress calculates percentage correctly" file="tests/Unit/Streaming/StreamChunkTest.php::`StreamChunk` → `Happy Paths` → progress calculates percentage correctly" class="Tests\Unit\Streaming\StreamChunkTest" classname="Tests.Unit.Streaming.StreamChunkTest" assertions="1" time="0.003832"/>
        <testcase name="`StreamChunk` → `Happy Paths` → progress rounds percentage" file="tests/Unit/Streaming/StreamChunkTest.php::`StreamChunk` → `Happy Paths` → progress rounds percentage" class="Tests\Unit\Streaming\StreamChunkTest" classname="Tests.Unit.Streaming.StreamChunkTest" assertions="1" time="0.003567"/>
        <testcase name="`StreamChunk` → `Edge Cases` → progress handles zero total gracefully" file="tests/Unit/Streaming/StreamChunkTest.php::`StreamChunk` → `Edge Cases` → progress handles zero total gracefully" class="Tests\Unit\Streaming\StreamChunkTest" classname="Tests.Unit.Streaming.StreamChunkTest" assertions="1" time="0.003479"/>
        <testcase name="`StreamChunk` → `Edge Cases` → progress works without message" file="tests/Unit/Streaming/StreamChunkTest.php::`StreamChunk` → `Edge Cases` → progress works without message" class="Tests\Unit\Streaming\StreamChunkTest" classname="Tests.Unit.Streaming.StreamChunkTest" assertions="1" time="0.003576"/>
        <testcase name="`StreamChunk` → `Edge Cases` → error works without details" file="tests/Unit/Streaming/StreamChunkTest.php::`StreamChunk` → `Edge Cases` → error works without details" class="Tests\Unit\Streaming\StreamChunkTest" classname="Tests.Unit.Streaming.StreamChunkTest" assertions="1" time="0.003583"/>
        <testcase name="`StreamChunk` → `Edge Cases` → done works without result" file="tests/Unit/Streaming/StreamChunkTest.php::`StreamChunk` → `Edge Cases` → done works without result" class="Tests\Unit\Streaming\StreamChunkTest" classname="Tests.Unit.Streaming.StreamChunkTest" assertions="2" time="0.003857"/>
        <testcase name="`StreamChunk` → `Edge Cases` → data handles scalar values" file="tests/Unit/Streaming/StreamChunkTest.php::`StreamChunk` → `Edge Cases` → data handles scalar values" class="Tests\Unit\Streaming\StreamChunkTest" classname="Tests.Unit.Streaming.StreamChunkTest" assertions="1" time="0.008612"/>
        <testcase name="`StreamChunk` → `Edge Cases` → data handles null values" file="tests/Unit/Streaming/StreamChunkTest.php::`StreamChunk` → `Edge Cases` → data handles null values" class="Tests\Unit\Streaming\StreamChunkTest" classname="Tests.Unit.Streaming.StreamChunkTest" assertions="1" time="0.004028"/>
        <testcase name="`StreamChunk` → `Edge Cases` → SSE encodes special characters in JSON" file="tests/Unit/Streaming/StreamChunkTest.php::`StreamChunk` → `Edge Cases` → SSE encodes special characters in JSON" class="Tests\Unit\Streaming\StreamChunkTest" classname="Tests.Unit.Streaming.StreamChunkTest" assertions="1" time="0.004103"/>
        <testcase name="`StreamChunk` → `Constants` → EVENT_DATA constant is data" file="tests/Unit/Streaming/StreamChunkTest.php::`StreamChunk` → `Constants` → EVENT_DATA constant is data" class="Tests\Unit\Streaming\StreamChunkTest" classname="Tests.Unit.Streaming.StreamChunkTest" assertions="1" time="0.004055"/>
        <testcase name="`StreamChunk` → `Constants` → EVENT_PROGRESS constant is progress" file="tests/Unit/Streaming/StreamChunkTest.php::`StreamChunk` → `Constants` → EVENT_PROGRESS constant is progress" class="Tests\Unit\Streaming\StreamChunkTest" classname="Tests.Unit.Streaming.StreamChunkTest" assertions="1" time="0.003816"/>
        <testcase name="`StreamChunk` → `Constants` → EVENT_ERROR constant is error" file="tests/Unit/Streaming/StreamChunkTest.php::`StreamChunk` → `Constants` → EVENT_ERROR constant is error" class="Tests\Unit\Streaming\StreamChunkTest" classname="Tests.Unit.Streaming.StreamChunkTest" assertions="1" time="0.003691"/>
        <testcase name="`StreamChunk` → `Constants` → EVENT_DONE constant is done" file="tests/Unit/Streaming/StreamChunkTest.php::`StreamChunk` → `Constants` → EVENT_DONE constant is done" class="Tests\Unit\Streaming\StreamChunkTest" classname="Tests.Unit.Streaming.StreamChunkTest" assertions="1" time="0.003720"/>
      </testsuite>
      <testsuite name="Tests\Unit\Transformers\TransformerTest" file="tests/Unit/Transformers/TransformerTest.php" tests="17" assertions="57" errors="0" failures="0" skipped="0" time="0.162016">
        <testcase name="`Transformer` → `Happy Paths` → transforms a model to a document data structure" file="tests/Unit/Transformers/TransformerTest.php::`Transformer` → `Happy Paths` → transforms a model to a document data structure" class="Tests\Unit\Transformers\TransformerTest" classname="Tests.Unit.Transformers.TransformerTest" assertions="2" time="0.007963"/>
        <testcase name="`Transformer` → `Happy Paths` → transforms a resource interface to a document data structure" file="tests/Unit/Transformers/TransformerTest.php::`Transformer` → `Happy Paths` → transforms a resource interface to a document data structure" class="Tests\Unit\Transformers\TransformerTest" classname="Tests.Unit.Transformers.TransformerTest" assertions="4" time="0.004022"/>
        <testcase name="`Transformer` → `Happy Paths` → transforms a collection to a document data structure" file="tests/Unit/Transformers/TransformerTest.php::`Transformer` → `Happy Paths` → transforms a collection to a document data structure" class="Tests\Unit\Transformers\TransformerTest" classname="Tests.Unit.Transformers.TransformerTest" assertions="2" time="0.004281"/>
        <testcase name="`Transformer` → `Happy Paths` → transforms a collection of resource interfaces to a document data structure" file="tests/Unit/Transformers/TransformerTest.php::`Transformer` → `Happy Paths` → transforms a collection of resource interfaces to a document data structure" class="Tests\Unit\Transformers\TransformerTest" classname="Tests.Unit.Transformers.TransformerTest" assertions="7" time="0.004084"/>
        <testcase name="`Transformer` → `Happy Paths` → transforms cursor paginated results to a document data structure" file="tests/Unit/Transformers/TransformerTest.php::`Transformer` → `Happy Paths` → transforms cursor paginated results to a document data structure" class="Tests\Unit\Transformers\TransformerTest" classname="Tests.Unit.Transformers.TransformerTest" assertions="2" time="0.024525"/>
        <testcase name="`Transformer` → `Happy Paths` → transforms length-aware paginated results to a document data structure" file="tests/Unit/Transformers/TransformerTest.php::`Transformer` → `Happy Paths` → transforms length-aware paginated results to a document data structure" class="Tests\Unit\Transformers\TransformerTest" classname="Tests.Unit.Transformers.TransformerTest" assertions="2" time="0.024605"/>
        <testcase name="`Transformer` → `Happy Paths` → transforms simply paginated results to a document data structure" file="tests/Unit/Transformers/TransformerTest.php::`Transformer` → `Happy Paths` → transforms simply paginated results to a document data structure" class="Tests\Unit\Transformers\TransformerTest" classname="Tests.Unit.Transformers.TransformerTest" assertions="2" time="0.024600"/>
        <testcase name="`Transformer` → `Edge Cases` → paginate does not include metadata when all results fit on single page" file="tests/Unit/Transformers/TransformerTest.php::`Transformer` → `Edge Cases` → paginate does not include metadata when all results fit on single page" class="Tests\Unit\Transformers\TransformerTest" classname="Tests.Unit.Transformers.TransformerTest" assertions="3" time="0.005393"/>
        <testcase name="`Transformer` → `Edge Cases` → simple paginate does not include metadata when all results fit on single page" file="tests/Unit/Transformers/TransformerTest.php::`Transformer` → `Edge Cases` → simple paginate does not include metadata when all results fit on single page" class="Tests\Unit\Transformers\TransformerTest" classname="Tests.Unit.Transformers.TransformerTest" assertions="3" time="0.004967"/>
        <testcase name="`Transformer` → `Edge Cases` → cursor paginate does not include metadata when all results fit on single page" file="tests/Unit/Transformers/TransformerTest.php::`Transformer` → `Edge Cases` → cursor paginate does not include metadata when all results fit on single page" class="Tests\Unit\Transformers\TransformerTest" classname="Tests.Unit.Transformers.TransformerTest" assertions="3" time="0.005085"/>
        <testcase name="`Transformer` → `Edge Cases` → cursor paginate uses custom page size from request parameters" file="tests/Unit/Transformers/TransformerTest.php::`Transformer` → `Edge Cases` → cursor paginate uses custom page size from request parameters" class="Tests\Unit\Transformers\TransformerTest" classname="Tests.Unit.Transformers.TransformerTest" assertions="4" time="0.007444"/>
        <testcase name="`Transformer` → `Edge Cases` → cursor paginate uses cursor from request parameters for navigation" file="tests/Unit/Transformers/TransformerTest.php::`Transformer` → `Edge Cases` → cursor paginate uses cursor from request parameters for navigation" class="Tests\Unit\Transformers\TransformerTest" classname="Tests.Unit.Transformers.TransformerTest" assertions="4" time="0.009258"/>
        <testcase name="`Transformer` → `Edge Cases` → paginate uses custom page size from request parameters" file="tests/Unit/Transformers/TransformerTest.php::`Transformer` → `Edge Cases` → paginate uses custom page size from request parameters" class="Tests\Unit\Transformers\TransformerTest" classname="Tests.Unit.Transformers.TransformerTest" assertions="3" time="0.007719"/>
        <testcase name="`Transformer` → `Edge Cases` → paginate uses page number from request parameters" file="tests/Unit/Transformers/TransformerTest.php::`Transformer` → `Edge Cases` → paginate uses page number from request parameters" class="Tests\Unit\Transformers\TransformerTest" classname="Tests.Unit.Transformers.TransformerTest" assertions="5" time="0.007479"/>
        <testcase name="`Transformer` → `Edge Cases` → simple paginate uses custom page size from request parameters" file="tests/Unit/Transformers/TransformerTest.php::`Transformer` → `Edge Cases` → simple paginate uses custom page size from request parameters" class="Tests\Unit\Transformers\TransformerTest" classname="Tests.Unit.Transformers.TransformerTest" assertions="3" time="0.007392"/>
        <testcase name="`Transformer` → `Edge Cases` → collection handles empty collection" file="tests/Unit/Transformers/TransformerTest.php::`Transformer` → `Edge Cases` → collection handles empty collection" class="Tests\Unit\Transformers\TransformerTest" classname="Tests.Unit.Transformers.TransformerTest" assertions="3" time="0.003887"/>
        <testcase name="`Transformer` → `Edge Cases` → collection handles mixed model and resource types" file="tests/Unit/Transformers/TransformerTest.php::`Transformer` → `Edge Cases` → collection handles mixed model and resource types" class="Tests\Unit\Transformers\TransformerTest" classname="Tests.Unit.Transformers.TransformerTest" assertions="5" time="0.009314"/>
      </testsuite>
      <testsuite name="Tests\Unit\UrnTest" file="tests/Unit/UrnTest.php" tests="19" assertions="26" errors="0" failures="0" skipped="0" time="0.075926">
        <testcase name="`Urn` → `extension()` → builds extension URN with default vendor" file="tests/Unit/UrnTest.php::`Urn` → `extension()` → builds extension URN with default vendor" class="Tests\Unit\UrnTest" classname="Tests.Unit.UrnTest" assertions="2" time="0.007708"/>
        <testcase name="`Urn` → `extension()` → builds extension URN with custom vendor" file="tests/Unit/UrnTest.php::`Urn` → `extension()` → builds extension URN with custom vendor" class="Tests\Unit\UrnTest" classname="Tests.Unit.UrnTest" assertions="1" time="0.003602"/>
        <testcase name="`Urn` → `function()` → builds function URN with default vendor" file="tests/Unit/UrnTest.php::`Urn` → `function()` → builds function URN with default vendor" class="Tests\Unit\UrnTest" classname="Tests.Unit.UrnTest" assertions="2" time="0.003624"/>
        <testcase name="`Urn` → `function()` → builds function URN with custom vendor" file="tests/Unit/UrnTest.php::`Urn` → `function()` → builds function URN with custom vendor" class="Tests\Unit\UrnTest" classname="Tests.Unit.UrnTest" assertions="1" time="0.003726"/>
        <testcase name="`Urn` → `extensionFunction()` → builds extension function URN with default vendor" file="tests/Unit/UrnTest.php::`Urn` → `extensionFunction()` → builds extension function URN with default vendor" class="Tests\Unit\UrnTest" classname="Tests.Unit.UrnTest" assertions="1" time="0.003721"/>
        <testcase name="`Urn` → `extensionFunction()` → builds extension function URN with custom vendor" file="tests/Unit/UrnTest.php::`Urn` → `extensionFunction()` → builds extension function URN with custom vendor" class="Tests\Unit\UrnTest" classname="Tests.Unit.UrnTest" assertions="1" time="0.004180"/>
        <testcase name="`Urn` → `parse()` → parses extension URN" file="tests/Unit/UrnTest.php::`Urn` → `parse()` → parses extension URN" class="Tests\Unit\UrnTest" classname="Tests.Unit.UrnTest" assertions="1" time="0.003800"/>
        <testcase name="`Urn` → `parse()` → parses function URN" file="tests/Unit/UrnTest.php::`Urn` → `parse()` → parses function URN" class="Tests\Unit\UrnTest" classname="Tests.Unit.UrnTest" assertions="1" time="0.003625"/>
        <testcase name="`Urn` → `parse()` → parses extension function URN" file="tests/Unit/UrnTest.php::`Urn` → `parse()` → parses extension function URN" class="Tests\Unit\UrnTest" classname="Tests.Unit.UrnTest" assertions="1" time="0.003803"/>
        <testcase name="`Urn` → `parse()` → throws for invalid URN format" file="tests/Unit/UrnTest.php::`Urn` → `parse()` → throws for invalid URN format" class="Tests\Unit\UrnTest" classname="Tests.Unit.UrnTest" assertions="1" time="0.004312"/>
        <testcase name="`Urn` → `isValid()` → returns true for valid extension URNs" file="tests/Unit/UrnTest.php::`Urn` → `isValid()` → returns true for valid extension URNs" class="Tests\Unit\UrnTest" classname="Tests.Unit.UrnTest" assertions="2" time="0.003988"/>
        <testcase name="`Urn` → `isValid()` → returns true for valid function URNs" file="tests/Unit/UrnTest.php::`Urn` → `isValid()` → returns true for valid function URNs" class="Tests\Unit\UrnTest" classname="Tests.Unit.UrnTest" assertions="2" time="0.003769"/>
        <testcase name="`Urn` → `isValid()` → returns false for invalid URNs" file="tests/Unit/UrnTest.php::`Urn` → `isValid()` → returns false for invalid URNs" class="Tests\Unit\UrnTest" classname="Tests.Unit.UrnTest" assertions="3" time="0.003633"/>
        <testcase name="`Urn` → `isCore()` → returns true for cline vendor URNs" file="tests/Unit/UrnTest.php::`Urn` → `isCore()` → returns true for cline vendor URNs" class="Tests\Unit\UrnTest" classname="Tests.Unit.UrnTest" assertions="2" time="0.003600"/>
        <testcase name="`Urn` → `isCore()` → returns false for non-cline vendor URNs" file="tests/Unit/UrnTest.php::`Urn` → `isCore()` → returns false for non-cline vendor URNs" class="Tests\Unit\UrnTest" classname="Tests.Unit.UrnTest" assertions="1" time="0.003824"/>
        <testcase name="`Urn` → `constants` → VENDOR is cline" file="tests/Unit/UrnTest.php::`Urn` → `constants` → VENDOR is cline" class="Tests\Unit\UrnTest" classname="Tests.Unit.UrnTest" assertions="1" time="0.003692"/>
        <testcase name="`Urn` → `constants` → PROTOCOL is forrst" file="tests/Unit/UrnTest.php::`Urn` → `constants` → PROTOCOL is forrst" class="Tests\Unit\UrnTest" classname="Tests.Unit.UrnTest" assertions="1" time="0.003942"/>
        <testcase name="`Urn` → `constants` → TYPE_EXTENSION is ext" file="tests/Unit/UrnTest.php::`Urn` → `constants` → TYPE_EXTENSION is ext" class="Tests\Unit\UrnTest" classname="Tests.Unit.UrnTest" assertions="1" time="0.003715"/>
        <testcase name="`Urn` → `constants` → TYPE_FUNCTION is fn" file="tests/Unit/UrnTest.php::`Urn` → `constants` → TYPE_FUNCTION is fn" class="Tests\Unit\UrnTest" classname="Tests.Unit.UrnTest" assertions="1" time="0.003663"/>
      </testsuite>
      <testsuite name="Tests\Unit\Validation\ValidatorTest" file="tests/Unit/Validation/ValidatorTest.php" tests="2" assertions="2" errors="0" failures="0" skipped="0" time="0.011292">
        <testcase name="`Validator` → validates data successfully" file="tests/Unit/Validation/ValidatorTest.php::`Validator` → validates data successfully" class="Tests\Unit\Validation\ValidatorTest" classname="Tests.Unit.Validation.ValidatorTest" assertions="1" time="0.007028"/>
        <testcase name="`Validator` → throws exception on validation failure" file="tests/Unit/Validation/ValidatorTest.php::`Validator` → throws exception on validation failure" class="Tests\Unit\Validation\ValidatorTest" classname="Tests.Unit.Validation.ValidatorTest" assertions="1" time="0.004264"/>
      </testsuite>
    </testsuite>
  </testsuite>
</testsuites>
